2025-02-26 23:03:30,471 - root - INFO - Training/evaluation config: Namespace(seed=2021, data_path='./data/ctrip_20250224.csv', base_url='data/qunaer_20250226_balance19', num_class=3, val_ratio=0.2, prefetch=12, num_workers=6, train_batch_size=32, val_batch_size=32, word2Vec='./word2vec/sgns.weibo.bigram-char.bz2', word2Vec_dim=300, stopWords='./stopword/hit_stopwords.txt', bert_dir='hf_hub/models--hfl--chinese-roberta-wwm-ext', bert_dim=768, bert_max_length=512, bert_padding='max_length', lstm_input_size=768, lstm_hidden_size=256, lstm_num_layers=2, lstm_dropout=0.0, feature_type=2, fusion_type='gate', adv_type='smartp', fgm_adv_epsilon=1.0, pgd_adv_epsilon=1.0, pgd_adv_alpha=0.3, pgd_adv_K=3, freelb_adv_K=3, freelb_adv_lr=0.01, freelb_adv_init_mag=0.02, smartp_adv_alpha=1.0, save_path='save/qunaer_20250226_balance19/models--hfl--chinese-roberta-wwm-ext/feature2_fusiongate_advsmartp_20250226230330', best_score=0.5, max_epochs=10, max_steps=50000, warmup_steps=200, print_steps=10, weight_decay=0.001, adam_eps=1e-06, adam_lr=5e-05, dropout=0.1, smoothing=0.0, patience=3, device='cuda', n_gpu=1)
2025-02-26 23:03:44,341 - root - INFO - Epoch 0/10 step 10/300 eta 00:06:09: loss 1.029, train {'accuracy': 0.8125, 'f1': 0.728448275862069, 'precision': 0.66015625, 'recall': 0.8125}
2025-02-26 23:03:52,116 - root - INFO - Epoch 0/10 step 20/300 eta 00:04:47: loss 0.883, train {'accuracy': 0.75, 'f1': 0.6428571428571428, 'precision': 0.5625, 'recall': 0.75}
2025-02-26 23:03:59,911 - root - INFO - Epoch 0/10 step 30/300 eta 00:04:14: loss 0.599, train {'accuracy': 0.84375, 'f1': 0.7722457627118644, 'precision': 0.7119140625, 'recall': 0.84375}
2025-02-26 23:04:37,922 - root - INFO - Epoch 0 step 30: loss 0.680, val {'accuracy': 0.7801, 'f1': 0.6837, 'precision': 0.6085, 'recall': 0.7801}
2025-02-26 23:04:46,300 - root - INFO - Epoch 1/10 step 40/300 eta 00:08:05: loss 0.831, train {'accuracy': 0.6875, 'f1': 0.5601851851851851, 'precision': 0.47265625, 'recall': 0.6875}
2025-02-26 23:04:54,135 - root - INFO - Epoch 1/10 step 50/300 eta 00:06:52: loss 0.925, train {'accuracy': 0.625, 'f1': 0.4807692307692308, 'precision': 0.390625, 'recall': 0.625}
2025-02-26 23:05:01,912 - root - INFO - Epoch 1/10 step 60/300 eta 00:06:01: loss 0.541, train {'accuracy': 0.84375, 'f1': 0.7722457627118644, 'precision': 0.7119140625, 'recall': 0.84375}
2025-02-26 23:05:39,685 - root - INFO - Epoch 1 step 60: loss 0.587, val {'accuracy': 0.7801, 'f1': 0.6837, 'precision': 0.6085, 'recall': 0.7801}
2025-02-26 23:05:47,738 - root - INFO - Epoch 2/10 step 70/300 eta 00:07:27: loss 0.429, train {'accuracy': 0.8125, 'f1': 0.728448275862069, 'precision': 0.66015625, 'recall': 0.8125}
2025-02-26 23:05:55,469 - root - INFO - Epoch 2/10 step 80/300 eta 00:06:35: loss 0.632, train {'accuracy': 0.75, 'f1': 0.7234848484848485, 'precision': 0.7213541666666666, 'recall': 0.75}
2025-02-26 23:06:03,161 - root - INFO - Epoch 2/10 step 90/300 eta 00:05:53: loss 0.427, train {'accuracy': 0.84375, 'f1': 0.8200231481481481, 'precision': 0.8921130952380952, 'recall': 0.84375}
2025-02-26 23:06:40,787 - root - INFO - Epoch 2 step 90: loss 0.410, val {'accuracy': 0.8259, 'f1': 0.819, 'precision': 0.8373, 'recall': 0.8259}
2025-02-26 23:06:49,291 - root - INFO - Epoch 3/10 step 100/300 eta 00:06:35: loss 0.349, train {'accuracy': 0.90625, 'f1': 0.9125, 'precision': 0.9375, 'recall': 0.90625}
2025-02-26 23:06:57,160 - root - INFO - Epoch 3/10 step 110/300 eta 00:05:55: loss 0.400, train {'accuracy': 0.8125, 'f1': 0.8294444444444445, 'precision': 0.8645833333333334, 'recall': 0.8125}
2025-02-26 23:07:04,969 - root - INFO - Epoch 3/10 step 120/300 eta 00:05:20: loss 0.251, train {'accuracy': 0.9375, 'f1': 0.9309895833333334, 'precision': 0.9425, 'recall': 0.9375}
2025-02-26 23:07:42,839 - root - INFO - Epoch 3 step 120: loss 0.424, val {'accuracy': 0.8289, 'f1': 0.8119, 'precision': 0.813, 'recall': 0.8289}
2025-02-26 23:07:42,839 - root - INFO - Early Stopping Check: No improvement for 1/3 epochs
2025-02-26 23:07:50,891 - root - INFO - Epoch 4/10 step 130/300 eta 00:05:39: loss 0.249, train {'accuracy': 0.90625, 'f1': 0.9100378787878789, 'precision': 0.9241071428571428, 'recall': 0.90625}
2025-02-26 23:07:58,619 - root - INFO - Epoch 4/10 step 140/300 eta 00:05:05: loss 0.191, train {'accuracy': 0.96875, 'f1': 0.9702380952380952, 'precision': 0.9765625, 'recall': 0.96875}
2025-02-26 23:08:06,441 - root - INFO - Epoch 4/10 step 150/300 eta 00:04:34: loss 0.119, train {'accuracy': 0.9375, 'f1': 0.9441964285714286, 'precision': 0.9625, 'recall': 0.9375}
2025-02-26 23:08:44,150 - root - INFO - Epoch 4 step 150: loss 0.522, val {'accuracy': 0.8432, 'f1': 0.8264, 'precision': 0.8343, 'recall': 0.8432}
2025-02-26 23:08:52,601 - root - INFO - Epoch 5/10 step 160/300 eta 00:04:40: loss 0.316, train {'accuracy': 0.90625, 'f1': 0.895, 'precision': 0.9214743589743589, 'recall': 0.90625}
2025-02-26 23:09:00,350 - root - INFO - Epoch 5/10 step 170/300 eta 00:04:11: loss 0.177, train {'accuracy': 0.90625, 'f1': 0.9126275510204082, 'precision': 0.921875, 'recall': 0.90625}
2025-02-26 23:09:08,139 - root - INFO - Epoch 5/10 step 180/300 eta 00:03:44: loss 0.081, train {'accuracy': 0.96875, 'f1': 0.9821428571428571, 'precision': 1.0, 'recall': 0.96875}
2025-02-26 23:09:45,687 - root - INFO - Epoch 5 step 180: loss 0.511, val {'accuracy': 0.8524, 'f1': 0.8425, 'precision': 0.846, 'recall': 0.8524}
2025-02-26 23:09:54,123 - root - INFO - Epoch 6/10 step 190/300 eta 00:03:41: loss 0.042, train {'accuracy': 1.0, 'f1': 1.0, 'precision': 1.0, 'recall': 1.0}
2025-02-26 23:10:01,905 - root - INFO - Epoch 6/10 step 200/300 eta 00:03:15: loss 0.093, train {'accuracy': 0.96875, 'f1': 0.9826388888888888, 'precision': 1.0, 'recall': 0.96875}
2025-02-26 23:10:09,703 - root - INFO - Epoch 6/10 step 210/300 eta 00:02:50: loss 0.158, train {'accuracy': 0.90625, 'f1': 0.8962232620320855, 'precision': 0.9166666666666666, 'recall': 0.90625}
2025-02-26 23:10:47,317 - root - INFO - Epoch 6 step 210: loss 0.523, val {'accuracy': 0.8535, 'f1': 0.8461, 'precision': 0.847, 'recall': 0.8535}
2025-02-26 23:10:55,731 - root - INFO - Epoch 7/10 step 220/300 eta 00:02:41: loss 0.028, train {'accuracy': 1.0, 'f1': 1.0, 'precision': 1.0, 'recall': 1.0}
2025-02-26 23:11:03,467 - root - INFO - Epoch 7/10 step 230/300 eta 00:02:17: loss 0.032, train {'accuracy': 1.0, 'f1': 1.0, 'precision': 1.0, 'recall': 1.0}
2025-02-26 23:11:11,309 - root - INFO - Epoch 7/10 step 240/300 eta 00:01:54: loss 0.026, train {'accuracy': 1.0, 'f1': 1.0, 'precision': 1.0, 'recall': 1.0}
2025-02-26 23:11:48,854 - root - INFO - Epoch 7 step 240: loss 0.583, val {'accuracy': 0.8519, 'f1': 0.8416, 'precision': 0.8433, 'recall': 0.8519}
2025-02-26 23:11:48,854 - root - INFO - Early Stopping Check: No improvement for 1/3 epochs
2025-02-26 23:11:56,867 - root - INFO - Epoch 8/10 step 250/300 eta 00:01:41: loss 0.019, train {'accuracy': 1.0, 'f1': 1.0, 'precision': 1.0, 'recall': 1.0}
2025-02-26 23:12:04,659 - root - INFO - Epoch 8/10 step 260/300 eta 00:01:18: loss 0.031, train {'accuracy': 1.0, 'f1': 1.0, 'precision': 1.0, 'recall': 1.0}
2025-02-26 23:12:12,473 - root - INFO - Epoch 8/10 step 270/300 eta 00:00:57: loss 0.018, train {'accuracy': 1.0, 'f1': 1.0, 'precision': 1.0, 'recall': 1.0}
2025-02-26 23:12:50,270 - root - INFO - Epoch 8 step 270: loss 0.595, val {'accuracy': 0.852, 'f1': 0.8412, 'precision': 0.8431, 'recall': 0.852}
2025-02-26 23:12:50,271 - root - INFO - Early Stopping Check: No improvement for 2/3 epochs
2025-02-26 23:12:58,359 - root - INFO - Epoch 9/10 step 280/300 eta 00:00:40: loss 0.024, train {'accuracy': 1.0, 'f1': 1.0, 'precision': 1.0, 'recall': 1.0}
2025-02-26 23:13:06,161 - root - INFO - Epoch 9/10 step 290/300 eta 00:00:19: loss 0.019, train {'accuracy': 1.0, 'f1': 1.0, 'precision': 1.0, 'recall': 1.0}
2025-02-26 23:13:13,930 - root - INFO - Epoch 9/10 step 300/300 eta 00:00:00: loss 0.024, train {'accuracy': 1.0, 'f1': 1.0, 'precision': 1.0, 'recall': 1.0}
2025-02-26 23:13:51,525 - root - INFO - Epoch 9 step 300: loss 0.593, val {'accuracy': 0.8523, 'f1': 0.8423, 'precision': 0.8442, 'recall': 0.8523}
2025-02-26 23:13:51,525 - root - INFO - Early Stopping Check: No improvement for 3/3 epochs
2025-02-26 23:13:51,525 - root - INFO - Stopping early at epoch 9 due to no improvement in validation F1 and increasing loss.
