2025-02-27 11:53:09,683 - root - INFO - Training/evaluation config: Namespace(seed=2021, data_path='./data/ctrip_20250224.csv', base_url='data/qunaer_20250226_balance19', num_class=3, val_ratio=0.2, prefetch=12, num_workers=6, train_batch_size=16, val_batch_size=16, word2Vec='./word2vec/sgns.weibo.bigram-char.bz2', word2Vec_dim=300, stopWords='./stopword/hit_stopwords.txt', bert_dir='hf_hub/models--nghuyong--ernie-3.0-base-zh', bert_dim=768, bert_max_length=512, bert_padding='max_length', lstm_input_size=768, lstm_hidden_size=256, lstm_num_layers=2, lstm_dropout=0.0, feature_type=2, fusion_type='residual', adv_type='pgd', fgm_adv_epsilon=1.0, pgd_adv_epsilon=1.0, pgd_adv_alpha=0.3, pgd_adv_K=3, freelb_adv_K=3, freelb_adv_lr=0.01, freelb_adv_init_mag=0.02, smartp_adv_alpha=1.0, save_path='save/qunaer_20250226_balance19/models--nghuyong--ernie-3.0-base-zh/feature2_fusionresidual_advpgd_20250227115309', best_score=0.5, max_epochs=10, max_steps=50000, warmup_steps=200, print_steps=10, weight_decay=0.001, adam_eps=1e-06, adam_lr=5e-05, dropout=0.1, smoothing=0.0, patience=3, device='cuda', n_gpu=1)
2025-02-27 11:53:25,048 - root - INFO - Epoch 0/10 step 10/610 eta 00:14:04: loss 1.070, train {'accuracy': 0.75, 'f1': 0.6428571428571428, 'precision': 0.5625, 'recall': 0.75}
2025-02-27 11:53:38,086 - root - INFO - Epoch 0/10 step 20/610 eta 00:13:19: loss 0.999, train {'accuracy': 0.75, 'f1': 0.6428571428571428, 'precision': 0.5625, 'recall': 0.75}
2025-02-27 11:53:51,004 - root - INFO - Epoch 0/10 step 30/610 eta 00:12:53: loss 0.751, train {'accuracy': 0.75, 'f1': 0.6428571428571428, 'precision': 0.5625, 'recall': 0.75}
2025-02-27 11:54:04,435 - root - INFO - Epoch 0/10 step 40/610 eta 00:12:41: loss 0.700, train {'accuracy': 0.75, 'f1': 0.6964285714285714, 'precision': 0.65, 'recall': 0.75}
2025-02-27 11:54:17,463 - root - INFO - Epoch 0/10 step 50/610 eta 00:12:24: loss 0.828, train {'accuracy': 0.6875, 'f1': 0.5601851851851851, 'precision': 0.47265625, 'recall': 0.6875}
2025-02-27 11:54:30,559 - root - INFO - Epoch 0/10 step 60/610 eta 00:12:09: loss 0.508, train {'accuracy': 0.875, 'f1': 0.8166666666666667, 'precision': 0.765625, 'recall': 0.875}
2025-02-27 11:55:35,424 - root - INFO - Epoch 0 step 61: loss 0.593, val {'accuracy': 0.7801, 'f1': 0.6837, 'precision': 0.6085, 'recall': 0.7801}
2025-02-27 11:55:47,812 - root - INFO - Epoch 1/10 step 70/610 eta 00:20:09: loss 0.539, train {'accuracy': 0.875, 'f1': 0.8166666666666667, 'precision': 0.765625, 'recall': 0.875}
2025-02-27 11:56:00,761 - root - INFO - Epoch 1/10 step 80/610 eta 00:18:44: loss 0.601, train {'accuracy': 0.875, 'f1': 0.8166666666666667, 'precision': 0.765625, 'recall': 0.875}
2025-02-27 11:56:13,768 - root - INFO - Epoch 1/10 step 90/610 eta 00:17:36: loss 0.145, train {'accuracy': 1.0, 'f1': 1.0, 'precision': 1.0, 'recall': 1.0}
2025-02-27 11:56:26,775 - root - INFO - Epoch 1/10 step 100/610 eta 00:16:38: loss 0.566, train {'accuracy': 0.6875, 'f1': 0.5601851851851851, 'precision': 0.47265625, 'recall': 0.6875}
2025-02-27 11:56:39,876 - root - INFO - Epoch 1/10 step 110/610 eta 00:15:49: loss 0.799, train {'accuracy': 0.75, 'f1': 0.6428571428571428, 'precision': 0.5625, 'recall': 0.75}
2025-02-27 11:56:52,909 - root - INFO - Epoch 1/10 step 120/610 eta 00:15:06: loss 0.593, train {'accuracy': 0.8125, 'f1': 0.73, 'precision': 0.6651785714285714, 'recall': 0.8125}
2025-02-27 11:57:58,651 - root - INFO - Epoch 1 step 122: loss 0.439, val {'accuracy': 0.8229, 'f1': 0.7542, 'precision': 0.6989, 'recall': 0.8229}
2025-02-27 11:58:09,853 - root - INFO - Epoch 2/10 step 130/610 eta 00:18:23: loss 0.148, train {'accuracy': 1.0, 'f1': 1.0, 'precision': 1.0, 'recall': 1.0}
2025-02-27 11:58:22,992 - root - INFO - Epoch 2/10 step 140/610 eta 00:17:27: loss 0.380, train {'accuracy': 0.8125, 'f1': 0.8194444444444443, 'precision': 0.8389423076923077, 'recall': 0.8125}
2025-02-27 11:58:36,010 - root - INFO - Epoch 2/10 step 150/610 eta 00:16:36: loss 0.386, train {'accuracy': 0.8125, 'f1': 0.7291666666666666, 'precision': 0.6625000000000001, 'recall': 0.8125}
2025-02-27 11:58:48,910 - root - INFO - Epoch 2/10 step 160/610 eta 00:15:50: loss 0.165, train {'accuracy': 0.9375, 'f1': 0.907258064516129, 'precision': 0.87890625, 'recall': 0.9375}
2025-02-27 11:59:01,860 - root - INFO - Epoch 2/10 step 170/610 eta 00:15:08: loss 0.270, train {'accuracy': 0.9375, 'f1': 0.9423913043478261, 'precision': 0.9583333333333333, 'recall': 0.9375}
2025-02-27 11:59:14,757 - root - INFO - Epoch 2/10 step 180/610 eta 00:14:29: loss 0.490, train {'accuracy': 0.9375, 'f1': 0.9284420289855073, 'precision': 0.9427083333333333, 'recall': 0.9375}
2025-02-27 12:00:21,766 - root - INFO - Epoch 2 step 183: loss 0.378, val {'accuracy': 0.8454, 'f1': 0.8199, 'precision': 0.8258, 'recall': 0.8454}
2025-02-27 12:00:31,572 - root - INFO - Epoch 3/10 step 190/610 eta 00:16:13: loss 0.344, train {'accuracy': 0.8125, 'f1': 0.85, 'precision': 1.0, 'recall': 0.8125}
2025-02-27 12:00:44,500 - root - INFO - Epoch 3/10 step 200/610 eta 00:15:29: loss 0.248, train {'accuracy': 0.875, 'f1': 0.8645833333333333, 'precision': 0.9375, 'recall': 0.875}
2025-02-27 12:00:57,456 - root - INFO - Epoch 3/10 step 210/610 eta 00:14:48: loss 0.130, train {'accuracy': 0.9375, 'f1': 0.9375, 'precision': 0.96875, 'recall': 0.9375}
2025-02-27 12:01:10,353 - root - INFO - Epoch 3/10 step 220/610 eta 00:14:09: loss 0.170, train {'accuracy': 0.9375, 'f1': 0.9283333333333332, 'precision': 0.9423076923076923, 'recall': 0.9375}
2025-02-27 12:01:23,247 - root - INFO - Epoch 3/10 step 230/610 eta 00:13:33: loss 0.017, train {'accuracy': 1.0, 'f1': 1.0, 'precision': 1.0, 'recall': 1.0}
2025-02-27 12:01:36,290 - root - INFO - Epoch 3/10 step 240/610 eta 00:12:59: loss 0.211, train {'accuracy': 0.875, 'f1': 0.8645833333333333, 'precision': 0.8942307692307693, 'recall': 0.875}
2025-02-27 12:02:44,740 - root - INFO - Epoch 3 step 244: loss 0.355, val {'accuracy': 0.8561, 'f1': 0.8476, 'precision': 0.8497, 'recall': 0.8561}
2025-02-27 12:02:53,327 - root - INFO - Epoch 4/10 step 250/610 eta 00:13:58: loss 0.049, train {'accuracy': 1.0, 'f1': 1.0, 'precision': 1.0, 'recall': 1.0}
2025-02-27 12:03:06,278 - root - INFO - Epoch 4/10 step 260/610 eta 00:13:21: loss 0.162, train {'accuracy': 0.9375, 'f1': 0.9315476190476191, 'precision': 0.953125, 'recall': 0.9375}
2025-02-27 12:03:19,330 - root - INFO - Epoch 4/10 step 270/610 eta 00:12:46: loss 0.026, train {'accuracy': 1.0, 'f1': 1.0, 'precision': 1.0, 'recall': 1.0}
2025-02-27 12:03:32,259 - root - INFO - Epoch 4/10 step 280/610 eta 00:12:12: loss 0.221, train {'accuracy': 0.9375, 'f1': 0.907258064516129, 'precision': 0.87890625, 'recall': 0.9375}
2025-02-27 12:03:45,198 - root - INFO - Epoch 4/10 step 290/610 eta 00:11:39: loss 0.374, train {'accuracy': 0.9375, 'f1': 0.9282407407407407, 'precision': 0.9419642857142857, 'recall': 0.9375}
2025-02-27 12:03:58,199 - root - INFO - Epoch 4/10 step 300/610 eta 00:11:08: loss 0.190, train {'accuracy': 0.9375, 'f1': 0.9347222222222222, 'precision': 0.95, 'recall': 0.9375}
2025-02-27 12:05:08,228 - root - INFO - Epoch 4 step 305: loss 0.393, val {'accuracy': 0.8558, 'f1': 0.8453, 'precision': 0.841, 'recall': 0.8558}
2025-02-27 12:05:08,228 - root - INFO - Early Stopping Check: No improvement for 1/3 epochs
2025-02-27 12:05:15,109 - root - INFO - Epoch 5/10 step 310/610 eta 00:11:40: loss 0.091, train {'accuracy': 1.0, 'f1': 1.0, 'precision': 1.0, 'recall': 1.0}
2025-02-27 12:05:28,247 - root - INFO - Epoch 5/10 step 320/610 eta 00:11:08: loss 0.371, train {'accuracy': 0.9375, 'f1': 0.9403195488721804, 'precision': 0.953125, 'recall': 0.9375}
2025-02-27 12:05:41,154 - root - INFO - Epoch 5/10 step 330/610 eta 00:10:36: loss 0.005, train {'accuracy': 1.0, 'f1': 1.0, 'precision': 1.0, 'recall': 1.0}
2025-02-27 12:05:54,039 - root - INFO - Epoch 5/10 step 340/610 eta 00:10:05: loss 0.029, train {'accuracy': 1.0, 'f1': 1.0, 'precision': 1.0, 'recall': 1.0}
2025-02-27 12:06:06,899 - root - INFO - Epoch 5/10 step 350/610 eta 00:09:36: loss 0.166, train {'accuracy': 0.9375, 'f1': 0.9413461538461538, 'precision': 0.9583333333333334, 'recall': 0.9375}
2025-02-27 12:06:19,742 - root - INFO - Epoch 5/10 step 360/610 eta 00:09:07: loss 0.025, train {'accuracy': 1.0, 'f1': 1.0, 'precision': 1.0, 'recall': 1.0}
2025-02-27 12:07:30,503 - root - INFO - Epoch 5 step 366: loss 0.518, val {'accuracy': 0.8566, 'f1': 0.8483, 'precision': 0.846, 'recall': 0.8566}
2025-02-27 12:07:36,372 - root - INFO - Epoch 6/10 step 370/610 eta 00:09:21: loss 0.120, train {'accuracy': 0.9375, 'f1': 0.932608695652174, 'precision': 0.9427083333333333, 'recall': 0.9375}
2025-02-27 12:07:49,275 - root - INFO - Epoch 6/10 step 380/610 eta 00:08:51: loss 0.038, train {'accuracy': 1.0, 'f1': 1.0, 'precision': 1.0, 'recall': 1.0}
2025-02-27 12:08:02,177 - root - INFO - Epoch 6/10 step 390/610 eta 00:08:22: loss 0.029, train {'accuracy': 1.0, 'f1': 1.0, 'precision': 1.0, 'recall': 1.0}
2025-02-27 12:08:15,037 - root - INFO - Epoch 6/10 step 400/610 eta 00:07:54: loss 0.012, train {'accuracy': 1.0, 'f1': 1.0, 'precision': 1.0, 'recall': 1.0}
2025-02-27 12:08:27,884 - root - INFO - Epoch 6/10 step 410/610 eta 00:07:27: loss 0.008, train {'accuracy': 1.0, 'f1': 1.0, 'precision': 1.0, 'recall': 1.0}
2025-02-27 12:08:40,738 - root - INFO - Epoch 6/10 step 420/610 eta 00:07:00: loss 0.011, train {'accuracy': 1.0, 'f1': 1.0, 'precision': 1.0, 'recall': 1.0}
2025-02-27 12:09:52,943 - root - INFO - Epoch 6 step 427: loss 0.472, val {'accuracy': 0.8563, 'f1': 0.8537, 'precision': 0.857, 'recall': 0.8563}
2025-02-27 12:09:57,576 - root - INFO - Epoch 7/10 step 430/610 eta 00:07:01: loss 0.097, train {'accuracy': 0.9375, 'f1': 0.92816091954023, 'precision': 0.9416666666666667, 'recall': 0.9375}
2025-02-27 12:10:10,541 - root - INFO - Epoch 7/10 step 440/610 eta 00:06:33: loss 0.006, train {'accuracy': 1.0, 'f1': 1.0, 'precision': 1.0, 'recall': 1.0}
2025-02-27 12:10:23,437 - root - INFO - Epoch 7/10 step 450/610 eta 00:06:07: loss 0.002, train {'accuracy': 1.0, 'f1': 1.0, 'precision': 1.0, 'recall': 1.0}
2025-02-27 12:10:36,374 - root - INFO - Epoch 7/10 step 460/610 eta 00:05:40: loss 0.009, train {'accuracy': 1.0, 'f1': 1.0, 'precision': 1.0, 'recall': 1.0}
2025-02-27 12:10:49,342 - root - INFO - Epoch 7/10 step 470/610 eta 00:05:15: loss 0.005, train {'accuracy': 1.0, 'f1': 1.0, 'precision': 1.0, 'recall': 1.0}
2025-02-27 12:11:02,322 - root - INFO - Epoch 7/10 step 480/610 eta 00:04:50: loss 0.012, train {'accuracy': 1.0, 'f1': 1.0, 'precision': 1.0, 'recall': 1.0}
2025-02-27 12:12:16,002 - root - INFO - Epoch 7 step 488: loss 0.533, val {'accuracy': 0.8542, 'f1': 0.8471, 'precision': 0.8481, 'recall': 0.8542}
2025-02-27 12:12:16,002 - root - INFO - Early Stopping Check: No improvement for 1/3 epochs
2025-02-27 12:12:18,844 - root - INFO - Epoch 8/10 step 490/610 eta 00:04:41: loss 0.002, train {'accuracy': 1.0, 'f1': 1.0, 'precision': 1.0, 'recall': 1.0}
2025-02-27 12:12:31,983 - root - INFO - Epoch 8/10 step 500/610 eta 00:04:15: loss 0.010, train {'accuracy': 1.0, 'f1': 1.0, 'precision': 1.0, 'recall': 1.0}
2025-02-27 12:12:45,111 - root - INFO - Epoch 8/10 step 510/610 eta 00:03:50: loss 0.006, train {'accuracy': 1.0, 'f1': 1.0, 'precision': 1.0, 'recall': 1.0}
2025-02-27 12:12:58,029 - root - INFO - Epoch 8/10 step 520/610 eta 00:03:25: loss 0.008, train {'accuracy': 1.0, 'f1': 1.0, 'precision': 1.0, 'recall': 1.0}
2025-02-27 12:13:10,960 - root - INFO - Epoch 8/10 step 530/610 eta 00:03:01: loss 0.004, train {'accuracy': 1.0, 'f1': 1.0, 'precision': 1.0, 'recall': 1.0}
2025-02-27 12:13:23,860 - root - INFO - Epoch 8/10 step 540/610 eta 00:02:37: loss 0.003, train {'accuracy': 1.0, 'f1': 1.0, 'precision': 1.0, 'recall': 1.0}
2025-02-27 12:14:38,657 - root - INFO - Epoch 8 step 549: loss 0.555, val {'accuracy': 0.8513, 'f1': 0.8469, 'precision': 0.8535, 'recall': 0.8513}
2025-02-27 12:14:38,657 - root - INFO - Early Stopping Check: No improvement for 2/3 epochs
2025-02-27 12:14:40,175 - root - INFO - Epoch 9/10 step 550/610 eta 00:02:20: loss 0.004, train {'accuracy': 1.0, 'f1': 1.0, 'precision': 1.0, 'recall': 1.0}
2025-02-27 12:14:53,266 - root - INFO - Epoch 9/10 step 560/610 eta 00:01:56: loss 0.004, train {'accuracy': 1.0, 'f1': 1.0, 'precision': 1.0, 'recall': 1.0}
2025-02-27 12:15:06,485 - root - INFO - Epoch 9/10 step 570/610 eta 00:01:32: loss 0.010, train {'accuracy': 1.0, 'f1': 1.0, 'precision': 1.0, 'recall': 1.0}
2025-02-27 12:15:19,633 - root - INFO - Epoch 9/10 step 580/610 eta 00:01:08: loss 0.004, train {'accuracy': 1.0, 'f1': 1.0, 'precision': 1.0, 'recall': 1.0}
2025-02-27 12:15:32,531 - root - INFO - Epoch 9/10 step 590/610 eta 00:00:45: loss 0.002, train {'accuracy': 1.0, 'f1': 1.0, 'precision': 1.0, 'recall': 1.0}
2025-02-27 12:15:45,442 - root - INFO - Epoch 9/10 step 600/610 eta 00:00:22: loss 0.004, train {'accuracy': 1.0, 'f1': 1.0, 'precision': 1.0, 'recall': 1.0}
2025-02-27 12:15:58,460 - root - INFO - Epoch 9/10 step 610/610 eta 00:00:00: loss 0.009, train {'accuracy': 1.0, 'f1': 1.0, 'precision': 1.0, 'recall': 1.0}
2025-02-27 12:17:01,698 - root - INFO - Epoch 9 step 610: loss 0.556, val {'accuracy': 0.8531, 'f1': 0.8481, 'precision': 0.8525, 'recall': 0.8531}
2025-02-27 12:17:01,698 - root - INFO - Early Stopping Check: No improvement for 3/3 epochs
2025-02-27 12:17:01,698 - root - INFO - Stopping early at epoch 9 due to no improvement in validation F1 and increasing loss.
