2025-02-26 23:43:42,113 - root - INFO - Training/evaluation config: Namespace(seed=2021, data_path='./data/ctrip_20250224.csv', base_url='data/qunaer_20250226_balance19', num_class=3, val_ratio=0.2, prefetch=12, num_workers=6, train_batch_size=32, val_batch_size=32, word2Vec='./word2vec/sgns.weibo.bigram-char.bz2', word2Vec_dim=300, stopWords='./stopword/hit_stopwords.txt', bert_dir='hf_hub/models--hfl--chinese-macbert-base', bert_dim=768, bert_max_length=512, bert_padding='max_length', lstm_input_size=768, lstm_hidden_size=256, lstm_num_layers=2, lstm_dropout=0.0, feature_type=1, fusion_type='cat', adv_type='freelb', fgm_adv_epsilon=1.0, pgd_adv_epsilon=1.0, pgd_adv_alpha=0.3, pgd_adv_K=3, freelb_adv_K=3, freelb_adv_lr=0.01, freelb_adv_init_mag=0.02, smartp_adv_alpha=1.0, save_path='save/qunaer_20250226_balance19/models--hfl--chinese-macbert-base/feature1_fusioncat_advfreelb_20250226234342', best_score=0.5, max_epochs=10, max_steps=50000, warmup_steps=200, print_steps=10, weight_decay=0.001, adam_eps=1e-06, adam_lr=5e-05, dropout=0.1, smoothing=0.0, patience=3, device='cuda', n_gpu=1)
2025-02-26 23:43:53,481 - root - INFO - Epoch 0/10 step 10/300 eta 00:04:57: loss 0.274, train {'accuracy': 0.78125, 'f1': 0.6853070175438596, 'precision': 0.6103515625, 'recall': 0.78125}
2025-02-26 23:44:02,736 - root - INFO - Epoch 0/10 step 20/300 eta 00:04:33: loss 0.246, train {'accuracy': 0.75, 'f1': 0.6428571428571428, 'precision': 0.5625, 'recall': 0.75}
2025-02-26 23:44:11,951 - root - INFO - Epoch 0/10 step 30/300 eta 00:04:18: loss 0.168, train {'accuracy': 0.84375, 'f1': 0.7722457627118644, 'precision': 0.7119140625, 'recall': 0.84375}
2025-02-26 23:44:37,351 - root - INFO - Epoch 0 step 30: loss 0.659, val {'accuracy': 0.7801, 'f1': 0.6837, 'precision': 0.6085, 'recall': 0.7801}
2025-02-26 23:44:47,195 - root - INFO - Epoch 1/10 step 40/300 eta 00:06:55: loss 0.248, train {'accuracy': 0.71875, 'f1': 0.6011363636363636, 'precision': 0.5166015625, 'recall': 0.71875}
2025-02-26 23:44:56,376 - root - INFO - Epoch 1/10 step 50/300 eta 00:06:05: loss 0.300, train {'accuracy': 0.6875, 'f1': 0.5601851851851851, 'precision': 0.47265625, 'recall': 0.6875}
2025-02-26 23:45:05,613 - root - INFO - Epoch 1/10 step 60/300 eta 00:05:29: loss 0.143, train {'accuracy': 0.78125, 'f1': 0.6853070175438596, 'precision': 0.6103515625, 'recall': 0.78125}
2025-02-26 23:45:31,039 - root - INFO - Epoch 1 step 60: loss 0.443, val {'accuracy': 0.8029, 'f1': 0.7434, 'precision': 0.7853, 'recall': 0.8029}
2025-02-26 23:45:40,857 - root - INFO - Epoch 2/10 step 70/300 eta 00:06:26: loss 0.100, train {'accuracy': 0.84375, 'f1': 0.8621794871794872, 'precision': 0.9037499999999999, 'recall': 0.84375}
2025-02-26 23:45:50,063 - root - INFO - Epoch 2/10 step 80/300 eta 00:05:48: loss 0.155, train {'accuracy': 0.875, 'f1': 0.875, 'precision': 0.875, 'recall': 0.875}
2025-02-26 23:45:59,257 - root - INFO - Epoch 2/10 step 90/300 eta 00:05:17: loss 0.080, train {'accuracy': 0.90625, 'f1': 0.9040816326530612, 'precision': 0.9191666666666667, 'recall': 0.90625}
2025-02-26 23:46:24,596 - root - INFO - Epoch 2 step 90: loss 0.407, val {'accuracy': 0.8437, 'f1': 0.8237, 'precision': 0.8217, 'recall': 0.8437}
2025-02-26 23:46:34,493 - root - INFO - Epoch 3/10 step 100/300 eta 00:05:42: loss 0.054, train {'accuracy': 0.9375, 'f1': 0.9351906446540881, 'precision': 0.9542824074074073, 'recall': 0.9375}
2025-02-26 23:46:43,783 - root - INFO - Epoch 3/10 step 110/300 eta 00:05:11: loss 0.027, train {'accuracy': 0.96875, 'f1': 0.9706873315363882, 'precision': 0.9765625, 'recall': 0.96875}
2025-02-26 23:46:53,008 - root - INFO - Epoch 3/10 step 120/300 eta 00:04:44: loss 0.052, train {'accuracy': 0.96875, 'f1': 0.9672979797979797, 'precision': 0.9698660714285714, 'recall': 0.96875}
2025-02-26 23:47:18,384 - root - INFO - Epoch 3 step 120: loss 0.547, val {'accuracy': 0.854, 'f1': 0.8369, 'precision': 0.8371, 'recall': 0.854}
2025-02-26 23:47:28,245 - root - INFO - Epoch 4/10 step 130/300 eta 00:04:54: loss 0.021, train {'accuracy': 1.0, 'f1': 1.0, 'precision': 1.0, 'recall': 1.0}
2025-02-26 23:47:37,476 - root - INFO - Epoch 4/10 step 140/300 eta 00:04:27: loss 0.028, train {'accuracy': 0.96875, 'f1': 0.9697802197802198, 'precision': 0.9765625, 'recall': 0.96875}
2025-02-26 23:47:46,685 - root - INFO - Epoch 4/10 step 150/300 eta 00:04:03: loss 0.058, train {'accuracy': 0.96875, 'f1': 0.9678805237315875, 'precision': 0.9700520833333334, 'recall': 0.96875}
2025-02-26 23:48:11,993 - root - INFO - Epoch 4 step 150: loss 0.539, val {'accuracy': 0.8464, 'f1': 0.8358, 'precision': 0.8319, 'recall': 0.8464}
2025-02-26 23:48:21,325 - root - INFO - Epoch 5/10 step 160/300 eta 00:04:03: loss 0.004, train {'accuracy': 1.0, 'f1': 1.0, 'precision': 1.0, 'recall': 1.0}
2025-02-26 23:48:30,486 - root - INFO - Epoch 5/10 step 170/300 eta 00:03:39: loss 0.010, train {'accuracy': 0.96875, 'f1': 0.9701912997903563, 'precision': 0.975, 'recall': 0.96875}
2025-02-26 23:48:39,740 - root - INFO - Epoch 5/10 step 180/300 eta 00:03:17: loss 0.003, train {'accuracy': 1.0, 'f1': 1.0, 'precision': 1.0, 'recall': 1.0}
2025-02-26 23:49:05,048 - root - INFO - Epoch 5 step 180: loss 0.615, val {'accuracy': 0.8478, 'f1': 0.8354, 'precision': 0.8307, 'recall': 0.8478}
2025-02-26 23:49:05,048 - root - INFO - Early Stopping Check: No improvement for 1/3 epochs
2025-02-26 23:49:14,513 - root - INFO - Epoch 6/10 step 190/300 eta 00:03:11: loss 0.002, train {'accuracy': 1.0, 'f1': 1.0, 'precision': 1.0, 'recall': 1.0}
2025-02-26 23:49:23,725 - root - INFO - Epoch 6/10 step 200/300 eta 00:02:50: loss 0.006, train {'accuracy': 1.0, 'f1': 1.0, 'precision': 1.0, 'recall': 1.0}
2025-02-26 23:49:32,942 - root - INFO - Epoch 6/10 step 210/300 eta 00:02:29: loss 0.001, train {'accuracy': 1.0, 'f1': 1.0, 'precision': 1.0, 'recall': 1.0}
2025-02-26 23:49:58,342 - root - INFO - Epoch 6 step 210: loss 0.598, val {'accuracy': 0.8514, 'f1': 0.8489, 'precision': 0.847, 'recall': 0.8514}
2025-02-26 23:50:08,166 - root - INFO - Epoch 7/10 step 220/300 eta 00:02:19: loss 0.002, train {'accuracy': 1.0, 'f1': 1.0, 'precision': 1.0, 'recall': 1.0}
2025-02-26 23:50:17,349 - root - INFO - Epoch 7/10 step 230/300 eta 00:01:59: loss 0.002, train {'accuracy': 1.0, 'f1': 1.0, 'precision': 1.0, 'recall': 1.0}
2025-02-26 23:50:26,526 - root - INFO - Epoch 7/10 step 240/300 eta 00:01:40: loss 0.001, train {'accuracy': 1.0, 'f1': 1.0, 'precision': 1.0, 'recall': 1.0}
2025-02-26 23:50:51,980 - root - INFO - Epoch 7 step 240: loss 0.628, val {'accuracy': 0.8498, 'f1': 0.8443, 'precision': 0.8414, 'recall': 0.8498}
2025-02-26 23:50:51,981 - root - INFO - Early Stopping Check: No improvement for 1/3 epochs
2025-02-26 23:51:01,393 - root - INFO - Epoch 8/10 step 250/300 eta 00:01:27: loss 0.001, train {'accuracy': 1.0, 'f1': 1.0, 'precision': 1.0, 'recall': 1.0}
2025-02-26 23:51:10,673 - root - INFO - Epoch 8/10 step 260/300 eta 00:01:08: loss 0.002, train {'accuracy': 1.0, 'f1': 1.0, 'precision': 1.0, 'recall': 1.0}
2025-02-26 23:51:19,985 - root - INFO - Epoch 8/10 step 270/300 eta 00:00:50: loss 0.001, train {'accuracy': 1.0, 'f1': 1.0, 'precision': 1.0, 'recall': 1.0}
2025-02-26 23:51:45,287 - root - INFO - Epoch 8 step 270: loss 0.633, val {'accuracy': 0.8499, 'f1': 0.8445, 'precision': 0.8417, 'recall': 0.8499}
2025-02-26 23:51:45,288 - root - INFO - Early Stopping Check: No improvement for 2/3 epochs
2025-02-26 23:51:54,674 - root - INFO - Epoch 9/10 step 280/300 eta 00:00:35: loss 0.001, train {'accuracy': 1.0, 'f1': 1.0, 'precision': 1.0, 'recall': 1.0}
2025-02-26 23:52:03,890 - root - INFO - Epoch 9/10 step 290/300 eta 00:00:17: loss 0.001, train {'accuracy': 1.0, 'f1': 1.0, 'precision': 1.0, 'recall': 1.0}
2025-02-26 23:52:13,120 - root - INFO - Epoch 9/10 step 300/300 eta 00:00:00: loss 0.001, train {'accuracy': 1.0, 'f1': 1.0, 'precision': 1.0, 'recall': 1.0}
2025-02-26 23:52:38,482 - root - INFO - Epoch 9 step 300: loss 0.633, val {'accuracy': 0.8499, 'f1': 0.8444, 'precision': 0.8416, 'recall': 0.8499}
2025-02-26 23:52:38,483 - root - INFO - Early Stopping Check: No improvement for 3/3 epochs
2025-02-26 23:52:38,483 - root - INFO - Stopping early at epoch 9 due to no improvement in validation F1 and increasing loss.
