2025-02-26 22:38:44,417 - root - INFO - Training/evaluation config: Namespace(seed=2021, data_path='./data/ctrip_20250224.csv', base_url='data/qunaer_20250226_balance19', num_class=3, val_ratio=0.2, prefetch=12, num_workers=6, train_batch_size=32, val_batch_size=32, word2Vec='./word2vec/sgns.weibo.bigram-char.bz2', word2Vec_dim=300, stopWords='./stopword/hit_stopwords.txt', bert_dir='hf_hub/models--hfl--chinese-roberta-wwm-ext', bert_dim=768, bert_max_length=512, bert_padding='max_length', lstm_input_size=768, lstm_hidden_size=256, lstm_num_layers=2, lstm_dropout=0.0, feature_type=2, fusion_type='cat', adv_type='pgd', fgm_adv_epsilon=1.0, pgd_adv_epsilon=1.0, pgd_adv_alpha=0.3, pgd_adv_K=3, freelb_adv_K=3, freelb_adv_lr=0.01, freelb_adv_init_mag=0.02, smartp_adv_alpha=1.0, save_path='save/qunaer_20250226_balance19/models--hfl--chinese-roberta-wwm-ext/feature2_fusioncat_advpgd_20250226223844', best_score=0.5, max_epochs=10, max_steps=50000, warmup_steps=200, print_steps=10, weight_decay=0.001, adam_eps=1e-06, adam_lr=5e-05, dropout=0.1, smoothing=0.0, patience=3, device='cuda', n_gpu=1)
2025-02-26 22:39:03,665 - root - INFO - Epoch 0/10 step 10/300 eta 00:08:38: loss 0.796, train {'accuracy': 0.8125, 'f1': 0.728448275862069, 'precision': 0.66015625, 'recall': 0.8125}
2025-02-26 22:39:20,850 - root - INFO - Epoch 0/10 step 20/300 eta 00:08:11: loss 0.627, train {'accuracy': 0.8125, 'f1': 0.728448275862069, 'precision': 0.66015625, 'recall': 0.8125}
2025-02-26 22:39:37,784 - root - INFO - Epoch 0/10 step 30/300 eta 00:07:48: loss 0.573, train {'accuracy': 0.8125, 'f1': 0.728448275862069, 'precision': 0.66015625, 'recall': 0.8125}
2025-02-26 22:40:15,425 - root - INFO - Epoch 0 step 30: loss 0.649, val {'accuracy': 0.7801, 'f1': 0.6837, 'precision': 0.6085, 'recall': 0.7801}
2025-02-26 22:40:32,855 - root - INFO - Epoch 1/10 step 40/300 eta 00:11:36: loss 0.753, train {'accuracy': 0.6875, 'f1': 0.5601851851851851, 'precision': 0.47265625, 'recall': 0.6875}
2025-02-26 22:40:49,891 - root - INFO - Epoch 1/10 step 50/300 eta 00:10:20: loss 0.501, train {'accuracy': 0.8125, 'f1': 0.7700892857142857, 'precision': 0.7552083333333334, 'recall': 0.8125}
2025-02-26 22:41:06,781 - root - INFO - Epoch 1/10 step 60/300 eta 00:09:24: loss 0.503, train {'accuracy': 0.8125, 'f1': 0.7445833333333334, 'precision': 0.6872685185185184, 'recall': 0.8125}
2025-02-26 22:41:44,570 - root - INFO - Epoch 1 step 60: loss 0.432, val {'accuracy': 0.8316, 'f1': 0.79, 'precision': 0.8306, 'recall': 0.8316}
2025-02-26 22:42:02,046 - root - INFO - Epoch 2/10 step 70/300 eta 00:10:44: loss 0.278, train {'accuracy': 0.90625, 'f1': 0.8904876373626374, 'precision': 0.9212962962962963, 'recall': 0.90625}
2025-02-26 22:42:18,798 - root - INFO - Epoch 2/10 step 80/300 eta 00:09:45: loss 0.209, train {'accuracy': 0.90625, 'f1': 0.8948863636363636, 'precision': 0.8854166666666666, 'recall': 0.90625}
2025-02-26 22:42:35,878 - root - INFO - Epoch 2/10 step 90/300 eta 00:08:56: loss 0.341, train {'accuracy': 0.90625, 'f1': 0.8917824074074073, 'precision': 0.9107142857142857, 'recall': 0.90625}
2025-02-26 22:43:13,347 - root - INFO - Epoch 2 step 90: loss 0.505, val {'accuracy': 0.8216, 'f1': 0.7779, 'precision': 0.7986, 'recall': 0.8216}
2025-02-26 22:43:13,348 - root - INFO - Early Stopping Check: No improvement for 1/3 epochs
2025-02-26 22:43:30,722 - root - INFO - Epoch 3/10 step 100/300 eta 00:09:29: loss 0.156, train {'accuracy': 0.96875, 'f1': 0.9829545454545454, 'precision': 1.0, 'recall': 0.96875}
2025-02-26 22:43:47,833 - root - INFO - Epoch 3/10 step 110/300 eta 00:08:41: loss 0.110, train {'accuracy': 0.96875, 'f1': 0.9706757703081232, 'precision': 0.9765625, 'recall': 0.96875}
2025-02-26 22:44:04,834 - root - INFO - Epoch 3/10 step 120/300 eta 00:07:58: loss 0.082, train {'accuracy': 0.96875, 'f1': 0.9706980519480519, 'precision': 0.9765625, 'recall': 0.96875}
2025-02-26 22:44:42,429 - root - INFO - Epoch 3 step 120: loss 0.400, val {'accuracy': 0.8493, 'f1': 0.8445, 'precision': 0.8521, 'recall': 0.8493}
2025-02-26 22:45:00,300 - root - INFO - Epoch 4/10 step 130/300 eta 00:08:09: loss 0.095, train {'accuracy': 0.96875, 'f1': 0.9722222222222222, 'precision': 0.984375, 'recall': 0.96875}
2025-02-26 22:45:17,368 - root - INFO - Epoch 4/10 step 140/300 eta 00:07:27: loss 0.041, train {'accuracy': 1.0, 'f1': 1.0, 'precision': 1.0, 'recall': 1.0}
2025-02-26 22:45:34,297 - root - INFO - Epoch 4/10 step 150/300 eta 00:06:48: loss 0.038, train {'accuracy': 1.0, 'f1': 1.0, 'precision': 1.0, 'recall': 1.0}
2025-02-26 22:46:11,873 - root - INFO - Epoch 4 step 150: loss 0.421, val {'accuracy': 0.8599, 'f1': 0.8562, 'precision': 0.854, 'recall': 0.8599}
2025-02-26 22:46:29,668 - root - INFO - Epoch 5/10 step 160/300 eta 00:06:45: loss 0.026, train {'accuracy': 1.0, 'f1': 1.0, 'precision': 1.0, 'recall': 1.0}
2025-02-26 22:46:46,494 - root - INFO - Epoch 5/10 step 170/300 eta 00:06:07: loss 0.013, train {'accuracy': 1.0, 'f1': 1.0, 'precision': 1.0, 'recall': 1.0}
2025-02-26 22:47:03,483 - root - INFO - Epoch 5/10 step 180/300 eta 00:05:31: loss 0.010, train {'accuracy': 1.0, 'f1': 1.0, 'precision': 1.0, 'recall': 1.0}
2025-02-26 22:47:40,907 - root - INFO - Epoch 5 step 180: loss 0.552, val {'accuracy': 0.8486, 'f1': 0.8295, 'precision': 0.8303, 'recall': 0.8486}
2025-02-26 22:47:40,908 - root - INFO - Early Stopping Check: No improvement for 1/3 epochs
2025-02-26 22:47:58,351 - root - INFO - Epoch 6/10 step 190/300 eta 00:05:19: loss 0.114, train {'accuracy': 0.96875, 'f1': 0.9678805237315875, 'precision': 0.9700520833333334, 'recall': 0.96875}
2025-02-26 22:48:15,435 - root - INFO - Epoch 6/10 step 200/300 eta 00:04:44: loss 0.011, train {'accuracy': 1.0, 'f1': 1.0, 'precision': 1.0, 'recall': 1.0}
2025-02-26 22:48:32,294 - root - INFO - Epoch 6/10 step 210/300 eta 00:04:11: loss 0.009, train {'accuracy': 1.0, 'f1': 1.0, 'precision': 1.0, 'recall': 1.0}
2025-02-26 22:49:09,970 - root - INFO - Epoch 6 step 210: loss 0.485, val {'accuracy': 0.857, 'f1': 0.8482, 'precision': 0.8445, 'recall': 0.857}
2025-02-26 22:49:09,970 - root - INFO - Early Stopping Check: No improvement for 2/3 epochs
2025-02-26 22:49:27,145 - root - INFO - Epoch 7/10 step 220/300 eta 00:03:53: loss 0.008, train {'accuracy': 1.0, 'f1': 1.0, 'precision': 1.0, 'recall': 1.0}
2025-02-26 22:49:43,920 - root - INFO - Epoch 7/10 step 230/300 eta 00:03:20: loss 0.010, train {'accuracy': 1.0, 'f1': 1.0, 'precision': 1.0, 'recall': 1.0}
2025-02-26 22:50:00,708 - root - INFO - Epoch 7/10 step 240/300 eta 00:02:48: loss 0.006, train {'accuracy': 1.0, 'f1': 1.0, 'precision': 1.0, 'recall': 1.0}
2025-02-26 22:50:38,551 - root - INFO - Epoch 7 step 240: loss 0.524, val {'accuracy': 0.8546, 'f1': 0.8438, 'precision': 0.8422, 'recall': 0.8546}
2025-02-26 22:50:38,551 - root - INFO - Early Stopping Check: No improvement for 3/3 epochs
2025-02-26 22:50:38,551 - root - INFO - Stopping early at epoch 7 due to no improvement in validation F1 and increasing loss.
