2025-02-27 00:31:43,856 - root - INFO - Training/evaluation config: Namespace(seed=2021, data_path='./data/ctrip_20250224.csv', base_url='data/qunaer_20250226_balance19', num_class=3, val_ratio=0.2, prefetch=12, num_workers=6, train_batch_size=32, val_batch_size=32, word2Vec='./word2vec/sgns.weibo.bigram-char.bz2', word2Vec_dim=300, stopWords='./stopword/hit_stopwords.txt', bert_dir='hf_hub/models--hfl--chinese-bert-wwm-ext', bert_dim=768, bert_max_length=512, bert_padding='max_length', lstm_input_size=768, lstm_hidden_size=256, lstm_num_layers=2, lstm_dropout=0.0, feature_type=2, fusion_type='weighted', adv_type='pgd', fgm_adv_epsilon=1.0, pgd_adv_epsilon=1.0, pgd_adv_alpha=0.3, pgd_adv_K=3, freelb_adv_K=3, freelb_adv_lr=0.01, freelb_adv_init_mag=0.02, smartp_adv_alpha=1.0, save_path='save/qunaer_20250226_balance19/models--hfl--chinese-bert-wwm-ext/feature2_fusionweighted_advpgd_20250227003143', best_score=0.5, max_epochs=10, max_steps=50000, warmup_steps=200, print_steps=10, weight_decay=0.001, adam_eps=1e-06, adam_lr=5e-05, dropout=0.1, smoothing=0.0, patience=3, device='cuda', n_gpu=1)
2025-02-27 00:32:02,949 - root - INFO - Epoch 0/10 step 10/300 eta 00:08:37: loss 0.995, train {'accuracy': 0.875, 'f1': 0.8166666666666667, 'precision': 0.765625, 'recall': 0.875}
2025-02-27 00:32:19,759 - root - INFO - Epoch 0/10 step 20/300 eta 00:08:05: loss 0.789, train {'accuracy': 0.71875, 'f1': 0.6011363636363636, 'precision': 0.5166015625, 'recall': 0.71875}
2025-02-27 00:32:36,438 - root - INFO - Epoch 0/10 step 30/300 eta 00:07:42: loss 0.814, train {'accuracy': 0.71875, 'f1': 0.6011363636363636, 'precision': 0.5166015625, 'recall': 0.71875}
2025-02-27 00:33:14,041 - root - INFO - Epoch 0 step 30: loss 0.665, val {'accuracy': 0.7801, 'f1': 0.6837, 'precision': 0.6085, 'recall': 0.7801}
2025-02-27 00:33:31,427 - root - INFO - Epoch 1/10 step 40/300 eta 00:11:31: loss 0.480, train {'accuracy': 0.875, 'f1': 0.8166666666666667, 'precision': 0.765625, 'recall': 0.875}
2025-02-27 00:33:48,176 - root - INFO - Epoch 1/10 step 50/300 eta 00:10:15: loss 0.656, train {'accuracy': 0.78125, 'f1': 0.6853070175438596, 'precision': 0.6103515625, 'recall': 0.78125}
2025-02-27 00:34:04,860 - root - INFO - Epoch 1/10 step 60/300 eta 00:09:19: loss 0.625, train {'accuracy': 0.75, 'f1': 0.6428571428571428, 'precision': 0.5625, 'recall': 0.75}
2025-02-27 00:34:42,480 - root - INFO - Epoch 1 step 60: loss 0.601, val {'accuracy': 0.7801, 'f1': 0.6837, 'precision': 0.6085, 'recall': 0.7801}
2025-02-27 00:34:59,535 - root - INFO - Epoch 2/10 step 70/300 eta 00:10:38: loss 0.607, train {'accuracy': 0.71875, 'f1': 0.7418478260869565, 'precision': 0.8009672619047619, 'recall': 0.71875}
2025-02-27 00:35:16,191 - root - INFO - Epoch 2/10 step 80/300 eta 00:09:40: loss 0.348, train {'accuracy': 0.875, 'f1': 0.859375, 'precision': 0.8541666666666666, 'recall': 0.875}
2025-02-27 00:35:32,814 - root - INFO - Epoch 2/10 step 90/300 eta 00:08:51: loss 0.562, train {'accuracy': 0.71875, 'f1': 0.6011363636363636, 'precision': 0.5166015625, 'recall': 0.71875}
2025-02-27 00:36:10,484 - root - INFO - Epoch 2 step 90: loss 0.450, val {'accuracy': 0.794, 'f1': 0.7184, 'precision': 0.8118, 'recall': 0.794}
2025-02-27 00:36:27,993 - root - INFO - Epoch 3/10 step 100/300 eta 00:09:25: loss 0.342, train {'accuracy': 0.90625, 'f1': 0.8807783018867925, 'precision': 0.9162946428571429, 'recall': 0.90625}
2025-02-27 00:36:44,718 - root - INFO - Epoch 3/10 step 110/300 eta 00:08:37: loss 0.490, train {'accuracy': 0.84375, 'f1': 0.7881030701754386, 'precision': 0.7752016129032259, 'recall': 0.84375}
2025-02-27 00:37:01,510 - root - INFO - Epoch 3/10 step 120/300 eta 00:07:54: loss 0.277, train {'accuracy': 0.90625, 'f1': 0.9070294784580499, 'precision': 0.9111979166666667, 'recall': 0.90625}
2025-02-27 00:37:39,150 - root - INFO - Epoch 3 step 120: loss 0.417, val {'accuracy': 0.8162, 'f1': 0.8227, 'precision': 0.8326, 'recall': 0.8162}
2025-02-27 00:37:56,480 - root - INFO - Epoch 4/10 step 130/300 eta 00:08:05: loss 0.204, train {'accuracy': 0.9375, 'f1': 0.9389172335600906, 'precision': 0.94375, 'recall': 0.9375}
2025-02-27 00:38:13,216 - root - INFO - Epoch 4/10 step 140/300 eta 00:07:23: loss 0.172, train {'accuracy': 0.9375, 'f1': 0.9273574561403509, 'precision': 0.9542025862068966, 'recall': 0.9375}
2025-02-27 00:38:30,053 - root - INFO - Epoch 4/10 step 150/300 eta 00:06:44: loss 0.374, train {'accuracy': 0.84375, 'f1': 0.8158854166666667, 'precision': 0.88, 'recall': 0.84375}
2025-02-27 00:39:07,700 - root - INFO - Epoch 4 step 150: loss 0.428, val {'accuracy': 0.8285, 'f1': 0.809, 'precision': 0.8244, 'recall': 0.8285}
2025-02-27 00:39:07,701 - root - INFO - Early Stopping Check: No improvement for 1/3 epochs
2025-02-27 00:39:24,686 - root - INFO - Epoch 5/10 step 160/300 eta 00:06:42: loss 0.165, train {'accuracy': 1.0, 'f1': 1.0, 'precision': 1.0, 'recall': 1.0}
2025-02-27 00:39:41,429 - root - INFO - Epoch 5/10 step 170/300 eta 00:06:04: loss 0.181, train {'accuracy': 0.90625, 'f1': 0.9051136363636363, 'precision': 0.9104166666666667, 'recall': 0.90625}
2025-02-27 00:39:58,231 - root - INFO - Epoch 5/10 step 180/300 eta 00:05:28: loss 0.080, train {'accuracy': 0.96875, 'f1': 0.9659090909090908, 'precision': 0.9698660714285714, 'recall': 0.96875}
2025-02-27 00:40:35,651 - root - INFO - Epoch 5 step 180: loss 0.429, val {'accuracy': 0.8508, 'f1': 0.8396, 'precision': 0.8368, 'recall': 0.8508}
2025-02-27 00:40:52,964 - root - INFO - Epoch 6/10 step 190/300 eta 00:05:17: loss 0.114, train {'accuracy': 0.96875, 'f1': 0.9831730769230769, 'precision': 1.0, 'recall': 0.96875}
2025-02-27 00:41:09,670 - root - INFO - Epoch 6/10 step 200/300 eta 00:04:42: loss 0.056, train {'accuracy': 1.0, 'f1': 1.0, 'precision': 1.0, 'recall': 1.0}
2025-02-27 00:41:26,353 - root - INFO - Epoch 6/10 step 210/300 eta 00:04:09: loss 0.122, train {'accuracy': 0.96875, 'f1': 0.969284188034188, 'precision': 0.975, 'recall': 0.96875}
2025-02-27 00:42:04,222 - root - INFO - Epoch 6 step 210: loss 0.434, val {'accuracy': 0.8455, 'f1': 0.8449, 'precision': 0.8457, 'recall': 0.8455}
2025-02-27 00:42:21,686 - root - INFO - Epoch 7/10 step 220/300 eta 00:03:51: loss 0.043, train {'accuracy': 1.0, 'f1': 1.0, 'precision': 1.0, 'recall': 1.0}
2025-02-27 00:42:38,416 - root - INFO - Epoch 7/10 step 230/300 eta 00:03:18: loss 0.037, train {'accuracy': 1.0, 'f1': 1.0, 'precision': 1.0, 'recall': 1.0}
2025-02-27 00:42:55,176 - root - INFO - Epoch 7/10 step 240/300 eta 00:02:47: loss 0.033, train {'accuracy': 1.0, 'f1': 1.0, 'precision': 1.0, 'recall': 1.0}
2025-02-27 00:43:33,051 - root - INFO - Epoch 7 step 240: loss 0.476, val {'accuracy': 0.8466, 'f1': 0.8392, 'precision': 0.8358, 'recall': 0.8466}
2025-02-27 00:43:33,052 - root - INFO - Early Stopping Check: No improvement for 1/3 epochs
2025-02-27 00:43:49,986 - root - INFO - Epoch 8/10 step 250/300 eta 00:02:24: loss 0.190, train {'accuracy': 0.96875, 'f1': 0.9680555555555554, 'precision': 0.970108695652174, 'recall': 0.96875}
2025-02-27 00:44:06,782 - root - INFO - Epoch 8/10 step 260/300 eta 00:01:54: loss 0.035, train {'accuracy': 1.0, 'f1': 1.0, 'precision': 1.0, 'recall': 1.0}
2025-02-27 00:44:23,525 - root - INFO - Epoch 8/10 step 270/300 eta 00:01:24: loss 0.015, train {'accuracy': 1.0, 'f1': 1.0, 'precision': 1.0, 'recall': 1.0}
2025-02-27 00:45:01,051 - root - INFO - Epoch 8 step 270: loss 0.477, val {'accuracy': 0.8438, 'f1': 0.841, 'precision': 0.8444, 'recall': 0.8438}
2025-02-27 00:45:01,051 - root - INFO - Early Stopping Check: No improvement for 2/3 epochs
2025-02-27 00:45:18,112 - root - INFO - Epoch 9/10 step 280/300 eta 00:00:58: loss 0.029, train {'accuracy': 1.0, 'f1': 1.0, 'precision': 1.0, 'recall': 1.0}
2025-02-27 00:45:34,940 - root - INFO - Epoch 9/10 step 290/300 eta 00:00:28: loss 0.042, train {'accuracy': 1.0, 'f1': 1.0, 'precision': 1.0, 'recall': 1.0}
2025-02-27 00:45:51,721 - root - INFO - Epoch 9/10 step 300/300 eta 00:00:00: loss 0.032, train {'accuracy': 1.0, 'f1': 1.0, 'precision': 1.0, 'recall': 1.0}
2025-02-27 00:46:29,313 - root - INFO - Epoch 9 step 300: loss 0.479, val {'accuracy': 0.8458, 'f1': 0.8418, 'precision': 0.8439, 'recall': 0.8458}
2025-02-27 00:46:29,313 - root - INFO - Early Stopping Check: No improvement for 3/3 epochs
2025-02-27 00:46:29,313 - root - INFO - Stopping early at epoch 9 due to no improvement in validation F1 and increasing loss.
