2025-02-27 01:46:42,318 - root - INFO - Training/evaluation config: Namespace(seed=2021, data_path='./data/ctrip_20250224.csv', base_url='data/qunaer_20250226_balance19', num_class=3, val_ratio=0.2, prefetch=12, num_workers=6, train_batch_size=32, val_batch_size=32, word2Vec='./word2vec/sgns.weibo.bigram-char.bz2', word2Vec_dim=300, stopWords='./stopword/hit_stopwords.txt', bert_dir='hf_hub/models--Langboat--mengzi-bert-base', bert_dim=768, bert_max_length=512, bert_padding='max_length', lstm_input_size=768, lstm_hidden_size=256, lstm_num_layers=2, lstm_dropout=0.0, feature_type=2, fusion_type='residual', adv_type='pgd', fgm_adv_epsilon=1.0, pgd_adv_epsilon=1.0, pgd_adv_alpha=0.3, pgd_adv_K=3, freelb_adv_K=3, freelb_adv_lr=0.01, freelb_adv_init_mag=0.02, smartp_adv_alpha=1.0, save_path='save/qunaer_20250226_balance19/models--Langboat--mengzi-bert-base/feature2_fusionresidual_advpgd_20250227014642', best_score=0.5, max_epochs=10, max_steps=50000, warmup_steps=200, print_steps=10, weight_decay=0.001, adam_eps=1e-06, adam_lr=5e-05, dropout=0.1, smoothing=0.0, patience=3, device='cuda', n_gpu=1)
2025-02-27 01:47:01,157 - root - INFO - Epoch 0/10 step 10/300 eta 00:08:32: loss 1.001, train {'accuracy': 0.71875, 'f1': 0.6011363636363636, 'precision': 0.5166015625, 'recall': 0.71875}
2025-02-27 01:47:17,780 - root - INFO - Epoch 0/10 step 20/300 eta 00:08:00: loss 0.724, train {'accuracy': 0.8125, 'f1': 0.728448275862069, 'precision': 0.66015625, 'recall': 0.8125}
2025-02-27 01:47:34,375 - root - INFO - Epoch 0/10 step 30/300 eta 00:07:37: loss 0.585, train {'accuracy': 0.8125, 'f1': 0.728448275862069, 'precision': 0.66015625, 'recall': 0.8125}
2025-02-27 01:48:14,386 - root - INFO - Epoch 0 step 30: loss 0.688, val {'accuracy': 0.7801, 'f1': 0.6837, 'precision': 0.6085, 'recall': 0.7801}
2025-02-27 01:48:31,992 - root - INFO - Epoch 1/10 step 40/300 eta 00:11:45: loss 0.569, train {'accuracy': 0.84375, 'f1': 0.7722457627118644, 'precision': 0.7119140625, 'recall': 0.84375}
2025-02-27 01:48:48,658 - root - INFO - Epoch 1/10 step 50/300 eta 00:10:25: loss 0.665, train {'accuracy': 0.65625, 'f1': 0.5200471698113208, 'precision': 0.4306640625, 'recall': 0.65625}
2025-02-27 01:49:05,376 - root - INFO - Epoch 1/10 step 60/300 eta 00:09:27: loss 0.532, train {'accuracy': 0.75, 'f1': 0.6915064102564102, 'precision': 0.6702586206896551, 'recall': 0.75}
2025-02-27 01:49:45,329 - root - INFO - Epoch 1 step 60: loss 0.512, val {'accuracy': 0.8144, 'f1': 0.7761, 'precision': 0.8201, 'recall': 0.8144}
2025-02-27 01:50:02,728 - root - INFO - Epoch 2/10 step 70/300 eta 00:10:54: loss 0.550, train {'accuracy': 0.8125, 'f1': 0.7477272727272727, 'precision': 0.6979166666666667, 'recall': 0.8125}
2025-02-27 01:50:19,505 - root - INFO - Epoch 2/10 step 80/300 eta 00:09:54: loss 0.385, train {'accuracy': 0.8125, 'f1': 0.7824074074074073, 'precision': 0.7544642857142857, 'recall': 0.8125}
2025-02-27 01:50:36,359 - root - INFO - Epoch 2/10 step 90/300 eta 00:09:03: loss 0.392, train {'accuracy': 0.84375, 'f1': 0.8361839053803339, 'precision': 0.8618750000000001, 'recall': 0.84375}
2025-02-27 01:51:16,417 - root - INFO - Epoch 2 step 90: loss 0.385, val {'accuracy': 0.8454, 'f1': 0.8286, 'precision': 0.8239, 'recall': 0.8454}
2025-02-27 01:51:33,777 - root - INFO - Epoch 3/10 step 100/300 eta 00:09:40: loss 0.241, train {'accuracy': 0.90625, 'f1': 0.875, 'precision': 0.859375, 'recall': 0.90625}
2025-02-27 01:51:50,456 - root - INFO - Epoch 3/10 step 110/300 eta 00:08:50: loss 0.244, train {'accuracy': 0.875, 'f1': 0.8862980769230769, 'precision': 0.90625, 'recall': 0.875}
2025-02-27 01:52:07,180 - root - INFO - Epoch 3/10 step 120/300 eta 00:08:05: loss 0.313, train {'accuracy': 0.84375, 'f1': 0.8204656862745098, 'precision': 0.8229166666666666, 'recall': 0.84375}
2025-02-27 01:52:47,219 - root - INFO - Epoch 3 step 120: loss 0.392, val {'accuracy': 0.8478, 'f1': 0.8318, 'precision': 0.8276, 'recall': 0.8478}
2025-02-27 01:53:04,651 - root - INFO - Epoch 4/10 step 130/300 eta 00:08:18: loss 0.145, train {'accuracy': 0.90625, 'f1': 0.8948275862068966, 'precision': 0.9416666666666667, 'recall': 0.90625}
2025-02-27 01:53:21,346 - root - INFO - Epoch 4/10 step 140/300 eta 00:07:34: loss 0.119, train {'accuracy': 0.96875, 'f1': 0.9668269230769231, 'precision': 0.9732142857142857, 'recall': 0.96875}
2025-02-27 01:53:38,008 - root - INFO - Epoch 4/10 step 150/300 eta 00:06:54: loss 0.086, train {'accuracy': 1.0, 'f1': 1.0, 'precision': 1.0, 'recall': 1.0}
2025-02-27 01:54:18,132 - root - INFO - Epoch 4 step 150: loss 0.438, val {'accuracy': 0.8538, 'f1': 0.8488, 'precision': 0.8457, 'recall': 0.8538}
2025-02-27 01:54:35,567 - root - INFO - Epoch 5/10 step 160/300 eta 00:06:53: loss 0.053, train {'accuracy': 0.96875, 'f1': 0.9725378787878788, 'precision': 0.984375, 'recall': 0.96875}
2025-02-27 01:54:52,294 - root - INFO - Epoch 5/10 step 170/300 eta 00:06:13: loss 0.020, train {'accuracy': 1.0, 'f1': 1.0, 'precision': 1.0, 'recall': 1.0}
2025-02-27 01:55:08,955 - root - INFO - Epoch 5/10 step 180/300 eta 00:05:36: loss 0.025, train {'accuracy': 1.0, 'f1': 1.0, 'precision': 1.0, 'recall': 1.0}
2025-02-27 01:55:49,412 - root - INFO - Epoch 5 step 180: loss 0.475, val {'accuracy': 0.8496, 'f1': 0.8487, 'precision': 0.8539, 'recall': 0.8496}
2025-02-27 01:55:49,413 - root - INFO - Early Stopping Check: No improvement for 1/3 epochs
2025-02-27 01:56:06,414 - root - INFO - Epoch 6/10 step 190/300 eta 00:05:25: loss 0.012, train {'accuracy': 1.0, 'f1': 1.0, 'precision': 1.0, 'recall': 1.0}
2025-02-27 01:56:23,136 - root - INFO - Epoch 6/10 step 200/300 eta 00:04:49: loss 0.018, train {'accuracy': 1.0, 'f1': 1.0, 'precision': 1.0, 'recall': 1.0}
2025-02-27 01:56:39,856 - root - INFO - Epoch 6/10 step 210/300 eta 00:04:15: loss 0.013, train {'accuracy': 1.0, 'f1': 1.0, 'precision': 1.0, 'recall': 1.0}
2025-02-27 01:57:20,034 - root - INFO - Epoch 6 step 210: loss 0.540, val {'accuracy': 0.8529, 'f1': 0.8466, 'precision': 0.8464, 'recall': 0.8529}
2025-02-27 01:57:20,034 - root - INFO - Early Stopping Check: No improvement for 2/3 epochs
2025-02-27 01:57:36,937 - root - INFO - Epoch 7/10 step 220/300 eta 00:03:57: loss 0.014, train {'accuracy': 1.0, 'f1': 1.0, 'precision': 1.0, 'recall': 1.0}
2025-02-27 01:57:53,813 - root - INFO - Epoch 7/10 step 230/300 eta 00:03:24: loss 0.016, train {'accuracy': 1.0, 'f1': 1.0, 'precision': 1.0, 'recall': 1.0}
2025-02-27 01:58:10,613 - root - INFO - Epoch 7/10 step 240/300 eta 00:02:51: loss 0.009, train {'accuracy': 1.0, 'f1': 1.0, 'precision': 1.0, 'recall': 1.0}
2025-02-27 01:58:50,721 - root - INFO - Epoch 7 step 240: loss 0.544, val {'accuracy': 0.8464, 'f1': 0.8482, 'precision': 0.8575, 'recall': 0.8464}
2025-02-27 01:58:50,721 - root - INFO - Early Stopping Check: No improvement for 3/3 epochs
2025-02-27 01:58:50,721 - root - INFO - Stopping early at epoch 7 due to no improvement in validation F1 and increasing loss.
