2025-02-26 22:20:38,599 - root - INFO - Training/evaluation config: Namespace(seed=2021, data_path='./data/ctrip_20250224.csv', base_url='data/qunaer_20250226_balance19', num_class=3, val_ratio=0.2, prefetch=12, num_workers=6, train_batch_size=32, val_batch_size=32, word2Vec='./word2vec/sgns.weibo.bigram-char.bz2', word2Vec_dim=300, stopWords='./stopword/hit_stopwords.txt', bert_dir='hf_hub/models--hfl--chinese-roberta-wwm-ext', bert_dim=768, bert_max_length=512, bert_padding='max_length', lstm_input_size=768, lstm_hidden_size=256, lstm_num_layers=2, lstm_dropout=0.0, feature_type=2, fusion_type='cat', adv_type='fgm', fgm_adv_epsilon=1.0, pgd_adv_epsilon=1.0, pgd_adv_alpha=0.3, pgd_adv_K=3, freelb_adv_K=3, freelb_adv_lr=0.01, freelb_adv_init_mag=0.02, smartp_adv_alpha=1.0, save_path='save/qunaer_20250226_balance19/models--hfl--chinese-roberta-wwm-ext/feature2_fusioncat_advfgm_20250226222038', best_score=0.5, max_epochs=10, max_steps=50000, warmup_steps=200, print_steps=10, weight_decay=0.001, adam_eps=1e-06, adam_lr=5e-05, dropout=0.1, smoothing=0.0, patience=3, device='cuda', n_gpu=1)
2025-02-26 22:20:49,179 - root - INFO - Epoch 0/10 step 10/300 eta 00:04:30: loss 0.830, train {'accuracy': 0.8125, 'f1': 0.728448275862069, 'precision': 0.66015625, 'recall': 0.8125}
2025-02-26 22:20:57,532 - root - INFO - Epoch 0/10 step 20/300 eta 00:04:07: loss 0.600, train {'accuracy': 0.8125, 'f1': 0.728448275862069, 'precision': 0.66015625, 'recall': 0.8125}
2025-02-26 22:21:05,959 - root - INFO - Epoch 0/10 step 30/300 eta 00:03:55: loss 0.593, train {'accuracy': 0.8125, 'f1': 0.728448275862069, 'precision': 0.66015625, 'recall': 0.8125}
2025-02-26 22:21:43,634 - root - INFO - Epoch 0 step 30: loss 0.648, val {'accuracy': 0.7801, 'f1': 0.6837, 'precision': 0.6085, 'recall': 0.7801}
2025-02-26 22:21:52,675 - root - INFO - Epoch 1/10 step 40/300 eta 00:07:53: loss 0.769, train {'accuracy': 0.6875, 'f1': 0.5601851851851851, 'precision': 0.47265625, 'recall': 0.6875}
2025-02-26 22:22:01,137 - root - INFO - Epoch 1/10 step 50/300 eta 00:06:46: loss 0.569, train {'accuracy': 0.84375, 'f1': 0.7933114035087719, 'precision': 0.8377016129032259, 'recall': 0.84375}
2025-02-26 22:22:09,529 - root - INFO - Epoch 1/10 step 60/300 eta 00:05:58: loss 0.503, train {'accuracy': 0.8125, 'f1': 0.7445833333333334, 'precision': 0.6872685185185184, 'recall': 0.8125}
2025-02-26 22:22:47,132 - root - INFO - Epoch 1 step 60: loss 0.424, val {'accuracy': 0.8358, 'f1': 0.8038, 'precision': 0.8238, 'recall': 0.8358}
2025-02-26 22:22:56,203 - root - INFO - Epoch 2/10 step 70/300 eta 00:07:28: loss 0.339, train {'accuracy': 0.90625, 'f1': 0.9104166666666667, 'precision': 0.9192708333333334, 'recall': 0.90625}
2025-02-26 22:23:04,677 - root - INFO - Epoch 2/10 step 80/300 eta 00:06:38: loss 0.268, train {'accuracy': 0.8125, 'f1': 0.7902644230769231, 'precision': 0.775462962962963, 'recall': 0.8125}
2025-02-26 22:23:13,216 - root - INFO - Epoch 2/10 step 90/300 eta 00:05:57: loss 0.304, train {'accuracy': 0.875, 'f1': 0.8294642857142858, 'precision': 0.7979166666666667, 'recall': 0.875}
2025-02-26 22:23:50,653 - root - INFO - Epoch 2 step 90: loss 0.465, val {'accuracy': 0.8385, 'f1': 0.7999, 'precision': 0.8201, 'recall': 0.8385}
2025-02-26 22:23:50,654 - root - INFO - Early Stopping Check: No improvement for 1/3 epochs
2025-02-26 22:23:59,382 - root - INFO - Epoch 3/10 step 100/300 eta 00:06:39: loss 0.103, train {'accuracy': 0.96875, 'f1': 0.9696455505279034, 'precision': 0.9732142857142857, 'recall': 0.96875}
2025-02-26 22:24:07,888 - root - INFO - Epoch 3/10 step 110/300 eta 00:05:59: loss 0.067, train {'accuracy': 1.0, 'f1': 1.0, 'precision': 1.0, 'recall': 1.0}
2025-02-26 22:24:16,247 - root - INFO - Epoch 3/10 step 120/300 eta 00:05:24: loss 0.082, train {'accuracy': 1.0, 'f1': 1.0, 'precision': 1.0, 'recall': 1.0}
2025-02-26 22:24:53,612 - root - INFO - Epoch 3 step 120: loss 0.412, val {'accuracy': 0.8526, 'f1': 0.8444, 'precision': 0.8468, 'recall': 0.8526}
2025-02-26 22:25:02,740 - root - INFO - Epoch 4/10 step 130/300 eta 00:05:43: loss 0.105, train {'accuracy': 0.96875, 'f1': 0.9673087002096437, 'precision': 0.9699074074074073, 'recall': 0.96875}
2025-02-26 22:25:11,198 - root - INFO - Epoch 4/10 step 140/300 eta 00:05:10: loss 0.037, train {'accuracy': 1.0, 'f1': 1.0, 'precision': 1.0, 'recall': 1.0}
2025-02-26 22:25:19,688 - root - INFO - Epoch 4/10 step 150/300 eta 00:04:39: loss 0.060, train {'accuracy': 0.96875, 'f1': 0.9670454545454545, 'precision': 0.9739583333333334, 'recall': 0.96875}
2025-02-26 22:25:57,197 - root - INFO - Epoch 4 step 150: loss 0.472, val {'accuracy': 0.8482, 'f1': 0.841, 'precision': 0.8379, 'recall': 0.8482}
2025-02-26 22:25:57,197 - root - INFO - Early Stopping Check: No improvement for 1/3 epochs
2025-02-26 22:26:05,785 - root - INFO - Epoch 5/10 step 160/300 eta 00:04:45: loss 0.020, train {'accuracy': 1.0, 'f1': 1.0, 'precision': 1.0, 'recall': 1.0}
2025-02-26 22:26:14,141 - root - INFO - Epoch 5/10 step 170/300 eta 00:04:15: loss 0.010, train {'accuracy': 1.0, 'f1': 1.0, 'precision': 1.0, 'recall': 1.0}
2025-02-26 22:26:22,622 - root - INFO - Epoch 5/10 step 180/300 eta 00:03:48: loss 0.010, train {'accuracy': 1.0, 'f1': 1.0, 'precision': 1.0, 'recall': 1.0}
2025-02-26 22:27:00,075 - root - INFO - Epoch 5 step 180: loss 0.510, val {'accuracy': 0.8591, 'f1': 0.8461, 'precision': 0.8437, 'recall': 0.8591}
2025-02-26 22:27:09,140 - root - INFO - Epoch 6/10 step 190/300 eta 00:03:45: loss 0.044, train {'accuracy': 0.96875, 'f1': 0.9678805237315875, 'precision': 0.9700520833333334, 'recall': 0.96875}
2025-02-26 22:27:17,581 - root - INFO - Epoch 6/10 step 200/300 eta 00:03:18: loss 0.010, train {'accuracy': 1.0, 'f1': 1.0, 'precision': 1.0, 'recall': 1.0}
2025-02-26 22:27:26,121 - root - INFO - Epoch 6/10 step 210/300 eta 00:02:54: loss 0.006, train {'accuracy': 1.0, 'f1': 1.0, 'precision': 1.0, 'recall': 1.0}
2025-02-26 22:28:03,711 - root - INFO - Epoch 6 step 210: loss 0.524, val {'accuracy': 0.8559, 'f1': 0.8478, 'precision': 0.8445, 'recall': 0.8559}
2025-02-26 22:28:12,820 - root - INFO - Epoch 7/10 step 220/300 eta 00:02:44: loss 0.007, train {'accuracy': 1.0, 'f1': 1.0, 'precision': 1.0, 'recall': 1.0}
2025-02-26 22:28:21,221 - root - INFO - Epoch 7/10 step 230/300 eta 00:02:20: loss 0.007, train {'accuracy': 1.0, 'f1': 1.0, 'precision': 1.0, 'recall': 1.0}
2025-02-26 22:28:29,632 - root - INFO - Epoch 7/10 step 240/300 eta 00:01:57: loss 0.005, train {'accuracy': 1.0, 'f1': 1.0, 'precision': 1.0, 'recall': 1.0}
2025-02-26 22:29:08,183 - root - INFO - Epoch 7 step 240: loss 0.559, val {'accuracy': 0.8559, 'f1': 0.8454, 'precision': 0.8413, 'recall': 0.8559}
2025-02-26 22:29:08,184 - root - INFO - Early Stopping Check: No improvement for 1/3 epochs
2025-02-26 22:29:16,956 - root - INFO - Epoch 8/10 step 250/300 eta 00:01:43: loss 0.006, train {'accuracy': 1.0, 'f1': 1.0, 'precision': 1.0, 'recall': 1.0}
2025-02-26 22:29:25,408 - root - INFO - Epoch 8/10 step 260/300 eta 00:01:20: loss 0.006, train {'accuracy': 1.0, 'f1': 1.0, 'precision': 1.0, 'recall': 1.0}
2025-02-26 22:29:34,046 - root - INFO - Epoch 8/10 step 270/300 eta 00:00:59: loss 0.005, train {'accuracy': 1.0, 'f1': 1.0, 'precision': 1.0, 'recall': 1.0}
2025-02-26 22:30:12,780 - root - INFO - Epoch 8 step 270: loss 0.569, val {'accuracy': 0.8556, 'f1': 0.8448, 'precision': 0.8409, 'recall': 0.8556}
2025-02-26 22:30:12,780 - root - INFO - Early Stopping Check: No improvement for 2/3 epochs
2025-02-26 22:30:21,512 - root - INFO - Epoch 9/10 step 280/300 eta 00:00:41: loss 0.005, train {'accuracy': 1.0, 'f1': 1.0, 'precision': 1.0, 'recall': 1.0}
2025-02-26 22:30:30,055 - root - INFO - Epoch 9/10 step 290/300 eta 00:00:20: loss 0.009, train {'accuracy': 1.0, 'f1': 1.0, 'precision': 1.0, 'recall': 1.0}
2025-02-26 22:30:38,498 - root - INFO - Epoch 9/10 step 300/300 eta 00:00:00: loss 0.009, train {'accuracy': 1.0, 'f1': 1.0, 'precision': 1.0, 'recall': 1.0}
2025-02-26 22:31:17,180 - root - INFO - Epoch 9 step 300: loss 0.573, val {'accuracy': 0.8564, 'f1': 0.8452, 'precision': 0.8414, 'recall': 0.8564}
2025-02-26 22:31:17,180 - root - INFO - Early Stopping Check: No improvement for 3/3 epochs
2025-02-26 22:31:17,180 - root - INFO - Stopping early at epoch 9 due to no improvement in validation F1 and increasing loss.
