2025-02-26 22:17:13,598 - root - INFO - Training/evaluation config: Namespace(seed=2021, data_path='./data/ctrip_20250224.csv', base_url='data/qunaer_20250226_balance19', num_class=3, val_ratio=0.2, prefetch=12, num_workers=6, train_batch_size=32, val_batch_size=32, word2Vec='./word2vec/sgns.weibo.bigram-char.bz2', word2Vec_dim=300, stopWords='./stopword/hit_stopwords.txt', bert_dir='hf_hub/models--hfl--chinese-roberta-wwm-ext', bert_dim=768, bert_max_length=512, bert_padding='max_length', lstm_input_size=768, lstm_hidden_size=256, lstm_num_layers=2, lstm_dropout=0.0, feature_type=2, fusion_type='weighted', adv_type='fgm', fgm_adv_epsilon=1.0, pgd_adv_epsilon=1.0, pgd_adv_alpha=0.3, pgd_adv_K=3, freelb_adv_K=3, freelb_adv_lr=0.01, freelb_adv_init_mag=0.02, smartp_adv_alpha=1.0, save_path='save/qunaer_20250226_balance19/models--hfl--chinese-roberta-wwm-ext/feature2_fusionweighted_advfgm_20250226221713', best_score=0.5, max_epochs=10, max_steps=50000, warmup_steps=200, print_steps=10, weight_decay=0.001, adam_eps=1e-06, adam_lr=5e-05, dropout=0.1, smoothing=0.0, patience=3, device='cuda', n_gpu=1)
2025-02-26 22:17:24,368 - root - INFO - Epoch 0/10 step 10/300 eta 00:04:36: loss 0.944, train {'accuracy': 0.875, 'f1': 0.8166666666666667, 'precision': 0.765625, 'recall': 0.875}
2025-02-26 22:17:32,883 - root - INFO - Epoch 0/10 step 20/300 eta 00:04:12: loss 0.779, train {'accuracy': 0.71875, 'f1': 0.6011363636363636, 'precision': 0.5166015625, 'recall': 0.71875}
2025-02-26 22:17:41,390 - root - INFO - Epoch 0/10 step 30/300 eta 00:03:59: loss 0.831, train {'accuracy': 0.71875, 'f1': 0.6011363636363636, 'precision': 0.5166015625, 'recall': 0.71875}
2025-02-26 22:18:19,390 - root - INFO - Epoch 0 step 30: loss 0.663, val {'accuracy': 0.7801, 'f1': 0.6837, 'precision': 0.6085, 'recall': 0.7801}
2025-02-26 22:18:28,575 - root - INFO - Epoch 1/10 step 40/300 eta 00:07:59: loss 0.453, train {'accuracy': 0.875, 'f1': 0.8166666666666667, 'precision': 0.765625, 'recall': 0.875}
2025-02-26 22:18:37,029 - root - INFO - Epoch 1/10 step 50/300 eta 00:06:51: loss 0.475, train {'accuracy': 0.8125, 'f1': 0.7390046296296297, 'precision': 0.6839080459770114, 'recall': 0.8125}
2025-02-26 22:18:45,442 - root - INFO - Epoch 1/10 step 60/300 eta 00:06:02: loss 0.441, train {'accuracy': 0.75, 'f1': 0.6545454545454545, 'precision': 0.5806451612903225, 'recall': 0.75}
2025-02-26 22:19:23,128 - root - INFO - Epoch 1 step 60: loss 0.427, val {'accuracy': 0.8155, 'f1': 0.7739, 'precision': 0.7916, 'recall': 0.8155}
2025-02-26 22:19:32,212 - root - INFO - Epoch 2/10 step 70/300 eta 00:07:31: loss 0.285, train {'accuracy': 0.9375, 'f1': 0.9375, 'precision': 0.9375, 'recall': 0.9375}
2025-02-26 22:19:40,726 - root - INFO - Epoch 2/10 step 80/300 eta 00:06:41: loss 0.205, train {'accuracy': 0.9375, 'f1': 0.9447172619047619, 'precision': 0.9635416666666666, 'recall': 0.9375}
2025-02-26 22:19:49,180 - root - INFO - Epoch 2/10 step 90/300 eta 00:06:00: loss 0.425, train {'accuracy': 0.8125, 'f1': 0.7315625, 'precision': 0.6685185185185185, 'recall': 0.8125}
2025-02-26 22:20:26,943 - root - INFO - Epoch 2 step 90: loss 0.393, val {'accuracy': 0.8428, 'f1': 0.8091, 'precision': 0.8197, 'recall': 0.8428}
2025-02-26 22:20:36,124 - root - INFO - Epoch 3/10 step 100/300 eta 00:06:42: loss 0.194, train {'accuracy': 0.96875, 'f1': 0.9668242296918768, 'precision': 0.9699519230769231, 'recall': 0.96875}
2025-02-26 22:20:44,858 - root - INFO - Epoch 3/10 step 110/300 eta 00:06:02: loss 0.308, train {'accuracy': 0.84375, 'f1': 0.8311363636363637, 'precision': 0.84765625, 'recall': 0.84375}
2025-02-26 22:20:53,400 - root - INFO - Epoch 3/10 step 120/300 eta 00:05:27: loss 0.125, train {'accuracy': 1.0, 'f1': 1.0, 'precision': 1.0, 'recall': 1.0}
2025-02-26 22:21:32,007 - root - INFO - Epoch 3 step 120: loss 0.389, val {'accuracy': 0.8382, 'f1': 0.8449, 'precision': 0.8549, 'recall': 0.8382}
2025-02-26 22:21:41,453 - root - INFO - Epoch 4/10 step 130/300 eta 00:05:48: loss 0.092, train {'accuracy': 1.0, 'f1': 1.0, 'precision': 1.0, 'recall': 1.0}
2025-02-26 22:21:49,983 - root - INFO - Epoch 4/10 step 140/300 eta 00:05:14: loss 0.088, train {'accuracy': 0.96875, 'f1': 0.9708333333333333, 'precision': 0.984375, 'recall': 0.96875}
2025-02-26 22:21:58,577 - root - INFO - Epoch 4/10 step 150/300 eta 00:04:43: loss 0.103, train {'accuracy': 1.0, 'f1': 1.0, 'precision': 1.0, 'recall': 1.0}
2025-02-26 22:22:37,336 - root - INFO - Epoch 4 step 150: loss 0.453, val {'accuracy': 0.8485, 'f1': 0.8414, 'precision': 0.8512, 'recall': 0.8485}
2025-02-26 22:22:37,336 - root - INFO - Early Stopping Check: No improvement for 1/3 epochs
2025-02-26 22:22:46,113 - root - INFO - Epoch 5/10 step 160/300 eta 00:04:49: loss 0.051, train {'accuracy': 1.0, 'f1': 1.0, 'precision': 1.0, 'recall': 1.0}
2025-02-26 22:22:54,648 - root - INFO - Epoch 5/10 step 170/300 eta 00:04:19: loss 0.098, train {'accuracy': 0.96875, 'f1': 0.9704545454545455, 'precision': 0.9791666666666666, 'recall': 0.96875}
2025-02-26 22:23:03,450 - root - INFO - Epoch 5/10 step 180/300 eta 00:03:52: loss 0.038, train {'accuracy': 1.0, 'f1': 1.0, 'precision': 1.0, 'recall': 1.0}
2025-02-26 22:23:42,443 - root - INFO - Epoch 5 step 180: loss 0.538, val {'accuracy': 0.8493, 'f1': 0.8339, 'precision': 0.8399, 'recall': 0.8493}
2025-02-26 22:23:42,443 - root - INFO - Early Stopping Check: No improvement for 2/3 epochs
2025-02-26 22:23:51,259 - root - INFO - Epoch 6/10 step 190/300 eta 00:03:49: loss 0.020, train {'accuracy': 1.0, 'f1': 1.0, 'precision': 1.0, 'recall': 1.0}
2025-02-26 22:23:59,987 - root - INFO - Epoch 6/10 step 200/300 eta 00:03:22: loss 0.019, train {'accuracy': 1.0, 'f1': 1.0, 'precision': 1.0, 'recall': 1.0}
2025-02-26 22:24:08,734 - root - INFO - Epoch 6/10 step 210/300 eta 00:02:57: loss 0.087, train {'accuracy': 0.96875, 'f1': 0.969284188034188, 'precision': 0.975, 'recall': 0.96875}
2025-02-26 22:24:47,748 - root - INFO - Epoch 6 step 210: loss 0.471, val {'accuracy': 0.854, 'f1': 0.8508, 'precision': 0.8564, 'recall': 0.854}
2025-02-26 22:24:57,164 - root - INFO - Epoch 7/10 step 220/300 eta 00:02:48: loss 0.017, train {'accuracy': 1.0, 'f1': 1.0, 'precision': 1.0, 'recall': 1.0}
2025-02-26 22:25:05,911 - root - INFO - Epoch 7/10 step 230/300 eta 00:02:23: loss 0.021, train {'accuracy': 1.0, 'f1': 1.0, 'precision': 1.0, 'recall': 1.0}
2025-02-26 22:25:14,498 - root - INFO - Epoch 7/10 step 240/300 eta 00:01:59: loss 0.014, train {'accuracy': 1.0, 'f1': 1.0, 'precision': 1.0, 'recall': 1.0}
2025-02-26 22:25:53,320 - root - INFO - Epoch 7 step 240: loss 0.504, val {'accuracy': 0.8542, 'f1': 0.8477, 'precision': 0.8502, 'recall': 0.8542}
2025-02-26 22:25:53,321 - root - INFO - Early Stopping Check: No improvement for 1/3 epochs
2025-02-26 22:26:02,174 - root - INFO - Epoch 8/10 step 250/300 eta 00:01:45: loss 0.018, train {'accuracy': 1.0, 'f1': 1.0, 'precision': 1.0, 'recall': 1.0}
2025-02-26 22:26:10,887 - root - INFO - Epoch 8/10 step 260/300 eta 00:01:22: loss 0.022, train {'accuracy': 1.0, 'f1': 1.0, 'precision': 1.0, 'recall': 1.0}
2025-02-26 22:26:19,662 - root - INFO - Epoch 8/10 step 270/300 eta 00:01:00: loss 0.005, train {'accuracy': 1.0, 'f1': 1.0, 'precision': 1.0, 'recall': 1.0}
2025-02-26 22:26:58,700 - root - INFO - Epoch 8 step 270: loss 0.519, val {'accuracy': 0.8523, 'f1': 0.8461, 'precision': 0.8507, 'recall': 0.8523}
2025-02-26 22:26:58,700 - root - INFO - Early Stopping Check: No improvement for 2/3 epochs
2025-02-26 22:27:07,715 - root - INFO - Epoch 9/10 step 280/300 eta 00:00:42: loss 0.011, train {'accuracy': 1.0, 'f1': 1.0, 'precision': 1.0, 'recall': 1.0}
2025-02-26 22:27:16,523 - root - INFO - Epoch 9/10 step 290/300 eta 00:00:20: loss 0.024, train {'accuracy': 1.0, 'f1': 1.0, 'precision': 1.0, 'recall': 1.0}
2025-02-26 22:27:25,238 - root - INFO - Epoch 9/10 step 300/300 eta 00:00:00: loss 0.014, train {'accuracy': 1.0, 'f1': 1.0, 'precision': 1.0, 'recall': 1.0}
2025-02-26 22:28:04,006 - root - INFO - Epoch 9 step 300: loss 0.521, val {'accuracy': 0.8526, 'f1': 0.8461, 'precision': 0.8504, 'recall': 0.8526}
2025-02-26 22:28:04,006 - root - INFO - Early Stopping Check: No improvement for 3/3 epochs
2025-02-26 22:28:04,006 - root - INFO - Stopping early at epoch 9 due to no improvement in validation F1 and increasing loss.
