2025-02-26 22:14:32,190 - root - INFO - Training/evaluation config: Namespace(seed=2021, data_path='./data/ctrip_20250224.csv', base_url='data/qunaer_20250226_balance19', num_class=3, val_ratio=0.2, prefetch=12, num_workers=6, train_batch_size=32, val_batch_size=32, word2Vec='./word2vec/sgns.weibo.bigram-char.bz2', word2Vec_dim=300, stopWords='./stopword/hit_stopwords.txt', bert_dir='hf_hub/models--hfl--chinese-roberta-wwm-ext', bert_dim=768, bert_max_length=512, bert_padding='max_length', lstm_input_size=768, lstm_hidden_size=256, lstm_num_layers=2, lstm_dropout=0.0, feature_type=2, fusion_type='cat', adv_type='none', fgm_adv_epsilon=1.0, pgd_adv_epsilon=1.0, pgd_adv_alpha=0.3, pgd_adv_K=3, freelb_adv_K=3, freelb_adv_lr=0.01, freelb_adv_init_mag=0.02, smartp_adv_alpha=1.0, save_path='save/qunaer_20250226_balance19/models--hfl--chinese-roberta-wwm-ext/feature2_fusioncat_advnone_20250226221432', best_score=0.5, max_epochs=10, max_steps=50000, warmup_steps=200, print_steps=10, weight_decay=0.001, adam_eps=1e-06, adam_lr=5e-05, dropout=0.1, smoothing=0.0, patience=3, device='cuda', n_gpu=1)
2025-02-26 22:14:39,025 - root - INFO - Epoch 0/10 step 10/300 eta 00:02:40: loss 0.797, train {'accuracy': 0.8125, 'f1': 0.728448275862069, 'precision': 0.66015625, 'recall': 0.8125}
2025-02-26 22:14:43,276 - root - INFO - Epoch 0/10 step 20/300 eta 00:02:17: loss 0.613, train {'accuracy': 0.8125, 'f1': 0.728448275862069, 'precision': 0.66015625, 'recall': 0.8125}
2025-02-26 22:14:47,543 - root - INFO - Epoch 0/10 step 30/300 eta 00:02:06: loss 0.596, train {'accuracy': 0.8125, 'f1': 0.728448275862069, 'precision': 0.66015625, 'recall': 0.8125}
2025-02-26 22:15:25,171 - root - INFO - Epoch 0 step 30: loss 0.650, val {'accuracy': 0.7801, 'f1': 0.6837, 'precision': 0.6085, 'recall': 0.7801}
2025-02-26 22:15:29,908 - root - INFO - Epoch 1/10 step 40/300 eta 00:06:06: loss 0.765, train {'accuracy': 0.6875, 'f1': 0.5601851851851851, 'precision': 0.47265625, 'recall': 0.6875}
2025-02-26 22:15:34,110 - root - INFO - Epoch 1/10 step 50/300 eta 00:05:03: loss 0.541, train {'accuracy': 0.8125, 'f1': 0.7700892857142857, 'precision': 0.7552083333333334, 'recall': 0.8125}
2025-02-26 22:15:38,400 - root - INFO - Epoch 1/10 step 60/300 eta 00:04:19: loss 0.551, train {'accuracy': 0.78125, 'f1': 0.7331963249516441, 'precision': 0.7003348214285714, 'recall': 0.78125}
2025-02-26 22:16:15,782 - root - INFO - Epoch 1 step 60: loss 0.442, val {'accuracy': 0.8349, 'f1': 0.811, 'precision': 0.8204, 'recall': 0.8349}
2025-02-26 22:16:20,586 - root - INFO - Epoch 2/10 step 70/300 eta 00:05:51: loss 0.336, train {'accuracy': 0.875, 'f1': 0.8697916666666666, 'precision': 0.8854166666666666, 'recall': 0.875}
2025-02-26 22:16:24,773 - root - INFO - Epoch 2/10 step 80/300 eta 00:05:06: loss 0.300, train {'accuracy': 0.8125, 'f1': 0.7760908018867925, 'precision': 0.7496279761904763, 'recall': 0.8125}
2025-02-26 22:16:28,977 - root - INFO - Epoch 2/10 step 90/300 eta 00:04:29: loss 0.297, train {'accuracy': 0.9375, 'f1': 0.9346698113207548, 'precision': 0.9386574074074073, 'recall': 0.9375}
2025-02-26 22:17:06,375 - root - INFO - Epoch 2 step 90: loss 0.521, val {'accuracy': 0.8426, 'f1': 0.8099, 'precision': 0.8241, 'recall': 0.8426}
2025-02-26 22:17:06,375 - root - INFO - Early Stopping Check: No improvement for 1/3 epochs
2025-02-26 22:17:10,823 - root - INFO - Epoch 3/10 step 100/300 eta 00:05:14: loss 0.251, train {'accuracy': 0.90625, 'f1': 0.93625, 'precision': 0.96875, 'recall': 0.90625}
2025-02-26 22:17:15,137 - root - INFO - Epoch 3/10 step 110/300 eta 00:04:39: loss 0.121, train {'accuracy': 0.96875, 'f1': 0.9706757703081232, 'precision': 0.9765625, 'recall': 0.96875}
2025-02-26 22:17:19,394 - root - INFO - Epoch 3/10 step 120/300 eta 00:04:08: loss 0.200, train {'accuracy': 0.90625, 'f1': 0.9126623376623377, 'precision': 0.921875, 'recall': 0.90625}
2025-02-26 22:17:56,696 - root - INFO - Epoch 3 step 120: loss 0.429, val {'accuracy': 0.8528, 'f1': 0.8502, 'precision': 0.8489, 'recall': 0.8528}
2025-02-26 22:18:01,611 - root - INFO - Epoch 4/10 step 130/300 eta 00:04:32: loss 0.104, train {'accuracy': 0.96875, 'f1': 0.9722222222222222, 'precision': 0.984375, 'recall': 0.96875}
2025-02-26 22:18:05,848 - root - INFO - Epoch 4/10 step 140/300 eta 00:04:02: loss 0.080, train {'accuracy': 0.96875, 'f1': 0.9647435897435898, 'precision': 0.9732142857142857, 'recall': 0.96875}
2025-02-26 22:18:10,057 - root - INFO - Epoch 4/10 step 150/300 eta 00:03:36: loss 0.102, train {'accuracy': 0.9375, 'f1': 0.9375, 'precision': 0.9375, 'recall': 0.9375}
2025-02-26 22:18:47,747 - root - INFO - Epoch 4 step 150: loss 0.486, val {'accuracy': 0.851, 'f1': 0.844, 'precision': 0.841, 'recall': 0.851}
2025-02-26 22:18:47,747 - root - INFO - Early Stopping Check: No improvement for 1/3 epochs
2025-02-26 22:18:52,232 - root - INFO - Epoch 5/10 step 160/300 eta 00:03:46: loss 0.034, train {'accuracy': 1.0, 'f1': 1.0, 'precision': 1.0, 'recall': 1.0}
2025-02-26 22:18:56,511 - root - INFO - Epoch 5/10 step 170/300 eta 00:03:21: loss 0.012, train {'accuracy': 1.0, 'f1': 1.0, 'precision': 1.0, 'recall': 1.0}
2025-02-26 22:19:00,765 - root - INFO - Epoch 5/10 step 180/300 eta 00:02:58: loss 0.011, train {'accuracy': 1.0, 'f1': 1.0, 'precision': 1.0, 'recall': 1.0}
2025-02-26 22:19:38,435 - root - INFO - Epoch 5 step 180: loss 0.536, val {'accuracy': 0.8523, 'f1': 0.8461, 'precision': 0.8452, 'recall': 0.8523}
2025-02-26 22:19:38,436 - root - INFO - Early Stopping Check: No improvement for 2/3 epochs
2025-02-26 22:19:42,887 - root - INFO - Epoch 6/10 step 190/300 eta 00:02:59: loss 0.083, train {'accuracy': 0.96875, 'f1': 0.9678805237315875, 'precision': 0.9700520833333334, 'recall': 0.96875}
2025-02-26 22:19:47,143 - root - INFO - Epoch 6/10 step 200/300 eta 00:02:36: loss 0.014, train {'accuracy': 1.0, 'f1': 1.0, 'precision': 1.0, 'recall': 1.0}
2025-02-26 22:19:51,397 - root - INFO - Epoch 6/10 step 210/300 eta 00:02:16: loss 0.008, train {'accuracy': 1.0, 'f1': 1.0, 'precision': 1.0, 'recall': 1.0}
2025-02-26 22:20:28,651 - root - INFO - Epoch 6 step 210: loss 0.557, val {'accuracy': 0.8555, 'f1': 0.8507, 'precision': 0.8486, 'recall': 0.8555}
2025-02-26 22:20:33,526 - root - INFO - Epoch 7/10 step 220/300 eta 00:02:10: loss 0.007, train {'accuracy': 1.0, 'f1': 1.0, 'precision': 1.0, 'recall': 1.0}
2025-02-26 22:20:37,772 - root - INFO - Epoch 7/10 step 230/300 eta 00:01:50: loss 0.013, train {'accuracy': 1.0, 'f1': 1.0, 'precision': 1.0, 'recall': 1.0}
2025-02-26 22:20:42,098 - root - INFO - Epoch 7/10 step 240/300 eta 00:01:32: loss 0.005, train {'accuracy': 1.0, 'f1': 1.0, 'precision': 1.0, 'recall': 1.0}
2025-02-26 22:21:19,927 - root - INFO - Epoch 7 step 240: loss 0.590, val {'accuracy': 0.8569, 'f1': 0.8498, 'precision': 0.8465, 'recall': 0.8569}
2025-02-26 22:21:19,927 - root - INFO - Early Stopping Check: No improvement for 1/3 epochs
2025-02-26 22:21:24,373 - root - INFO - Epoch 8/10 step 250/300 eta 00:01:22: loss 0.010, train {'accuracy': 1.0, 'f1': 1.0, 'precision': 1.0, 'recall': 1.0}
2025-02-26 22:21:28,614 - root - INFO - Epoch 8/10 step 260/300 eta 00:01:03: loss 0.008, train {'accuracy': 1.0, 'f1': 1.0, 'precision': 1.0, 'recall': 1.0}
2025-02-26 22:21:32,902 - root - INFO - Epoch 8/10 step 270/300 eta 00:00:46: loss 0.005, train {'accuracy': 1.0, 'f1': 1.0, 'precision': 1.0, 'recall': 1.0}
2025-02-26 22:22:10,459 - root - INFO - Epoch 8 step 270: loss 0.597, val {'accuracy': 0.8577, 'f1': 0.85, 'precision': 0.8462, 'recall': 0.8577}
2025-02-26 22:22:10,459 - root - INFO - Early Stopping Check: No improvement for 2/3 epochs
2025-02-26 22:22:14,910 - root - INFO - Epoch 9/10 step 280/300 eta 00:00:32: loss 0.006, train {'accuracy': 1.0, 'f1': 1.0, 'precision': 1.0, 'recall': 1.0}
2025-02-26 22:22:19,157 - root - INFO - Epoch 9/10 step 290/300 eta 00:00:16: loss 0.013, train {'accuracy': 1.0, 'f1': 1.0, 'precision': 1.0, 'recall': 1.0}
2025-02-26 22:22:23,402 - root - INFO - Epoch 9/10 step 300/300 eta 00:00:00: loss 0.011, train {'accuracy': 1.0, 'f1': 1.0, 'precision': 1.0, 'recall': 1.0}
2025-02-26 22:23:01,150 - root - INFO - Epoch 9 step 300: loss 0.597, val {'accuracy': 0.8577, 'f1': 0.85, 'precision': 0.8462, 'recall': 0.8577}
2025-02-26 22:23:01,150 - root - INFO - Early Stopping Check: No improvement for 3/3 epochs
2025-02-26 22:23:01,151 - root - INFO - Stopping early at epoch 9 due to no improvement in validation F1 and increasing loss.
