2025-02-27 01:58:54,808 - root - INFO - Training/evaluation config: Namespace(seed=2021, data_path='./data/ctrip_20250224.csv', base_url='data/qunaer_20250226_balance19', num_class=3, val_ratio=0.2, prefetch=12, num_workers=6, train_batch_size=32, val_batch_size=32, word2Vec='./word2vec/sgns.weibo.bigram-char.bz2', word2Vec_dim=300, stopWords='./stopword/hit_stopwords.txt', bert_dir='hf_hub/models--Langboat--mengzi-bert-base', bert_dim=768, bert_max_length=512, bert_padding='max_length', lstm_input_size=768, lstm_hidden_size=256, lstm_num_layers=2, lstm_dropout=0.0, feature_type=2, fusion_type='gate', adv_type='freelb', fgm_adv_epsilon=1.0, pgd_adv_epsilon=1.0, pgd_adv_alpha=0.3, pgd_adv_K=3, freelb_adv_K=3, freelb_adv_lr=0.01, freelb_adv_init_mag=0.02, smartp_adv_alpha=1.0, save_path='save/qunaer_20250226_balance19/models--Langboat--mengzi-bert-base/feature2_fusiongate_advfreelb_20250227015854', best_score=0.5, max_epochs=10, max_steps=50000, warmup_steps=200, print_steps=10, weight_decay=0.001, adam_eps=1e-06, adam_lr=5e-05, dropout=0.1, smoothing=0.0, patience=3, device='cuda', n_gpu=1)
2025-02-27 01:59:09,432 - root - INFO - Epoch 0/10 step 10/300 eta 00:06:34: loss 0.345, train {'accuracy': 0.8125, 'f1': 0.728448275862069, 'precision': 0.66015625, 'recall': 0.8125}
2025-02-27 01:59:22,250 - root - INFO - Epoch 0/10 step 20/300 eta 00:06:10: loss 0.301, train {'accuracy': 0.75, 'f1': 0.6428571428571428, 'precision': 0.5625, 'recall': 0.75}
2025-02-27 01:59:34,938 - root - INFO - Epoch 0/10 step 30/300 eta 00:05:52: loss 0.201, train {'accuracy': 0.84375, 'f1': 0.7722457627118644, 'precision': 0.7119140625, 'recall': 0.84375}
2025-02-27 02:00:15,047 - root - INFO - Epoch 0 step 30: loss 0.677, val {'accuracy': 0.7801, 'f1': 0.6837, 'precision': 0.6085, 'recall': 0.7801}
2025-02-27 02:00:28,278 - root - INFO - Epoch 1/10 step 40/300 eta 00:10:00: loss 0.289, train {'accuracy': 0.6875, 'f1': 0.5601851851851851, 'precision': 0.47265625, 'recall': 0.6875}
2025-02-27 02:00:40,859 - root - INFO - Epoch 1/10 step 50/300 eta 00:08:45: loss 0.311, train {'accuracy': 0.625, 'f1': 0.4807692307692308, 'precision': 0.390625, 'recall': 0.625}
2025-02-27 02:00:53,517 - root - INFO - Epoch 1/10 step 60/300 eta 00:07:50: loss 0.185, train {'accuracy': 0.84375, 'f1': 0.7722457627118644, 'precision': 0.7119140625, 'recall': 0.84375}
2025-02-27 02:01:33,473 - root - INFO - Epoch 1 step 60: loss 0.666, val {'accuracy': 0.7801, 'f1': 0.6837, 'precision': 0.6085, 'recall': 0.7801}
2025-02-27 02:01:46,329 - root - INFO - Epoch 2/10 step 70/300 eta 00:09:20: loss 0.192, train {'accuracy': 0.8125, 'f1': 0.728448275862069, 'precision': 0.66015625, 'recall': 0.8125}
2025-02-27 02:01:59,005 - root - INFO - Epoch 2/10 step 80/300 eta 00:08:23: loss 0.357, train {'accuracy': 0.625, 'f1': 0.4807692307692308, 'precision': 0.390625, 'recall': 0.625}
2025-02-27 02:02:11,784 - root - INFO - Epoch 2/10 step 90/300 eta 00:07:37: loss 0.174, train {'accuracy': 0.875, 'f1': 0.8463068181818182, 'precision': 0.8326149425287356, 'recall': 0.875}
2025-02-27 02:02:51,883 - root - INFO - Epoch 2 step 90: loss 0.518, val {'accuracy': 0.7862, 'f1': 0.7115, 'precision': 0.6683, 'recall': 0.7862}
2025-02-27 02:03:05,231 - root - INFO - Epoch 3/10 step 100/300 eta 00:08:18: loss 0.220, train {'accuracy': 0.75, 'f1': 0.7852272727272727, 'precision': 0.8687499999999999, 'recall': 0.75}
2025-02-27 02:03:17,792 - root - INFO - Epoch 3/10 step 110/300 eta 00:07:32: loss 0.156, train {'accuracy': 0.8125, 'f1': 0.7776988636363636, 'precision': 0.7525143678160919, 'recall': 0.8125}
2025-02-27 02:03:30,475 - root - INFO - Epoch 3/10 step 120/300 eta 00:06:51: loss 0.177, train {'accuracy': 0.78125, 'f1': 0.7197128851540616, 'precision': 0.6737351190476191, 'recall': 0.78125}
2025-02-27 02:04:10,619 - root - INFO - Epoch 3 step 120: loss 0.496, val {'accuracy': 0.8164, 'f1': 0.814, 'precision': 0.8327, 'recall': 0.8164}
2025-02-27 02:04:23,966 - root - INFO - Epoch 4/10 step 130/300 eta 00:07:09: loss 0.153, train {'accuracy': 0.8125, 'f1': 0.7859375, 'precision': 0.85125, 'recall': 0.8125}
2025-02-27 02:04:36,567 - root - INFO - Epoch 4/10 step 140/300 eta 00:06:29: loss 0.136, train {'accuracy': 0.90625, 'f1': 0.9044401544401546, 'precision': 0.9047697368421053, 'recall': 0.90625}
2025-02-27 02:04:49,116 - root - INFO - Epoch 4/10 step 150/300 eta 00:05:53: loss 0.061, train {'accuracy': 0.9375, 'f1': 0.9441964285714286, 'precision': 0.9625, 'recall': 0.9375}
2025-02-27 02:05:29,134 - root - INFO - Epoch 4 step 150: loss 0.409, val {'accuracy': 0.8355, 'f1': 0.8393, 'precision': 0.8592, 'recall': 0.8355}
2025-02-27 02:05:42,402 - root - INFO - Epoch 5/10 step 160/300 eta 00:05:55: loss 0.153, train {'accuracy': 0.875, 'f1': 0.8496323529411764, 'precision': 0.8958333333333333, 'recall': 0.875}
2025-02-27 02:05:55,120 - root - INFO - Epoch 5/10 step 170/300 eta 00:05:20: loss 0.024, train {'accuracy': 1.0, 'f1': 1.0, 'precision': 1.0, 'recall': 1.0}
2025-02-27 02:06:07,825 - root - INFO - Epoch 5/10 step 180/300 eta 00:04:48: loss 0.045, train {'accuracy': 0.96875, 'f1': 0.9702020202020203, 'precision': 0.975, 'recall': 0.96875}
2025-02-27 02:06:48,450 - root - INFO - Epoch 5 step 180: loss 0.458, val {'accuracy': 0.8067, 'f1': 0.8098, 'precision': 0.8637, 'recall': 0.8067}
2025-02-27 02:06:48,451 - root - INFO - Early Stopping Check: No improvement for 1/3 epochs
2025-02-27 02:07:01,300 - root - INFO - Epoch 6/10 step 190/300 eta 00:04:41: loss 0.049, train {'accuracy': 0.9375, 'f1': 0.9413496376811595, 'precision': 0.9553571428571428, 'recall': 0.9375}
2025-02-27 02:07:14,001 - root - INFO - Epoch 6/10 step 200/300 eta 00:04:09: loss 0.017, train {'accuracy': 0.96875, 'f1': 0.9672979797979797, 'precision': 0.9698660714285714, 'recall': 0.96875}
2025-02-27 02:07:26,685 - root - INFO - Epoch 6/10 step 210/300 eta 00:03:38: loss 0.062, train {'accuracy': 0.9375, 'f1': 0.9221938775510203, 'precision': 0.9075, 'recall': 0.9375}
2025-02-27 02:08:06,865 - root - INFO - Epoch 6 step 210: loss 0.547, val {'accuracy': 0.7736, 'f1': 0.7951, 'precision': 0.874, 'recall': 0.7736}
2025-02-27 02:08:06,866 - root - INFO - Early Stopping Check: No improvement for 2/3 epochs
2025-02-27 02:08:19,776 - root - INFO - Epoch 7/10 step 220/300 eta 00:03:25: loss 0.022, train {'accuracy': 0.96875, 'f1': 0.9673611111111111, 'precision': 0.975, 'recall': 0.96875}
2025-02-27 02:08:32,423 - root - INFO - Epoch 7/10 step 230/300 eta 00:02:55: loss 0.028, train {'accuracy': 0.96875, 'f1': 0.96875, 'precision': 0.9765625, 'recall': 0.96875}
2025-02-27 02:08:45,083 - root - INFO - Epoch 7/10 step 240/300 eta 00:02:27: loss 0.016, train {'accuracy': 1.0, 'f1': 1.0, 'precision': 1.0, 'recall': 1.0}
2025-02-27 02:09:25,261 - root - INFO - Epoch 7 step 240: loss 0.524, val {'accuracy': 0.8071, 'f1': 0.8209, 'precision': 0.8656, 'recall': 0.8071}
2025-02-27 02:09:25,262 - root - INFO - Early Stopping Check: No improvement for 3/3 epochs
2025-02-27 02:09:25,262 - root - INFO - Stopping early at epoch 7 due to no improvement in validation F1 and increasing loss.
