2025-02-26 22:57:32,733 - root - INFO - Training/evaluation config: Namespace(seed=2021, data_path='./data/ctrip_20250224.csv', base_url='data/qunaer_20250226_balance19', num_class=3, val_ratio=0.2, prefetch=12, num_workers=6, train_batch_size=32, val_batch_size=32, word2Vec='./word2vec/sgns.weibo.bigram-char.bz2', word2Vec_dim=300, stopWords='./stopword/hit_stopwords.txt', bert_dir='hf_hub/models--hfl--chinese-roberta-wwm-ext', bert_dim=768, bert_max_length=512, bert_padding='max_length', lstm_input_size=768, lstm_hidden_size=256, lstm_num_layers=2, lstm_dropout=0.0, feature_type=1, fusion_type='cat', adv_type='smartp', fgm_adv_epsilon=1.0, pgd_adv_epsilon=1.0, pgd_adv_alpha=0.3, pgd_adv_K=3, freelb_adv_K=3, freelb_adv_lr=0.01, freelb_adv_init_mag=0.02, smartp_adv_alpha=1.0, save_path='save/qunaer_20250226_balance19/models--hfl--chinese-roberta-wwm-ext/feature1_fusioncat_advsmartp_20250226225732', best_score=0.5, max_epochs=10, max_steps=50000, warmup_steps=200, print_steps=10, weight_decay=0.001, adam_eps=1e-06, adam_lr=5e-05, dropout=0.1, smoothing=0.0, patience=3, device='cuda', n_gpu=1)
2025-02-26 22:57:40,418 - root - INFO - Epoch 0/10 step 10/300 eta 00:03:10: loss 1.020, train {'accuracy': 0.5625, 'f1': 0.6002604166666667, 'precision': 0.671195652173913, 'recall': 0.5625}
2025-02-26 22:57:45,994 - root - INFO - Epoch 0/10 step 20/300 eta 00:02:49: loss 0.827, train {'accuracy': 0.75, 'f1': 0.6428571428571428, 'precision': 0.5625, 'recall': 0.75}
2025-02-26 22:57:51,571 - root - INFO - Epoch 0/10 step 30/300 eta 00:02:39: loss 0.518, train {'accuracy': 0.84375, 'f1': 0.7722457627118644, 'precision': 0.7119140625, 'recall': 0.84375}
2025-02-26 22:58:16,952 - root - INFO - Epoch 0 step 30: loss 0.657, val {'accuracy': 0.7801, 'f1': 0.6837, 'precision': 0.6085, 'recall': 0.7801}
2025-02-26 22:58:23,145 - root - INFO - Epoch 1/10 step 40/300 eta 00:05:20: loss 0.696, train {'accuracy': 0.71875, 'f1': 0.6011363636363636, 'precision': 0.5166015625, 'recall': 0.71875}
2025-02-26 22:58:28,742 - root - INFO - Epoch 1/10 step 50/300 eta 00:04:34: loss 0.818, train {'accuracy': 0.6875, 'f1': 0.5601851851851851, 'precision': 0.47265625, 'recall': 0.6875}
2025-02-26 22:58:34,320 - root - INFO - Epoch 1/10 step 60/300 eta 00:04:01: loss 0.426, train {'accuracy': 0.75, 'f1': 0.6696428571428571, 'precision': 0.6048387096774194, 'recall': 0.75}
2025-02-26 22:58:59,589 - root - INFO - Epoch 1 step 60: loss 0.483, val {'accuracy': 0.8046, 'f1': 0.7542, 'precision': 0.7716, 'recall': 0.8046}
2025-02-26 22:59:05,751 - root - INFO - Epoch 2/10 step 70/300 eta 00:05:01: loss 0.194, train {'accuracy': 0.90625, 'f1': 0.8819805194805195, 'precision': 0.8604910714285714, 'recall': 0.90625}
2025-02-26 22:59:11,276 - root - INFO - Epoch 2/10 step 80/300 eta 00:04:27: loss 0.287, train {'accuracy': 0.875, 'f1': 0.8633139909735654, 'precision': 0.88, 'recall': 0.875}
2025-02-26 22:59:16,825 - root - INFO - Epoch 2/10 step 90/300 eta 00:04:00: loss 0.261, train {'accuracy': 0.875, 'f1': 0.865, 'precision': 0.8665865384615384, 'recall': 0.875}
2025-02-26 22:59:42,203 - root - INFO - Epoch 2 step 90: loss 0.398, val {'accuracy': 0.8418, 'f1': 0.8294, 'precision': 0.8254, 'recall': 0.8418}
2025-02-26 22:59:48,356 - root - INFO - Epoch 3/10 step 100/300 eta 00:04:28: loss 0.163, train {'accuracy': 0.96875, 'f1': 0.9736519607843137, 'precision': 0.984375, 'recall': 0.96875}
2025-02-26 22:59:53,900 - root - INFO - Epoch 3/10 step 110/300 eta 00:04:01: loss 0.114, train {'accuracy': 0.96875, 'f1': 0.9659090909090908, 'precision': 0.9698660714285714, 'recall': 0.96875}
2025-02-26 22:59:59,545 - root - INFO - Epoch 3/10 step 120/300 eta 00:03:38: loss 0.107, train {'accuracy': 0.96875, 'f1': 0.9672979797979797, 'precision': 0.9698660714285714, 'recall': 0.96875}
2025-02-26 23:00:24,881 - root - INFO - Epoch 3 step 120: loss 0.508, val {'accuracy': 0.8498, 'f1': 0.8263, 'precision': 0.8297, 'recall': 0.8498}
2025-02-26 23:00:24,882 - root - INFO - Early Stopping Check: No improvement for 1/3 epochs
2025-02-26 23:00:30,600 - root - INFO - Epoch 4/10 step 130/300 eta 00:03:51: loss 0.037, train {'accuracy': 1.0, 'f1': 1.0, 'precision': 1.0, 'recall': 1.0}
2025-02-26 23:00:36,140 - root - INFO - Epoch 4/10 step 140/300 eta 00:03:28: loss 0.108, train {'accuracy': 0.96875, 'f1': 0.9697802197802198, 'precision': 0.9765625, 'recall': 0.96875}
2025-02-26 23:00:41,717 - root - INFO - Epoch 4/10 step 150/300 eta 00:03:07: loss 0.430, train {'accuracy': 0.90625, 'f1': 0.8963358070500927, 'precision': 0.9170673076923077, 'recall': 0.90625}
2025-02-26 23:01:07,046 - root - INFO - Epoch 4 step 150: loss 0.618, val {'accuracy': 0.8492, 'f1': 0.8274, 'precision': 0.8294, 'recall': 0.8492}
2025-02-26 23:01:07,046 - root - INFO - Early Stopping Check: No improvement for 2/3 epochs
2025-02-26 23:01:12,775 - root - INFO - Epoch 5/10 step 160/300 eta 00:03:11: loss 0.012, train {'accuracy': 1.0, 'f1': 1.0, 'precision': 1.0, 'recall': 1.0}
2025-02-26 23:01:18,323 - root - INFO - Epoch 5/10 step 170/300 eta 00:02:51: loss 0.014, train {'accuracy': 1.0, 'f1': 1.0, 'precision': 1.0, 'recall': 1.0}
2025-02-26 23:01:23,908 - root - INFO - Epoch 5/10 step 180/300 eta 00:02:33: loss 0.006, train {'accuracy': 1.0, 'f1': 1.0, 'precision': 1.0, 'recall': 1.0}
2025-02-26 23:01:49,278 - root - INFO - Epoch 5 step 180: loss 0.569, val {'accuracy': 0.8492, 'f1': 0.8362, 'precision': 0.8331, 'recall': 0.8492}
2025-02-26 23:01:55,420 - root - INFO - Epoch 6/10 step 190/300 eta 00:02:31: loss 0.009, train {'accuracy': 1.0, 'f1': 1.0, 'precision': 1.0, 'recall': 1.0}
2025-02-26 23:02:00,990 - root - INFO - Epoch 6/10 step 200/300 eta 00:02:13: loss 0.009, train {'accuracy': 1.0, 'f1': 1.0, 'precision': 1.0, 'recall': 1.0}
2025-02-26 23:02:06,557 - root - INFO - Epoch 6/10 step 210/300 eta 00:01:56: loss 0.005, train {'accuracy': 1.0, 'f1': 1.0, 'precision': 1.0, 'recall': 1.0}
2025-02-26 23:02:31,974 - root - INFO - Epoch 6 step 210: loss 0.590, val {'accuracy': 0.8529, 'f1': 0.8432, 'precision': 0.8391, 'recall': 0.8529}
2025-02-26 23:02:38,126 - root - INFO - Epoch 7/10 step 220/300 eta 00:01:50: loss 0.006, train {'accuracy': 1.0, 'f1': 1.0, 'precision': 1.0, 'recall': 1.0}
2025-02-26 23:02:43,694 - root - INFO - Epoch 7/10 step 230/300 eta 00:01:34: loss 0.006, train {'accuracy': 1.0, 'f1': 1.0, 'precision': 1.0, 'recall': 1.0}
2025-02-26 23:02:49,238 - root - INFO - Epoch 7/10 step 240/300 eta 00:01:18: loss 0.003, train {'accuracy': 1.0, 'f1': 1.0, 'precision': 1.0, 'recall': 1.0}
2025-02-26 23:03:14,636 - root - INFO - Epoch 7 step 240: loss 0.609, val {'accuracy': 0.8532, 'f1': 0.8419, 'precision': 0.8378, 'recall': 0.8532}
2025-02-26 23:03:14,636 - root - INFO - Early Stopping Check: No improvement for 1/3 epochs
2025-02-26 23:03:20,403 - root - INFO - Epoch 8/10 step 250/300 eta 00:01:09: loss 0.070, train {'accuracy': 0.96875, 'f1': 0.9701388888888889, 'precision': 0.975, 'recall': 0.96875}
2025-02-26 23:03:25,961 - root - INFO - Epoch 8/10 step 260/300 eta 00:00:54: loss 0.008, train {'accuracy': 1.0, 'f1': 1.0, 'precision': 1.0, 'recall': 1.0}
2025-02-26 23:03:31,566 - root - INFO - Epoch 8/10 step 270/300 eta 00:00:39: loss 0.006, train {'accuracy': 1.0, 'f1': 1.0, 'precision': 1.0, 'recall': 1.0}
2025-02-26 23:03:56,964 - root - INFO - Epoch 8 step 270: loss 0.636, val {'accuracy': 0.854, 'f1': 0.8395, 'precision': 0.8365, 'recall': 0.854}
2025-02-26 23:03:56,964 - root - INFO - Early Stopping Check: No improvement for 2/3 epochs
2025-02-26 23:04:02,699 - root - INFO - Epoch 9/10 step 280/300 eta 00:00:27: loss 0.005, train {'accuracy': 1.0, 'f1': 1.0, 'precision': 1.0, 'recall': 1.0}
2025-02-26 23:04:08,262 - root - INFO - Epoch 9/10 step 290/300 eta 00:00:13: loss 0.004, train {'accuracy': 1.0, 'f1': 1.0, 'precision': 1.0, 'recall': 1.0}
2025-02-26 23:04:13,831 - root - INFO - Epoch 9/10 step 300/300 eta 00:00:00: loss 0.005, train {'accuracy': 1.0, 'f1': 1.0, 'precision': 1.0, 'recall': 1.0}
2025-02-26 23:04:39,201 - root - INFO - Epoch 9 step 300: loss 0.634, val {'accuracy': 0.8542, 'f1': 0.8401, 'precision': 0.837, 'recall': 0.8542}
2025-02-26 23:04:39,201 - root - INFO - Early Stopping Check: No improvement for 3/3 epochs
2025-02-26 23:04:39,201 - root - INFO - Stopping early at epoch 9 due to no improvement in validation F1 and increasing loss.
