2025-02-27 01:16:12,486 - root - INFO - Training/evaluation config: Namespace(seed=2021, data_path='./data/ctrip_20250224.csv', base_url='data/qunaer_20250226_balance19', num_class=3, val_ratio=0.2, prefetch=12, num_workers=6, train_batch_size=32, val_batch_size=32, word2Vec='./word2vec/sgns.weibo.bigram-char.bz2', word2Vec_dim=300, stopWords='./stopword/hit_stopwords.txt', bert_dir='hf_hub/models--Langboat--mengzi-bert-base', bert_dim=768, bert_max_length=512, bert_padding='max_length', lstm_input_size=768, lstm_hidden_size=256, lstm_num_layers=2, lstm_dropout=0.0, feature_type=2, fusion_type='cat', adv_type='none', fgm_adv_epsilon=1.0, pgd_adv_epsilon=1.0, pgd_adv_alpha=0.3, pgd_adv_K=3, freelb_adv_K=3, freelb_adv_lr=0.01, freelb_adv_init_mag=0.02, smartp_adv_alpha=1.0, save_path='save/qunaer_20250226_balance19/models--Langboat--mengzi-bert-base/feature2_fusioncat_advnone_20250227011612', best_score=0.5, max_epochs=10, max_steps=50000, warmup_steps=200, print_steps=10, weight_decay=0.001, adam_eps=1e-06, adam_lr=5e-05, dropout=0.1, smoothing=0.0, patience=3, device='cuda', n_gpu=1)
2025-02-27 01:16:19,048 - root - INFO - Epoch 0/10 step 10/300 eta 00:02:36: loss 0.912, train {'accuracy': 0.8125, 'f1': 0.728448275862069, 'precision': 0.66015625, 'recall': 0.8125}
2025-02-27 01:16:23,501 - root - INFO - Epoch 0/10 step 20/300 eta 00:02:17: loss 0.740, train {'accuracy': 0.8125, 'f1': 0.728448275862069, 'precision': 0.66015625, 'recall': 0.8125}
2025-02-27 01:16:27,970 - root - INFO - Epoch 0/10 step 30/300 eta 00:02:08: loss 0.608, train {'accuracy': 0.8125, 'f1': 0.728448275862069, 'precision': 0.66015625, 'recall': 0.8125}
2025-02-27 01:17:09,769 - root - INFO - Epoch 0 step 30: loss 0.665, val {'accuracy': 0.7801, 'f1': 0.6837, 'precision': 0.6085, 'recall': 0.7801}
2025-02-27 01:17:14,757 - root - INFO - Epoch 1/10 step 40/300 eta 00:06:37: loss 0.846, train {'accuracy': 0.6875, 'f1': 0.5601851851851851, 'precision': 0.47265625, 'recall': 0.6875}
2025-02-27 01:17:19,123 - root - INFO - Epoch 1/10 step 50/300 eta 00:05:27: loss 0.469, train {'accuracy': 0.8125, 'f1': 0.728448275862069, 'precision': 0.66015625, 'recall': 0.8125}
2025-02-27 01:17:23,515 - root - INFO - Epoch 1/10 step 60/300 eta 00:04:39: loss 0.561, train {'accuracy': 0.71875, 'f1': 0.6011363636363636, 'precision': 0.5166015625, 'recall': 0.71875}
2025-02-27 01:18:04,579 - root - INFO - Epoch 1 step 60: loss 0.416, val {'accuracy': 0.7976, 'f1': 0.7365, 'precision': 0.7209, 'recall': 0.7976}
2025-02-27 01:18:09,580 - root - INFO - Epoch 2/10 step 70/300 eta 00:06:20: loss 0.300, train {'accuracy': 0.84375, 'f1': 0.8205213903743315, 'precision': 0.7992788461538461, 'recall': 0.84375}
2025-02-27 01:18:13,916 - root - INFO - Epoch 2/10 step 80/300 eta 00:05:30: loss 0.242, train {'accuracy': 0.875, 'f1': 0.8537289915966386, 'precision': 0.9324519230769232, 'recall': 0.875}
2025-02-27 01:18:18,297 - root - INFO - Epoch 2/10 step 90/300 eta 00:04:50: loss 0.292, train {'accuracy': 0.84375, 'f1': 0.8517857142857143, 'precision': 0.8671875, 'recall': 0.84375}
2025-02-27 01:18:59,756 - root - INFO - Epoch 2 step 90: loss 0.384, val {'accuracy': 0.8519, 'f1': 0.8367, 'precision': 0.834, 'recall': 0.8519}
2025-02-27 01:19:04,754 - root - INFO - Epoch 3/10 step 100/300 eta 00:05:42: loss 0.114, train {'accuracy': 0.96875, 'f1': 0.9676243567753001, 'precision': 0.9699074074074073, 'recall': 0.96875}
2025-02-27 01:19:09,174 - root - INFO - Epoch 3/10 step 110/300 eta 00:05:03: loss 0.121, train {'accuracy': 0.96875, 'f1': 0.9706757703081232, 'precision': 0.9765625, 'recall': 0.96875}
2025-02-27 01:19:13,542 - root - INFO - Epoch 3/10 step 120/300 eta 00:04:29: loss 0.126, train {'accuracy': 0.96875, 'f1': 0.9706980519480519, 'precision': 0.9765625, 'recall': 0.96875}
2025-02-27 01:19:54,753 - root - INFO - Epoch 3 step 120: loss 0.416, val {'accuracy': 0.8511, 'f1': 0.8494, 'precision': 0.8492, 'recall': 0.8511}
2025-02-27 01:19:59,883 - root - INFO - Epoch 4/10 step 130/300 eta 00:04:55: loss 0.113, train {'accuracy': 0.90625, 'f1': 0.8925264550264549, 'precision': 0.9263392857142857, 'recall': 0.90625}
2025-02-27 01:20:04,258 - root - INFO - Epoch 4/10 step 140/300 eta 00:04:23: loss 0.035, train {'accuracy': 1.0, 'f1': 1.0, 'precision': 1.0, 'recall': 1.0}
2025-02-27 01:20:08,594 - root - INFO - Epoch 4/10 step 150/300 eta 00:03:54: loss 0.095, train {'accuracy': 0.9375, 'f1': 0.9270833333333334, 'precision': 0.9553571428571428, 'recall': 0.9375}
2025-02-27 01:20:49,490 - root - INFO - Epoch 4 step 150: loss 0.488, val {'accuracy': 0.8438, 'f1': 0.8405, 'precision': 0.8465, 'recall': 0.8438}
2025-02-27 01:20:49,491 - root - INFO - Early Stopping Check: No improvement for 1/3 epochs
2025-02-27 01:20:54,056 - root - INFO - Epoch 5/10 step 160/300 eta 00:04:05: loss 0.023, train {'accuracy': 1.0, 'f1': 1.0, 'precision': 1.0, 'recall': 1.0}
2025-02-27 01:20:58,425 - root - INFO - Epoch 5/10 step 170/300 eta 00:03:37: loss 0.028, train {'accuracy': 1.0, 'f1': 1.0, 'precision': 1.0, 'recall': 1.0}
2025-02-27 01:21:02,850 - root - INFO - Epoch 5/10 step 180/300 eta 00:03:12: loss 0.011, train {'accuracy': 1.0, 'f1': 1.0, 'precision': 1.0, 'recall': 1.0}
2025-02-27 01:21:44,134 - root - INFO - Epoch 5 step 180: loss 0.547, val {'accuracy': 0.8523, 'f1': 0.8416, 'precision': 0.8374, 'recall': 0.8523}
2025-02-27 01:21:44,134 - root - INFO - Early Stopping Check: No improvement for 2/3 epochs
2025-02-27 01:21:48,688 - root - INFO - Epoch 6/10 step 190/300 eta 00:03:13: loss 0.022, train {'accuracy': 1.0, 'f1': 1.0, 'precision': 1.0, 'recall': 1.0}
2025-02-27 01:21:53,034 - root - INFO - Epoch 6/10 step 200/300 eta 00:02:49: loss 0.013, train {'accuracy': 1.0, 'f1': 1.0, 'precision': 1.0, 'recall': 1.0}
2025-02-27 01:21:57,401 - root - INFO - Epoch 6/10 step 210/300 eta 00:02:27: loss 0.009, train {'accuracy': 1.0, 'f1': 1.0, 'precision': 1.0, 'recall': 1.0}
2025-02-27 01:22:38,360 - root - INFO - Epoch 6 step 210: loss 0.564, val {'accuracy': 0.8512, 'f1': 0.8471, 'precision': 0.8471, 'recall': 0.8512}
2025-02-27 01:22:38,360 - root - INFO - Early Stopping Check: No improvement for 3/3 epochs
2025-02-27 01:22:38,360 - root - INFO - Stopping early at epoch 6 due to no improvement in validation F1 and increasing loss.
