2025-02-26 23:58:02,370 - root - INFO - Training/evaluation config: Namespace(seed=2021, data_path='./data/ctrip_20250224.csv', base_url='data/qunaer_20250226_balance19', num_class=3, val_ratio=0.2, prefetch=12, num_workers=6, train_batch_size=32, val_batch_size=32, word2Vec='./word2vec/sgns.weibo.bigram-char.bz2', word2Vec_dim=300, stopWords='./stopword/hit_stopwords.txt', bert_dir='hf_hub/models--hfl--chinese-macbert-base', bert_dim=768, bert_max_length=512, bert_padding='max_length', lstm_input_size=768, lstm_hidden_size=256, lstm_num_layers=2, lstm_dropout=0.0, feature_type=1, fusion_type='cat', adv_type='smartp', fgm_adv_epsilon=1.0, pgd_adv_epsilon=1.0, pgd_adv_alpha=0.3, pgd_adv_K=3, freelb_adv_K=3, freelb_adv_lr=0.01, freelb_adv_init_mag=0.02, smartp_adv_alpha=1.0, save_path='save/qunaer_20250226_balance19/models--hfl--chinese-macbert-base/feature1_fusioncat_advsmartp_20250226235802', best_score=0.5, max_epochs=10, max_steps=50000, warmup_steps=200, print_steps=10, weight_decay=0.001, adam_eps=1e-06, adam_lr=5e-05, dropout=0.1, smoothing=0.0, patience=3, device='cuda', n_gpu=1)
2025-02-26 23:58:10,425 - root - INFO - Epoch 0/10 step 10/300 eta 00:03:14: loss 0.862, train {'accuracy': 0.78125, 'f1': 0.6853070175438596, 'precision': 0.6103515625, 'recall': 0.78125}
2025-02-26 23:58:16,060 - root - INFO - Epoch 0/10 step 20/300 eta 00:02:52: loss 0.723, train {'accuracy': 0.75, 'f1': 0.6428571428571428, 'precision': 0.5625, 'recall': 0.75}
2025-02-26 23:58:21,695 - root - INFO - Epoch 0/10 step 30/300 eta 00:02:41: loss 0.499, train {'accuracy': 0.84375, 'f1': 0.7722457627118644, 'precision': 0.7119140625, 'recall': 0.84375}
2025-02-26 23:58:47,054 - root - INFO - Epoch 0 step 30: loss 0.642, val {'accuracy': 0.7801, 'f1': 0.6837, 'precision': 0.6085, 'recall': 0.7801}
2025-02-26 23:58:53,226 - root - INFO - Epoch 1/10 step 40/300 eta 00:05:21: loss 0.667, train {'accuracy': 0.71875, 'f1': 0.6011363636363636, 'precision': 0.5166015625, 'recall': 0.71875}
2025-02-26 23:58:58,824 - root - INFO - Epoch 1/10 step 50/300 eta 00:04:35: loss 0.895, train {'accuracy': 0.6875, 'f1': 0.5601851851851851, 'precision': 0.47265625, 'recall': 0.6875}
2025-02-26 23:59:04,445 - root - INFO - Epoch 1/10 step 60/300 eta 00:04:02: loss 0.424, train {'accuracy': 0.75, 'f1': 0.6696428571428571, 'precision': 0.6048387096774194, 'recall': 0.75}
2025-02-26 23:59:29,825 - root - INFO - Epoch 1 step 60: loss 0.419, val {'accuracy': 0.8224, 'f1': 0.8016, 'precision': 0.8216, 'recall': 0.8224}
2025-02-26 23:59:36,029 - root - INFO - Epoch 2/10 step 70/300 eta 00:05:03: loss 0.259, train {'accuracy': 0.90625, 'f1': 0.9154647435897436, 'precision': 0.953125, 'recall': 0.90625}
2025-02-26 23:59:41,598 - root - INFO - Epoch 2/10 step 80/300 eta 00:04:29: loss 0.385, train {'accuracy': 0.84375, 'f1': 0.8541666666666667, 'precision': 0.8822916666666667, 'recall': 0.84375}
2025-02-26 23:59:47,212 - root - INFO - Epoch 2/10 step 90/300 eta 00:04:01: loss 0.283, train {'accuracy': 0.90625, 'f1': 0.9040816326530612, 'precision': 0.9191666666666667, 'recall': 0.90625}
2025-02-27 00:00:12,607 - root - INFO - Epoch 2 step 90: loss 0.403, val {'accuracy': 0.8481, 'f1': 0.8312, 'precision': 0.8284, 'recall': 0.8481}
2025-02-27 00:00:18,814 - root - INFO - Epoch 3/10 step 100/300 eta 00:04:30: loss 0.132, train {'accuracy': 0.96875, 'f1': 0.9698640819964348, 'precision': 0.9739583333333334, 'recall': 0.96875}
2025-02-27 00:00:24,435 - root - INFO - Epoch 3/10 step 110/300 eta 00:04:03: loss 0.082, train {'accuracy': 0.96875, 'f1': 0.9659090909090908, 'precision': 0.9698660714285714, 'recall': 0.96875}
2025-02-27 00:00:29,995 - root - INFO - Epoch 3/10 step 120/300 eta 00:03:39: loss 0.186, train {'accuracy': 0.90625, 'f1': 0.9018939393939394, 'precision': 0.9006696428571429, 'recall': 0.90625}
2025-02-27 00:00:55,406 - root - INFO - Epoch 3 step 120: loss 0.469, val {'accuracy': 0.8556, 'f1': 0.8437, 'precision': 0.8416, 'recall': 0.8556}
2025-02-27 00:01:01,583 - root - INFO - Epoch 4/10 step 130/300 eta 00:03:52: loss 0.071, train {'accuracy': 0.96875, 'f1': 0.9701912997903563, 'precision': 0.975, 'recall': 0.96875}
2025-02-27 00:01:07,172 - root - INFO - Epoch 4/10 step 140/300 eta 00:03:29: loss 0.129, train {'accuracy': 0.96875, 'f1': 0.9697802197802198, 'precision': 0.9765625, 'recall': 0.96875}
2025-02-27 00:01:12,726 - root - INFO - Epoch 4/10 step 150/300 eta 00:03:09: loss 0.341, train {'accuracy': 0.875, 'f1': 0.8650858070500927, 'precision': 0.8858173076923077, 'recall': 0.875}
2025-02-27 00:01:38,103 - root - INFO - Epoch 4 step 150: loss 0.508, val {'accuracy': 0.8484, 'f1': 0.835, 'precision': 0.8307, 'recall': 0.8484}
2025-02-27 00:01:38,103 - root - INFO - Early Stopping Check: No improvement for 1/3 epochs
2025-02-27 00:01:43,855 - root - INFO - Epoch 5/10 step 160/300 eta 00:03:12: loss 0.039, train {'accuracy': 1.0, 'f1': 1.0, 'precision': 1.0, 'recall': 1.0}
2025-02-27 00:01:49,467 - root - INFO - Epoch 5/10 step 170/300 eta 00:02:52: loss 0.055, train {'accuracy': 0.96875, 'f1': 0.9717261904761905, 'precision': 0.984375, 'recall': 0.96875}
2025-02-27 00:01:55,065 - root - INFO - Epoch 5/10 step 180/300 eta 00:02:34: loss 0.037, train {'accuracy': 1.0, 'f1': 1.0, 'precision': 1.0, 'recall': 1.0}
2025-02-27 00:02:20,373 - root - INFO - Epoch 5 step 180: loss 0.502, val {'accuracy': 0.849, 'f1': 0.8459, 'precision': 0.8437, 'recall': 0.849}
2025-02-27 00:02:26,549 - root - INFO - Epoch 6/10 step 190/300 eta 00:02:32: loss 0.044, train {'accuracy': 0.96875, 'f1': 0.9534313725490196, 'precision': 0.9387019230769231, 'recall': 0.96875}
2025-02-27 00:02:32,130 - root - INFO - Epoch 6/10 step 200/300 eta 00:02:14: loss 0.021, train {'accuracy': 1.0, 'f1': 1.0, 'precision': 1.0, 'recall': 1.0}
2025-02-27 00:02:37,705 - root - INFO - Epoch 6/10 step 210/300 eta 00:01:57: loss 0.011, train {'accuracy': 1.0, 'f1': 1.0, 'precision': 1.0, 'recall': 1.0}
2025-02-27 00:03:03,209 - root - INFO - Epoch 6 step 210: loss 0.530, val {'accuracy': 0.8491, 'f1': 0.8468, 'precision': 0.847, 'recall': 0.8491}
2025-02-27 00:03:09,434 - root - INFO - Epoch 7/10 step 220/300 eta 00:01:51: loss 0.033, train {'accuracy': 0.96875, 'f1': 0.9701672335600906, 'precision': 0.975, 'recall': 0.96875}
2025-02-27 00:03:15,003 - root - INFO - Epoch 7/10 step 230/300 eta 00:01:34: loss 0.010, train {'accuracy': 1.0, 'f1': 1.0, 'precision': 1.0, 'recall': 1.0}
2025-02-27 00:03:20,550 - root - INFO - Epoch 7/10 step 240/300 eta 00:01:19: loss 0.006, train {'accuracy': 1.0, 'f1': 1.0, 'precision': 1.0, 'recall': 1.0}
2025-02-27 00:03:45,974 - root - INFO - Epoch 7 step 240: loss 0.586, val {'accuracy': 0.8509, 'f1': 0.8404, 'precision': 0.8365, 'recall': 0.8509}
2025-02-27 00:03:45,974 - root - INFO - Early Stopping Check: No improvement for 1/3 epochs
2025-02-27 00:03:51,758 - root - INFO - Epoch 8/10 step 250/300 eta 00:01:09: loss 0.009, train {'accuracy': 1.0, 'f1': 1.0, 'precision': 1.0, 'recall': 1.0}
2025-02-27 00:03:57,344 - root - INFO - Epoch 8/10 step 260/300 eta 00:00:54: loss 0.009, train {'accuracy': 1.0, 'f1': 1.0, 'precision': 1.0, 'recall': 1.0}
2025-02-27 00:04:02,916 - root - INFO - Epoch 8/10 step 270/300 eta 00:00:39: loss 0.012, train {'accuracy': 1.0, 'f1': 1.0, 'precision': 1.0, 'recall': 1.0}
2025-02-27 00:04:28,369 - root - INFO - Epoch 8 step 270: loss 0.593, val {'accuracy': 0.8515, 'f1': 0.8412, 'precision': 0.8374, 'recall': 0.8515}
2025-02-27 00:04:28,369 - root - INFO - Early Stopping Check: No improvement for 2/3 epochs
2025-02-27 00:04:34,081 - root - INFO - Epoch 9/10 step 280/300 eta 00:00:27: loss 0.015, train {'accuracy': 1.0, 'f1': 1.0, 'precision': 1.0, 'recall': 1.0}
2025-02-27 00:04:39,675 - root - INFO - Epoch 9/10 step 290/300 eta 00:00:13: loss 0.006, train {'accuracy': 1.0, 'f1': 1.0, 'precision': 1.0, 'recall': 1.0}
2025-02-27 00:04:45,255 - root - INFO - Epoch 9/10 step 300/300 eta 00:00:00: loss 0.009, train {'accuracy': 1.0, 'f1': 1.0, 'precision': 1.0, 'recall': 1.0}
2025-02-27 00:05:10,530 - root - INFO - Epoch 9 step 300: loss 0.592, val {'accuracy': 0.8507, 'f1': 0.8406, 'precision': 0.8368, 'recall': 0.8507}
2025-02-27 00:05:10,530 - root - INFO - Early Stopping Check: No improvement for 3/3 epochs
2025-02-27 00:05:10,530 - root - INFO - Stopping early at epoch 9 due to no improvement in validation F1 and increasing loss.
