2025-02-26 23:48:32,132 - root - INFO - Training/evaluation config: Namespace(seed=2021, data_path='./data/ctrip_20250224.csv', base_url='data/qunaer_20250226_balance19', num_class=3, val_ratio=0.2, prefetch=12, num_workers=6, train_batch_size=32, val_batch_size=32, word2Vec='./word2vec/sgns.weibo.bigram-char.bz2', word2Vec_dim=300, stopWords='./stopword/hit_stopwords.txt', bert_dir='hf_hub/models--hfl--chinese-macbert-base', bert_dim=768, bert_max_length=512, bert_padding='max_length', lstm_input_size=768, lstm_hidden_size=256, lstm_num_layers=2, lstm_dropout=0.0, feature_type=2, fusion_type='residual', adv_type='freelb', fgm_adv_epsilon=1.0, pgd_adv_epsilon=1.0, pgd_adv_alpha=0.3, pgd_adv_K=3, freelb_adv_K=3, freelb_adv_lr=0.01, freelb_adv_init_mag=0.02, smartp_adv_alpha=1.0, save_path='save/qunaer_20250226_balance19/models--hfl--chinese-macbert-base/feature2_fusionresidual_advfreelb_20250226234832', best_score=0.5, max_epochs=10, max_steps=50000, warmup_steps=200, print_steps=10, weight_decay=0.001, adam_eps=1e-06, adam_lr=5e-05, dropout=0.1, smoothing=0.0, patience=3, device='cuda', n_gpu=1)
2025-02-26 23:48:47,503 - root - INFO - Epoch 0/10 step 10/300 eta 00:06:42: loss 0.316, train {'accuracy': 0.71875, 'f1': 0.6011363636363636, 'precision': 0.5166015625, 'recall': 0.71875}
2025-02-26 23:49:00,276 - root - INFO - Epoch 0/10 step 20/300 eta 00:06:13: loss 0.214, train {'accuracy': 0.8125, 'f1': 0.728448275862069, 'precision': 0.66015625, 'recall': 0.8125}
2025-02-26 23:49:13,145 - root - INFO - Epoch 0/10 step 30/300 eta 00:05:55: loss 0.187, train {'accuracy': 0.8125, 'f1': 0.728448275862069, 'precision': 0.66015625, 'recall': 0.8125}
2025-02-26 23:49:51,702 - root - INFO - Epoch 0 step 30: loss 0.690, val {'accuracy': 0.7801, 'f1': 0.6837, 'precision': 0.6085, 'recall': 0.7801}
2025-02-26 23:50:05,369 - root - INFO - Epoch 1/10 step 40/300 eta 00:09:56: loss 0.181, train {'accuracy': 0.84375, 'f1': 0.7722457627118644, 'precision': 0.7119140625, 'recall': 0.84375}
2025-02-26 23:50:18,199 - root - INFO - Epoch 1/10 step 50/300 eta 00:08:42: loss 0.262, train {'accuracy': 0.65625, 'f1': 0.5200471698113208, 'precision': 0.4306640625, 'recall': 0.65625}
2025-02-26 23:50:31,166 - root - INFO - Epoch 1/10 step 60/300 eta 00:07:50: loss 0.204, train {'accuracy': 0.71875, 'f1': 0.6011363636363636, 'precision': 0.5166015625, 'recall': 0.71875}
2025-02-26 23:51:09,599 - root - INFO - Epoch 1 step 60: loss 0.482, val {'accuracy': 0.7801, 'f1': 0.6837, 'precision': 0.6085, 'recall': 0.7801}
2025-02-26 23:51:22,848 - root - INFO - Epoch 2/10 step 70/300 eta 00:09:16: loss 0.125, train {'accuracy': 0.84375, 'f1': 0.7852272727272727, 'precision': 0.7447916666666667, 'recall': 0.84375}
2025-02-26 23:51:35,693 - root - INFO - Epoch 2/10 step 80/300 eta 00:08:20: loss 0.135, train {'accuracy': 0.78125, 'f1': 0.7918709150326798, 'precision': 0.8037500000000001, 'recall': 0.78125}
2025-02-26 23:51:48,625 - root - INFO - Epoch 2/10 step 90/300 eta 00:07:35: loss 0.113, train {'accuracy': 0.84375, 'f1': 0.8269444444444445, 'precision': 0.8173076923076923, 'recall': 0.84375}
2025-02-26 23:52:27,032 - root - INFO - Epoch 2 step 90: loss 0.429, val {'accuracy': 0.8412, 'f1': 0.8246, 'precision': 0.8235, 'recall': 0.8412}
2025-02-26 23:52:40,735 - root - INFO - Epoch 3/10 step 100/300 eta 00:08:14: loss 0.054, train {'accuracy': 0.96875, 'f1': 0.9706757703081232, 'precision': 0.9765625, 'recall': 0.96875}
2025-02-26 23:52:53,571 - root - INFO - Epoch 3/10 step 110/300 eta 00:07:29: loss 0.044, train {'accuracy': 0.96875, 'f1': 0.9701912997903563, 'precision': 0.975, 'recall': 0.96875}
2025-02-26 23:53:06,415 - root - INFO - Epoch 3/10 step 120/300 eta 00:06:49: loss 0.060, train {'accuracy': 0.9375, 'f1': 0.9402925531914894, 'precision': 0.9479166666666666, 'recall': 0.9375}
2025-02-26 23:53:44,577 - root - INFO - Epoch 3 step 120: loss 0.468, val {'accuracy': 0.836, 'f1': 0.8366, 'precision': 0.8372, 'recall': 0.836}
2025-02-26 23:53:58,397 - root - INFO - Epoch 4/10 step 130/300 eta 00:07:04: loss 0.022, train {'accuracy': 1.0, 'f1': 1.0, 'precision': 1.0, 'recall': 1.0}
2025-02-26 23:54:11,339 - root - INFO - Epoch 4/10 step 140/300 eta 00:06:25: loss 0.113, train {'accuracy': 0.875, 'f1': 0.8775094696969697, 'precision': 0.8923295454545456, 'recall': 0.875}
2025-02-26 23:54:24,185 - root - INFO - Epoch 4/10 step 150/300 eta 00:05:50: loss 0.045, train {'accuracy': 0.9375, 'f1': 0.9375, 'precision': 0.9375, 'recall': 0.9375}
2025-02-26 23:55:03,589 - root - INFO - Epoch 4 step 150: loss 0.517, val {'accuracy': 0.8423, 'f1': 0.8396, 'precision': 0.8447, 'recall': 0.8423}
2025-02-26 23:55:17,369 - root - INFO - Epoch 5/10 step 160/300 eta 00:05:53: loss 0.009, train {'accuracy': 1.0, 'f1': 1.0, 'precision': 1.0, 'recall': 1.0}
2025-02-26 23:55:30,464 - root - INFO - Epoch 5/10 step 170/300 eta 00:05:18: loss 0.003, train {'accuracy': 1.0, 'f1': 1.0, 'precision': 1.0, 'recall': 1.0}
2025-02-26 23:55:43,599 - root - INFO - Epoch 5/10 step 180/300 eta 00:04:46: loss 0.011, train {'accuracy': 0.96875, 'f1': 0.9841101694915255, 'precision': 1.0, 'recall': 0.96875}
2025-02-26 23:56:23,067 - root - INFO - Epoch 5 step 180: loss 0.569, val {'accuracy': 0.8446, 'f1': 0.8403, 'precision': 0.838, 'recall': 0.8446}
2025-02-26 23:56:36,686 - root - INFO - Epoch 6/10 step 190/300 eta 00:04:39: loss 0.001, train {'accuracy': 1.0, 'f1': 1.0, 'precision': 1.0, 'recall': 1.0}
2025-02-26 23:56:49,582 - root - INFO - Epoch 6/10 step 200/300 eta 00:04:07: loss 0.004, train {'accuracy': 1.0, 'f1': 1.0, 'precision': 1.0, 'recall': 1.0}
2025-02-26 23:57:02,469 - root - INFO - Epoch 6/10 step 210/300 eta 00:03:38: loss 0.003, train {'accuracy': 1.0, 'f1': 1.0, 'precision': 1.0, 'recall': 1.0}
2025-02-26 23:57:40,911 - root - INFO - Epoch 6 step 210: loss 0.660, val {'accuracy': 0.8371, 'f1': 0.8377, 'precision': 0.8437, 'recall': 0.8371}
2025-02-26 23:57:40,911 - root - INFO - Early Stopping Check: No improvement for 1/3 epochs
2025-02-26 23:57:54,021 - root - INFO - Epoch 7/10 step 220/300 eta 00:03:23: loss 0.002, train {'accuracy': 1.0, 'f1': 1.0, 'precision': 1.0, 'recall': 1.0}
2025-02-26 23:58:06,931 - root - INFO - Epoch 7/10 step 230/300 eta 00:02:54: loss 0.002, train {'accuracy': 1.0, 'f1': 1.0, 'precision': 1.0, 'recall': 1.0}
2025-02-26 23:58:19,768 - root - INFO - Epoch 7/10 step 240/300 eta 00:02:26: loss 0.001, train {'accuracy': 1.0, 'f1': 1.0, 'precision': 1.0, 'recall': 1.0}
2025-02-26 23:58:58,394 - root - INFO - Epoch 7 step 240: loss 0.714, val {'accuracy': 0.8469, 'f1': 0.8383, 'precision': 0.834, 'recall': 0.8469}
2025-02-26 23:58:58,394 - root - INFO - Early Stopping Check: No improvement for 2/3 epochs
2025-02-26 23:59:11,571 - root - INFO - Epoch 8/10 step 250/300 eta 00:02:07: loss 0.002, train {'accuracy': 1.0, 'f1': 1.0, 'precision': 1.0, 'recall': 1.0}
2025-02-26 23:59:24,401 - root - INFO - Epoch 8/10 step 260/300 eta 00:01:40: loss 0.001, train {'accuracy': 1.0, 'f1': 1.0, 'precision': 1.0, 'recall': 1.0}
2025-02-26 23:59:37,237 - root - INFO - Epoch 8/10 step 270/300 eta 00:01:13: loss 0.001, train {'accuracy': 1.0, 'f1': 1.0, 'precision': 1.0, 'recall': 1.0}
2025-02-27 00:00:15,743 - root - INFO - Epoch 8 step 270: loss 0.712, val {'accuracy': 0.8434, 'f1': 0.8383, 'precision': 0.8371, 'recall': 0.8434}
2025-02-27 00:00:15,743 - root - INFO - Early Stopping Check: No improvement for 3/3 epochs
2025-02-27 00:00:15,743 - root - INFO - Stopping early at epoch 8 due to no improvement in validation F1 and increasing loss.
