2025-02-27 01:18:26,994 - root - INFO - Training/evaluation config: Namespace(seed=2021, data_path='./data/ctrip_20250224.csv', base_url='data/qunaer_20250226_balance19', num_class=3, val_ratio=0.2, prefetch=12, num_workers=6, train_batch_size=32, val_batch_size=32, word2Vec='./word2vec/sgns.weibo.bigram-char.bz2', word2Vec_dim=300, stopWords='./stopword/hit_stopwords.txt', bert_dir='hf_hub/models--Langboat--mengzi-bert-base', bert_dim=768, bert_max_length=512, bert_padding='max_length', lstm_input_size=768, lstm_hidden_size=256, lstm_num_layers=2, lstm_dropout=0.0, feature_type=2, fusion_type='weighted', adv_type='none', fgm_adv_epsilon=1.0, pgd_adv_epsilon=1.0, pgd_adv_alpha=0.3, pgd_adv_K=3, freelb_adv_K=3, freelb_adv_lr=0.01, freelb_adv_init_mag=0.02, smartp_adv_alpha=1.0, save_path='save/qunaer_20250226_balance19/models--Langboat--mengzi-bert-base/feature2_fusionweighted_advnone_20250227011826', best_score=0.5, max_epochs=10, max_steps=50000, warmup_steps=200, print_steps=10, weight_decay=0.001, adam_eps=1e-06, adam_lr=5e-05, dropout=0.1, smoothing=0.0, patience=3, device='cuda', n_gpu=1)
2025-02-27 01:18:33,310 - root - INFO - Epoch 0/10 step 10/300 eta 00:02:32: loss 1.027, train {'accuracy': 0.875, 'f1': 0.8166666666666667, 'precision': 0.765625, 'recall': 0.875}
2025-02-27 01:18:37,583 - root - INFO - Epoch 0/10 step 20/300 eta 00:02:13: loss 0.934, train {'accuracy': 0.71875, 'f1': 0.6011363636363636, 'precision': 0.5166015625, 'recall': 0.71875}
2025-02-27 01:18:41,795 - root - INFO - Epoch 0/10 step 30/300 eta 00:02:03: loss 0.793, train {'accuracy': 0.71875, 'f1': 0.6011363636363636, 'precision': 0.5166015625, 'recall': 0.71875}
2025-02-27 01:19:22,000 - root - INFO - Epoch 0 step 30: loss 0.660, val {'accuracy': 0.7801, 'f1': 0.6837, 'precision': 0.6085, 'recall': 0.7801}
2025-02-27 01:19:26,935 - root - INFO - Epoch 1/10 step 40/300 eta 00:06:22: loss 0.498, train {'accuracy': 0.875, 'f1': 0.8166666666666667, 'precision': 0.765625, 'recall': 0.875}
2025-02-27 01:19:31,196 - root - INFO - Epoch 1/10 step 50/300 eta 00:05:15: loss 0.564, train {'accuracy': 0.78125, 'f1': 0.6853070175438596, 'precision': 0.6103515625, 'recall': 0.78125}
2025-02-27 01:19:35,447 - root - INFO - Epoch 1/10 step 60/300 eta 00:04:29: loss 0.457, train {'accuracy': 0.78125, 'f1': 0.7152777777777777, 'precision': 0.7093750000000001, 'recall': 0.78125}
2025-02-27 01:20:16,062 - root - INFO - Epoch 1 step 60: loss 0.452, val {'accuracy': 0.796, 'f1': 0.7442, 'precision': 0.7051, 'recall': 0.796}
2025-02-27 01:20:20,932 - root - INFO - Epoch 2/10 step 70/300 eta 00:06:10: loss 0.342, train {'accuracy': 0.90625, 'f1': 0.9041666666666667, 'precision': 0.9088541666666666, 'recall': 0.90625}
2025-02-27 01:20:25,167 - root - INFO - Epoch 2/10 step 80/300 eta 00:05:22: loss 0.187, train {'accuracy': 0.96875, 'f1': 0.96875, 'precision': 0.984375, 'recall': 0.96875}
2025-02-27 01:20:29,400 - root - INFO - Epoch 2/10 step 90/300 eta 00:04:43: loss 0.501, train {'accuracy': 0.78125, 'f1': 0.7516622340425532, 'precision': 0.76953125, 'recall': 0.78125}
2025-02-27 01:21:09,431 - root - INFO - Epoch 2 step 90: loss 0.426, val {'accuracy': 0.7997, 'f1': 0.799, 'precision': 0.8307, 'recall': 0.7997}
2025-02-27 01:21:14,358 - root - INFO - Epoch 3/10 step 100/300 eta 00:05:32: loss 0.316, train {'accuracy': 0.90625, 'f1': 0.9083333333333333, 'precision': 0.91875, 'recall': 0.90625}
2025-02-27 01:21:18,600 - root - INFO - Epoch 3/10 step 110/300 eta 00:04:54: loss 0.373, train {'accuracy': 0.8125, 'f1': 0.7916666666666666, 'precision': 0.78125, 'recall': 0.8125}
2025-02-27 01:21:22,854 - root - INFO - Epoch 3/10 step 120/300 eta 00:04:22: loss 0.253, train {'accuracy': 0.96875, 'f1': 0.9659313725490195, 'precision': 0.9699519230769231, 'recall': 0.96875}
2025-02-27 01:22:02,912 - root - INFO - Epoch 3 step 120: loss 0.394, val {'accuracy': 0.8482, 'f1': 0.8477, 'precision': 0.8495, 'recall': 0.8482}
2025-02-27 01:22:07,775 - root - INFO - Epoch 4/10 step 130/300 eta 00:04:47: loss 0.138, train {'accuracy': 0.96875, 'f1': 0.9706632653061225, 'precision': 0.9765625, 'recall': 0.96875}
2025-02-27 01:22:12,061 - root - INFO - Epoch 4/10 step 140/300 eta 00:04:15: loss 0.118, train {'accuracy': 0.9375, 'f1': 0.9273574561403509, 'precision': 0.9542025862068966, 'recall': 0.9375}
2025-02-27 01:22:16,330 - root - INFO - Epoch 4/10 step 150/300 eta 00:03:48: loss 0.308, train {'accuracy': 0.875, 'f1': 0.8753968253968254, 'precision': 0.9375, 'recall': 0.875}
2025-02-27 01:22:56,558 - root - INFO - Epoch 4 step 150: loss 0.431, val {'accuracy': 0.8471, 'f1': 0.844, 'precision': 0.8441, 'recall': 0.8471}
2025-02-27 01:22:56,558 - root - INFO - Early Stopping Check: No improvement for 1/3 epochs
2025-02-27 01:23:01,004 - root - INFO - Epoch 5/10 step 160/300 eta 00:03:58: loss 0.058, train {'accuracy': 1.0, 'f1': 1.0, 'precision': 1.0, 'recall': 1.0}
2025-02-27 01:23:05,254 - root - INFO - Epoch 5/10 step 170/300 eta 00:03:31: loss 0.257, train {'accuracy': 0.84375, 'f1': 0.8611413043478262, 'precision': 0.9114583333333334, 'recall': 0.84375}
2025-02-27 01:23:09,461 - root - INFO - Epoch 5/10 step 180/300 eta 00:03:07: loss 0.036, train {'accuracy': 1.0, 'f1': 1.0, 'precision': 1.0, 'recall': 1.0}
2025-02-27 01:23:49,451 - root - INFO - Epoch 5 step 180: loss 0.515, val {'accuracy': 0.8495, 'f1': 0.8393, 'precision': 0.8389, 'recall': 0.8495}
2025-02-27 01:23:49,451 - root - INFO - Early Stopping Check: No improvement for 2/3 epochs
2025-02-27 01:23:53,908 - root - INFO - Epoch 6/10 step 190/300 eta 00:03:08: loss 0.022, train {'accuracy': 1.0, 'f1': 1.0, 'precision': 1.0, 'recall': 1.0}
2025-02-27 01:23:58,162 - root - INFO - Epoch 6/10 step 200/300 eta 00:02:45: loss 0.028, train {'accuracy': 1.0, 'f1': 1.0, 'precision': 1.0, 'recall': 1.0}
2025-02-27 01:24:02,424 - root - INFO - Epoch 6/10 step 210/300 eta 00:02:23: loss 0.112, train {'accuracy': 0.96875, 'f1': 0.969284188034188, 'precision': 0.975, 'recall': 0.96875}
2025-02-27 01:24:42,711 - root - INFO - Epoch 6 step 210: loss 0.501, val {'accuracy': 0.8514, 'f1': 0.852, 'precision': 0.8551, 'recall': 0.8514}
2025-02-27 01:24:47,571 - root - INFO - Epoch 7/10 step 220/300 eta 00:02:18: loss 0.036, train {'accuracy': 1.0, 'f1': 1.0, 'precision': 1.0, 'recall': 1.0}
2025-02-27 01:24:51,812 - root - INFO - Epoch 7/10 step 230/300 eta 00:01:56: loss 0.021, train {'accuracy': 1.0, 'f1': 1.0, 'precision': 1.0, 'recall': 1.0}
2025-02-27 01:24:56,087 - root - INFO - Epoch 7/10 step 240/300 eta 00:01:37: loss 0.014, train {'accuracy': 1.0, 'f1': 1.0, 'precision': 1.0, 'recall': 1.0}
2025-02-27 01:25:36,257 - root - INFO - Epoch 7 step 240: loss 0.532, val {'accuracy': 0.8563, 'f1': 0.8514, 'precision': 0.8498, 'recall': 0.8563}
2025-02-27 01:25:36,257 - root - INFO - Early Stopping Check: No improvement for 1/3 epochs
2025-02-27 01:25:40,738 - root - INFO - Epoch 8/10 step 250/300 eta 00:01:26: loss 0.039, train {'accuracy': 1.0, 'f1': 1.0, 'precision': 1.0, 'recall': 1.0}
2025-02-27 01:25:45,026 - root - INFO - Epoch 8/10 step 260/300 eta 00:01:07: loss 0.034, train {'accuracy': 1.0, 'f1': 1.0, 'precision': 1.0, 'recall': 1.0}
2025-02-27 01:25:49,310 - root - INFO - Epoch 8/10 step 270/300 eta 00:00:49: loss 0.007, train {'accuracy': 1.0, 'f1': 1.0, 'precision': 1.0, 'recall': 1.0}
2025-02-27 01:26:29,478 - root - INFO - Epoch 8 step 270: loss 0.537, val {'accuracy': 0.8558, 'f1': 0.851, 'precision': 0.8498, 'recall': 0.8558}
2025-02-27 01:26:29,478 - root - INFO - Early Stopping Check: No improvement for 2/3 epochs
2025-02-27 01:26:34,025 - root - INFO - Epoch 9/10 step 280/300 eta 00:00:34: loss 0.015, train {'accuracy': 1.0, 'f1': 1.0, 'precision': 1.0, 'recall': 1.0}
2025-02-27 01:26:38,327 - root - INFO - Epoch 9/10 step 290/300 eta 00:00:16: loss 0.120, train {'accuracy': 0.96875, 'f1': 0.969284188034188, 'precision': 0.975, 'recall': 0.96875}
2025-02-27 01:26:42,574 - root - INFO - Epoch 9/10 step 300/300 eta 00:00:00: loss 0.018, train {'accuracy': 1.0, 'f1': 1.0, 'precision': 1.0, 'recall': 1.0}
2025-02-27 01:27:23,894 - root - INFO - Epoch 9 step 300: loss 0.537, val {'accuracy': 0.8559, 'f1': 0.8512, 'precision': 0.8498, 'recall': 0.8559}
2025-02-27 01:27:23,894 - root - INFO - Early Stopping Check: No improvement for 3/3 epochs
2025-02-27 01:27:23,894 - root - INFO - Stopping early at epoch 9 due to no improvement in validation F1 and increasing loss.
