2025-02-27 11:26:26,165 - root - INFO - Training/evaluation config: Namespace(seed=2021, data_path='./data/ctrip_20250224.csv', base_url='data/qunaer_20250226_balance19', num_class=3, val_ratio=0.2, prefetch=12, num_workers=6, train_batch_size=16, val_batch_size=16, word2Vec='./word2vec/sgns.weibo.bigram-char.bz2', word2Vec_dim=300, stopWords='./stopword/hit_stopwords.txt', bert_dir='hf_hub/models--nghuyong--ernie-3.0-base-zh', bert_dim=768, bert_max_length=512, bert_padding='max_length', lstm_input_size=768, lstm_hidden_size=256, lstm_num_layers=2, lstm_dropout=0.0, feature_type=2, fusion_type='weighted', adv_type='fgm', fgm_adv_epsilon=1.0, pgd_adv_epsilon=1.0, pgd_adv_alpha=0.3, pgd_adv_K=3, freelb_adv_K=3, freelb_adv_lr=0.01, freelb_adv_init_mag=0.02, smartp_adv_alpha=1.0, save_path='save/qunaer_20250226_balance19/models--nghuyong--ernie-3.0-base-zh/feature2_fusionweighted_advfgm_20250227112626', best_score=0.5, max_epochs=10, max_steps=50000, warmup_steps=200, print_steps=10, weight_decay=0.001, adam_eps=1e-06, adam_lr=5e-05, dropout=0.1, smoothing=0.0, patience=3, device='cuda', n_gpu=1)
2025-02-27 11:26:35,007 - root - INFO - Epoch 0/10 step 10/610 eta 00:07:38: loss 1.083, train {'accuracy': 0.625, 'f1': 0.576923076923077, 'precision': 0.5357142857142857, 'recall': 0.625}
2025-02-27 11:26:41,564 - root - INFO - Epoch 0/10 step 20/610 eta 00:06:59: loss 1.053, train {'accuracy': 0.875, 'f1': 0.8166666666666667, 'precision': 0.765625, 'recall': 0.875}
2025-02-27 11:26:48,151 - root - INFO - Epoch 0/10 step 30/610 eta 00:06:42: loss 0.988, train {'accuracy': 0.625, 'f1': 0.4807692307692308, 'precision': 0.390625, 'recall': 0.625}
2025-02-27 11:26:54,723 - root - INFO - Epoch 0/10 step 40/610 eta 00:06:29: loss 0.744, train {'accuracy': 0.75, 'f1': 0.6428571428571428, 'precision': 0.5625, 'recall': 0.75}
2025-02-27 11:27:01,263 - root - INFO - Epoch 0/10 step 50/610 eta 00:06:19: loss 0.312, train {'accuracy': 0.9375, 'f1': 0.907258064516129, 'precision': 0.87890625, 'recall': 0.9375}
2025-02-27 11:27:07,795 - root - INFO - Epoch 0/10 step 60/610 eta 00:06:10: loss 0.889, train {'accuracy': 0.6875, 'f1': 0.5601851851851851, 'precision': 0.47265625, 'recall': 0.6875}
2025-02-27 11:28:12,065 - root - INFO - Epoch 0 step 61: loss 0.669, val {'accuracy': 0.7801, 'f1': 0.6837, 'precision': 0.6085, 'recall': 0.7801}
2025-02-27 11:28:18,745 - root - INFO - Epoch 1/10 step 70/610 eta 00:14:19: loss 0.755, train {'accuracy': 0.75, 'f1': 0.6428571428571428, 'precision': 0.5625, 'recall': 0.75}
2025-02-27 11:28:25,266 - root - INFO - Epoch 1/10 step 80/610 eta 00:13:01: loss 0.617, train {'accuracy': 0.8125, 'f1': 0.728448275862069, 'precision': 0.66015625, 'recall': 0.8125}
2025-02-27 11:28:31,796 - root - INFO - Epoch 1/10 step 90/610 eta 00:11:58: loss 0.498, train {'accuracy': 0.8125, 'f1': 0.728448275862069, 'precision': 0.66015625, 'recall': 0.8125}
2025-02-27 11:28:38,362 - root - INFO - Epoch 1/10 step 100/610 eta 00:11:08: loss 0.571, train {'accuracy': 0.75, 'f1': 0.6428571428571428, 'precision': 0.5625, 'recall': 0.75}
2025-02-27 11:28:44,964 - root - INFO - Epoch 1/10 step 110/610 eta 00:10:25: loss 0.302, train {'accuracy': 0.9375, 'f1': 0.907258064516129, 'precision': 0.87890625, 'recall': 0.9375}
2025-02-27 11:28:51,499 - root - INFO - Epoch 1/10 step 120/610 eta 00:09:48: loss 0.507, train {'accuracy': 0.75, 'f1': 0.6428571428571428, 'precision': 0.5625, 'recall': 0.75}
2025-02-27 11:29:56,368 - root - INFO - Epoch 1 step 122: loss 0.454, val {'accuracy': 0.7801, 'f1': 0.6837, 'precision': 0.6085, 'recall': 0.7801}
2025-02-27 11:30:01,884 - root - INFO - Epoch 2/10 step 130/610 eta 00:13:12: loss 0.228, train {'accuracy': 0.875, 'f1': 0.8166666666666667, 'precision': 0.765625, 'recall': 0.875}
2025-02-27 11:30:08,420 - root - INFO - Epoch 2/10 step 140/610 eta 00:12:22: loss 0.339, train {'accuracy': 0.9375, 'f1': 0.92816091954023, 'precision': 0.9416666666666667, 'recall': 0.9375}
2025-02-27 11:30:14,950 - root - INFO - Epoch 2/10 step 150/610 eta 00:11:37: loss 0.320, train {'accuracy': 1.0, 'f1': 1.0, 'precision': 1.0, 'recall': 1.0}
2025-02-27 11:30:21,478 - root - INFO - Epoch 2/10 step 160/610 eta 00:10:58: loss 0.416, train {'accuracy': 0.875, 'f1': 0.875, 'precision': 0.875, 'recall': 0.875}
2025-02-27 11:30:28,002 - root - INFO - Epoch 2/10 step 170/610 eta 00:10:22: loss 0.318, train {'accuracy': 0.875, 'f1': 0.824074074074074, 'precision': 0.7857142857142857, 'recall': 0.875}
2025-02-27 11:30:34,531 - root - INFO - Epoch 2/10 step 180/610 eta 00:09:50: loss 0.436, train {'accuracy': 0.75, 'f1': 0.69125, 'precision': 0.655448717948718, 'recall': 0.75}
2025-02-27 11:31:40,173 - root - INFO - Epoch 2 step 183: loss 0.426, val {'accuracy': 0.8175, 'f1': 0.7988, 'precision': 0.7985, 'recall': 0.8175}
2025-02-27 11:31:45,512 - root - INFO - Epoch 3/10 step 190/610 eta 00:11:43: loss 0.350, train {'accuracy': 0.75, 'f1': 0.6666666666666666, 'precision': 0.6000000000000001, 'recall': 0.75}
2025-02-27 11:31:52,074 - root - INFO - Epoch 3/10 step 200/610 eta 00:11:05: loss 0.635, train {'accuracy': 0.75, 'f1': 0.6883333333333334, 'precision': 0.6651785714285714, 'recall': 0.75}
2025-02-27 11:31:58,599 - root - INFO - Epoch 3/10 step 210/610 eta 00:10:30: loss 0.570, train {'accuracy': 0.6875, 'f1': 0.7192028985507247, 'precision': 0.7937500000000001, 'recall': 0.6875}
2025-02-27 11:32:05,189 - root - INFO - Epoch 3/10 step 220/610 eta 00:09:58: loss 0.165, train {'accuracy': 0.9375, 'f1': 0.907258064516129, 'precision': 0.87890625, 'recall': 0.9375}
2025-02-27 11:32:11,805 - root - INFO - Epoch 3/10 step 230/610 eta 00:09:29: loss 0.624, train {'accuracy': 0.625, 'f1': 0.6113636363636363, 'precision': 0.71875, 'recall': 0.625}
2025-02-27 11:32:18,339 - root - INFO - Epoch 3/10 step 240/610 eta 00:09:01: loss 1.038, train {'accuracy': 0.5625, 'f1': 0.40499999999999997, 'precision': 0.31640625, 'recall': 0.5625}
2025-02-27 11:33:24,522 - root - INFO - Epoch 3 step 244: loss 0.669, val {'accuracy': 0.7801, 'f1': 0.6837, 'precision': 0.6085, 'recall': 0.7801}
2025-02-27 11:33:24,522 - root - INFO - Early Stopping Check: No improvement for 1/3 epochs
2025-02-27 11:33:28,746 - root - INFO - Epoch 4/10 step 250/610 eta 00:10:06: loss 0.653, train {'accuracy': 0.8125, 'f1': 0.728448275862069, 'precision': 0.66015625, 'recall': 0.8125}
2025-02-27 11:33:35,324 - root - INFO - Epoch 4/10 step 260/610 eta 00:09:36: loss 0.345, train {'accuracy': 1.0, 'f1': 1.0, 'precision': 1.0, 'recall': 1.0}
2025-02-27 11:33:41,863 - root - INFO - Epoch 4/10 step 270/610 eta 00:09:07: loss 0.782, train {'accuracy': 0.75, 'f1': 0.6428571428571428, 'precision': 0.5625, 'recall': 0.75}
2025-02-27 11:33:48,490 - root - INFO - Epoch 4/10 step 280/610 eta 00:08:39: loss 0.587, train {'accuracy': 0.8125, 'f1': 0.728448275862069, 'precision': 0.66015625, 'recall': 0.8125}
2025-02-27 11:33:55,017 - root - INFO - Epoch 4/10 step 290/610 eta 00:08:13: loss 0.678, train {'accuracy': 0.75, 'f1': 0.6428571428571428, 'precision': 0.5625, 'recall': 0.75}
2025-02-27 11:34:01,594 - root - INFO - Epoch 4/10 step 300/610 eta 00:07:49: loss 0.657, train {'accuracy': 0.75, 'f1': 0.6428571428571428, 'precision': 0.5625, 'recall': 0.75}
2025-02-27 11:35:08,321 - root - INFO - Epoch 4 step 305: loss 0.666, val {'accuracy': 0.7801, 'f1': 0.6837, 'precision': 0.6085, 'recall': 0.7801}
2025-02-27 11:35:08,321 - root - INFO - Early Stopping Check: No improvement for 2/3 epochs
2025-02-27 11:35:11,818 - root - INFO - Epoch 5/10 step 310/610 eta 00:08:27: loss 0.821, train {'accuracy': 0.75, 'f1': 0.6428571428571428, 'precision': 0.5625, 'recall': 0.75}
2025-02-27 11:35:18,373 - root - INFO - Epoch 5/10 step 320/610 eta 00:08:01: loss 0.649, train {'accuracy': 0.75, 'f1': 0.6428571428571428, 'precision': 0.5625, 'recall': 0.75}
2025-02-27 11:35:24,895 - root - INFO - Epoch 5/10 step 330/610 eta 00:07:36: loss 0.543, train {'accuracy': 0.875, 'f1': 0.8444940476190476, 'precision': 0.8317307692307693, 'recall': 0.875}
2025-02-27 11:35:31,429 - root - INFO - Epoch 5/10 step 340/610 eta 00:07:12: loss 0.330, train {'accuracy': 0.875, 'f1': 0.8761574074074073, 'precision': 0.9419642857142857, 'recall': 0.875}
2025-02-27 11:35:37,960 - root - INFO - Epoch 5/10 step 350/610 eta 00:06:49: loss 0.512, train {'accuracy': 0.8125, 'f1': 0.7847222222222222, 'precision': 0.7589285714285714, 'recall': 0.8125}
2025-02-27 11:35:44,522 - root - INFO - Epoch 5/10 step 360/610 eta 00:06:26: loss 0.271, train {'accuracy': 0.9375, 'f1': 0.9282407407407407, 'precision': 0.9419642857142857, 'recall': 0.9375}
2025-02-27 11:36:51,732 - root - INFO - Epoch 5 step 366: loss 0.492, val {'accuracy': 0.8124, 'f1': 0.7916, 'precision': 0.7841, 'recall': 0.8124}
2025-02-27 11:36:51,733 - root - INFO - Early Stopping Check: No improvement for 3/3 epochs
2025-02-27 11:36:51,733 - root - INFO - Stopping early at epoch 5 due to no improvement in validation F1 and increasing loss.
