2025-02-26 22:28:16,997 - root - INFO - Training/evaluation config: Namespace(seed=2021, data_path='./data/ctrip_20250224.csv', base_url='data/qunaer_20250226_balance19', num_class=3, val_ratio=0.2, prefetch=12, num_workers=6, train_batch_size=32, val_batch_size=32, word2Vec='./word2vec/sgns.weibo.bigram-char.bz2', word2Vec_dim=300, stopWords='./stopword/hit_stopwords.txt', bert_dir='hf_hub/models--hfl--chinese-roberta-wwm-ext', bert_dim=768, bert_max_length=512, bert_padding='max_length', lstm_input_size=768, lstm_hidden_size=256, lstm_num_layers=2, lstm_dropout=0.0, feature_type=2, fusion_type='weighted', adv_type='pgd', fgm_adv_epsilon=1.0, pgd_adv_epsilon=1.0, pgd_adv_alpha=0.3, pgd_adv_K=3, freelb_adv_K=3, freelb_adv_lr=0.01, freelb_adv_init_mag=0.02, smartp_adv_alpha=1.0, save_path='save/qunaer_20250226_balance19/models--hfl--chinese-roberta-wwm-ext/feature2_fusionweighted_advpgd_20250226222816', best_score=0.5, max_epochs=10, max_steps=50000, warmup_steps=200, print_steps=10, weight_decay=0.001, adam_eps=1e-06, adam_lr=5e-05, dropout=0.1, smoothing=0.0, patience=3, device='cuda', n_gpu=1)
2025-02-26 22:28:36,643 - root - INFO - Epoch 0/10 step 10/300 eta 00:08:51: loss 0.960, train {'accuracy': 0.875, 'f1': 0.8166666666666667, 'precision': 0.765625, 'recall': 0.875}
2025-02-26 22:28:53,809 - root - INFO - Epoch 0/10 step 20/300 eta 00:08:16: loss 0.771, train {'accuracy': 0.71875, 'f1': 0.6011363636363636, 'precision': 0.5166015625, 'recall': 0.71875}
2025-02-26 22:29:11,047 - root - INFO - Epoch 0/10 step 30/300 eta 00:07:54: loss 0.817, train {'accuracy': 0.71875, 'f1': 0.6011363636363636, 'precision': 0.5166015625, 'recall': 0.71875}
2025-02-26 22:29:49,389 - root - INFO - Epoch 0 step 30: loss 0.663, val {'accuracy': 0.7801, 'f1': 0.6837, 'precision': 0.6085, 'recall': 0.7801}
2025-02-26 22:30:07,113 - root - INFO - Epoch 1/10 step 40/300 eta 00:11:47: loss 0.463, train {'accuracy': 0.875, 'f1': 0.8166666666666667, 'precision': 0.765625, 'recall': 0.875}
2025-02-26 22:30:24,137 - root - INFO - Epoch 1/10 step 50/300 eta 00:10:29: loss 0.473, train {'accuracy': 0.78125, 'f1': 0.6853070175438596, 'precision': 0.6103515625, 'recall': 0.78125}
2025-02-26 22:30:41,133 - root - INFO - Epoch 1/10 step 60/300 eta 00:09:31: loss 0.477, train {'accuracy': 0.75, 'f1': 0.6428571428571428, 'precision': 0.5625, 'recall': 0.75}
2025-02-26 22:31:19,319 - root - INFO - Epoch 1 step 60: loss 0.442, val {'accuracy': 0.8247, 'f1': 0.7951, 'precision': 0.8002, 'recall': 0.8247}
2025-02-26 22:31:37,104 - root - INFO - Epoch 2/10 step 70/300 eta 00:10:53: loss 0.310, train {'accuracy': 0.9375, 'f1': 0.9308894230769231, 'precision': 0.9421296296296297, 'recall': 0.9375}
2025-02-26 22:31:54,132 - root - INFO - Epoch 2/10 step 80/300 eta 00:09:53: loss 0.164, train {'accuracy': 0.96875, 'f1': 0.9736842105263158, 'precision': 0.984375, 'recall': 0.96875}
2025-02-26 22:32:11,331 - root - INFO - Epoch 2/10 step 90/300 eta 00:09:03: loss 0.380, train {'accuracy': 0.875, 'f1': 0.8651041666666666, 'precision': 0.866875, 'recall': 0.875}
2025-02-26 22:32:50,031 - root - INFO - Epoch 2 step 90: loss 0.355, val {'accuracy': 0.8575, 'f1': 0.8492, 'precision': 0.8465, 'recall': 0.8575}
2025-02-26 22:33:08,245 - root - INFO - Epoch 3/10 step 100/300 eta 00:09:39: loss 0.196, train {'accuracy': 0.9375, 'f1': 0.9346813725490195, 'precision': 0.9387019230769231, 'recall': 0.9375}
2025-02-26 22:33:25,698 - root - INFO - Epoch 3/10 step 110/300 eta 00:08:50: loss 0.210, train {'accuracy': 0.90625, 'f1': 0.8949074074074074, 'precision': 0.8950892857142857, 'recall': 0.90625}
2025-02-26 22:33:43,007 - root - INFO - Epoch 3/10 step 120/300 eta 00:08:07: loss 0.109, train {'accuracy': 1.0, 'f1': 1.0, 'precision': 1.0, 'recall': 1.0}
2025-02-26 22:34:21,399 - root - INFO - Epoch 3 step 120: loss 0.387, val {'accuracy': 0.8335, 'f1': 0.8397, 'precision': 0.8543, 'recall': 0.8335}
2025-02-26 22:34:21,400 - root - INFO - Early Stopping Check: No improvement for 1/3 epochs
2025-02-26 22:34:38,983 - root - INFO - Epoch 4/10 step 130/300 eta 00:08:17: loss 0.077, train {'accuracy': 1.0, 'f1': 1.0, 'precision': 1.0, 'recall': 1.0}
2025-02-26 22:34:56,142 - root - INFO - Epoch 4/10 step 140/300 eta 00:07:34: loss 0.066, train {'accuracy': 1.0, 'f1': 1.0, 'precision': 1.0, 'recall': 1.0}
2025-02-26 22:35:13,252 - root - INFO - Epoch 4/10 step 150/300 eta 00:06:54: loss 0.070, train {'accuracy': 1.0, 'f1': 1.0, 'precision': 1.0, 'recall': 1.0}
2025-02-26 22:35:51,760 - root - INFO - Epoch 4 step 150: loss 0.453, val {'accuracy': 0.8515, 'f1': 0.8411, 'precision': 0.8385, 'recall': 0.8515}
2025-02-26 22:35:51,760 - root - INFO - Early Stopping Check: No improvement for 2/3 epochs
2025-02-26 22:36:09,040 - root - INFO - Epoch 5/10 step 160/300 eta 00:06:51: loss 0.038, train {'accuracy': 1.0, 'f1': 1.0, 'precision': 1.0, 'recall': 1.0}
2025-02-26 22:36:26,206 - root - INFO - Epoch 5/10 step 170/300 eta 00:06:13: loss 0.161, train {'accuracy': 0.96875, 'f1': 0.9704545454545455, 'precision': 0.9791666666666666, 'recall': 0.96875}
2025-02-26 22:36:43,220 - root - INFO - Epoch 5/10 step 180/300 eta 00:05:36: loss 0.015, train {'accuracy': 1.0, 'f1': 1.0, 'precision': 1.0, 'recall': 1.0}
2025-02-26 22:37:21,783 - root - INFO - Epoch 5 step 180: loss 0.503, val {'accuracy': 0.8561, 'f1': 0.8406, 'precision': 0.8392, 'recall': 0.8561}
2025-02-26 22:37:21,783 - root - INFO - Early Stopping Check: No improvement for 3/3 epochs
2025-02-26 22:37:21,783 - root - INFO - Stopping early at epoch 5 due to no improvement in validation F1 and increasing loss.
