2025-02-26 23:44:39,753 - root - INFO - Training/evaluation config: Namespace(seed=2021, data_path='./data/ctrip_20250224.csv', base_url='data/qunaer_20250226_balance19', num_class=3, val_ratio=0.2, prefetch=12, num_workers=6, train_batch_size=32, val_batch_size=32, word2Vec='./word2vec/sgns.weibo.bigram-char.bz2', word2Vec_dim=300, stopWords='./stopword/hit_stopwords.txt', bert_dir='hf_hub/models--hfl--chinese-macbert-base', bert_dim=768, bert_max_length=512, bert_padding='max_length', lstm_input_size=768, lstm_hidden_size=256, lstm_num_layers=2, lstm_dropout=0.0, feature_type=2, fusion_type='gate', adv_type='freelb', fgm_adv_epsilon=1.0, pgd_adv_epsilon=1.0, pgd_adv_alpha=0.3, pgd_adv_K=3, freelb_adv_K=3, freelb_adv_lr=0.01, freelb_adv_init_mag=0.02, smartp_adv_alpha=1.0, save_path='save/qunaer_20250226_balance19/models--hfl--chinese-macbert-base/feature2_fusiongate_advfreelb_20250226234439', best_score=0.5, max_epochs=10, max_steps=50000, warmup_steps=200, print_steps=10, weight_decay=0.001, adam_eps=1e-06, adam_lr=5e-05, dropout=0.1, smoothing=0.0, patience=3, device='cuda', n_gpu=1)
2025-02-26 23:44:54,556 - root - INFO - Epoch 0/10 step 10/300 eta 00:06:37: loss 0.316, train {'accuracy': 0.8125, 'f1': 0.728448275862069, 'precision': 0.66015625, 'recall': 0.8125}
2025-02-26 23:45:07,096 - root - INFO - Epoch 0/10 step 20/300 eta 00:06:07: loss 0.248, train {'accuracy': 0.75, 'f1': 0.6428571428571428, 'precision': 0.5625, 'recall': 0.75}
2025-02-26 23:45:19,899 - root - INFO - Epoch 0/10 step 30/300 eta 00:05:51: loss 0.183, train {'accuracy': 0.84375, 'f1': 0.7722457627118644, 'precision': 0.7119140625, 'recall': 0.84375}
2025-02-26 23:45:57,381 - root - INFO - Epoch 0 step 30: loss 0.663, val {'accuracy': 0.7801, 'f1': 0.6837, 'precision': 0.6085, 'recall': 0.7801}
2025-02-26 23:46:10,715 - root - INFO - Epoch 1/10 step 40/300 eta 00:09:44: loss 0.280, train {'accuracy': 0.6875, 'f1': 0.5601851851851851, 'precision': 0.47265625, 'recall': 0.6875}
2025-02-26 23:46:23,370 - root - INFO - Epoch 1/10 step 50/300 eta 00:08:32: loss 0.288, train {'accuracy': 0.625, 'f1': 0.4807692307692308, 'precision': 0.390625, 'recall': 0.625}
2025-02-26 23:46:36,080 - root - INFO - Epoch 1/10 step 60/300 eta 00:07:41: loss 0.175, train {'accuracy': 0.75, 'f1': 0.78, 'precision': 0.8338509316770186, 'recall': 0.75}
2025-02-26 23:47:13,576 - root - INFO - Epoch 1 step 60: loss 0.496, val {'accuracy': 0.8116, 'f1': 0.7805, 'precision': 0.7824, 'recall': 0.8116}
2025-02-26 23:47:26,808 - root - INFO - Epoch 2/10 step 70/300 eta 00:09:05: loss 0.166, train {'accuracy': 0.84375, 'f1': 0.7828947368421052, 'precision': 0.7439516129032259, 'recall': 0.84375}
2025-02-26 23:47:39,423 - root - INFO - Epoch 2/10 step 80/300 eta 00:08:11: loss 0.257, train {'accuracy': 0.6875, 'f1': 0.6215277777777778, 'precision': 0.56875, 'recall': 0.6875}
2025-02-26 23:47:52,185 - root - INFO - Epoch 2/10 step 90/300 eta 00:07:26: loss 0.141, train {'accuracy': 0.90625, 'f1': 0.8915094339622641, 'precision': 0.8773148148148148, 'recall': 0.90625}
2025-02-26 23:48:29,826 - root - INFO - Epoch 2 step 90: loss 0.513, val {'accuracy': 0.7831, 'f1': 0.7704, 'precision': 0.7659, 'recall': 0.7831}
2025-02-26 23:48:29,827 - root - INFO - Early Stopping Check: No improvement for 1/3 epochs
2025-02-26 23:48:42,880 - root - INFO - Epoch 3/10 step 100/300 eta 00:08:04: loss 0.158, train {'accuracy': 0.78125, 'f1': 0.78125, 'precision': 0.78125, 'recall': 0.78125}
2025-02-26 23:48:55,563 - root - INFO - Epoch 3/10 step 110/300 eta 00:07:19: loss 0.109, train {'accuracy': 0.84375, 'f1': 0.7752976190476191, 'precision': 0.7197916666666667, 'recall': 0.84375}
2025-02-26 23:49:08,277 - root - INFO - Epoch 3/10 step 120/300 eta 00:06:41: loss 0.114, train {'accuracy': 0.90625, 'f1': 0.8927431610942249, 'precision': 0.9283854166666667, 'recall': 0.90625}
2025-02-26 23:49:45,903 - root - INFO - Epoch 3 step 120: loss 0.403, val {'accuracy': 0.8374, 'f1': 0.8349, 'precision': 0.8331, 'recall': 0.8374}
2025-02-26 23:49:59,326 - root - INFO - Epoch 4/10 step 130/300 eta 00:06:56: loss 0.099, train {'accuracy': 0.84375, 'f1': 0.8086026077097506, 'precision': 0.8644230769230768, 'recall': 0.84375}
2025-02-26 23:50:12,017 - root - INFO - Epoch 4/10 step 140/300 eta 00:06:18: loss 0.135, train {'accuracy': 0.84375, 'f1': 0.8401633089133089, 'precision': 0.8727678571428571, 'recall': 0.84375}
2025-02-26 23:50:24,656 - root - INFO - Epoch 4/10 step 150/300 eta 00:05:43: loss 0.061, train {'accuracy': 0.90625, 'f1': 0.9193181818181818, 'precision': 0.953125, 'recall': 0.90625}
2025-02-26 23:51:02,301 - root - INFO - Epoch 4 step 150: loss 0.501, val {'accuracy': 0.8257, 'f1': 0.8176, 'precision': 0.8392, 'recall': 0.8257}
2025-02-26 23:51:02,301 - root - INFO - Early Stopping Check: No improvement for 1/3 epochs
2025-02-26 23:51:15,075 - root - INFO - Epoch 5/10 step 160/300 eta 00:05:44: loss 0.106, train {'accuracy': 0.9375, 'f1': 0.9346938775510203, 'precision': 0.9491666666666666, 'recall': 0.9375}
2025-02-26 23:51:27,644 - root - INFO - Epoch 5/10 step 170/300 eta 00:05:11: loss 0.055, train {'accuracy': 0.9375, 'f1': 0.9427614795918366, 'precision': 0.9625, 'recall': 0.9375}
2025-02-26 23:51:40,334 - root - INFO - Epoch 5/10 step 180/300 eta 00:04:39: loss 0.092, train {'accuracy': 0.90625, 'f1': 0.9259259259259259, 'precision': 0.95, 'recall': 0.90625}
2025-02-26 23:52:17,793 - root - INFO - Epoch 5 step 180: loss 0.471, val {'accuracy': 0.843, 'f1': 0.8424, 'precision': 0.8461, 'recall': 0.843}
2025-02-26 23:52:31,284 - root - INFO - Epoch 6/10 step 190/300 eta 00:04:32: loss 0.021, train {'accuracy': 1.0, 'f1': 1.0, 'precision': 1.0, 'recall': 1.0}
2025-02-26 23:52:44,015 - root - INFO - Epoch 6/10 step 200/300 eta 00:04:01: loss 0.007, train {'accuracy': 1.0, 'f1': 1.0, 'precision': 1.0, 'recall': 1.0}
2025-02-26 23:52:56,688 - root - INFO - Epoch 6/10 step 210/300 eta 00:03:32: loss 0.018, train {'accuracy': 1.0, 'f1': 1.0, 'precision': 1.0, 'recall': 1.0}
2025-02-26 23:53:34,495 - root - INFO - Epoch 6 step 210: loss 0.596, val {'accuracy': 0.8383, 'f1': 0.8302, 'precision': 0.8383, 'recall': 0.8383}
2025-02-26 23:53:34,495 - root - INFO - Early Stopping Check: No improvement for 1/3 epochs
2025-02-26 23:53:47,343 - root - INFO - Epoch 7/10 step 220/300 eta 00:03:18: loss 0.009, train {'accuracy': 1.0, 'f1': 1.0, 'precision': 1.0, 'recall': 1.0}
2025-02-26 23:54:00,134 - root - INFO - Epoch 7/10 step 230/300 eta 00:02:50: loss 0.009, train {'accuracy': 1.0, 'f1': 1.0, 'precision': 1.0, 'recall': 1.0}
2025-02-26 23:54:12,896 - root - INFO - Epoch 7/10 step 240/300 eta 00:02:23: loss 0.012, train {'accuracy': 1.0, 'f1': 1.0, 'precision': 1.0, 'recall': 1.0}
2025-02-26 23:54:50,302 - root - INFO - Epoch 7 step 240: loss 0.595, val {'accuracy': 0.8371, 'f1': 0.8337, 'precision': 0.8442, 'recall': 0.8371}
2025-02-26 23:54:50,303 - root - INFO - Early Stopping Check: No improvement for 2/3 epochs
2025-02-26 23:55:03,165 - root - INFO - Epoch 8/10 step 250/300 eta 00:02:04: loss 0.008, train {'accuracy': 1.0, 'f1': 1.0, 'precision': 1.0, 'recall': 1.0}
2025-02-26 23:55:15,963 - root - INFO - Epoch 8/10 step 260/300 eta 00:01:37: loss 0.011, train {'accuracy': 1.0, 'f1': 1.0, 'precision': 1.0, 'recall': 1.0}
2025-02-26 23:55:28,585 - root - INFO - Epoch 8/10 step 270/300 eta 00:01:11: loss 0.007, train {'accuracy': 1.0, 'f1': 1.0, 'precision': 1.0, 'recall': 1.0}
2025-02-26 23:56:05,954 - root - INFO - Epoch 8 step 270: loss 0.604, val {'accuracy': 0.8398, 'f1': 0.8376, 'precision': 0.8452, 'recall': 0.8398}
2025-02-26 23:56:05,954 - root - INFO - Early Stopping Check: No improvement for 3/3 epochs
2025-02-26 23:56:05,954 - root - INFO - Stopping early at epoch 8 due to no improvement in validation F1 and increasing loss.
