2025-02-26 23:21:28,174 - root - INFO - Training/evaluation config: Namespace(seed=2021, data_path='./data/ctrip_20250224.csv', base_url='data/qunaer_20250226_balance19', num_class=3, val_ratio=0.2, prefetch=12, num_workers=6, train_batch_size=32, val_batch_size=32, word2Vec='./word2vec/sgns.weibo.bigram-char.bz2', word2Vec_dim=300, stopWords='./stopword/hit_stopwords.txt', bert_dir='hf_hub/models--hfl--chinese-macbert-base', bert_dim=768, bert_max_length=512, bert_padding='max_length', lstm_input_size=768, lstm_hidden_size=256, lstm_num_layers=2, lstm_dropout=0.0, feature_type=2, fusion_type='gate', adv_type='fgm', fgm_adv_epsilon=1.0, pgd_adv_epsilon=1.0, pgd_adv_alpha=0.3, pgd_adv_K=3, freelb_adv_K=3, freelb_adv_lr=0.01, freelb_adv_init_mag=0.02, smartp_adv_alpha=1.0, save_path='save/qunaer_20250226_balance19/models--hfl--chinese-macbert-base/feature2_fusiongate_advfgm_20250226232128', best_score=0.5, max_epochs=10, max_steps=50000, warmup_steps=200, print_steps=10, weight_decay=0.001, adam_eps=1e-06, adam_lr=5e-05, dropout=0.1, smoothing=0.0, patience=3, device='cuda', n_gpu=1)
2025-02-26 23:21:38,840 - root - INFO - Epoch 0/10 step 10/300 eta 00:04:34: loss 0.954, train {'accuracy': 0.8125, 'f1': 0.728448275862069, 'precision': 0.66015625, 'recall': 0.8125}
2025-02-26 23:21:47,135 - root - INFO - Epoch 0/10 step 20/300 eta 00:04:08: loss 0.763, train {'accuracy': 0.75, 'f1': 0.6428571428571428, 'precision': 0.5625, 'recall': 0.75}
2025-02-26 23:21:55,515 - root - INFO - Epoch 0/10 step 30/300 eta 00:03:55: loss 0.542, train {'accuracy': 0.84375, 'f1': 0.7722457627118644, 'precision': 0.7119140625, 'recall': 0.84375}
2025-02-26 23:22:33,073 - root - INFO - Epoch 0 step 30: loss 0.662, val {'accuracy': 0.7801, 'f1': 0.6837, 'precision': 0.6085, 'recall': 0.7801}
2025-02-26 23:22:42,178 - root - INFO - Epoch 1/10 step 40/300 eta 00:07:53: loss 0.830, train {'accuracy': 0.6875, 'f1': 0.5601851851851851, 'precision': 0.47265625, 'recall': 0.6875}
2025-02-26 23:22:50,624 - root - INFO - Epoch 1/10 step 50/300 eta 00:06:46: loss 0.822, train {'accuracy': 0.625, 'f1': 0.4807692307692308, 'precision': 0.390625, 'recall': 0.625}
2025-02-26 23:22:58,990 - root - INFO - Epoch 1/10 step 60/300 eta 00:05:58: loss 0.538, train {'accuracy': 0.84375, 'f1': 0.7722457627118644, 'precision': 0.7119140625, 'recall': 0.84375}
2025-02-26 23:23:36,295 - root - INFO - Epoch 1 step 60: loss 0.662, val {'accuracy': 0.7801, 'f1': 0.6837, 'precision': 0.6085, 'recall': 0.7801}
2025-02-26 23:23:44,897 - root - INFO - Epoch 2/10 step 70/300 eta 00:07:25: loss 0.515, train {'accuracy': 0.8125, 'f1': 0.728448275862069, 'precision': 0.66015625, 'recall': 0.8125}
2025-02-26 23:23:53,456 - root - INFO - Epoch 2/10 step 80/300 eta 00:06:36: loss 0.673, train {'accuracy': 0.65625, 'f1': 0.553954081632653, 'precision': 0.5039511494252874, 'recall': 0.65625}
2025-02-26 23:24:01,837 - root - INFO - Epoch 2/10 step 90/300 eta 00:05:55: loss 0.464, train {'accuracy': 0.84375, 'f1': 0.7933114035087719, 'precision': 0.8377016129032259, 'recall': 0.84375}
2025-02-26 23:24:39,330 - root - INFO - Epoch 2 step 90: loss 0.503, val {'accuracy': 0.7932, 'f1': 0.7283, 'precision': 0.6937, 'recall': 0.7932}
2025-02-26 23:24:48,456 - root - INFO - Epoch 3/10 step 100/300 eta 00:06:38: loss 0.473, train {'accuracy': 0.78125, 'f1': 0.7838541666666666, 'precision': 0.8080357142857142, 'recall': 0.78125}
2025-02-26 23:24:56,870 - root - INFO - Epoch 3/10 step 110/300 eta 00:05:58: loss 0.352, train {'accuracy': 0.90625, 'f1': 0.9019261006289307, 'precision': 0.9007523148148148, 'recall': 0.90625}
2025-02-26 23:25:05,353 - root - INFO - Epoch 3/10 step 120/300 eta 00:05:23: loss 0.403, train {'accuracy': 0.875, 'f1': 0.8600127551020409, 'precision': 0.8649839743589743, 'recall': 0.875}
2025-02-26 23:25:42,768 - root - INFO - Epoch 3 step 120: loss 0.397, val {'accuracy': 0.8472, 'f1': 0.8447, 'precision': 0.8432, 'recall': 0.8472}
2025-02-26 23:25:51,779 - root - INFO - Epoch 4/10 step 130/300 eta 00:05:43: loss 0.438, train {'accuracy': 0.84375, 'f1': 0.8130357142857143, 'precision': 0.8153935185185185, 'recall': 0.84375}
2025-02-26 23:26:00,245 - root - INFO - Epoch 4/10 step 140/300 eta 00:05:09: loss 0.312, train {'accuracy': 0.90625, 'f1': 0.8922697368421052, 'precision': 0.9125, 'recall': 0.90625}
2025-02-26 23:26:08,684 - root - INFO - Epoch 4/10 step 150/300 eta 00:04:39: loss 0.148, train {'accuracy': 0.96875, 'f1': 0.9707080200501252, 'precision': 0.9765625, 'recall': 0.96875}
2025-02-26 23:26:46,091 - root - INFO - Epoch 4 step 150: loss 0.424, val {'accuracy': 0.8392, 'f1': 0.8228, 'precision': 0.8369, 'recall': 0.8392}
2025-02-26 23:26:46,091 - root - INFO - Early Stopping Check: No improvement for 1/3 epochs
2025-02-26 23:26:54,702 - root - INFO - Epoch 5/10 step 160/300 eta 00:04:44: loss 0.276, train {'accuracy': 0.90625, 'f1': 0.8933823529411764, 'precision': 0.9166666666666666, 'recall': 0.90625}
2025-02-26 23:27:03,082 - root - INFO - Epoch 5/10 step 170/300 eta 00:04:15: loss 0.176, train {'accuracy': 0.90625, 'f1': 0.9028361344537814, 'precision': 0.9230769230769231, 'recall': 0.90625}
2025-02-26 23:27:11,465 - root - INFO - Epoch 5/10 step 180/300 eta 00:03:48: loss 0.063, train {'accuracy': 0.96875, 'f1': 0.9667919799498746, 'precision': 0.9698275862068966, 'recall': 0.96875}
2025-02-26 23:27:48,912 - root - INFO - Epoch 5 step 180: loss 0.480, val {'accuracy': 0.8504, 'f1': 0.8376, 'precision': 0.8351, 'recall': 0.8504}
2025-02-26 23:27:48,912 - root - INFO - Early Stopping Check: No improvement for 2/3 epochs
2025-02-26 23:27:57,576 - root - INFO - Epoch 6/10 step 190/300 eta 00:03:44: loss 0.117, train {'accuracy': 0.96875, 'f1': 0.9673327664399092, 'precision': 0.97, 'recall': 0.96875}
2025-02-26 23:28:05,946 - root - INFO - Epoch 6/10 step 200/300 eta 00:03:18: loss 0.024, train {'accuracy': 1.0, 'f1': 1.0, 'precision': 1.0, 'recall': 1.0}
2025-02-26 23:28:14,253 - root - INFO - Epoch 6/10 step 210/300 eta 00:02:53: loss 0.098, train {'accuracy': 0.96875, 'f1': 0.9678669544740972, 'precision': 0.97, 'recall': 0.96875}
2025-02-26 23:28:51,544 - root - INFO - Epoch 6 step 210: loss 0.587, val {'accuracy': 0.8421, 'f1': 0.8213, 'precision': 0.8269, 'recall': 0.8421}
2025-02-26 23:28:51,544 - root - INFO - Early Stopping Check: No improvement for 3/3 epochs
2025-02-26 23:28:51,544 - root - INFO - Stopping early at epoch 6 due to no improvement in validation F1 and increasing loss.
