2025-02-27 00:21:04,947 - root - INFO - Training/evaluation config: Namespace(seed=2021, data_path='./data/ctrip_20250224.csv', base_url='data/qunaer_20250226_balance19', num_class=3, val_ratio=0.2, prefetch=12, num_workers=6, train_batch_size=32, val_batch_size=32, word2Vec='./word2vec/sgns.weibo.bigram-char.bz2', word2Vec_dim=300, stopWords='./stopword/hit_stopwords.txt', bert_dir='hf_hub/models--hfl--chinese-bert-wwm-ext', bert_dim=768, bert_max_length=512, bert_padding='max_length', lstm_input_size=768, lstm_hidden_size=256, lstm_num_layers=2, lstm_dropout=0.0, feature_type=2, fusion_type='gate', adv_type='fgm', fgm_adv_epsilon=1.0, pgd_adv_epsilon=1.0, pgd_adv_alpha=0.3, pgd_adv_K=3, freelb_adv_K=3, freelb_adv_lr=0.01, freelb_adv_init_mag=0.02, smartp_adv_alpha=1.0, save_path='save/qunaer_20250226_balance19/models--hfl--chinese-bert-wwm-ext/feature2_fusiongate_advfgm_20250227002104', best_score=0.5, max_epochs=10, max_steps=50000, warmup_steps=200, print_steps=10, weight_decay=0.001, adam_eps=1e-06, adam_lr=5e-05, dropout=0.1, smoothing=0.0, patience=3, device='cuda', n_gpu=1)
2025-02-27 00:21:15,598 - root - INFO - Epoch 0/10 step 10/300 eta 00:04:36: loss 0.987, train {'accuracy': 0.8125, 'f1': 0.728448275862069, 'precision': 0.66015625, 'recall': 0.8125}
2025-02-27 00:21:23,918 - root - INFO - Epoch 0/10 step 20/300 eta 00:04:09: loss 0.782, train {'accuracy': 0.75, 'f1': 0.6428571428571428, 'precision': 0.5625, 'recall': 0.75}
2025-02-27 00:21:32,264 - root - INFO - Epoch 0/10 step 30/300 eta 00:03:55: loss 0.559, train {'accuracy': 0.84375, 'f1': 0.7722457627118644, 'precision': 0.7119140625, 'recall': 0.84375}
2025-02-27 00:22:09,873 - root - INFO - Epoch 0 step 30: loss 0.664, val {'accuracy': 0.7801, 'f1': 0.6837, 'precision': 0.6085, 'recall': 0.7801}
2025-02-27 00:22:18,903 - root - INFO - Epoch 1/10 step 40/300 eta 00:07:53: loss 0.843, train {'accuracy': 0.6875, 'f1': 0.5601851851851851, 'precision': 0.47265625, 'recall': 0.6875}
2025-02-27 00:22:27,379 - root - INFO - Epoch 1/10 step 50/300 eta 00:06:46: loss 0.786, train {'accuracy': 0.625, 'f1': 0.4807692307692308, 'precision': 0.390625, 'recall': 0.625}
2025-02-27 00:22:35,804 - root - INFO - Epoch 1/10 step 60/300 eta 00:05:58: loss 0.471, train {'accuracy': 0.8125, 'f1': 0.7697368421052632, 'precision': 0.7312500000000001, 'recall': 0.8125}
2025-02-27 00:23:13,985 - root - INFO - Epoch 1 step 60: loss 0.473, val {'accuracy': 0.7965, 'f1': 0.7435, 'precision': 0.759, 'recall': 0.7965}
2025-02-27 00:23:23,065 - root - INFO - Epoch 2/10 step 70/300 eta 00:07:30: loss 0.455, train {'accuracy': 0.84375, 'f1': 0.85375, 'precision': 0.8723958333333334, 'recall': 0.84375}
2025-02-27 00:23:31,506 - root - INFO - Epoch 2/10 step 80/300 eta 00:06:39: loss 0.600, train {'accuracy': 0.75, 'f1': 0.7435721544715448, 'precision': 0.7492559523809523, 'recall': 0.75}
2025-02-27 00:23:39,921 - root - INFO - Epoch 2/10 step 90/300 eta 00:05:58: loss 0.368, train {'accuracy': 0.90625, 'f1': 0.8887175324675325, 'precision': 0.915948275862069, 'recall': 0.90625}
2025-02-27 00:24:17,622 - root - INFO - Epoch 2 step 90: loss 0.445, val {'accuracy': 0.8246, 'f1': 0.8068, 'precision': 0.8167, 'recall': 0.8246}
2025-02-27 00:24:26,666 - root - INFO - Epoch 3/10 step 100/300 eta 00:06:41: loss 0.452, train {'accuracy': 0.71875, 'f1': 0.7181818181818181, 'precision': 0.7208333333333333, 'recall': 0.71875}
2025-02-27 00:24:35,007 - root - INFO - Epoch 3/10 step 110/300 eta 00:06:00: loss 0.322, train {'accuracy': 0.84375, 'f1': 0.84375, 'precision': 0.94375, 'recall': 0.84375}
2025-02-27 00:24:43,383 - root - INFO - Epoch 3/10 step 120/300 eta 00:05:25: loss 0.324, train {'accuracy': 0.90625, 'f1': 0.9001116071428572, 'precision': 0.9034375, 'recall': 0.90625}
2025-02-27 00:25:20,873 - root - INFO - Epoch 3 step 120: loss 0.391, val {'accuracy': 0.8353, 'f1': 0.8341, 'precision': 0.8346, 'recall': 0.8353}
2025-02-27 00:25:29,868 - root - INFO - Epoch 4/10 step 130/300 eta 00:05:44: loss 0.243, train {'accuracy': 0.9375, 'f1': 0.9317560579196218, 'precision': 0.9450520833333333, 'recall': 0.9375}
2025-02-27 00:25:38,284 - root - INFO - Epoch 4/10 step 140/300 eta 00:05:11: loss 0.180, train {'accuracy': 1.0, 'f1': 1.0, 'precision': 1.0, 'recall': 1.0}
2025-02-27 00:25:46,653 - root - INFO - Epoch 4/10 step 150/300 eta 00:04:40: loss 0.096, train {'accuracy': 0.96875, 'f1': 0.9707080200501252, 'precision': 0.9765625, 'recall': 0.96875}
2025-02-27 00:26:24,226 - root - INFO - Epoch 4 step 150: loss 0.467, val {'accuracy': 0.8275, 'f1': 0.8114, 'precision': 0.8369, 'recall': 0.8275}
2025-02-27 00:26:24,226 - root - INFO - Early Stopping Check: No improvement for 1/3 epochs
2025-02-27 00:26:32,822 - root - INFO - Epoch 5/10 step 160/300 eta 00:04:45: loss 0.256, train {'accuracy': 0.9375, 'f1': 0.9346938775510203, 'precision': 0.9491666666666666, 'recall': 0.9375}
2025-02-27 00:26:41,196 - root - INFO - Epoch 5/10 step 170/300 eta 00:04:16: loss 0.180, train {'accuracy': 0.96875, 'f1': 0.9659313725490195, 'precision': 0.9699519230769231, 'recall': 0.96875}
2025-02-27 00:26:49,602 - root - INFO - Epoch 5/10 step 180/300 eta 00:03:49: loss 0.059, train {'accuracy': 1.0, 'f1': 1.0, 'precision': 1.0, 'recall': 1.0}
2025-02-27 00:27:27,181 - root - INFO - Epoch 5 step 180: loss 0.468, val {'accuracy': 0.8299, 'f1': 0.8293, 'precision': 0.8437, 'recall': 0.8299}
2025-02-27 00:27:27,182 - root - INFO - Early Stopping Check: No improvement for 2/3 epochs
2025-02-27 00:27:35,798 - root - INFO - Epoch 6/10 step 190/300 eta 00:03:45: loss 0.059, train {'accuracy': 1.0, 'f1': 1.0, 'precision': 1.0, 'recall': 1.0}
2025-02-27 00:27:44,195 - root - INFO - Epoch 6/10 step 200/300 eta 00:03:19: loss 0.031, train {'accuracy': 1.0, 'f1': 1.0, 'precision': 1.0, 'recall': 1.0}
2025-02-27 00:27:52,573 - root - INFO - Epoch 6/10 step 210/300 eta 00:02:54: loss 0.100, train {'accuracy': 0.96875, 'f1': 0.9678669544740972, 'precision': 0.97, 'recall': 0.96875}
2025-02-27 00:28:29,915 - root - INFO - Epoch 6 step 210: loss 0.453, val {'accuracy': 0.8438, 'f1': 0.8454, 'precision': 0.8525, 'recall': 0.8438}
2025-02-27 00:28:38,997 - root - INFO - Epoch 7/10 step 220/300 eta 00:02:44: loss 0.038, train {'accuracy': 1.0, 'f1': 1.0, 'precision': 1.0, 'recall': 1.0}
2025-02-27 00:28:47,418 - root - INFO - Epoch 7/10 step 230/300 eta 00:02:20: loss 0.035, train {'accuracy': 1.0, 'f1': 1.0, 'precision': 1.0, 'recall': 1.0}
2025-02-27 00:28:55,898 - root - INFO - Epoch 7/10 step 240/300 eta 00:01:57: loss 0.036, train {'accuracy': 1.0, 'f1': 1.0, 'precision': 1.0, 'recall': 1.0}
2025-02-27 00:29:33,762 - root - INFO - Epoch 7 step 240: loss 0.517, val {'accuracy': 0.8372, 'f1': 0.8327, 'precision': 0.8463, 'recall': 0.8372}
2025-02-27 00:29:33,762 - root - INFO - Early Stopping Check: No improvement for 1/3 epochs
2025-02-27 00:29:42,394 - root - INFO - Epoch 8/10 step 250/300 eta 00:01:43: loss 0.021, train {'accuracy': 1.0, 'f1': 1.0, 'precision': 1.0, 'recall': 1.0}
2025-02-27 00:29:50,776 - root - INFO - Epoch 8/10 step 260/300 eta 00:01:20: loss 0.032, train {'accuracy': 1.0, 'f1': 1.0, 'precision': 1.0, 'recall': 1.0}
2025-02-27 00:29:59,214 - root - INFO - Epoch 8/10 step 270/300 eta 00:00:59: loss 0.023, train {'accuracy': 1.0, 'f1': 1.0, 'precision': 1.0, 'recall': 1.0}
2025-02-27 00:30:36,921 - root - INFO - Epoch 8 step 270: loss 0.510, val {'accuracy': 0.8435, 'f1': 0.8418, 'precision': 0.8477, 'recall': 0.8435}
2025-02-27 00:30:36,921 - root - INFO - Early Stopping Check: No improvement for 2/3 epochs
2025-02-27 00:30:45,542 - root - INFO - Epoch 9/10 step 280/300 eta 00:00:41: loss 0.027, train {'accuracy': 1.0, 'f1': 1.0, 'precision': 1.0, 'recall': 1.0}
2025-02-27 00:30:53,902 - root - INFO - Epoch 9/10 step 290/300 eta 00:00:20: loss 0.024, train {'accuracy': 1.0, 'f1': 1.0, 'precision': 1.0, 'recall': 1.0}
2025-02-27 00:31:02,268 - root - INFO - Epoch 9/10 step 300/300 eta 00:00:00: loss 0.031, train {'accuracy': 1.0, 'f1': 1.0, 'precision': 1.0, 'recall': 1.0}
2025-02-27 00:31:39,956 - root - INFO - Epoch 9 step 300: loss 0.517, val {'accuracy': 0.8429, 'f1': 0.8405, 'precision': 0.8469, 'recall': 0.8429}
2025-02-27 00:31:39,956 - root - INFO - Early Stopping Check: No improvement for 3/3 epochs
2025-02-27 00:31:39,956 - root - INFO - Stopping early at epoch 9 due to no improvement in validation F1 and increasing loss.
