2025-02-26 23:13:55,594 - root - INFO - Training/evaluation config: Namespace(seed=2021, data_path='./data/ctrip_20250224.csv', base_url='data/qunaer_20250226_balance19', num_class=3, val_ratio=0.2, prefetch=12, num_workers=6, train_batch_size=32, val_batch_size=32, word2Vec='./word2vec/sgns.weibo.bigram-char.bz2', word2Vec_dim=300, stopWords='./stopword/hit_stopwords.txt', bert_dir='hf_hub/models--hfl--chinese-macbert-base', bert_dim=768, bert_max_length=512, bert_padding='max_length', lstm_input_size=768, lstm_hidden_size=256, lstm_num_layers=2, lstm_dropout=0.0, feature_type=2, fusion_type='weighted', adv_type='none', fgm_adv_epsilon=1.0, pgd_adv_epsilon=1.0, pgd_adv_alpha=0.3, pgd_adv_K=3, freelb_adv_K=3, freelb_adv_lr=0.01, freelb_adv_init_mag=0.02, smartp_adv_alpha=1.0, save_path='save/qunaer_20250226_balance19/models--hfl--chinese-macbert-base/feature2_fusionweighted_advnone_20250226231355', best_score=0.5, max_epochs=10, max_steps=50000, warmup_steps=200, print_steps=10, weight_decay=0.001, adam_eps=1e-06, adam_lr=5e-05, dropout=0.1, smoothing=0.0, patience=3, device='cuda', n_gpu=1)
2025-02-26 23:14:02,141 - root - INFO - Epoch 0/10 step 10/300 eta 00:02:33: loss 0.967, train {'accuracy': 0.875, 'f1': 0.8166666666666667, 'precision': 0.765625, 'recall': 0.875}
2025-02-26 23:14:06,428 - root - INFO - Epoch 0/10 step 20/300 eta 00:02:14: loss 0.778, train {'accuracy': 0.71875, 'f1': 0.6011363636363636, 'precision': 0.5166015625, 'recall': 0.71875}
2025-02-26 23:14:10,726 - root - INFO - Epoch 0/10 step 30/300 eta 00:02:04: loss 0.804, train {'accuracy': 0.71875, 'f1': 0.6011363636363636, 'precision': 0.5166015625, 'recall': 0.71875}
2025-02-26 23:14:48,159 - root - INFO - Epoch 0 step 30: loss 0.654, val {'accuracy': 0.7801, 'f1': 0.6837, 'precision': 0.6085, 'recall': 0.7801}
2025-02-26 23:14:53,037 - root - INFO - Epoch 1/10 step 40/300 eta 00:06:05: loss 0.411, train {'accuracy': 0.875, 'f1': 0.8166666666666667, 'precision': 0.765625, 'recall': 0.875}
2025-02-26 23:14:57,305 - root - INFO - Epoch 1/10 step 50/300 eta 00:05:02: loss 0.488, train {'accuracy': 0.78125, 'f1': 0.6853070175438596, 'precision': 0.6103515625, 'recall': 0.78125}
2025-02-26 23:15:01,610 - root - INFO - Epoch 1/10 step 60/300 eta 00:04:19: loss 0.480, train {'accuracy': 0.8125, 'f1': 0.7526041666666666, 'precision': 0.8500000000000001, 'recall': 0.8125}
2025-02-26 23:15:39,264 - root - INFO - Epoch 1 step 60: loss 0.442, val {'accuracy': 0.8179, 'f1': 0.7813, 'precision': 0.8078, 'recall': 0.8179}
2025-02-26 23:15:44,154 - root - INFO - Epoch 2/10 step 70/300 eta 00:05:52: loss 0.358, train {'accuracy': 0.84375, 'f1': 0.853966346153846, 'precision': 0.8879076086956522, 'recall': 0.84375}
2025-02-26 23:15:48,421 - root - INFO - Epoch 2/10 step 80/300 eta 00:05:06: loss 0.236, train {'accuracy': 0.9375, 'f1': 0.9520089285714286, 'precision': 0.9791666666666666, 'recall': 0.9375}
2025-02-26 23:15:52,695 - root - INFO - Epoch 2/10 step 90/300 eta 00:04:30: loss 0.455, train {'accuracy': 0.78125, 'f1': 0.6983173076923077, 'precision': 0.6325431034482759, 'recall': 0.78125}
2025-02-26 23:16:30,305 - root - INFO - Epoch 2 step 90: loss 0.392, val {'accuracy': 0.8484, 'f1': 0.8382, 'precision': 0.8335, 'recall': 0.8484}
2025-02-26 23:16:35,274 - root - INFO - Epoch 3/10 step 100/300 eta 00:05:16: loss 0.245, train {'accuracy': 0.875, 'f1': 0.8409313725490195, 'precision': 0.8137019230769231, 'recall': 0.875}
2025-02-26 23:16:39,500 - root - INFO - Epoch 3/10 step 110/300 eta 00:04:40: loss 0.225, train {'accuracy': 0.90625, 'f1': 0.9175, 'precision': 0.953125, 'recall': 0.90625}
2025-02-26 23:16:43,843 - root - INFO - Epoch 3/10 step 120/300 eta 00:04:10: loss 0.113, train {'accuracy': 1.0, 'f1': 1.0, 'precision': 1.0, 'recall': 1.0}
2025-02-26 23:17:21,521 - root - INFO - Epoch 3 step 120: loss 0.421, val {'accuracy': 0.8414, 'f1': 0.8443, 'precision': 0.8482, 'recall': 0.8414}
2025-02-26 23:17:26,458 - root - INFO - Epoch 4/10 step 130/300 eta 00:04:34: loss 0.073, train {'accuracy': 1.0, 'f1': 1.0, 'precision': 1.0, 'recall': 1.0}
2025-02-26 23:17:30,734 - root - INFO - Epoch 4/10 step 140/300 eta 00:04:04: loss 0.197, train {'accuracy': 0.9375, 'f1': 0.9424242424242425, 'precision': 0.953125, 'recall': 0.9375}
2025-02-26 23:17:35,019 - root - INFO - Epoch 4/10 step 150/300 eta 00:03:38: loss 0.204, train {'accuracy': 0.9375, 'f1': 0.9360963356973995, 'precision': 0.9388020833333334, 'recall': 0.9375}
2025-02-26 23:18:12,510 - root - INFO - Epoch 4 step 150: loss 0.549, val {'accuracy': 0.8427, 'f1': 0.8153, 'precision': 0.8194, 'recall': 0.8427}
2025-02-26 23:18:12,510 - root - INFO - Early Stopping Check: No improvement for 1/3 epochs
2025-02-26 23:18:16,951 - root - INFO - Epoch 5/10 step 160/300 eta 00:03:47: loss 0.087, train {'accuracy': 0.96875, 'f1': 0.9682539682539683, 'precision': 0.975, 'recall': 0.96875}
2025-02-26 23:18:21,243 - root - INFO - Epoch 5/10 step 170/300 eta 00:03:22: loss 0.211, train {'accuracy': 0.9375, 'f1': 0.9346938775510203, 'precision': 0.9491666666666666, 'recall': 0.9375}
2025-02-26 23:18:25,549 - root - INFO - Epoch 5/10 step 180/300 eta 00:02:59: loss 0.048, train {'accuracy': 1.0, 'f1': 1.0, 'precision': 1.0, 'recall': 1.0}
2025-02-26 23:19:03,046 - root - INFO - Epoch 5 step 180: loss 0.547, val {'accuracy': 0.8476, 'f1': 0.8342, 'precision': 0.8337, 'recall': 0.8476}
2025-02-26 23:19:03,047 - root - INFO - Early Stopping Check: No improvement for 2/3 epochs
2025-02-26 23:19:07,495 - root - INFO - Epoch 6/10 step 190/300 eta 00:02:59: loss 0.025, train {'accuracy': 1.0, 'f1': 1.0, 'precision': 1.0, 'recall': 1.0}
2025-02-26 23:19:11,788 - root - INFO - Epoch 6/10 step 200/300 eta 00:02:37: loss 0.017, train {'accuracy': 1.0, 'f1': 1.0, 'precision': 1.0, 'recall': 1.0}
2025-02-26 23:19:16,052 - root - INFO - Epoch 6/10 step 210/300 eta 00:02:16: loss 0.097, train {'accuracy': 0.96875, 'f1': 0.969284188034188, 'precision': 0.975, 'recall': 0.96875}
2025-02-26 23:19:53,797 - root - INFO - Epoch 6 step 210: loss 0.543, val {'accuracy': 0.8508, 'f1': 0.8454, 'precision': 0.8447, 'recall': 0.8508}
2025-02-26 23:19:58,755 - root - INFO - Epoch 7/10 step 220/300 eta 00:02:11: loss 0.017, train {'accuracy': 1.0, 'f1': 1.0, 'precision': 1.0, 'recall': 1.0}
2025-02-26 23:20:03,028 - root - INFO - Epoch 7/10 step 230/300 eta 00:01:51: loss 0.015, train {'accuracy': 1.0, 'f1': 1.0, 'precision': 1.0, 'recall': 1.0}
2025-02-26 23:20:07,260 - root - INFO - Epoch 7/10 step 240/300 eta 00:01:32: loss 0.013, train {'accuracy': 1.0, 'f1': 1.0, 'precision': 1.0, 'recall': 1.0}
2025-02-26 23:20:44,903 - root - INFO - Epoch 7 step 240: loss 0.573, val {'accuracy': 0.8505, 'f1': 0.8436, 'precision': 0.8436, 'recall': 0.8505}
2025-02-26 23:20:44,903 - root - INFO - Early Stopping Check: No improvement for 1/3 epochs
2025-02-26 23:20:49,313 - root - INFO - Epoch 8/10 step 250/300 eta 00:01:22: loss 0.019, train {'accuracy': 1.0, 'f1': 1.0, 'precision': 1.0, 'recall': 1.0}
2025-02-26 23:20:53,526 - root - INFO - Epoch 8/10 step 260/300 eta 00:01:04: loss 0.015, train {'accuracy': 1.0, 'f1': 1.0, 'precision': 1.0, 'recall': 1.0}
2025-02-26 23:20:57,784 - root - INFO - Epoch 8/10 step 270/300 eta 00:00:46: loss 0.006, train {'accuracy': 1.0, 'f1': 1.0, 'precision': 1.0, 'recall': 1.0}
2025-02-26 23:21:35,399 - root - INFO - Epoch 8 step 270: loss 0.583, val {'accuracy': 0.8515, 'f1': 0.8432, 'precision': 0.8419, 'recall': 0.8515}
2025-02-26 23:21:35,399 - root - INFO - Early Stopping Check: No improvement for 2/3 epochs
2025-02-26 23:21:39,876 - root - INFO - Epoch 9/10 step 280/300 eta 00:00:33: loss 0.009, train {'accuracy': 1.0, 'f1': 1.0, 'precision': 1.0, 'recall': 1.0}
2025-02-26 23:21:44,122 - root - INFO - Epoch 9/10 step 290/300 eta 00:00:16: loss 0.021, train {'accuracy': 1.0, 'f1': 1.0, 'precision': 1.0, 'recall': 1.0}
2025-02-26 23:21:48,354 - root - INFO - Epoch 9/10 step 300/300 eta 00:00:00: loss 0.029, train {'accuracy': 1.0, 'f1': 1.0, 'precision': 1.0, 'recall': 1.0}
2025-02-26 23:22:25,907 - root - INFO - Epoch 9 step 300: loss 0.585, val {'accuracy': 0.8514, 'f1': 0.843, 'precision': 0.8419, 'recall': 0.8514}
2025-02-26 23:22:25,908 - root - INFO - Early Stopping Check: No improvement for 3/3 epochs
2025-02-26 23:22:25,908 - root - INFO - Stopping early at epoch 9 due to no improvement in validation F1 and increasing loss.
