2025-02-27 00:27:14,687 - root - INFO - Training/evaluation config: Namespace(seed=2021, data_path='./data/ctrip_20250224.csv', base_url='data/qunaer_20250226_balance19', num_class=3, val_ratio=0.2, prefetch=12, num_workers=6, train_batch_size=32, val_batch_size=32, word2Vec='./word2vec/sgns.weibo.bigram-char.bz2', word2Vec_dim=300, stopWords='./stopword/hit_stopwords.txt', bert_dir='hf_hub/models--hfl--chinese-bert-wwm-ext', bert_dim=768, bert_max_length=512, bert_padding='max_length', lstm_input_size=768, lstm_hidden_size=256, lstm_num_layers=2, lstm_dropout=0.0, feature_type=2, fusion_type='cat', adv_type='fgm', fgm_adv_epsilon=1.0, pgd_adv_epsilon=1.0, pgd_adv_alpha=0.3, pgd_adv_K=3, freelb_adv_K=3, freelb_adv_lr=0.01, freelb_adv_init_mag=0.02, smartp_adv_alpha=1.0, save_path='save/qunaer_20250226_balance19/models--hfl--chinese-bert-wwm-ext/feature2_fusioncat_advfgm_20250227002714', best_score=0.5, max_epochs=10, max_steps=50000, warmup_steps=200, print_steps=10, weight_decay=0.001, adam_eps=1e-06, adam_lr=5e-05, dropout=0.1, smoothing=0.0, patience=3, device='cuda', n_gpu=1)
2025-02-27 00:27:25,654 - root - INFO - Epoch 0/10 step 10/300 eta 00:04:40: loss 0.811, train {'accuracy': 0.8125, 'f1': 0.728448275862069, 'precision': 0.66015625, 'recall': 0.8125}
2025-02-27 00:27:34,203 - root - INFO - Epoch 0/10 step 20/300 eta 00:04:14: loss 0.596, train {'accuracy': 0.8125, 'f1': 0.728448275862069, 'precision': 0.66015625, 'recall': 0.8125}
2025-02-27 00:27:42,703 - root - INFO - Epoch 0/10 step 30/300 eta 00:04:00: loss 0.566, train {'accuracy': 0.8125, 'f1': 0.728448275862069, 'precision': 0.66015625, 'recall': 0.8125}
2025-02-27 00:28:21,017 - root - INFO - Epoch 0 step 30: loss 0.620, val {'accuracy': 0.7801, 'f1': 0.6837, 'precision': 0.6085, 'recall': 0.7801}
2025-02-27 00:28:30,211 - root - INFO - Epoch 1/10 step 40/300 eta 00:08:02: loss 0.591, train {'accuracy': 0.71875, 'f1': 0.6243261455525607, 'precision': 0.6754032258064516, 'recall': 0.71875}
2025-02-27 00:28:38,775 - root - INFO - Epoch 1/10 step 50/300 eta 00:06:53: loss 0.543, train {'accuracy': 0.8125, 'f1': 0.728448275862069, 'precision': 0.66015625, 'recall': 0.8125}
2025-02-27 00:28:47,333 - root - INFO - Epoch 1/10 step 60/300 eta 00:06:05: loss 0.496, train {'accuracy': 0.78125, 'f1': 0.7168055555555556, 'precision': 0.6622685185185185, 'recall': 0.78125}
2025-02-27 00:29:25,689 - root - INFO - Epoch 1 step 60: loss 0.461, val {'accuracy': 0.8083, 'f1': 0.7698, 'precision': 0.8289, 'recall': 0.8083}
2025-02-27 00:29:34,902 - root - INFO - Epoch 2/10 step 70/300 eta 00:07:36: loss 0.344, train {'accuracy': 0.90625, 'f1': 0.8996394230769231, 'precision': 0.9108796296296297, 'recall': 0.90625}
2025-02-27 00:29:43,468 - root - INFO - Epoch 2/10 step 80/300 eta 00:06:45: loss 0.397, train {'accuracy': 0.78125, 'f1': 0.7864583333333333, 'precision': 0.8201992753623188, 'recall': 0.78125}
2025-02-27 00:29:52,033 - root - INFO - Epoch 2/10 step 90/300 eta 00:06:04: loss 0.397, train {'accuracy': 0.8125, 'f1': 0.7855113636363636, 'precision': 0.7941810344827586, 'recall': 0.8125}
2025-02-27 00:30:31,022 - root - INFO - Epoch 2 step 90: loss 0.460, val {'accuracy': 0.8348, 'f1': 0.8032, 'precision': 0.8085, 'recall': 0.8348}
2025-02-27 00:30:40,195 - root - INFO - Epoch 3/10 step 100/300 eta 00:06:48: loss 0.262, train {'accuracy': 0.9375, 'f1': 0.9375, 'precision': 0.9375, 'recall': 0.9375}
2025-02-27 00:30:48,729 - root - INFO - Epoch 3/10 step 110/300 eta 00:06:07: loss 0.201, train {'accuracy': 0.9375, 'f1': 0.9418811274509804, 'precision': 0.9625, 'recall': 0.9375}
2025-02-27 00:30:57,233 - root - INFO - Epoch 3/10 step 120/300 eta 00:05:31: loss 0.223, train {'accuracy': 0.9375, 'f1': 0.9375, 'precision': 0.9375, 'recall': 0.9375}
2025-02-27 00:31:35,367 - root - INFO - Epoch 3 step 120: loss 0.390, val {'accuracy': 0.8404, 'f1': 0.8425, 'precision': 0.8455, 'recall': 0.8404}
2025-02-27 00:31:44,691 - root - INFO - Epoch 4/10 step 130/300 eta 00:05:51: loss 0.185, train {'accuracy': 0.90625, 'f1': 0.916360294117647, 'precision': 0.9401041666666666, 'recall': 0.90625}
2025-02-27 00:31:53,281 - root - INFO - Epoch 4/10 step 140/300 eta 00:05:16: loss 0.182, train {'accuracy': 0.96875, 'f1': 0.9647435897435898, 'precision': 0.9732142857142857, 'recall': 0.96875}
2025-02-27 00:32:01,942 - root - INFO - Epoch 4/10 step 150/300 eta 00:04:45: loss 0.186, train {'accuracy': 0.90625, 'f1': 0.910178916827853, 'precision': 0.9166666666666666, 'recall': 0.90625}
2025-02-27 00:32:40,001 - root - INFO - Epoch 4 step 150: loss 0.438, val {'accuracy': 0.8219, 'f1': 0.8325, 'precision': 0.8503, 'recall': 0.8219}
2025-02-27 00:32:40,001 - root - INFO - Early Stopping Check: No improvement for 1/3 epochs
2025-02-27 00:32:48,901 - root - INFO - Epoch 5/10 step 160/300 eta 00:04:51: loss 0.077, train {'accuracy': 1.0, 'f1': 1.0, 'precision': 1.0, 'recall': 1.0}
2025-02-27 00:32:57,490 - root - INFO - Epoch 5/10 step 170/300 eta 00:04:21: loss 0.029, train {'accuracy': 1.0, 'f1': 1.0, 'precision': 1.0, 'recall': 1.0}
2025-02-27 00:33:06,064 - root - INFO - Epoch 5/10 step 180/300 eta 00:03:53: loss 0.024, train {'accuracy': 1.0, 'f1': 1.0, 'precision': 1.0, 'recall': 1.0}
2025-02-27 00:33:44,341 - root - INFO - Epoch 5 step 180: loss 0.449, val {'accuracy': 0.8541, 'f1': 0.848, 'precision': 0.8444, 'recall': 0.8541}
2025-02-27 00:33:53,558 - root - INFO - Epoch 6/10 step 190/300 eta 00:03:50: loss 0.177, train {'accuracy': 0.96875, 'f1': 0.9678805237315875, 'precision': 0.9700520833333334, 'recall': 0.96875}
2025-02-27 00:34:02,114 - root - INFO - Epoch 6/10 step 200/300 eta 00:03:23: loss 0.049, train {'accuracy': 1.0, 'f1': 1.0, 'precision': 1.0, 'recall': 1.0}
2025-02-27 00:34:10,654 - root - INFO - Epoch 6/10 step 210/300 eta 00:02:57: loss 0.014, train {'accuracy': 1.0, 'f1': 1.0, 'precision': 1.0, 'recall': 1.0}
2025-02-27 00:34:49,067 - root - INFO - Epoch 6 step 210: loss 0.491, val {'accuracy': 0.8455, 'f1': 0.8437, 'precision': 0.8492, 'recall': 0.8455}
2025-02-27 00:34:49,067 - root - INFO - Early Stopping Check: No improvement for 1/3 epochs
2025-02-27 00:34:57,973 - root - INFO - Epoch 7/10 step 220/300 eta 00:02:47: loss 0.016, train {'accuracy': 1.0, 'f1': 1.0, 'precision': 1.0, 'recall': 1.0}
2025-02-27 00:35:06,500 - root - INFO - Epoch 7/10 step 230/300 eta 00:02:23: loss 0.016, train {'accuracy': 1.0, 'f1': 1.0, 'precision': 1.0, 'recall': 1.0}
2025-02-27 00:35:15,048 - root - INFO - Epoch 7/10 step 240/300 eta 00:01:59: loss 0.011, train {'accuracy': 1.0, 'f1': 1.0, 'precision': 1.0, 'recall': 1.0}
2025-02-27 00:35:53,375 - root - INFO - Epoch 7 step 240: loss 0.514, val {'accuracy': 0.8483, 'f1': 0.8447, 'precision': 0.8478, 'recall': 0.8483}
2025-02-27 00:35:53,376 - root - INFO - Early Stopping Check: No improvement for 2/3 epochs
2025-02-27 00:36:02,233 - root - INFO - Epoch 8/10 step 250/300 eta 00:01:45: loss 0.079, train {'accuracy': 0.96875, 'f1': 0.9658898305084747, 'precision': 0.9697916666666667, 'recall': 0.96875}
2025-02-27 00:36:10,824 - root - INFO - Epoch 8/10 step 260/300 eta 00:01:22: loss 0.013, train {'accuracy': 1.0, 'f1': 1.0, 'precision': 1.0, 'recall': 1.0}
2025-02-27 00:36:19,398 - root - INFO - Epoch 8/10 step 270/300 eta 00:01:00: loss 0.010, train {'accuracy': 1.0, 'f1': 1.0, 'precision': 1.0, 'recall': 1.0}
2025-02-27 00:36:57,733 - root - INFO - Epoch 8 step 270: loss 0.522, val {'accuracy': 0.8512, 'f1': 0.8464, 'precision': 0.8464, 'recall': 0.8512}
2025-02-27 00:36:57,733 - root - INFO - Early Stopping Check: No improvement for 3/3 epochs
2025-02-27 00:36:57,733 - root - INFO - Stopping early at epoch 8 due to no improvement in validation F1 and increasing loss.
