2025-02-27 00:10:52,174 - root - INFO - Training/evaluation config: Namespace(seed=2021, data_path='./data/ctrip_20250224.csv', base_url='data/qunaer_20250226_balance19', num_class=3, val_ratio=0.2, prefetch=12, num_workers=6, train_batch_size=32, val_batch_size=32, word2Vec='./word2vec/sgns.weibo.bigram-char.bz2', word2Vec_dim=300, stopWords='./stopword/hit_stopwords.txt', bert_dir='hf_hub/models--hfl--chinese-bert-wwm-ext', bert_dim=768, bert_max_length=512, bert_padding='max_length', lstm_input_size=768, lstm_hidden_size=256, lstm_num_layers=2, lstm_dropout=0.0, feature_type=2, fusion_type='weighted', adv_type='none', fgm_adv_epsilon=1.0, pgd_adv_epsilon=1.0, pgd_adv_alpha=0.3, pgd_adv_K=3, freelb_adv_K=3, freelb_adv_lr=0.01, freelb_adv_init_mag=0.02, smartp_adv_alpha=1.0, save_path='save/qunaer_20250226_balance19/models--hfl--chinese-bert-wwm-ext/feature2_fusionweighted_advnone_20250227001052', best_score=0.5, max_epochs=10, max_steps=50000, warmup_steps=200, print_steps=10, weight_decay=0.001, adam_eps=1e-06, adam_lr=5e-05, dropout=0.1, smoothing=0.0, patience=3, device='cuda', n_gpu=1)
2025-02-27 00:10:58,908 - root - INFO - Epoch 0/10 step 10/300 eta 00:02:34: loss 0.990, train {'accuracy': 0.875, 'f1': 0.8166666666666667, 'precision': 0.765625, 'recall': 0.875}
2025-02-27 00:11:03,274 - root - INFO - Epoch 0/10 step 20/300 eta 00:02:15: loss 0.778, train {'accuracy': 0.71875, 'f1': 0.6011363636363636, 'precision': 0.5166015625, 'recall': 0.71875}
2025-02-27 00:11:07,602 - root - INFO - Epoch 0/10 step 30/300 eta 00:02:06: loss 0.820, train {'accuracy': 0.71875, 'f1': 0.6011363636363636, 'precision': 0.5166015625, 'recall': 0.71875}
2025-02-27 00:11:45,877 - root - INFO - Epoch 0 step 30: loss 0.665, val {'accuracy': 0.7801, 'f1': 0.6837, 'precision': 0.6085, 'recall': 0.7801}
2025-02-27 00:11:50,794 - root - INFO - Epoch 1/10 step 40/300 eta 00:06:11: loss 0.545, train {'accuracy': 0.875, 'f1': 0.8166666666666667, 'precision': 0.765625, 'recall': 0.875}
2025-02-27 00:11:55,136 - root - INFO - Epoch 1/10 step 50/300 eta 00:05:07: loss 0.674, train {'accuracy': 0.78125, 'f1': 0.6853070175438596, 'precision': 0.6103515625, 'recall': 0.78125}
2025-02-27 00:11:59,470 - root - INFO - Epoch 1/10 step 60/300 eta 00:04:23: loss 0.528, train {'accuracy': 0.75, 'f1': 0.6428571428571428, 'precision': 0.5625, 'recall': 0.75}
2025-02-27 00:12:37,905 - root - INFO - Epoch 1 step 60: loss 0.533, val {'accuracy': 0.7801, 'f1': 0.6841, 'precision': 0.6303, 'recall': 0.7801}
2025-02-27 00:12:42,899 - root - INFO - Epoch 2/10 step 70/300 eta 00:05:59: loss 0.590, train {'accuracy': 0.75, 'f1': 0.7730978260869565, 'precision': 0.8273809523809523, 'recall': 0.75}
2025-02-27 00:12:47,248 - root - INFO - Epoch 2/10 step 80/300 eta 00:05:12: loss 0.480, train {'accuracy': 0.6875, 'f1': 0.7664583333333334, 'precision': 0.9090909090909091, 'recall': 0.6875}
2025-02-27 00:12:51,625 - root - INFO - Epoch 2/10 step 90/300 eta 00:04:35: loss 0.654, train {'accuracy': 0.75, 'f1': 0.710625, 'precision': 0.7106481481481481, 'recall': 0.75}
2025-02-27 00:13:30,084 - root - INFO - Epoch 2 step 90: loss 0.548, val {'accuracy': 0.7966, 'f1': 0.7436, 'precision': 0.7325, 'recall': 0.7966}
2025-02-27 00:13:35,158 - root - INFO - Epoch 3/10 step 100/300 eta 00:05:23: loss 0.436, train {'accuracy': 0.8125, 'f1': 0.7700471698113208, 'precision': 0.7321428571428571, 'recall': 0.8125}
2025-02-27 00:13:39,499 - root - INFO - Epoch 3/10 step 110/300 eta 00:04:46: loss 0.615, train {'accuracy': 0.78125, 'f1': 0.712719298245614, 'precision': 0.6552419354838709, 'recall': 0.78125}
2025-02-27 00:13:43,838 - root - INFO - Epoch 3/10 step 120/300 eta 00:04:15: loss 0.324, train {'accuracy': 0.8125, 'f1': 0.7875, 'precision': 0.7767857142857143, 'recall': 0.8125}
2025-02-27 00:14:22,190 - root - INFO - Epoch 3 step 120: loss 0.447, val {'accuracy': 0.8043, 'f1': 0.7714, 'precision': 0.8001, 'recall': 0.8043}
2025-02-27 00:14:27,201 - root - INFO - Epoch 4/10 step 130/300 eta 00:04:39: loss 0.308, train {'accuracy': 0.875, 'f1': 0.8882812500000001, 'precision': 0.9464285714285714, 'recall': 0.875}
2025-02-27 00:14:31,575 - root - INFO - Epoch 4/10 step 140/300 eta 00:04:09: loss 0.126, train {'accuracy': 1.0, 'f1': 1.0, 'precision': 1.0, 'recall': 1.0}
2025-02-27 00:14:35,931 - root - INFO - Epoch 4/10 step 150/300 eta 00:03:42: loss 0.372, train {'accuracy': 0.84375, 'f1': 0.840625, 'precision': 0.8541666666666666, 'recall': 0.84375}
2025-02-27 00:15:14,348 - root - INFO - Epoch 4 step 150: loss 0.436, val {'accuracy': 0.8221, 'f1': 0.8196, 'precision': 0.8311, 'recall': 0.8221}
2025-02-27 00:15:19,323 - root - INFO - Epoch 5/10 step 160/300 eta 00:03:52: loss 0.285, train {'accuracy': 0.875, 'f1': 0.8673758865248227, 'precision': 0.9375, 'recall': 0.875}
2025-02-27 00:15:23,640 - root - INFO - Epoch 5/10 step 170/300 eta 00:03:26: loss 0.295, train {'accuracy': 0.84375, 'f1': 0.8290816326530612, 'precision': 0.8462500000000001, 'recall': 0.84375}
2025-02-27 00:15:27,999 - root - INFO - Epoch 5/10 step 180/300 eta 00:03:02: loss 0.085, train {'accuracy': 0.96875, 'f1': 0.9657738095238095, 'precision': 0.9765625, 'recall': 0.96875}
2025-02-27 00:16:06,427 - root - INFO - Epoch 5 step 180: loss 0.470, val {'accuracy': 0.8422, 'f1': 0.8283, 'precision': 0.8258, 'recall': 0.8422}
2025-02-27 00:16:11,405 - root - INFO - Epoch 6/10 step 190/300 eta 00:03:03: loss 0.116, train {'accuracy': 0.96875, 'f1': 0.9831730769230769, 'precision': 1.0, 'recall': 0.96875}
2025-02-27 00:16:15,751 - root - INFO - Epoch 6/10 step 200/300 eta 00:02:41: loss 0.059, train {'accuracy': 1.0, 'f1': 1.0, 'precision': 1.0, 'recall': 1.0}
2025-02-27 00:16:20,103 - root - INFO - Epoch 6/10 step 210/300 eta 00:02:19: loss 0.127, train {'accuracy': 0.96875, 'f1': 0.969284188034188, 'precision': 0.975, 'recall': 0.96875}
2025-02-27 00:16:58,288 - root - INFO - Epoch 6 step 210: loss 0.519, val {'accuracy': 0.8465, 'f1': 0.8371, 'precision': 0.8348, 'recall': 0.8465}
2025-02-27 00:17:03,229 - root - INFO - Epoch 7/10 step 220/300 eta 00:02:14: loss 0.070, train {'accuracy': 0.96875, 'f1': 0.9638480392156862, 'precision': 0.9699519230769231, 'recall': 0.96875}
2025-02-27 00:17:07,575 - root - INFO - Epoch 7/10 step 230/300 eta 00:01:53: loss 0.045, train {'accuracy': 1.0, 'f1': 1.0, 'precision': 1.0, 'recall': 1.0}
2025-02-27 00:17:11,906 - root - INFO - Epoch 7/10 step 240/300 eta 00:01:34: loss 0.032, train {'accuracy': 1.0, 'f1': 1.0, 'precision': 1.0, 'recall': 1.0}
2025-02-27 00:17:50,312 - root - INFO - Epoch 7 step 240: loss 0.530, val {'accuracy': 0.8428, 'f1': 0.8361, 'precision': 0.8351, 'recall': 0.8428}
2025-02-27 00:17:50,313 - root - INFO - Early Stopping Check: No improvement for 1/3 epochs
2025-02-27 00:17:54,826 - root - INFO - Epoch 8/10 step 250/300 eta 00:01:24: loss 0.071, train {'accuracy': 0.96875, 'f1': 0.9708333333333333, 'precision': 0.9791666666666667, 'recall': 0.96875}
2025-02-27 00:17:59,150 - root - INFO - Epoch 8/10 step 260/300 eta 00:01:05: loss 0.057, train {'accuracy': 1.0, 'f1': 1.0, 'precision': 1.0, 'recall': 1.0}
2025-02-27 00:18:03,483 - root - INFO - Epoch 8/10 step 270/300 eta 00:00:47: loss 0.012, train {'accuracy': 1.0, 'f1': 1.0, 'precision': 1.0, 'recall': 1.0}
2025-02-27 00:18:41,768 - root - INFO - Epoch 8 step 270: loss 0.535, val {'accuracy': 0.8401, 'f1': 0.8341, 'precision': 0.8346, 'recall': 0.8401}
2025-02-27 00:18:41,769 - root - INFO - Early Stopping Check: No improvement for 2/3 epochs
2025-02-27 00:18:46,343 - root - INFO - Epoch 9/10 step 280/300 eta 00:00:33: loss 0.022, train {'accuracy': 1.0, 'f1': 1.0, 'precision': 1.0, 'recall': 1.0}
2025-02-27 00:18:50,709 - root - INFO - Epoch 9/10 step 290/300 eta 00:00:16: loss 0.063, train {'accuracy': 1.0, 'f1': 1.0, 'precision': 1.0, 'recall': 1.0}
2025-02-27 00:18:55,037 - root - INFO - Epoch 9/10 step 300/300 eta 00:00:00: loss 0.120, train {'accuracy': 0.96875, 'f1': 0.9706757703081232, 'precision': 0.9765625, 'recall': 0.96875}
2025-02-27 00:19:33,323 - root - INFO - Epoch 9 step 300: loss 0.537, val {'accuracy': 0.8406, 'f1': 0.8345, 'precision': 0.8348, 'recall': 0.8406}
2025-02-27 00:19:33,323 - root - INFO - Early Stopping Check: No improvement for 3/3 epochs
2025-02-27 00:19:33,323 - root - INFO - Stopping early at epoch 9 due to no improvement in validation F1 and increasing loss.
