2025-02-27 11:28:38,684 - root - INFO - Training/evaluation config: Namespace(seed=2021, data_path='./data/ctrip_20250224.csv', base_url='data/qunaer_20250226_balance82', num_class=3, val_ratio=0.2, prefetch=12, num_workers=6, train_batch_size=32, val_batch_size=32, word2Vec='./word2vec/sgns.weibo.bigram-char.bz2', word2Vec_dim=300, stopWords='./stopword/hit_stopwords.txt', bert_dir='hf_hub/models--nghuyong--ernie-3.0-base-zh', bert_dim=768, bert_max_length=512, bert_padding='max_length', lstm_input_size=768, lstm_hidden_size=256, lstm_num_layers=2, lstm_dropout=0.0, feature_type=2, fusion_type='weighted', adv_type='none', fgm_adv_epsilon=1.0, pgd_adv_epsilon=1.0, pgd_adv_alpha=0.3, pgd_adv_K=3, freelb_adv_K=3, freelb_adv_lr=0.01, freelb_adv_init_mag=0.02, smartp_adv_alpha=1.0, save_path='save/qunaer_20250226_balance82/models--nghuyong--ernie-3.0-base-zh/feature2_fusionweighted_advnone_20250227112838', best_score=0.5, max_epochs=10, max_steps=50000, warmup_steps=200, print_steps=10, weight_decay=0.001, adam_eps=1e-06, adam_lr=5e-05, dropout=0.1, smoothing=0.0, patience=3, device='cuda', n_gpu=1)
2025-02-27 11:28:46,063 - root - INFO - Epoch 0/10 step 10/2470 eta 00:25:41: loss 1.090, train {'accuracy': 0.53125, 'f1': 0.5113636363636364, 'precision': 0.5069444444444444, 'recall': 0.53125}
2025-02-27 11:28:51,244 - root - INFO - Epoch 0/10 step 20/2470 eta 00:23:22: loss 1.076, train {'accuracy': 0.75, 'f1': 0.6964285714285714, 'precision': 0.65, 'recall': 0.75}
2025-02-27 11:28:56,423 - root - INFO - Epoch 0/10 step 30/2470 eta 00:22:32: loss 1.070, train {'accuracy': 0.75, 'f1': 0.6428571428571428, 'precision': 0.5625, 'recall': 0.75}
2025-02-27 11:29:01,573 - root - INFO - Epoch 0/10 step 40/2470 eta 00:22:02: loss 1.042, train {'accuracy': 0.84375, 'f1': 0.7722457627118644, 'precision': 0.7119140625, 'recall': 0.84375}
2025-02-27 11:29:06,696 - root - INFO - Epoch 0/10 step 50/2470 eta 00:21:41: loss 1.020, train {'accuracy': 0.6875, 'f1': 0.5601851851851851, 'precision': 0.47265625, 'recall': 0.6875}
2025-02-27 11:29:11,819 - root - INFO - Epoch 0/10 step 60/2470 eta 00:21:26: loss 0.776, train {'accuracy': 0.84375, 'f1': 0.7722457627118644, 'precision': 0.7119140625, 'recall': 0.84375}
2025-02-27 11:29:16,970 - root - INFO - Epoch 0/10 step 70/2470 eta 00:21:14: loss 0.702, train {'accuracy': 0.78125, 'f1': 0.6853070175438596, 'precision': 0.6103515625, 'recall': 0.78125}
2025-02-27 11:29:22,095 - root - INFO - Epoch 0/10 step 80/2470 eta 00:21:03: loss 0.768, train {'accuracy': 0.71875, 'f1': 0.6011363636363636, 'precision': 0.5166015625, 'recall': 0.71875}
2025-02-27 11:29:27,231 - root - INFO - Epoch 0/10 step 90/2470 eta 00:20:54: loss 0.543, train {'accuracy': 0.8125, 'f1': 0.728448275862069, 'precision': 0.66015625, 'recall': 0.8125}
2025-02-27 11:29:32,365 - root - INFO - Epoch 0/10 step 100/2470 eta 00:20:45: loss 0.452, train {'accuracy': 0.875, 'f1': 0.8166666666666667, 'precision': 0.765625, 'recall': 0.875}
2025-02-27 11:29:37,508 - root - INFO - Epoch 0/10 step 110/2470 eta 00:20:38: loss 0.670, train {'accuracy': 0.71875, 'f1': 0.6011363636363636, 'precision': 0.5166015625, 'recall': 0.71875}
2025-02-27 11:29:42,644 - root - INFO - Epoch 0/10 step 120/2470 eta 00:20:30: loss 0.597, train {'accuracy': 0.71875, 'f1': 0.6011363636363636, 'precision': 0.5166015625, 'recall': 0.71875}
2025-02-27 11:29:47,796 - root - INFO - Epoch 0/10 step 130/2470 eta 00:20:24: loss 0.493, train {'accuracy': 0.78125, 'f1': 0.6853070175438596, 'precision': 0.6103515625, 'recall': 0.78125}
2025-02-27 11:29:52,940 - root - INFO - Epoch 0/10 step 140/2470 eta 00:20:17: loss 0.439, train {'accuracy': 0.8125, 'f1': 0.728448275862069, 'precision': 0.66015625, 'recall': 0.8125}
2025-02-27 11:29:58,110 - root - INFO - Epoch 0/10 step 150/2470 eta 00:20:11: loss 0.333, train {'accuracy': 0.84375, 'f1': 0.7722457627118644, 'precision': 0.7119140625, 'recall': 0.84375}
2025-02-27 11:30:03,319 - root - INFO - Epoch 0/10 step 160/2470 eta 00:20:05: loss 0.397, train {'accuracy': 0.875, 'f1': 0.8166666666666667, 'precision': 0.765625, 'recall': 0.875}
2025-02-27 11:30:08,468 - root - INFO - Epoch 0/10 step 170/2470 eta 00:19:59: loss 0.398, train {'accuracy': 0.8125, 'f1': 0.728448275862069, 'precision': 0.66015625, 'recall': 0.8125}
2025-02-27 11:30:13,612 - root - INFO - Epoch 0/10 step 180/2470 eta 00:19:53: loss 0.583, train {'accuracy': 0.71875, 'f1': 0.6122685185185185, 'precision': 0.5332661290322581, 'recall': 0.71875}
2025-02-27 11:30:18,778 - root - INFO - Epoch 0/10 step 190/2470 eta 00:19:47: loss 0.204, train {'accuracy': 0.875, 'f1': 0.8305084745762712, 'precision': 0.7903225806451613, 'recall': 0.875}
2025-02-27 11:30:23,912 - root - INFO - Epoch 0/10 step 200/2470 eta 00:19:41: loss 0.341, train {'accuracy': 0.9375, 'f1': 0.9281994047619048, 'precision': 0.9418103448275862, 'recall': 0.9375}
2025-02-27 11:30:29,121 - root - INFO - Epoch 0/10 step 210/2470 eta 00:19:36: loss 0.462, train {'accuracy': 0.84375, 'f1': 0.8368055555555556, 'precision': 0.83125, 'recall': 0.84375}
2025-02-27 11:30:34,289 - root - INFO - Epoch 0/10 step 220/2470 eta 00:19:30: loss 0.462, train {'accuracy': 0.8125, 'f1': 0.7844827586206897, 'precision': 0.7583333333333333, 'recall': 0.8125}
2025-02-27 11:30:39,436 - root - INFO - Epoch 0/10 step 230/2470 eta 00:19:25: loss 0.512, train {'accuracy': 0.875, 'f1': 0.8377976190476191, 'precision': 0.8291666666666667, 'recall': 0.875}
2025-02-27 11:30:44,577 - root - INFO - Epoch 0/10 step 240/2470 eta 00:19:19: loss 0.610, train {'accuracy': 0.84375, 'f1': 0.804245283018868, 'precision': 0.8081896551724138, 'recall': 0.84375}
2025-02-27 11:30:59,128 - root - INFO - Epoch 0 step 247: loss 0.721, val {'accuracy': 0.7806, 'f1': 0.6844, 'precision': 0.6093, 'recall': 0.7806}
2025-02-27 11:31:01,386 - root - INFO - Epoch 1/10 step 250/2470 eta 00:20:57: loss 0.667, train {'accuracy': 0.78125, 'f1': 0.6853070175438596, 'precision': 0.6103515625, 'recall': 0.78125}
2025-02-27 11:31:06,588 - root - INFO - Epoch 1/10 step 260/2470 eta 00:20:47: loss 0.830, train {'accuracy': 0.6875, 'f1': 0.5601851851851851, 'precision': 0.47265625, 'recall': 0.6875}
2025-02-27 11:31:11,795 - root - INFO - Epoch 1/10 step 270/2470 eta 00:20:38: loss 0.690, train {'accuracy': 0.8125, 'f1': 0.728448275862069, 'precision': 0.66015625, 'recall': 0.8125}
2025-02-27 11:31:17,016 - root - INFO - Epoch 1/10 step 280/2470 eta 00:20:29: loss 0.715, train {'accuracy': 0.8125, 'f1': 0.728448275862069, 'precision': 0.66015625, 'recall': 0.8125}
2025-02-27 11:31:22,282 - root - INFO - Epoch 1/10 step 290/2470 eta 00:20:21: loss 0.491, train {'accuracy': 0.84375, 'f1': 0.7855603448275862, 'precision': 0.7348790322580645, 'recall': 0.84375}
2025-02-27 11:31:27,487 - root - INFO - Epoch 1/10 step 300/2470 eta 00:20:12: loss 0.632, train {'accuracy': 0.8125, 'f1': 0.728448275862069, 'precision': 0.66015625, 'recall': 0.8125}
2025-02-27 11:31:32,638 - root - INFO - Epoch 1/10 step 310/2470 eta 00:20:04: loss 0.665, train {'accuracy': 0.78125, 'f1': 0.6853070175438596, 'precision': 0.6103515625, 'recall': 0.78125}
2025-02-27 11:31:37,802 - root - INFO - Epoch 1/10 step 320/2470 eta 00:19:55: loss 0.551, train {'accuracy': 0.8125, 'f1': 0.7412280701754386, 'precision': 0.6814516129032259, 'recall': 0.8125}
2025-02-27 11:31:43,006 - root - INFO - Epoch 1/10 step 330/2470 eta 00:19:48: loss 0.723, train {'accuracy': 0.6875, 'f1': 0.5856481481481481, 'precision': 0.5100806451612904, 'recall': 0.6875}
2025-02-27 11:31:48,209 - root - INFO - Epoch 1/10 step 340/2470 eta 00:19:40: loss 0.846, train {'accuracy': 0.6875, 'f1': 0.5717147435897436, 'precision': 0.5070564516129032, 'recall': 0.6875}
2025-02-27 11:31:53,435 - root - INFO - Epoch 1/10 step 350/2470 eta 00:19:32: loss 0.598, train {'accuracy': 0.8125, 'f1': 0.728448275862069, 'precision': 0.66015625, 'recall': 0.8125}
2025-02-27 11:31:58,617 - root - INFO - Epoch 1/10 step 360/2470 eta 00:19:25: loss 0.595, train {'accuracy': 0.84375, 'f1': 0.7912280701754386, 'precision': 0.8064516129032259, 'recall': 0.84375}
2025-02-27 11:32:03,795 - root - INFO - Epoch 1/10 step 370/2470 eta 00:19:17: loss 0.814, train {'accuracy': 0.6875, 'f1': 0.5601851851851851, 'precision': 0.47265625, 'recall': 0.6875}
2025-02-27 11:32:08,993 - root - INFO - Epoch 1/10 step 380/2470 eta 00:19:10: loss 0.583, train {'accuracy': 0.8125, 'f1': 0.728448275862069, 'precision': 0.66015625, 'recall': 0.8125}
2025-02-27 11:32:14,142 - root - INFO - Epoch 1/10 step 390/2470 eta 00:19:03: loss 0.512, train {'accuracy': 0.84375, 'f1': 0.7933114035087719, 'precision': 0.8377016129032259, 'recall': 0.84375}
2025-02-27 11:32:19,299 - root - INFO - Epoch 1/10 step 400/2470 eta 00:18:55: loss 0.562, train {'accuracy': 0.84375, 'f1': 0.7722457627118644, 'precision': 0.7119140625, 'recall': 0.84375}
2025-02-27 11:32:24,476 - root - INFO - Epoch 1/10 step 410/2470 eta 00:18:48: loss 0.639, train {'accuracy': 0.78125, 'f1': 0.6853070175438596, 'precision': 0.6103515625, 'recall': 0.78125}
2025-02-27 11:32:29,620 - root - INFO - Epoch 1/10 step 420/2470 eta 00:18:41: loss 0.668, train {'accuracy': 0.78125, 'f1': 0.6853070175438596, 'precision': 0.6103515625, 'recall': 0.78125}
2025-02-27 11:32:34,789 - root - INFO - Epoch 1/10 step 430/2470 eta 00:18:34: loss 0.465, train {'accuracy': 0.875, 'f1': 0.8166666666666667, 'precision': 0.765625, 'recall': 0.875}
2025-02-27 11:32:39,930 - root - INFO - Epoch 1/10 step 440/2470 eta 00:18:27: loss 0.558, train {'accuracy': 0.84375, 'f1': 0.7722457627118644, 'precision': 0.7119140625, 'recall': 0.84375}
2025-02-27 11:32:45,161 - root - INFO - Epoch 1/10 step 450/2470 eta 00:18:21: loss 0.665, train {'accuracy': 0.84375, 'f1': 0.7724780701754386, 'precision': 0.7127016129032259, 'recall': 0.84375}
2025-02-27 11:32:50,349 - root - INFO - Epoch 1/10 step 460/2470 eta 00:18:14: loss 0.477, train {'accuracy': 0.84375, 'f1': 0.7722457627118644, 'precision': 0.7119140625, 'recall': 0.84375}
2025-02-27 11:32:55,516 - root - INFO - Epoch 1/10 step 470/2470 eta 00:18:08: loss 0.734, train {'accuracy': 0.75, 'f1': 0.6428571428571428, 'precision': 0.5625, 'recall': 0.75}
2025-02-27 11:33:00,730 - root - INFO - Epoch 1/10 step 480/2470 eta 00:18:01: loss 0.789, train {'accuracy': 0.71875, 'f1': 0.6122685185185185, 'precision': 0.5332661290322581, 'recall': 0.71875}
2025-02-27 11:33:05,889 - root - INFO - Epoch 1/10 step 490/2470 eta 00:17:55: loss 0.500, train {'accuracy': 0.875, 'f1': 0.8324353448275862, 'precision': 0.8286290322580645, 'recall': 0.875}
2025-02-27 11:33:18,878 - root - INFO - Epoch 1 step 494: loss 0.691, val {'accuracy': 0.7776, 'f1': 0.685, 'precision': 0.6484, 'recall': 0.7776}
2025-02-27 11:33:22,659 - root - INFO - Epoch 2/10 step 500/2470 eta 00:18:34: loss 0.904, train {'accuracy': 0.6875, 'f1': 0.5601851851851851, 'precision': 0.47265625, 'recall': 0.6875}
2025-02-27 11:33:27,861 - root - INFO - Epoch 2/10 step 510/2470 eta 00:18:27: loss 0.583, train {'accuracy': 0.84375, 'f1': 0.7912280701754386, 'precision': 0.8064516129032259, 'recall': 0.84375}
2025-02-27 11:33:33,007 - root - INFO - Epoch 2/10 step 520/2470 eta 00:18:19: loss 0.554, train {'accuracy': 0.8125, 'f1': 0.7392113095238095, 'precision': 0.6925403225806451, 'recall': 0.8125}
2025-02-27 11:33:38,162 - root - INFO - Epoch 2/10 step 530/2470 eta 00:18:12: loss 0.819, train {'accuracy': 0.71875, 'f1': 0.6011363636363636, 'precision': 0.5166015625, 'recall': 0.71875}
2025-02-27 11:33:43,343 - root - INFO - Epoch 2/10 step 540/2470 eta 00:18:04: loss 0.590, train {'accuracy': 0.8125, 'f1': 0.728448275862069, 'precision': 0.66015625, 'recall': 0.8125}
2025-02-27 11:33:48,504 - root - INFO - Epoch 2/10 step 550/2470 eta 00:17:57: loss 0.516, train {'accuracy': 0.84375, 'f1': 0.7722457627118644, 'precision': 0.7119140625, 'recall': 0.84375}
2025-02-27 11:33:53,666 - root - INFO - Epoch 2/10 step 560/2470 eta 00:17:50: loss 0.775, train {'accuracy': 0.71875, 'f1': 0.6011363636363636, 'precision': 0.5166015625, 'recall': 0.71875}
2025-02-27 11:33:58,811 - root - INFO - Epoch 2/10 step 570/2470 eta 00:17:43: loss 0.508, train {'accuracy': 0.84375, 'f1': 0.7722457627118644, 'precision': 0.7119140625, 'recall': 0.84375}
2025-02-27 11:34:03,978 - root - INFO - Epoch 2/10 step 580/2470 eta 00:17:36: loss 1.023, train {'accuracy': 0.625, 'f1': 0.5, 'precision': 0.41666666666666663, 'recall': 0.625}
2025-02-27 11:34:09,118 - root - INFO - Epoch 2/10 step 590/2470 eta 00:17:29: loss 0.585, train {'accuracy': 0.8125, 'f1': 0.728448275862069, 'precision': 0.66015625, 'recall': 0.8125}
2025-02-27 11:34:14,282 - root - INFO - Epoch 2/10 step 600/2470 eta 00:17:22: loss 0.471, train {'accuracy': 0.90625, 'f1': 0.8616803278688524, 'precision': 0.8212890625, 'recall': 0.90625}
2025-02-27 11:34:19,433 - root - INFO - Epoch 2/10 step 610/2470 eta 00:17:15: loss 0.572, train {'accuracy': 0.8125, 'f1': 0.728448275862069, 'precision': 0.66015625, 'recall': 0.8125}
2025-02-27 11:34:24,632 - root - INFO - Epoch 2/10 step 620/2470 eta 00:17:08: loss 0.452, train {'accuracy': 0.875, 'f1': 0.8166666666666667, 'precision': 0.765625, 'recall': 0.875}
2025-02-27 11:34:29,810 - root - INFO - Epoch 2/10 step 630/2470 eta 00:17:02: loss 0.624, train {'accuracy': 0.75, 'f1': 0.6428571428571428, 'precision': 0.5625, 'recall': 0.75}
2025-02-27 11:34:34,978 - root - INFO - Epoch 2/10 step 640/2470 eta 00:16:55: loss 0.592, train {'accuracy': 0.8125, 'f1': 0.728448275862069, 'precision': 0.66015625, 'recall': 0.8125}
2025-02-27 11:34:40,137 - root - INFO - Epoch 2/10 step 650/2470 eta 00:16:48: loss 0.540, train {'accuracy': 0.84375, 'f1': 0.7722457627118644, 'precision': 0.7119140625, 'recall': 0.84375}
2025-02-27 11:34:45,348 - root - INFO - Epoch 2/10 step 660/2470 eta 00:16:42: loss 0.570, train {'accuracy': 0.8125, 'f1': 0.728448275862069, 'precision': 0.66015625, 'recall': 0.8125}
2025-02-27 11:34:50,531 - root - INFO - Epoch 2/10 step 670/2470 eta 00:16:36: loss 0.507, train {'accuracy': 0.84375, 'f1': 0.7722457627118644, 'precision': 0.7119140625, 'recall': 0.84375}
2025-02-27 11:34:55,671 - root - INFO - Epoch 2/10 step 680/2470 eta 00:16:29: loss 0.711, train {'accuracy': 0.75, 'f1': 0.6818181818181818, 'precision': 0.625, 'recall': 0.75}
2025-02-27 11:35:00,823 - root - INFO - Epoch 2/10 step 690/2470 eta 00:16:22: loss 0.719, train {'accuracy': 0.78125, 'f1': 0.6853070175438596, 'precision': 0.6103515625, 'recall': 0.78125}
2025-02-27 11:35:06,003 - root - INFO - Epoch 2/10 step 700/2470 eta 00:16:16: loss 0.501, train {'accuracy': 0.84375, 'f1': 0.7722457627118644, 'precision': 0.7119140625, 'recall': 0.84375}
2025-02-27 11:35:11,150 - root - INFO - Epoch 2/10 step 710/2470 eta 00:16:10: loss 0.604, train {'accuracy': 0.8125, 'f1': 0.7412280701754386, 'precision': 0.6814516129032259, 'recall': 0.8125}
2025-02-27 11:35:16,357 - root - INFO - Epoch 2/10 step 720/2470 eta 00:16:03: loss 0.753, train {'accuracy': 0.78125, 'f1': 0.7210429769392034, 'precision': 0.7697916666666667, 'recall': 0.78125}
2025-02-27 11:35:21,585 - root - INFO - Epoch 2/10 step 730/2470 eta 00:15:57: loss 0.628, train {'accuracy': 0.8125, 'f1': 0.728448275862069, 'precision': 0.66015625, 'recall': 0.8125}
2025-02-27 11:35:26,744 - root - INFO - Epoch 2/10 step 740/2470 eta 00:15:51: loss 0.315, train {'accuracy': 0.9375, 'f1': 0.907258064516129, 'precision': 0.87890625, 'recall': 0.9375}
2025-02-27 11:35:38,146 - root - INFO - Epoch 2 step 741: loss 0.671, val {'accuracy': 0.7801, 'f1': 0.6855, 'precision': 0.6241, 'recall': 0.7801}
2025-02-27 11:35:43,549 - root - INFO - Epoch 3/10 step 750/2470 eta 00:16:11: loss 0.603, train {'accuracy': 0.8125, 'f1': 0.728448275862069, 'precision': 0.66015625, 'recall': 0.8125}
2025-02-27 11:35:48,774 - root - INFO - Epoch 3/10 step 760/2470 eta 00:16:05: loss 0.522, train {'accuracy': 0.84375, 'f1': 0.8197368421052632, 'precision': 0.8562500000000001, 'recall': 0.84375}
2025-02-27 11:35:53,979 - root - INFO - Epoch 3/10 step 770/2470 eta 00:15:58: loss 1.028, train {'accuracy': 0.59375, 'f1': 0.469515306122449, 'precision': 0.6078629032258065, 'recall': 0.59375}
2025-02-27 11:35:59,143 - root - INFO - Epoch 3/10 step 780/2470 eta 00:15:51: loss 0.729, train {'accuracy': 0.75, 'f1': 0.6428571428571428, 'precision': 0.5625, 'recall': 0.75}
2025-02-27 11:36:04,298 - root - INFO - Epoch 3/10 step 790/2470 eta 00:15:45: loss 0.615, train {'accuracy': 0.78125, 'f1': 0.7092329545454545, 'precision': 0.7993951612903225, 'recall': 0.78125}
2025-02-27 11:36:09,465 - root - INFO - Epoch 3/10 step 800/2470 eta 00:15:38: loss 0.440, train {'accuracy': 0.90625, 'f1': 0.8826754385964912, 'precision': 0.884375, 'recall': 0.90625}
2025-02-27 11:36:14,676 - root - INFO - Epoch 3/10 step 810/2470 eta 00:15:32: loss 0.594, train {'accuracy': 0.8125, 'f1': 0.7723214285714286, 'precision': 0.7708333333333334, 'recall': 0.8125}
2025-02-27 11:36:19,843 - root - INFO - Epoch 3/10 step 820/2470 eta 00:15:25: loss 0.891, train {'accuracy': 0.71875, 'f1': 0.6011363636363636, 'precision': 0.5166015625, 'recall': 0.71875}
2025-02-27 11:36:25,014 - root - INFO - Epoch 3/10 step 830/2470 eta 00:15:19: loss 0.711, train {'accuracy': 0.75, 'f1': 0.6428571428571428, 'precision': 0.5625, 'recall': 0.75}
2025-02-27 11:36:30,179 - root - INFO - Epoch 3/10 step 840/2470 eta 00:15:12: loss 0.942, train {'accuracy': 0.625, 'f1': 0.4807692307692308, 'precision': 0.390625, 'recall': 0.625}
2025-02-27 11:36:35,388 - root - INFO - Epoch 3/10 step 850/2470 eta 00:15:06: loss 0.630, train {'accuracy': 0.78125, 'f1': 0.6853070175438596, 'precision': 0.6103515625, 'recall': 0.78125}
2025-02-27 11:36:40,592 - root - INFO - Epoch 3/10 step 860/2470 eta 00:15:00: loss 0.535, train {'accuracy': 0.875, 'f1': 0.8482142857142857, 'precision': 0.8916666666666667, 'recall': 0.875}
2025-02-27 11:36:45,732 - root - INFO - Epoch 3/10 step 870/2470 eta 00:14:53: loss 0.494, train {'accuracy': 0.875, 'f1': 0.8166666666666667, 'precision': 0.765625, 'recall': 0.875}
2025-02-27 11:36:50,881 - root - INFO - Epoch 3/10 step 880/2470 eta 00:14:47: loss 0.549, train {'accuracy': 0.84375, 'f1': 0.8008474576271186, 'precision': 0.7620967741935484, 'recall': 0.84375}
2025-02-27 11:36:56,062 - root - INFO - Epoch 3/10 step 890/2470 eta 00:14:41: loss 0.700, train {'accuracy': 0.78125, 'f1': 0.6853070175438596, 'precision': 0.6103515625, 'recall': 0.78125}
2025-02-27 11:37:01,235 - root - INFO - Epoch 3/10 step 900/2470 eta 00:14:34: loss 0.693, train {'accuracy': 0.71875, 'f1': 0.63875, 'precision': 0.7877155172413793, 'recall': 0.71875}
2025-02-27 11:37:06,384 - root - INFO - Epoch 3/10 step 910/2470 eta 00:14:28: loss 0.556, train {'accuracy': 0.84375, 'f1': 0.7722457627118644, 'precision': 0.7119140625, 'recall': 0.84375}
2025-02-27 11:37:11,553 - root - INFO - Epoch 3/10 step 920/2470 eta 00:14:22: loss 0.560, train {'accuracy': 0.78125, 'f1': 0.6853070175438596, 'precision': 0.6103515625, 'recall': 0.78125}
2025-02-27 11:37:16,723 - root - INFO - Epoch 3/10 step 930/2470 eta 00:14:15: loss 0.744, train {'accuracy': 0.71875, 'f1': 0.6011363636363636, 'precision': 0.5166015625, 'recall': 0.71875}
2025-02-27 11:37:21,890 - root - INFO - Epoch 3/10 step 940/2470 eta 00:14:09: loss 0.693, train {'accuracy': 0.75, 'f1': 0.6428571428571428, 'precision': 0.5625, 'recall': 0.75}
2025-02-27 11:37:27,048 - root - INFO - Epoch 3/10 step 950/2470 eta 00:14:03: loss 0.855, train {'accuracy': 0.65625, 'f1': 0.544811320754717, 'precision': 0.4657258064516129, 'recall': 0.65625}
2025-02-27 11:37:32,176 - root - INFO - Epoch 3/10 step 960/2470 eta 00:13:57: loss 0.553, train {'accuracy': 0.78125, 'f1': 0.6853070175438596, 'precision': 0.6103515625, 'recall': 0.78125}
2025-02-27 11:37:37,314 - root - INFO - Epoch 3/10 step 970/2470 eta 00:13:51: loss 0.744, train {'accuracy': 0.75, 'f1': 0.6428571428571428, 'precision': 0.5625, 'recall': 0.75}
2025-02-27 11:37:42,463 - root - INFO - Epoch 3/10 step 980/2470 eta 00:13:45: loss 0.718, train {'accuracy': 0.75, 'f1': 0.6428571428571428, 'precision': 0.5625, 'recall': 0.75}
2025-02-27 11:37:57,468 - root - INFO - Epoch 3 step 988: loss 0.677, val {'accuracy': 0.777, 'f1': 0.6838, 'precision': 0.6258, 'recall': 0.777}
2025-02-27 11:37:57,468 - root - INFO - Early Stopping Check: No improvement for 1/3 epochs
2025-02-27 11:37:58,649 - root - INFO - Epoch 4/10 step 990/2470 eta 00:13:55: loss 0.546, train {'accuracy': 0.84375, 'f1': 0.7722457627118644, 'precision': 0.7119140625, 'recall': 0.84375}
2025-02-27 11:38:03,790 - root - INFO - Epoch 4/10 step 1000/2470 eta 00:13:49: loss 0.739, train {'accuracy': 0.75, 'f1': 0.6643518518518519, 'precision': 0.6895161290322581, 'recall': 0.75}
2025-02-27 11:38:08,928 - root - INFO - Epoch 4/10 step 1010/2470 eta 00:13:42: loss 0.773, train {'accuracy': 0.71875, 'f1': 0.6122685185185185, 'precision': 0.5332661290322581, 'recall': 0.71875}
2025-02-27 11:38:14,070 - root - INFO - Epoch 4/10 step 1020/2470 eta 00:13:36: loss 0.508, train {'accuracy': 0.84375, 'f1': 0.7722457627118644, 'precision': 0.7119140625, 'recall': 0.84375}
2025-02-27 11:38:19,235 - root - INFO - Epoch 4/10 step 1030/2470 eta 00:13:30: loss 0.889, train {'accuracy': 0.65625, 'f1': 0.5200471698113208, 'precision': 0.4306640625, 'recall': 0.65625}
2025-02-27 11:38:24,400 - root - INFO - Epoch 4/10 step 1040/2470 eta 00:13:23: loss 0.651, train {'accuracy': 0.78125, 'f1': 0.6853070175438596, 'precision': 0.6103515625, 'recall': 0.78125}
2025-02-27 11:38:29,548 - root - INFO - Epoch 4/10 step 1050/2470 eta 00:13:17: loss 0.556, train {'accuracy': 0.78125, 'f1': 0.6975446428571429, 'precision': 0.6300403225806451, 'recall': 0.78125}
2025-02-27 11:38:34,730 - root - INFO - Epoch 4/10 step 1060/2470 eta 00:13:11: loss 0.599, train {'accuracy': 0.78125, 'f1': 0.6962121212121212, 'precision': 0.6431451612903225, 'recall': 0.78125}
2025-02-27 11:38:39,867 - root - INFO - Epoch 4/10 step 1070/2470 eta 00:13:05: loss 0.573, train {'accuracy': 0.8125, 'f1': 0.728448275862069, 'precision': 0.66015625, 'recall': 0.8125}
2025-02-27 11:38:45,047 - root - INFO - Epoch 4/10 step 1080/2470 eta 00:12:58: loss 0.544, train {'accuracy': 0.8125, 'f1': 0.728448275862069, 'precision': 0.66015625, 'recall': 0.8125}
2025-02-27 11:38:50,222 - root - INFO - Epoch 4/10 step 1090/2470 eta 00:12:52: loss 0.655, train {'accuracy': 0.78125, 'f1': 0.6853070175438596, 'precision': 0.6103515625, 'recall': 0.78125}
2025-02-27 11:38:55,364 - root - INFO - Epoch 4/10 step 1100/2470 eta 00:12:46: loss 0.740, train {'accuracy': 0.71875, 'f1': 0.6124213836477987, 'precision': 0.5504032258064516, 'recall': 0.71875}
2025-02-27 11:39:00,526 - root - INFO - Epoch 4/10 step 1110/2470 eta 00:12:40: loss 0.568, train {'accuracy': 0.8125, 'f1': 0.7477272727272727, 'precision': 0.6979166666666667, 'recall': 0.8125}
2025-02-27 11:39:05,680 - root - INFO - Epoch 4/10 step 1120/2470 eta 00:12:34: loss 0.572, train {'accuracy': 0.8125, 'f1': 0.728448275862069, 'precision': 0.66015625, 'recall': 0.8125}
2025-02-27 11:39:10,869 - root - INFO - Epoch 4/10 step 1130/2470 eta 00:12:28: loss 0.543, train {'accuracy': 0.84375, 'f1': 0.7722457627118644, 'precision': 0.7119140625, 'recall': 0.84375}
2025-02-27 11:39:16,036 - root - INFO - Epoch 4/10 step 1140/2470 eta 00:12:22: loss 0.785, train {'accuracy': 0.75, 'f1': 0.6428571428571428, 'precision': 0.5625, 'recall': 0.75}
2025-02-27 11:39:21,185 - root - INFO - Epoch 4/10 step 1150/2470 eta 00:12:16: loss 0.570, train {'accuracy': 0.8125, 'f1': 0.728448275862069, 'precision': 0.66015625, 'recall': 0.8125}
2025-02-27 11:39:26,398 - root - INFO - Epoch 4/10 step 1160/2470 eta 00:12:10: loss 0.525, train {'accuracy': 0.8125, 'f1': 0.728448275862069, 'precision': 0.66015625, 'recall': 0.8125}
2025-02-27 11:39:31,545 - root - INFO - Epoch 4/10 step 1170/2470 eta 00:12:04: loss 0.753, train {'accuracy': 0.71875, 'f1': 0.6011363636363636, 'precision': 0.5166015625, 'recall': 0.71875}
2025-02-27 11:39:36,675 - root - INFO - Epoch 4/10 step 1180/2470 eta 00:11:58: loss 0.600, train {'accuracy': 0.78125, 'f1': 0.6962121212121212, 'precision': 0.6431451612903225, 'recall': 0.78125}
2025-02-27 11:39:41,803 - root - INFO - Epoch 4/10 step 1190/2470 eta 00:11:52: loss 0.543, train {'accuracy': 0.8125, 'f1': 0.7412280701754386, 'precision': 0.6814516129032259, 'recall': 0.8125}
2025-02-27 11:39:47,023 - root - INFO - Epoch 4/10 step 1200/2470 eta 00:11:46: loss 0.528, train {'accuracy': 0.84375, 'f1': 0.8108796296296297, 'precision': 0.8453663793103448, 'recall': 0.84375}
2025-02-27 11:39:52,163 - root - INFO - Epoch 4/10 step 1210/2470 eta 00:11:40: loss 0.735, train {'accuracy': 0.75, 'f1': 0.6789529914529915, 'precision': 0.8166666666666667, 'recall': 0.75}
2025-02-27 11:39:57,309 - root - INFO - Epoch 4/10 step 1220/2470 eta 00:11:34: loss 0.487, train {'accuracy': 0.875, 'f1': 0.8166666666666667, 'precision': 0.765625, 'recall': 0.875}
2025-02-27 11:40:02,455 - root - INFO - Epoch 4/10 step 1230/2470 eta 00:11:28: loss 0.593, train {'accuracy': 0.8125, 'f1': 0.7496279761904763, 'precision': 0.7862903225806451, 'recall': 0.8125}
2025-02-27 11:40:16,022 - root - INFO - Epoch 4 step 1235: loss 0.667, val {'accuracy': 0.7801, 'f1': 0.6843, 'precision': 0.6095, 'recall': 0.7801}
2025-02-27 11:40:18,752 - root - INFO - Epoch 5/10 step 1240/2470 eta 00:11:33: loss 0.790, train {'accuracy': 0.71875, 'f1': 0.6011363636363636, 'precision': 0.5166015625, 'recall': 0.71875}
2025-02-27 11:40:23,925 - root - INFO - Epoch 5/10 step 1250/2470 eta 00:11:27: loss 0.683, train {'accuracy': 0.78125, 'f1': 0.712719298245614, 'precision': 0.6552419354838709, 'recall': 0.78125}
2025-02-27 11:40:29,126 - root - INFO - Epoch 5/10 step 1260/2470 eta 00:11:21: loss 0.604, train {'accuracy': 0.8125, 'f1': 0.7602272727272728, 'precision': 0.7760416666666667, 'recall': 0.8125}
2025-02-27 11:40:34,286 - root - INFO - Epoch 5/10 step 1270/2470 eta 00:11:15: loss 0.708, train {'accuracy': 0.75, 'f1': 0.6545454545454545, 'precision': 0.5806451612903225, 'recall': 0.75}
2025-02-27 11:40:39,453 - root - INFO - Epoch 5/10 step 1280/2470 eta 00:11:09: loss 0.339, train {'accuracy': 0.96875, 'f1': 0.9533730158730158, 'precision': 0.9384765625, 'recall': 0.96875}
2025-02-27 11:40:44,653 - root - INFO - Epoch 5/10 step 1290/2470 eta 00:11:03: loss 0.764, train {'accuracy': 0.71875, 'f1': 0.6011363636363636, 'precision': 0.5166015625, 'recall': 0.71875}
2025-02-27 11:40:49,840 - root - INFO - Epoch 5/10 step 1300/2470 eta 00:10:57: loss 0.708, train {'accuracy': 0.78125, 'f1': 0.7045454545454546, 'precision': 0.7056451612903225, 'recall': 0.78125}
2025-02-27 11:40:55,005 - root - INFO - Epoch 5/10 step 1310/2470 eta 00:10:51: loss 0.612, train {'accuracy': 0.8125, 'f1': 0.728448275862069, 'precision': 0.66015625, 'recall': 0.8125}
2025-02-27 11:41:00,181 - root - INFO - Epoch 5/10 step 1320/2470 eta 00:10:45: loss 0.512, train {'accuracy': 0.84375, 'f1': 0.7722457627118644, 'precision': 0.7119140625, 'recall': 0.84375}
2025-02-27 11:41:05,325 - root - INFO - Epoch 5/10 step 1330/2470 eta 00:10:39: loss 0.980, train {'accuracy': 0.625, 'f1': 0.5059374999999999, 'precision': 0.5826612903225806, 'recall': 0.625}
2025-02-27 11:41:10,525 - root - INFO - Epoch 5/10 step 1340/2470 eta 00:10:33: loss 0.594, train {'accuracy': 0.8125, 'f1': 0.728448275862069, 'precision': 0.66015625, 'recall': 0.8125}
2025-02-27 11:41:15,731 - root - INFO - Epoch 5/10 step 1350/2470 eta 00:10:27: loss 0.949, train {'accuracy': 0.625, 'f1': 0.4807692307692308, 'precision': 0.390625, 'recall': 0.625}
2025-02-27 11:41:20,912 - root - INFO - Epoch 5/10 step 1360/2470 eta 00:10:21: loss 0.382, train {'accuracy': 0.90625, 'f1': 0.8616803278688524, 'precision': 0.8212890625, 'recall': 0.90625}
2025-02-27 11:41:26,132 - root - INFO - Epoch 5/10 step 1370/2470 eta 00:10:15: loss 0.720, train {'accuracy': 0.75, 'f1': 0.6658399470899471, 'precision': 0.7207661290322581, 'recall': 0.75}
2025-02-27 11:41:31,327 - root - INFO - Epoch 5/10 step 1380/2470 eta 00:10:09: loss 0.646, train {'accuracy': 0.78125, 'f1': 0.6853070175438596, 'precision': 0.6103515625, 'recall': 0.78125}
2025-02-27 11:41:36,500 - root - INFO - Epoch 5/10 step 1390/2470 eta 00:10:03: loss 0.556, train {'accuracy': 0.8125, 'f1': 0.7511160714285715, 'precision': 0.8175403225806451, 'recall': 0.8125}
2025-02-27 11:41:41,646 - root - INFO - Epoch 5/10 step 1400/2470 eta 00:09:57: loss 0.675, train {'accuracy': 0.75, 'f1': 0.6428571428571428, 'precision': 0.5625, 'recall': 0.75}
2025-02-27 11:41:46,805 - root - INFO - Epoch 5/10 step 1410/2470 eta 00:09:51: loss 0.780, train {'accuracy': 0.71875, 'f1': 0.6011363636363636, 'precision': 0.5166015625, 'recall': 0.71875}
2025-02-27 11:41:51,928 - root - INFO - Epoch 5/10 step 1420/2470 eta 00:09:45: loss 0.714, train {'accuracy': 0.71875, 'f1': 0.6011363636363636, 'precision': 0.5166015625, 'recall': 0.71875}
2025-02-27 11:41:57,065 - root - INFO - Epoch 5/10 step 1430/2470 eta 00:09:39: loss 0.789, train {'accuracy': 0.71875, 'f1': 0.6011363636363636, 'precision': 0.5166015625, 'recall': 0.71875}
2025-02-27 11:42:02,185 - root - INFO - Epoch 5/10 step 1440/2470 eta 00:09:33: loss 0.547, train {'accuracy': 0.8125, 'f1': 0.728448275862069, 'precision': 0.66015625, 'recall': 0.8125}
2025-02-27 11:42:07,341 - root - INFO - Epoch 5/10 step 1450/2470 eta 00:09:28: loss 0.931, train {'accuracy': 0.6875, 'f1': 0.580048076923077, 'precision': 0.5695564516129032, 'recall': 0.6875}
2025-02-27 11:42:12,520 - root - INFO - Epoch 5/10 step 1460/2470 eta 00:09:22: loss 0.663, train {'accuracy': 0.78125, 'f1': 0.7401147959183673, 'precision': 0.7424768518518517, 'recall': 0.78125}
2025-02-27 11:42:17,664 - root - INFO - Epoch 5/10 step 1470/2470 eta 00:09:16: loss 0.523, train {'accuracy': 0.8125, 'f1': 0.728448275862069, 'precision': 0.66015625, 'recall': 0.8125}
2025-02-27 11:42:22,825 - root - INFO - Epoch 5/10 step 1480/2470 eta 00:09:10: loss 0.684, train {'accuracy': 0.78125, 'f1': 0.6853070175438596, 'precision': 0.6103515625, 'recall': 0.78125}
2025-02-27 11:42:34,654 - root - INFO - Epoch 5 step 1482: loss 0.588, val {'accuracy': 0.7877, 'f1': 0.7116, 'precision': 0.6955, 'recall': 0.7877}
2025-02-27 11:42:39,414 - root - INFO - Epoch 6/10 step 1490/2470 eta 00:09:12: loss 0.561, train {'accuracy': 0.8125, 'f1': 0.7511160714285715, 'precision': 0.8175403225806451, 'recall': 0.8125}
2025-02-27 11:42:44,524 - root - INFO - Epoch 6/10 step 1500/2470 eta 00:09:06: loss 0.497, train {'accuracy': 0.84375, 'f1': 0.7722457627118644, 'precision': 0.7119140625, 'recall': 0.84375}
2025-02-27 11:42:49,686 - root - INFO - Epoch 6/10 step 1510/2470 eta 00:09:00: loss 0.484, train {'accuracy': 0.8125, 'f1': 0.728448275862069, 'precision': 0.66015625, 'recall': 0.8125}
2025-02-27 11:42:54,851 - root - INFO - Epoch 6/10 step 1520/2470 eta 00:08:54: loss 0.328, train {'accuracy': 0.90625, 'f1': 0.8616803278688524, 'precision': 0.8212890625, 'recall': 0.90625}
2025-02-27 11:43:00,009 - root - INFO - Epoch 6/10 step 1530/2470 eta 00:08:48: loss 0.575, train {'accuracy': 0.75, 'f1': 0.6840034965034966, 'precision': 0.7854166666666667, 'recall': 0.75}
2025-02-27 11:43:05,148 - root - INFO - Epoch 6/10 step 1540/2470 eta 00:08:42: loss 0.697, train {'accuracy': 0.78125, 'f1': 0.6962121212121212, 'precision': 0.6431451612903225, 'recall': 0.78125}
2025-02-27 11:43:10,294 - root - INFO - Epoch 6/10 step 1550/2470 eta 00:08:36: loss 0.485, train {'accuracy': 0.84375, 'f1': 0.7722457627118644, 'precision': 0.7119140625, 'recall': 0.84375}
2025-02-27 11:43:15,434 - root - INFO - Epoch 6/10 step 1560/2470 eta 00:08:30: loss 0.452, train {'accuracy': 0.8125, 'f1': 0.7697368421052632, 'precision': 0.7312500000000001, 'recall': 0.8125}
2025-02-27 11:43:20,562 - root - INFO - Epoch 6/10 step 1570/2470 eta 00:08:24: loss 0.755, train {'accuracy': 0.6875, 'f1': 0.640491452991453, 'precision': 0.6015625, 'recall': 0.6875}
2025-02-27 11:43:25,703 - root - INFO - Epoch 6/10 step 1580/2470 eta 00:08:19: loss 0.531, train {'accuracy': 0.78125, 'f1': 0.7678571428571428, 'precision': 0.755, 'recall': 0.78125}
2025-02-27 11:43:30,831 - root - INFO - Epoch 6/10 step 1590/2470 eta 00:08:13: loss 0.429, train {'accuracy': 0.8125, 'f1': 0.7697368421052632, 'precision': 0.7312500000000001, 'recall': 0.8125}
2025-02-27 11:43:35,958 - root - INFO - Epoch 6/10 step 1600/2470 eta 00:08:07: loss 0.561, train {'accuracy': 0.875, 'f1': 0.8330328525641026, 'precision': 0.7951785714285714, 'recall': 0.875}
2025-02-27 11:43:41,082 - root - INFO - Epoch 6/10 step 1610/2470 eta 00:08:01: loss 0.866, train {'accuracy': 0.71875, 'f1': 0.6011363636363636, 'precision': 0.5166015625, 'recall': 0.71875}
2025-02-27 11:43:46,204 - root - INFO - Epoch 6/10 step 1620/2470 eta 00:07:55: loss 0.490, train {'accuracy': 0.84375, 'f1': 0.7855603448275862, 'precision': 0.7348790322580645, 'recall': 0.84375}
2025-02-27 11:43:51,340 - root - INFO - Epoch 6/10 step 1630/2470 eta 00:07:49: loss 0.627, train {'accuracy': 0.71875, 'f1': 0.6011363636363636, 'precision': 0.5166015625, 'recall': 0.71875}
2025-02-27 11:43:56,462 - root - INFO - Epoch 6/10 step 1640/2470 eta 00:07:43: loss 0.410, train {'accuracy': 0.875, 'f1': 0.8727678571428572, 'precision': 0.9127155172413793, 'recall': 0.875}
2025-02-27 11:44:01,619 - root - INFO - Epoch 6/10 step 1650/2470 eta 00:07:38: loss 0.292, train {'accuracy': 0.9375, 'f1': 0.9232954545454546, 'precision': 0.9114583333333334, 'recall': 0.9375}
2025-02-27 11:44:06,758 - root - INFO - Epoch 6/10 step 1660/2470 eta 00:07:32: loss 0.262, train {'accuracy': 0.90625, 'f1': 0.9153186274509804, 'precision': 0.9270833333333334, 'recall': 0.90625}
2025-02-27 11:44:11,889 - root - INFO - Epoch 6/10 step 1670/2470 eta 00:07:26: loss 0.287, train {'accuracy': 0.90625, 'f1': 0.8914772727272727, 'precision': 0.8772321428571429, 'recall': 0.90625}
2025-02-27 11:44:17,034 - root - INFO - Epoch 6/10 step 1680/2470 eta 00:07:20: loss 0.483, train {'accuracy': 0.875, 'f1': 0.8679653679653679, 'precision': 0.8681818181818182, 'recall': 0.875}
2025-02-27 11:44:22,192 - root - INFO - Epoch 6/10 step 1690/2470 eta 00:07:14: loss 0.197, train {'accuracy': 0.90625, 'f1': 0.9125, 'precision': 0.9270833333333334, 'recall': 0.90625}
2025-02-27 11:44:27,348 - root - INFO - Epoch 6/10 step 1700/2470 eta 00:07:09: loss 0.463, train {'accuracy': 0.875, 'f1': 0.8576785714285714, 'precision': 0.8935185185185185, 'recall': 0.875}
2025-02-27 11:44:32,493 - root - INFO - Epoch 6/10 step 1710/2470 eta 00:07:03: loss 0.266, train {'accuracy': 0.8125, 'f1': 0.8266509433962265, 'precision': 0.8413461538461539, 'recall': 0.8125}
2025-02-27 11:44:37,634 - root - INFO - Epoch 6/10 step 1720/2470 eta 00:06:57: loss 0.336, train {'accuracy': 0.84375, 'f1': 0.8609848484848485, 'precision': 0.921875, 'recall': 0.84375}
2025-02-27 11:44:53,147 - root - INFO - Epoch 6 step 1729: loss 0.328, val {'accuracy': 0.8701, 'f1': 0.8671, 'precision': 0.8652, 'recall': 0.8701}
2025-02-27 11:44:54,315 - root - INFO - Epoch 7/10 step 1730/2470 eta 00:06:56: loss 0.313, train {'accuracy': 0.84375, 'f1': 0.8579277864992151, 'precision': 0.8900000000000001, 'recall': 0.84375}
2025-02-27 11:44:59,452 - root - INFO - Epoch 7/10 step 1740/2470 eta 00:06:51: loss 0.289, train {'accuracy': 0.875, 'f1': 0.8770833333333333, 'precision': 0.90625, 'recall': 0.875}
2025-02-27 11:45:04,581 - root - INFO - Epoch 7/10 step 1750/2470 eta 00:06:45: loss 0.145, train {'accuracy': 0.90625, 'f1': 0.9153186274509804, 'precision': 0.9270833333333334, 'recall': 0.90625}
2025-02-27 11:45:09,726 - root - INFO - Epoch 7/10 step 1760/2470 eta 00:06:39: loss 0.267, train {'accuracy': 0.875, 'f1': 0.865, 'precision': 0.8665865384615384, 'recall': 0.875}
2025-02-27 11:45:14,869 - root - INFO - Epoch 7/10 step 1770/2470 eta 00:06:33: loss 0.185, train {'accuracy': 0.90625, 'f1': 0.8958333333333334, 'precision': 0.8875, 'recall': 0.90625}
2025-02-27 11:45:20,018 - root - INFO - Epoch 7/10 step 1780/2470 eta 00:06:27: loss 0.194, train {'accuracy': 0.9375, 'f1': 0.9398093553459119, 'precision': 0.9625, 'recall': 0.9375}
2025-02-27 11:45:25,174 - root - INFO - Epoch 7/10 step 1790/2470 eta 00:06:21: loss 0.245, train {'accuracy': 0.90625, 'f1': 0.9071969696969697, 'precision': 0.915625, 'recall': 0.90625}
2025-02-27 11:45:30,368 - root - INFO - Epoch 7/10 step 1800/2470 eta 00:06:16: loss 0.383, train {'accuracy': 0.84375, 'f1': 0.8375997340425532, 'precision': 0.87265625, 'recall': 0.84375}
2025-02-27 11:45:35,518 - root - INFO - Epoch 7/10 step 1810/2470 eta 00:06:10: loss 0.376, train {'accuracy': 0.84375, 'f1': 0.8148148148148148, 'precision': 0.7879464285714286, 'recall': 0.84375}
2025-02-27 11:45:40,713 - root - INFO - Epoch 7/10 step 1820/2470 eta 00:06:04: loss 0.287, train {'accuracy': 0.84375, 'f1': 0.7947994987468672, 'precision': 0.8689516129032259, 'recall': 0.84375}
2025-02-27 11:45:45,904 - root - INFO - Epoch 7/10 step 1830/2470 eta 00:05:58: loss 0.233, train {'accuracy': 0.90625, 'f1': 0.8978723404255319, 'precision': 0.8932291666666666, 'recall': 0.90625}
2025-02-27 11:45:51,100 - root - INFO - Epoch 7/10 step 1840/2470 eta 00:05:53: loss 0.126, train {'accuracy': 0.90625, 'f1': 0.9305194805194805, 'precision': 0.9583333333333334, 'recall': 0.90625}
2025-02-27 11:45:56,295 - root - INFO - Epoch 7/10 step 1850/2470 eta 00:05:47: loss 0.188, train {'accuracy': 0.90625, 'f1': 0.8976973684210525, 'precision': 0.892780172413793, 'recall': 0.90625}
2025-02-27 11:46:01,478 - root - INFO - Epoch 7/10 step 1860/2470 eta 00:05:41: loss 0.118, train {'accuracy': 0.96875, 'f1': 0.9702020202020203, 'precision': 0.975, 'recall': 0.96875}
2025-02-27 11:46:06,683 - root - INFO - Epoch 7/10 step 1870/2470 eta 00:05:35: loss 0.141, train {'accuracy': 0.9375, 'f1': 0.9375, 'precision': 0.9375, 'recall': 0.9375}
2025-02-27 11:46:11,876 - root - INFO - Epoch 7/10 step 1880/2470 eta 00:05:30: loss 0.238, train {'accuracy': 0.90625, 'f1': 0.8904876373626374, 'precision': 0.9212962962962963, 'recall': 0.90625}
2025-02-27 11:46:17,089 - root - INFO - Epoch 7/10 step 1890/2470 eta 00:05:24: loss 0.361, train {'accuracy': 0.875, 'f1': 0.8715277777777778, 'precision': 0.8734375, 'recall': 0.875}
2025-02-27 11:46:22,282 - root - INFO - Epoch 7/10 step 1900/2470 eta 00:05:18: loss 0.374, train {'accuracy': 0.84375, 'f1': 0.8268540669856459, 'precision': 0.813707729468599, 'recall': 0.84375}
2025-02-27 11:46:27,406 - root - INFO - Epoch 7/10 step 1910/2470 eta 00:05:13: loss 0.140, train {'accuracy': 0.96875, 'f1': 0.9638064971751412, 'precision': 0.9697916666666667, 'recall': 0.96875}
2025-02-27 11:46:32,530 - root - INFO - Epoch 7/10 step 1920/2470 eta 00:05:07: loss 0.424, train {'accuracy': 0.84375, 'f1': 0.8177910052910052, 'precision': 0.8191964285714286, 'recall': 0.84375}
2025-02-27 11:46:37,670 - root - INFO - Epoch 7/10 step 1930/2470 eta 00:05:01: loss 0.153, train {'accuracy': 0.9375, 'f1': 0.9423894557823129, 'precision': 0.953125, 'recall': 0.9375}
2025-02-27 11:46:42,778 - root - INFO - Epoch 7/10 step 1940/2470 eta 00:04:55: loss 0.346, train {'accuracy': 0.84375, 'f1': 0.8340045592705166, 'precision': 0.843125, 'recall': 0.84375}
2025-02-27 11:46:47,903 - root - INFO - Epoch 7/10 step 1950/2470 eta 00:04:50: loss 0.216, train {'accuracy': 0.9375, 'f1': 0.9346813725490195, 'precision': 0.9387019230769231, 'recall': 0.9375}
2025-02-27 11:46:53,027 - root - INFO - Epoch 7/10 step 1960/2470 eta 00:04:44: loss 0.212, train {'accuracy': 0.875, 'f1': 0.8659438775510203, 'precision': 0.860625, 'recall': 0.875}
2025-02-27 11:46:58,160 - root - INFO - Epoch 7/10 step 1970/2470 eta 00:04:38: loss 0.268, train {'accuracy': 0.90625, 'f1': 0.8962232620320855, 'precision': 0.9166666666666666, 'recall': 0.90625}
2025-02-27 11:47:12,147 - root - INFO - Epoch 7 step 1976: loss 0.318, val {'accuracy': 0.8787, 'f1': 0.878, 'precision': 0.8777, 'recall': 0.8787}
2025-02-27 11:47:14,900 - root - INFO - Epoch 8/10 step 1980/2470 eta 00:04:35: loss 0.223, train {'accuracy': 0.90625, 'f1': 0.9133333333333333, 'precision': 0.9291666666666667, 'recall': 0.90625}
2025-02-27 11:47:20,107 - root - INFO - Epoch 8/10 step 1990/2470 eta 00:04:30: loss 0.124, train {'accuracy': 0.96875, 'f1': 0.969838007736944, 'precision': 0.9739583333333334, 'recall': 0.96875}
2025-02-27 11:47:25,306 - root - INFO - Epoch 8/10 step 2000/2470 eta 00:04:24: loss 0.209, train {'accuracy': 0.875, 'f1': 0.8622448979591837, 'precision': 0.8733173076923078, 'recall': 0.875}
2025-02-27 11:47:30,489 - root - INFO - Epoch 8/10 step 2010/2470 eta 00:04:18: loss 0.182, train {'accuracy': 0.90625, 'f1': 0.9019982993197279, 'precision': 0.9009375000000001, 'recall': 0.90625}
2025-02-27 11:47:35,765 - root - INFO - Epoch 8/10 step 2020/2470 eta 00:04:13: loss 0.122, train {'accuracy': 0.9375, 'f1': 0.9375, 'precision': 0.9375, 'recall': 0.9375}
2025-02-27 11:47:41,025 - root - INFO - Epoch 8/10 step 2030/2470 eta 00:04:07: loss 0.379, train {'accuracy': 0.84375, 'f1': 0.8360507246376812, 'precision': 0.8515625, 'recall': 0.84375}
2025-02-27 11:47:46,246 - root - INFO - Epoch 8/10 step 2040/2470 eta 00:04:01: loss 0.269, train {'accuracy': 0.90625, 'f1': 0.9024621212121212, 'precision': 0.9036458333333334, 'recall': 0.90625}
2025-02-27 11:47:51,449 - root - INFO - Epoch 8/10 step 2050/2470 eta 00:03:55: loss 0.267, train {'accuracy': 0.90625, 'f1': 0.9112103174603174, 'precision': 0.921875, 'recall': 0.90625}
2025-02-27 11:47:56,612 - root - INFO - Epoch 8/10 step 2060/2470 eta 00:03:50: loss 0.254, train {'accuracy': 0.9375, 'f1': 0.92816091954023, 'precision': 0.9416666666666667, 'recall': 0.9375}
2025-02-27 11:48:01,742 - root - INFO - Epoch 8/10 step 2070/2470 eta 00:03:44: loss 0.117, train {'accuracy': 0.96875, 'f1': 0.9715686274509803, 'precision': 0.9791666666666666, 'recall': 0.96875}
2025-02-27 11:48:06,883 - root - INFO - Epoch 8/10 step 2080/2470 eta 00:03:38: loss 0.135, train {'accuracy': 0.9375, 'f1': 0.9403186274509803, 'precision': 0.9479166666666666, 'recall': 0.9375}
2025-02-27 11:48:12,032 - root - INFO - Epoch 8/10 step 2090/2470 eta 00:03:33: loss 0.134, train {'accuracy': 0.9375, 'f1': 0.9340277777777778, 'precision': 0.94375, 'recall': 0.9375}
2025-02-27 11:48:17,179 - root - INFO - Epoch 8/10 step 2100/2470 eta 00:03:27: loss 0.134, train {'accuracy': 0.90625, 'f1': 0.9120941558441559, 'precision': 0.9207175925925926, 'recall': 0.90625}
2025-02-27 11:48:22,328 - root - INFO - Epoch 8/10 step 2110/2470 eta 00:03:21: loss 0.052, train {'accuracy': 1.0, 'f1': 1.0, 'precision': 1.0, 'recall': 1.0}
2025-02-27 11:48:27,464 - root - INFO - Epoch 8/10 step 2120/2470 eta 00:03:16: loss 0.163, train {'accuracy': 0.96875, 'f1': 0.9668242296918768, 'precision': 0.9699519230769231, 'recall': 0.96875}
2025-02-27 11:48:32,600 - root - INFO - Epoch 8/10 step 2130/2470 eta 00:03:10: loss 0.298, train {'accuracy': 0.90625, 'f1': 0.9166666666666666, 'precision': 0.9296875, 'recall': 0.90625}
2025-02-27 11:48:37,761 - root - INFO - Epoch 8/10 step 2140/2470 eta 00:03:04: loss 0.116, train {'accuracy': 0.96875, 'f1': 0.9673463356973995, 'precision': 0.9700520833333334, 'recall': 0.96875}
2025-02-27 11:48:42,934 - root - INFO - Epoch 8/10 step 2150/2470 eta 00:02:59: loss 0.119, train {'accuracy': 0.9375, 'f1': 0.9375, 'precision': 0.9375, 'recall': 0.9375}
2025-02-27 11:48:48,120 - root - INFO - Epoch 8/10 step 2160/2470 eta 00:02:53: loss 0.119, train {'accuracy': 0.96875, 'f1': 0.9638157894736842, 'precision': 0.9698275862068966, 'recall': 0.96875}
2025-02-27 11:48:53,263 - root - INFO - Epoch 8/10 step 2170/2470 eta 00:02:47: loss 0.557, train {'accuracy': 0.875, 'f1': 0.8671875, 'precision': 0.8825, 'recall': 0.875}
2025-02-27 11:48:58,416 - root - INFO - Epoch 8/10 step 2180/2470 eta 00:02:42: loss 0.245, train {'accuracy': 0.9375, 'f1': 0.9403508771929825, 'precision': 0.9479166666666666, 'recall': 0.9375}
2025-02-27 11:49:03,590 - root - INFO - Epoch 8/10 step 2190/2470 eta 00:02:36: loss 0.254, train {'accuracy': 0.90625, 'f1': 0.9050595238095238, 'precision': 0.9089673913043478, 'recall': 0.90625}
2025-02-27 11:49:08,773 - root - INFO - Epoch 8/10 step 2200/2470 eta 00:02:30: loss 0.285, train {'accuracy': 0.875, 'f1': 0.8770676691729323, 'precision': 0.8876262626262627, 'recall': 0.875}
2025-02-27 11:49:13,922 - root - INFO - Epoch 8/10 step 2210/2470 eta 00:02:25: loss 0.418, train {'accuracy': 0.875, 'f1': 0.8638551165146909, 'precision': 0.8758333333333334, 'recall': 0.875}
2025-02-27 11:49:19,153 - root - INFO - Epoch 8/10 step 2220/2470 eta 00:02:19: loss 0.134, train {'accuracy': 0.9375, 'f1': 0.9415064102564104, 'precision': 0.9553571428571429, 'recall': 0.9375}
2025-02-27 11:49:31,695 - root - INFO - Epoch 8 step 2223: loss 0.337, val {'accuracy': 0.8711, 'f1': 0.8722, 'precision': 0.8734, 'recall': 0.8711}
2025-02-27 11:49:31,696 - root - INFO - Early Stopping Check: No improvement for 1/3 epochs
2025-02-27 11:49:35,480 - root - INFO - Epoch 9/10 step 2230/2470 eta 00:02:15: loss 0.184, train {'accuracy': 0.9375, 'f1': 0.9311079545454546, 'precision': 0.9429347826086956, 'recall': 0.9375}
2025-02-27 11:49:40,618 - root - INFO - Epoch 9/10 step 2240/2470 eta 00:02:09: loss 0.105, train {'accuracy': 0.96875, 'f1': 0.9678571428571429, 'precision': 0.9765625, 'recall': 0.96875}
2025-02-27 11:49:45,766 - root - INFO - Epoch 9/10 step 2250/2470 eta 00:02:03: loss 0.065, train {'accuracy': 1.0, 'f1': 1.0, 'precision': 1.0, 'recall': 1.0}
2025-02-27 11:49:50,901 - root - INFO - Epoch 9/10 step 2260/2470 eta 00:01:58: loss 0.202, train {'accuracy': 0.90625, 'f1': 0.9088141025641027, 'precision': 0.9137581168831169, 'recall': 0.90625}
2025-02-27 11:49:56,053 - root - INFO - Epoch 9/10 step 2270/2470 eta 00:01:52: loss 0.093, train {'accuracy': 0.96875, 'f1': 0.9706873315363882, 'precision': 0.9765625, 'recall': 0.96875}
2025-02-27 11:50:01,194 - root - INFO - Epoch 9/10 step 2280/2470 eta 00:01:46: loss 0.165, train {'accuracy': 0.9375, 'f1': 0.9375, 'precision': 0.9375, 'recall': 0.9375}
2025-02-27 11:50:06,395 - root - INFO - Epoch 9/10 step 2290/2470 eta 00:01:41: loss 0.167, train {'accuracy': 0.9375, 'f1': 0.9325520833333334, 'precision': 0.9425, 'recall': 0.9375}
2025-02-27 11:50:11,532 - root - INFO - Epoch 9/10 step 2300/2470 eta 00:01:35: loss 0.125, train {'accuracy': 0.9375, 'f1': 0.9375, 'precision': 0.9375, 'recall': 0.9375}
2025-02-27 11:50:16,697 - root - INFO - Epoch 9/10 step 2310/2470 eta 00:01:29: loss 0.354, train {'accuracy': 0.84375, 'f1': 0.8482277526395174, 'precision': 0.8546428571428571, 'recall': 0.84375}
2025-02-27 11:50:21,893 - root - INFO - Epoch 9/10 step 2320/2470 eta 00:01:24: loss 0.179, train {'accuracy': 0.9375, 'f1': 0.9375, 'precision': 0.9375, 'recall': 0.9375}
2025-02-27 11:50:27,056 - root - INFO - Epoch 9/10 step 2330/2470 eta 00:01:18: loss 0.197, train {'accuracy': 0.9375, 'f1': 0.9356003039513678, 'precision': 0.9388020833333334, 'recall': 0.9375}
2025-02-27 11:50:32,203 - root - INFO - Epoch 9/10 step 2340/2470 eta 00:01:12: loss 0.178, train {'accuracy': 0.90625, 'f1': 0.8955026455026454, 'precision': 0.9002976190476191, 'recall': 0.90625}
2025-02-27 11:50:37,380 - root - INFO - Epoch 9/10 step 2350/2470 eta 00:01:07: loss 0.454, train {'accuracy': 0.875, 'f1': 0.8726325757575757, 'precision': 0.8831521739130435, 'recall': 0.875}
2025-02-27 11:50:42,551 - root - INFO - Epoch 9/10 step 2360/2470 eta 00:01:01: loss 0.283, train {'accuracy': 0.96875, 'f1': 0.9676484230055657, 'precision': 0.97, 'recall': 0.96875}
2025-02-27 11:50:47,704 - root - INFO - Epoch 9/10 step 2370/2470 eta 00:00:56: loss 0.264, train {'accuracy': 0.9375, 'f1': 0.9375, 'precision': 0.9375, 'recall': 0.9375}
2025-02-27 11:50:52,876 - root - INFO - Epoch 9/10 step 2380/2470 eta 00:00:50: loss 0.185, train {'accuracy': 0.875, 'f1': 0.8862980769230769, 'precision': 0.90625, 'recall': 0.875}
2025-02-27 11:50:58,070 - root - INFO - Epoch 9/10 step 2390/2470 eta 00:00:44: loss 0.159, train {'accuracy': 0.96875, 'f1': 0.9706980519480519, 'precision': 0.9765625, 'recall': 0.96875}
2025-02-27 11:51:03,213 - root - INFO - Epoch 9/10 step 2400/2470 eta 00:00:39: loss 0.110, train {'accuracy': 0.96875, 'f1': 0.9638064971751412, 'precision': 0.9697916666666667, 'recall': 0.96875}
2025-02-27 11:51:08,359 - root - INFO - Epoch 9/10 step 2410/2470 eta 00:00:33: loss 0.174, train {'accuracy': 0.96875, 'f1': 0.9659090909090908, 'precision': 0.9698660714285714, 'recall': 0.96875}
2025-02-27 11:51:13,501 - root - INFO - Epoch 9/10 step 2420/2470 eta 00:00:27: loss 0.096, train {'accuracy': 0.96875, 'f1': 0.9673611111111111, 'precision': 0.975, 'recall': 0.96875}
2025-02-27 11:51:18,658 - root - INFO - Epoch 9/10 step 2430/2470 eta 00:00:22: loss 0.218, train {'accuracy': 0.90625, 'f1': 0.9019261006289307, 'precision': 0.9007523148148148, 'recall': 0.90625}
2025-02-27 11:51:23,815 - root - INFO - Epoch 9/10 step 2440/2470 eta 00:00:16: loss 0.315, train {'accuracy': 0.84375, 'f1': 0.8380124777183601, 'precision': 0.8541343167701863, 'recall': 0.84375}
2025-02-27 11:51:28,950 - root - INFO - Epoch 9/10 step 2450/2470 eta 00:00:11: loss 0.181, train {'accuracy': 0.90625, 'f1': 0.9082317073170733, 'precision': 0.9125, 'recall': 0.90625}
2025-02-27 11:51:34,122 - root - INFO - Epoch 9/10 step 2460/2470 eta 00:00:05: loss 0.249, train {'accuracy': 0.90625, 'f1': 0.8971938775510203, 'precision': 0.891875, 'recall': 0.90625}
2025-02-27 11:51:39,280 - root - INFO - Epoch 9/10 step 2470/2470 eta 00:00:00: loss 0.194, train {'accuracy': 0.9375, 'f1': 0.9427083333333334, 'precision': 0.96875, 'recall': 0.9375}
2025-02-27 11:51:50,218 - root - INFO - Epoch 9 step 2470: loss 0.346, val {'accuracy': 0.8736, 'f1': 0.8732, 'precision': 0.8728, 'recall': 0.8736}
2025-02-27 11:51:50,219 - root - INFO - Early Stopping Check: No improvement for 2/3 epochs
