2025-02-26 22:17:23,072 - root - INFO - Training/evaluation config: Namespace(seed=2021, data_path='./data/ctrip_20250224.csv', base_url='data/qunaer_20250226_balance19', num_class=3, val_ratio=0.2, prefetch=12, num_workers=6, train_batch_size=32, val_batch_size=32, word2Vec='./word2vec/sgns.weibo.bigram-char.bz2', word2Vec_dim=300, stopWords='./stopword/hit_stopwords.txt', bert_dir='hf_hub/models--hfl--chinese-roberta-wwm-ext', bert_dim=768, bert_max_length=512, bert_padding='max_length', lstm_input_size=768, lstm_hidden_size=256, lstm_num_layers=2, lstm_dropout=0.0, feature_type=2, fusion_type='gate', adv_type='fgm', fgm_adv_epsilon=1.0, pgd_adv_epsilon=1.0, pgd_adv_alpha=0.3, pgd_adv_K=3, freelb_adv_K=3, freelb_adv_lr=0.01, freelb_adv_init_mag=0.02, smartp_adv_alpha=1.0, save_path='save/qunaer_20250226_balance19/models--hfl--chinese-roberta-wwm-ext/feature2_fusiongate_advfgm_20250226221723', best_score=0.5, max_epochs=10, max_steps=50000, warmup_steps=200, print_steps=10, weight_decay=0.001, adam_eps=1e-06, adam_lr=5e-05, dropout=0.1, smoothing=0.0, patience=3, device='cuda', n_gpu=1)
2025-02-26 22:17:34,117 - root - INFO - Epoch 0/10 step 10/300 eta 00:04:39: loss 0.977, train {'accuracy': 0.8125, 'f1': 0.728448275862069, 'precision': 0.66015625, 'recall': 0.8125}
2025-02-26 22:17:42,765 - root - INFO - Epoch 0/10 step 20/300 eta 00:04:16: loss 0.782, train {'accuracy': 0.75, 'f1': 0.6428571428571428, 'precision': 0.5625, 'recall': 0.75}
2025-02-26 22:17:51,364 - root - INFO - Epoch 0/10 step 30/300 eta 00:04:01: loss 0.546, train {'accuracy': 0.84375, 'f1': 0.7722457627118644, 'precision': 0.7119140625, 'recall': 0.84375}
2025-02-26 22:18:30,035 - root - INFO - Epoch 0 step 30: loss 0.662, val {'accuracy': 0.7801, 'f1': 0.6837, 'precision': 0.6085, 'recall': 0.7801}
2025-02-26 22:18:39,236 - root - INFO - Epoch 1/10 step 40/300 eta 00:08:05: loss 0.845, train {'accuracy': 0.6875, 'f1': 0.5601851851851851, 'precision': 0.47265625, 'recall': 0.6875}
2025-02-26 22:18:47,798 - root - INFO - Epoch 1/10 step 50/300 eta 00:06:56: loss 0.909, train {'accuracy': 0.625, 'f1': 0.4807692307692308, 'precision': 0.390625, 'recall': 0.625}
2025-02-26 22:18:56,501 - root - INFO - Epoch 1/10 step 60/300 eta 00:06:08: loss 0.501, train {'accuracy': 0.84375, 'f1': 0.7722457627118644, 'precision': 0.7119140625, 'recall': 0.84375}
2025-02-26 22:19:34,779 - root - INFO - Epoch 1 step 60: loss 0.600, val {'accuracy': 0.7801, 'f1': 0.6837, 'precision': 0.6085, 'recall': 0.7801}
2025-02-26 22:19:43,577 - root - INFO - Epoch 2/10 step 70/300 eta 00:07:37: loss 0.417, train {'accuracy': 0.875, 'f1': 0.85625, 'precision': 0.84375, 'recall': 0.875}
2025-02-26 22:19:52,228 - root - INFO - Epoch 2/10 step 80/300 eta 00:06:46: loss 0.598, train {'accuracy': 0.78125, 'f1': 0.7801926691729324, 'precision': 0.8083333333333333, 'recall': 0.78125}
2025-02-26 22:20:00,808 - root - INFO - Epoch 2/10 step 90/300 eta 00:06:04: loss 0.379, train {'accuracy': 0.8125, 'f1': 0.746279761904762, 'precision': 0.6927083333333334, 'recall': 0.8125}
2025-02-26 22:20:39,347 - root - INFO - Epoch 2 step 90: loss 0.423, val {'accuracy': 0.8152, 'f1': 0.7588, 'precision': 0.8076, 'recall': 0.8152}
2025-02-26 22:20:48,725 - root - INFO - Epoch 3/10 step 100/300 eta 00:06:48: loss 0.341, train {'accuracy': 0.875, 'f1': 0.8485576923076923, 'precision': 0.8928571428571428, 'recall': 0.875}
2025-02-26 22:20:57,291 - root - INFO - Epoch 3/10 step 110/300 eta 00:06:07: loss 0.318, train {'accuracy': 0.875, 'f1': 0.8714201482479784, 'precision': 0.9189814814814814, 'recall': 0.875}
2025-02-26 22:21:05,840 - root - INFO - Epoch 3/10 step 120/300 eta 00:05:32: loss 0.243, train {'accuracy': 0.9375, 'f1': 0.9309895833333334, 'precision': 0.9425, 'recall': 0.9375}
2025-02-26 22:21:44,701 - root - INFO - Epoch 3 step 120: loss 0.385, val {'accuracy': 0.8416, 'f1': 0.8376, 'precision': 0.8472, 'recall': 0.8416}
2025-02-26 22:21:54,105 - root - INFO - Epoch 4/10 step 130/300 eta 00:05:52: loss 0.213, train {'accuracy': 0.9375, 'f1': 0.9359375, 'precision': 0.9583333333333333, 'recall': 0.9375}
2025-02-26 22:22:02,724 - root - INFO - Epoch 4/10 step 140/300 eta 00:05:17: loss 0.158, train {'accuracy': 0.96875, 'f1': 0.9702380952380952, 'precision': 0.9765625, 'recall': 0.96875}
2025-02-26 22:22:11,356 - root - INFO - Epoch 4/10 step 150/300 eta 00:04:46: loss 0.133, train {'accuracy': 0.9375, 'f1': 0.9441964285714286, 'precision': 0.9625, 'recall': 0.9375}
2025-02-26 22:22:49,831 - root - INFO - Epoch 4 step 150: loss 0.448, val {'accuracy': 0.8368, 'f1': 0.8296, 'precision': 0.8502, 'recall': 0.8368}
2025-02-26 22:22:49,832 - root - INFO - Early Stopping Check: No improvement for 1/3 epochs
2025-02-26 22:22:58,640 - root - INFO - Epoch 5/10 step 160/300 eta 00:04:52: loss 0.220, train {'accuracy': 0.9375, 'f1': 0.9346938775510203, 'precision': 0.9491666666666666, 'recall': 0.9375}
2025-02-26 22:23:07,272 - root - INFO - Epoch 5/10 step 170/300 eta 00:04:22: loss 0.107, train {'accuracy': 1.0, 'f1': 1.0, 'precision': 1.0, 'recall': 1.0}
2025-02-26 22:23:15,979 - root - INFO - Epoch 5/10 step 180/300 eta 00:03:54: loss 0.108, train {'accuracy': 0.9375, 'f1': 0.9425925925925925, 'precision': 0.9583333333333334, 'recall': 0.9375}
2025-02-26 22:23:54,264 - root - INFO - Epoch 5 step 180: loss 0.426, val {'accuracy': 0.8527, 'f1': 0.8477, 'precision': 0.8451, 'recall': 0.8527}
2025-02-26 22:24:03,578 - root - INFO - Epoch 6/10 step 190/300 eta 00:03:51: loss 0.052, train {'accuracy': 1.0, 'f1': 1.0, 'precision': 1.0, 'recall': 1.0}
2025-02-26 22:24:12,246 - root - INFO - Epoch 6/10 step 200/300 eta 00:03:23: loss 0.024, train {'accuracy': 1.0, 'f1': 1.0, 'precision': 1.0, 'recall': 1.0}
2025-02-26 22:24:20,828 - root - INFO - Epoch 6/10 step 210/300 eta 00:02:58: loss 0.044, train {'accuracy': 1.0, 'f1': 1.0, 'precision': 1.0, 'recall': 1.0}
2025-02-26 22:24:59,123 - root - INFO - Epoch 6 step 210: loss 0.440, val {'accuracy': 0.855, 'f1': 0.8533, 'precision': 0.8545, 'recall': 0.855}
2025-02-26 22:25:08,313 - root - INFO - Epoch 7/10 step 220/300 eta 00:02:48: loss 0.025, train {'accuracy': 1.0, 'f1': 1.0, 'precision': 1.0, 'recall': 1.0}
2025-02-26 22:25:16,839 - root - INFO - Epoch 7/10 step 230/300 eta 00:02:23: loss 0.021, train {'accuracy': 1.0, 'f1': 1.0, 'precision': 1.0, 'recall': 1.0}
2025-02-26 22:25:25,477 - root - INFO - Epoch 7/10 step 240/300 eta 00:02:00: loss 0.022, train {'accuracy': 1.0, 'f1': 1.0, 'precision': 1.0, 'recall': 1.0}
2025-02-26 22:26:03,930 - root - INFO - Epoch 7 step 240: loss 0.484, val {'accuracy': 0.8555, 'f1': 0.8512, 'precision': 0.8533, 'recall': 0.8555}
2025-02-26 22:26:03,930 - root - INFO - Early Stopping Check: No improvement for 1/3 epochs
2025-02-26 22:26:12,709 - root - INFO - Epoch 8/10 step 250/300 eta 00:01:45: loss 0.014, train {'accuracy': 1.0, 'f1': 1.0, 'precision': 1.0, 'recall': 1.0}
2025-02-26 22:26:21,393 - root - INFO - Epoch 8/10 step 260/300 eta 00:01:22: loss 0.022, train {'accuracy': 1.0, 'f1': 1.0, 'precision': 1.0, 'recall': 1.0}
2025-02-26 22:26:30,009 - root - INFO - Epoch 8/10 step 270/300 eta 00:01:00: loss 0.015, train {'accuracy': 1.0, 'f1': 1.0, 'precision': 1.0, 'recall': 1.0}
2025-02-26 22:27:08,415 - root - INFO - Epoch 8 step 270: loss 0.500, val {'accuracy': 0.8567, 'f1': 0.8502, 'precision': 0.8505, 'recall': 0.8567}
2025-02-26 22:27:08,415 - root - INFO - Early Stopping Check: No improvement for 2/3 epochs
2025-02-26 22:27:17,197 - root - INFO - Epoch 9/10 step 280/300 eta 00:00:42: loss 0.021, train {'accuracy': 1.0, 'f1': 1.0, 'precision': 1.0, 'recall': 1.0}
2025-02-26 22:27:25,839 - root - INFO - Epoch 9/10 step 290/300 eta 00:00:20: loss 0.017, train {'accuracy': 1.0, 'f1': 1.0, 'precision': 1.0, 'recall': 1.0}
2025-02-26 22:27:34,399 - root - INFO - Epoch 9/10 step 300/300 eta 00:00:00: loss 0.021, train {'accuracy': 1.0, 'f1': 1.0, 'precision': 1.0, 'recall': 1.0}
2025-02-26 22:28:12,681 - root - INFO - Epoch 9 step 300: loss 0.503, val {'accuracy': 0.8566, 'f1': 0.8497, 'precision': 0.8493, 'recall': 0.8566}
2025-02-26 22:28:12,681 - root - INFO - Early Stopping Check: No improvement for 3/3 epochs
2025-02-26 22:28:12,682 - root - INFO - Stopping early at epoch 9 due to no improvement in validation F1 and increasing loss.
