2025-02-26 22:50:42,607 - root - INFO - Training/evaluation config: Namespace(seed=2021, data_path='./data/ctrip_20250224.csv', base_url='data/qunaer_20250226_balance19', num_class=3, val_ratio=0.2, prefetch=12, num_workers=6, train_batch_size=32, val_batch_size=32, word2Vec='./word2vec/sgns.weibo.bigram-char.bz2', word2Vec_dim=300, stopWords='./stopword/hit_stopwords.txt', bert_dir='hf_hub/models--hfl--chinese-roberta-wwm-ext', bert_dim=768, bert_max_length=512, bert_padding='max_length', lstm_input_size=768, lstm_hidden_size=256, lstm_num_layers=2, lstm_dropout=0.0, feature_type=2, fusion_type='residual', adv_type='freelb', fgm_adv_epsilon=1.0, pgd_adv_epsilon=1.0, pgd_adv_alpha=0.3, pgd_adv_K=3, freelb_adv_K=3, freelb_adv_lr=0.01, freelb_adv_init_mag=0.02, smartp_adv_alpha=1.0, save_path='save/qunaer_20250226_balance19/models--hfl--chinese-roberta-wwm-ext/feature2_fusionresidual_advfreelb_20250226225042', best_score=0.5, max_epochs=10, max_steps=50000, warmup_steps=200, print_steps=10, weight_decay=0.001, adam_eps=1e-06, adam_lr=5e-05, dropout=0.1, smoothing=0.0, patience=3, device='cuda', n_gpu=1)
2025-02-26 22:50:57,463 - root - INFO - Epoch 0/10 step 10/300 eta 00:06:30: loss 0.319, train {'accuracy': 0.71875, 'f1': 0.6011363636363636, 'precision': 0.5166015625, 'recall': 0.71875}
2025-02-26 22:51:10,120 - root - INFO - Epoch 0/10 step 20/300 eta 00:06:05: loss 0.217, train {'accuracy': 0.8125, 'f1': 0.728448275862069, 'precision': 0.66015625, 'recall': 0.8125}
2025-02-26 22:51:22,875 - root - INFO - Epoch 0/10 step 30/300 eta 00:05:49: loss 0.188, train {'accuracy': 0.8125, 'f1': 0.728448275862069, 'precision': 0.66015625, 'recall': 0.8125}
2025-02-26 22:52:00,539 - root - INFO - Epoch 0 step 30: loss 0.687, val {'accuracy': 0.7801, 'f1': 0.6837, 'precision': 0.6085, 'recall': 0.7801}
2025-02-26 22:52:13,764 - root - INFO - Epoch 1/10 step 40/300 eta 00:09:43: loss 0.181, train {'accuracy': 0.84375, 'f1': 0.7722457627118644, 'precision': 0.7119140625, 'recall': 0.84375}
2025-02-26 22:52:26,410 - root - INFO - Epoch 1/10 step 50/300 eta 00:08:32: loss 0.320, train {'accuracy': 0.65625, 'f1': 0.5200471698113208, 'precision': 0.4306640625, 'recall': 0.65625}
2025-02-26 22:52:39,110 - root - INFO - Epoch 1/10 step 60/300 eta 00:07:40: loss 0.203, train {'accuracy': 0.71875, 'f1': 0.6011363636363636, 'precision': 0.5166015625, 'recall': 0.71875}
2025-02-26 22:53:16,619 - root - INFO - Epoch 1 step 60: loss 0.546, val {'accuracy': 0.8055, 'f1': 0.7367, 'precision': 0.6806, 'recall': 0.8055}
2025-02-26 22:53:30,091 - root - INFO - Epoch 2/10 step 70/300 eta 00:09:05: loss 0.187, train {'accuracy': 0.71875, 'f1': 0.7252604166666666, 'precision': 0.7445652173913043, 'recall': 0.71875}
2025-02-26 22:53:42,776 - root - INFO - Epoch 2/10 step 80/300 eta 00:08:11: loss 0.141, train {'accuracy': 0.84375, 'f1': 0.8459558823529412, 'precision': 0.9258333333333334, 'recall': 0.84375}
2025-02-26 22:53:55,522 - root - INFO - Epoch 2/10 step 90/300 eta 00:07:26: loss 0.151, train {'accuracy': 0.90625, 'f1': 0.891875, 'precision': 0.9110576923076923, 'recall': 0.90625}
2025-02-26 22:54:32,994 - root - INFO - Epoch 2 step 90: loss 0.414, val {'accuracy': 0.8414, 'f1': 0.8204, 'precision': 0.8217, 'recall': 0.8414}
2025-02-26 22:54:46,278 - root - INFO - Epoch 3/10 step 100/300 eta 00:08:04: loss 0.073, train {'accuracy': 0.90625, 'f1': 0.8991071428571429, 'precision': 0.8984375, 'recall': 0.90625}
2025-02-26 22:54:58,854 - root - INFO - Epoch 3/10 step 110/300 eta 00:07:20: loss 0.063, train {'accuracy': 0.875, 'f1': 0.8899509803921568, 'precision': 0.921875, 'recall': 0.875}
2025-02-26 22:55:11,474 - root - INFO - Epoch 3/10 step 120/300 eta 00:06:41: loss 0.129, train {'accuracy': 0.84375, 'f1': 0.8173076923076923, 'precision': 0.8303571428571428, 'recall': 0.84375}
2025-02-26 22:55:49,088 - root - INFO - Epoch 3 step 120: loss 0.412, val {'accuracy': 0.8445, 'f1': 0.8273, 'precision': 0.8266, 'recall': 0.8445}
2025-02-26 22:56:02,357 - root - INFO - Epoch 4/10 step 130/300 eta 00:06:56: loss 0.025, train {'accuracy': 1.0, 'f1': 1.0, 'precision': 1.0, 'recall': 1.0}
2025-02-26 22:56:14,969 - root - INFO - Epoch 4/10 step 140/300 eta 00:06:18: loss 0.090, train {'accuracy': 0.84375, 'f1': 0.8543017665474061, 'precision': 0.8821428571428571, 'recall': 0.84375}
2025-02-26 22:56:27,755 - root - INFO - Epoch 4/10 step 150/300 eta 00:05:43: loss 0.066, train {'accuracy': 0.9375, 'f1': 0.9405438311688312, 'precision': 0.953125, 'recall': 0.9375}
2025-02-26 22:57:05,229 - root - INFO - Epoch 4 step 150: loss 0.492, val {'accuracy': 0.8189, 'f1': 0.8276, 'precision': 0.8437, 'recall': 0.8189}
2025-02-26 22:57:18,617 - root - INFO - Epoch 5/10 step 160/300 eta 00:05:45: loss 0.010, train {'accuracy': 1.0, 'f1': 1.0, 'precision': 1.0, 'recall': 1.0}
2025-02-26 22:57:31,319 - root - INFO - Epoch 5/10 step 170/300 eta 00:05:11: loss 0.015, train {'accuracy': 1.0, 'f1': 1.0, 'precision': 1.0, 'recall': 1.0}
2025-02-26 22:57:43,966 - root - INFO - Epoch 5/10 step 180/300 eta 00:04:39: loss 0.006, train {'accuracy': 1.0, 'f1': 1.0, 'precision': 1.0, 'recall': 1.0}
2025-02-26 22:58:21,527 - root - INFO - Epoch 5 step 180: loss 0.448, val {'accuracy': 0.8498, 'f1': 0.8475, 'precision': 0.85, 'recall': 0.8498}
2025-02-26 22:58:34,800 - root - INFO - Epoch 6/10 step 190/300 eta 00:04:32: loss 0.009, train {'accuracy': 1.0, 'f1': 1.0, 'precision': 1.0, 'recall': 1.0}
2025-02-26 22:58:47,525 - root - INFO - Epoch 6/10 step 200/300 eta 00:04:01: loss 0.006, train {'accuracy': 1.0, 'f1': 1.0, 'precision': 1.0, 'recall': 1.0}
2025-02-26 22:59:00,220 - root - INFO - Epoch 6/10 step 210/300 eta 00:03:32: loss 0.005, train {'accuracy': 1.0, 'f1': 1.0, 'precision': 1.0, 'recall': 1.0}
2025-02-26 22:59:37,828 - root - INFO - Epoch 6 step 210: loss 0.500, val {'accuracy': 0.8532, 'f1': 0.8487, 'precision': 0.8491, 'recall': 0.8532}
2025-02-26 22:59:51,254 - root - INFO - Epoch 7/10 step 220/300 eta 00:03:19: loss 0.004, train {'accuracy': 1.0, 'f1': 1.0, 'precision': 1.0, 'recall': 1.0}
2025-02-26 23:00:04,074 - root - INFO - Epoch 7/10 step 230/300 eta 00:02:50: loss 0.006, train {'accuracy': 1.0, 'f1': 1.0, 'precision': 1.0, 'recall': 1.0}
2025-02-26 23:00:16,791 - root - INFO - Epoch 7/10 step 240/300 eta 00:02:23: loss 0.003, train {'accuracy': 1.0, 'f1': 1.0, 'precision': 1.0, 'recall': 1.0}
2025-02-26 23:00:54,268 - root - INFO - Epoch 7 step 240: loss 0.569, val {'accuracy': 0.8518, 'f1': 0.8434, 'precision': 0.8469, 'recall': 0.8518}
2025-02-26 23:00:54,268 - root - INFO - Early Stopping Check: No improvement for 1/3 epochs
2025-02-26 23:01:07,161 - root - INFO - Epoch 8/10 step 250/300 eta 00:02:04: loss 0.004, train {'accuracy': 1.0, 'f1': 1.0, 'precision': 1.0, 'recall': 1.0}
2025-02-26 23:01:19,779 - root - INFO - Epoch 8/10 step 260/300 eta 00:01:37: loss 0.002, train {'accuracy': 1.0, 'f1': 1.0, 'precision': 1.0, 'recall': 1.0}
2025-02-26 23:01:32,423 - root - INFO - Epoch 8/10 step 270/300 eta 00:01:12: loss 0.002, train {'accuracy': 1.0, 'f1': 1.0, 'precision': 1.0, 'recall': 1.0}
2025-02-26 23:02:10,075 - root - INFO - Epoch 8 step 270: loss 0.567, val {'accuracy': 0.8515, 'f1': 0.8446, 'precision': 0.848, 'recall': 0.8515}
2025-02-26 23:02:10,075 - root - INFO - Early Stopping Check: No improvement for 2/3 epochs
2025-02-26 23:02:23,045 - root - INFO - Epoch 9/10 step 280/300 eta 00:00:49: loss 0.003, train {'accuracy': 1.0, 'f1': 1.0, 'precision': 1.0, 'recall': 1.0}
2025-02-26 23:02:35,820 - root - INFO - Epoch 9/10 step 290/300 eta 00:00:24: loss 0.003, train {'accuracy': 1.0, 'f1': 1.0, 'precision': 1.0, 'recall': 1.0}
2025-02-26 23:02:48,500 - root - INFO - Epoch 9/10 step 300/300 eta 00:00:00: loss 0.006, train {'accuracy': 1.0, 'f1': 1.0, 'precision': 1.0, 'recall': 1.0}
2025-02-26 23:03:26,312 - root - INFO - Epoch 9 step 300: loss 0.568, val {'accuracy': 0.8517, 'f1': 0.8447, 'precision': 0.8479, 'recall': 0.8517}
2025-02-26 23:03:26,313 - root - INFO - Early Stopping Check: No improvement for 3/3 epochs
2025-02-26 23:03:26,313 - root - INFO - Stopping early at epoch 9 due to no improvement in validation F1 and increasing loss.
