2025-02-27 11:25:01,023 - root - INFO - Training/evaluation config: Namespace(seed=2021, data_path='./data/ctrip_20250224.csv', base_url='data/qunaer_20250226_balance82', num_class=3, val_ratio=0.2, prefetch=12, num_workers=6, train_batch_size=32, val_batch_size=32, word2Vec='./word2vec/sgns.weibo.bigram-char.bz2', word2Vec_dim=300, stopWords='./stopword/hit_stopwords.txt', bert_dir='hf_hub/models--nghuyong--ernie-3.0-base-zh', bert_dim=768, bert_max_length=512, bert_padding='max_length', lstm_input_size=768, lstm_hidden_size=256, lstm_num_layers=2, lstm_dropout=0.0, feature_type=1, fusion_type='cat', adv_type='none', fgm_adv_epsilon=1.0, pgd_adv_epsilon=1.0, pgd_adv_alpha=0.3, pgd_adv_K=3, freelb_adv_K=3, freelb_adv_lr=0.01, freelb_adv_init_mag=0.02, smartp_adv_alpha=1.0, save_path='save/qunaer_20250226_balance82/models--nghuyong--ernie-3.0-base-zh/feature1_fusioncat_advnone_20250227112501', best_score=0.5, max_epochs=10, max_steps=50000, warmup_steps=200, print_steps=10, weight_decay=0.001, adam_eps=1e-06, adam_lr=5e-05, dropout=0.1, smoothing=0.0, patience=3, device='cuda', n_gpu=1)
2025-02-27 11:25:07,043 - root - INFO - Epoch 0/10 step 10/2470 eta 00:20:38: loss 1.063, train {'accuracy': 0.5, 'f1': 0.6170212765957447, 'precision': 0.8055555555555555, 'recall': 0.5}
2025-02-27 11:25:11,164 - root - INFO - Epoch 0/10 step 20/2470 eta 00:18:41: loss 0.934, train {'accuracy': 0.75, 'f1': 0.7090909090909091, 'precision': 0.6724137931034483, 'recall': 0.75}
2025-02-27 11:25:15,292 - root - INFO - Epoch 0/10 step 30/2470 eta 00:18:00: loss 0.952, train {'accuracy': 0.625, 'f1': 0.4807692307692308, 'precision': 0.390625, 'recall': 0.625}
2025-02-27 11:25:19,437 - root - INFO - Epoch 0/10 step 40/2470 eta 00:17:38: loss 0.641, train {'accuracy': 0.90625, 'f1': 0.8616803278688524, 'precision': 0.8212890625, 'recall': 0.90625}
2025-02-27 11:25:23,613 - root - INFO - Epoch 0/10 step 50/2470 eta 00:17:25: loss 0.762, train {'accuracy': 0.6875, 'f1': 0.5601851851851851, 'precision': 0.47265625, 'recall': 0.6875}
2025-02-27 11:25:27,772 - root - INFO - Epoch 0/10 step 60/2470 eta 00:17:14: loss 0.599, train {'accuracy': 0.78125, 'f1': 0.6853070175438596, 'precision': 0.6103515625, 'recall': 0.78125}
2025-02-27 11:25:31,939 - root - INFO - Epoch 0/10 step 70/2470 eta 00:17:06: loss 0.744, train {'accuracy': 0.75, 'f1': 0.6428571428571428, 'precision': 0.5625, 'recall': 0.75}
2025-02-27 11:25:36,126 - root - INFO - Epoch 0/10 step 80/2470 eta 00:16:59: loss 0.819, train {'accuracy': 0.71875, 'f1': 0.6011363636363636, 'precision': 0.5166015625, 'recall': 0.71875}
2025-02-27 11:25:40,297 - root - INFO - Epoch 0/10 step 90/2470 eta 00:16:52: loss 0.790, train {'accuracy': 0.75, 'f1': 0.6428571428571428, 'precision': 0.5625, 'recall': 0.75}
2025-02-27 11:25:44,501 - root - INFO - Epoch 0/10 step 100/2470 eta 00:16:47: loss 0.773, train {'accuracy': 0.71875, 'f1': 0.6011363636363636, 'precision': 0.5166015625, 'recall': 0.71875}
2025-02-27 11:25:48,733 - root - INFO - Epoch 0/10 step 110/2470 eta 00:16:42: loss 0.500, train {'accuracy': 0.84375, 'f1': 0.7722457627118644, 'precision': 0.7119140625, 'recall': 0.84375}
2025-02-27 11:25:52,940 - root - INFO - Epoch 0/10 step 120/2470 eta 00:16:37: loss 0.646, train {'accuracy': 0.6875, 'f1': 0.5601851851851851, 'precision': 0.47265625, 'recall': 0.6875}
2025-02-27 11:25:57,153 - root - INFO - Epoch 0/10 step 130/2470 eta 00:16:32: loss 0.657, train {'accuracy': 0.6875, 'f1': 0.611111111111111, 'precision': 0.5499999999999999, 'recall': 0.6875}
2025-02-27 11:26:01,366 - root - INFO - Epoch 0/10 step 140/2470 eta 00:16:27: loss 0.415, train {'accuracy': 0.78125, 'f1': 0.7658653846153847, 'precision': 0.8425611413043478, 'recall': 0.78125}
2025-02-27 11:26:05,581 - root - INFO - Epoch 0/10 step 150/2470 eta 00:16:23: loss 0.375, train {'accuracy': 0.8125, 'f1': 0.7940476190476189, 'precision': 0.8135416666666666, 'recall': 0.8125}
2025-02-27 11:26:09,793 - root - INFO - Epoch 0/10 step 160/2470 eta 00:16:18: loss 0.374, train {'accuracy': 0.875, 'f1': 0.894717261904762, 'precision': 0.921875, 'recall': 0.875}
2025-02-27 11:26:13,992 - root - INFO - Epoch 0/10 step 170/2470 eta 00:16:13: loss 0.372, train {'accuracy': 0.84375, 'f1': 0.8119212962962963, 'precision': 0.8297413793103448, 'recall': 0.84375}
2025-02-27 11:26:18,157 - root - INFO - Epoch 0/10 step 180/2470 eta 00:16:08: loss 0.429, train {'accuracy': 0.8125, 'f1': 0.7694444444444444, 'precision': 0.740301724137931, 'recall': 0.8125}
2025-02-27 11:26:22,354 - root - INFO - Epoch 0/10 step 190/2470 eta 00:16:04: loss 0.271, train {'accuracy': 0.875, 'f1': 0.8410087719298245, 'precision': 0.821875, 'recall': 0.875}
2025-02-27 11:26:26,588 - root - INFO - Epoch 0/10 step 200/2470 eta 00:15:59: loss 0.322, train {'accuracy': 0.84375, 'f1': 0.7905701754385965, 'precision': 0.7468750000000001, 'recall': 0.84375}
2025-02-27 11:26:30,808 - root - INFO - Epoch 0/10 step 210/2470 eta 00:15:55: loss 0.456, train {'accuracy': 0.875, 'f1': 0.8740530303030303, 'precision': 0.8854166666666666, 'recall': 0.875}
2025-02-27 11:26:34,965 - root - INFO - Epoch 0/10 step 220/2470 eta 00:15:50: loss 0.403, train {'accuracy': 0.8125, 'f1': 0.7943840579710144, 'precision': 0.8203125, 'recall': 0.8125}
2025-02-27 11:26:39,087 - root - INFO - Epoch 0/10 step 230/2470 eta 00:15:45: loss 0.385, train {'accuracy': 0.8125, 'f1': 0.7946691176470587, 'precision': 0.8227163461538461, 'recall': 0.8125}
2025-02-27 11:26:43,208 - root - INFO - Epoch 0/10 step 240/2470 eta 00:15:40: loss 0.301, train {'accuracy': 0.84375, 'f1': 0.8077175052410902, 'precision': 0.8706896551724138, 'recall': 0.84375}
2025-02-27 11:26:54,150 - root - INFO - Epoch 0 step 247: loss 0.316, val {'accuracy': 0.8756, 'f1': 0.8694, 'precision': 0.8672, 'recall': 0.8756}
2025-02-27 11:26:56,059 - root - INFO - Epoch 1/10 step 250/2470 eta 00:16:52: loss 0.380, train {'accuracy': 0.78125, 'f1': 0.7108173076923077, 'precision': 0.6637931034482759, 'recall': 0.78125}
2025-02-27 11:27:00,208 - root - INFO - Epoch 1/10 step 260/2470 eta 00:16:44: loss 0.297, train {'accuracy': 0.90625, 'f1': 0.8972074468085106, 'precision': 0.8919270833333334, 'recall': 0.90625}
2025-02-27 11:27:04,318 - root - INFO - Epoch 1/10 step 270/2470 eta 00:16:36: loss 0.190, train {'accuracy': 1.0, 'f1': 1.0, 'precision': 1.0, 'recall': 1.0}
2025-02-27 11:27:08,443 - root - INFO - Epoch 1/10 step 280/2470 eta 00:16:28: loss 0.278, train {'accuracy': 0.84375, 'f1': 0.827020202020202, 'precision': 0.8347146739130434, 'recall': 0.84375}
2025-02-27 11:27:12,571 - root - INFO - Epoch 1/10 step 290/2470 eta 00:16:21: loss 0.441, train {'accuracy': 0.8125, 'f1': 0.8125, 'precision': 0.8125, 'recall': 0.8125}
2025-02-27 11:27:16,719 - root - INFO - Epoch 1/10 step 300/2470 eta 00:16:14: loss 0.223, train {'accuracy': 0.875, 'f1': 0.8523148148148147, 'precision': 0.8921130952380952, 'recall': 0.875}
2025-02-27 11:27:20,899 - root - INFO - Epoch 1/10 step 310/2470 eta 00:16:07: loss 0.244, train {'accuracy': 0.9375, 'f1': 0.9424135220125787, 'precision': 0.953125, 'recall': 0.9375}
2025-02-27 11:27:25,071 - root - INFO - Epoch 1/10 step 320/2470 eta 00:16:01: loss 0.405, train {'accuracy': 0.8125, 'f1': 0.7544642857142857, 'precision': 0.7041666666666667, 'recall': 0.8125}
2025-02-27 11:27:29,249 - root - INFO - Epoch 1/10 step 330/2470 eta 00:15:54: loss 0.310, train {'accuracy': 0.875, 'f1': 0.864158163265306, 'precision': 0.9325, 'recall': 0.875}
2025-02-27 11:27:33,441 - root - INFO - Epoch 1/10 step 340/2470 eta 00:15:48: loss 0.265, train {'accuracy': 0.9375, 'f1': 0.9229910714285714, 'precision': 0.9418103448275862, 'recall': 0.9375}
2025-02-27 11:27:37,625 - root - INFO - Epoch 1/10 step 350/2470 eta 00:15:42: loss 0.242, train {'accuracy': 0.9375, 'f1': 0.942548076923077, 'precision': 0.9583333333333334, 'recall': 0.9375}
2025-02-27 11:27:41,814 - root - INFO - Epoch 1/10 step 360/2470 eta 00:15:36: loss 0.322, train {'accuracy': 0.90625, 'f1': 0.9155092592592592, 'precision': 0.9375, 'recall': 0.90625}
2025-02-27 11:27:45,995 - root - INFO - Epoch 1/10 step 370/2470 eta 00:15:30: loss 0.251, train {'accuracy': 0.90625, 'f1': 0.8864942528735632, 'precision': 0.8791666666666667, 'recall': 0.90625}
2025-02-27 11:27:50,160 - root - INFO - Epoch 1/10 step 380/2470 eta 00:15:24: loss 0.306, train {'accuracy': 0.84375, 'f1': 0.8456681585677749, 'precision': 0.8835227272727273, 'recall': 0.84375}
2025-02-27 11:27:54,310 - root - INFO - Epoch 1/10 step 390/2470 eta 00:15:18: loss 0.570, train {'accuracy': 0.78125, 'f1': 0.7201749213836478, 'precision': 0.8322916666666667, 'recall': 0.78125}
2025-02-27 11:27:58,486 - root - INFO - Epoch 1/10 step 400/2470 eta 00:15:13: loss 0.482, train {'accuracy': 0.71875, 'f1': 0.6575028232636928, 'precision': 0.690625, 'recall': 0.71875}
2025-02-27 11:28:02,661 - root - INFO - Epoch 1/10 step 410/2470 eta 00:15:07: loss 0.317, train {'accuracy': 0.84375, 'f1': 0.8362418831168832, 'precision': 0.8387681159420289, 'recall': 0.84375}
2025-02-27 11:28:06,882 - root - INFO - Epoch 1/10 step 420/2470 eta 00:15:02: loss 0.257, train {'accuracy': 0.9375, 'f1': 0.9221491228070176, 'precision': 0.9073275862068966, 'recall': 0.9375}
2025-02-27 11:28:11,065 - root - INFO - Epoch 1/10 step 430/2470 eta 00:14:56: loss 0.514, train {'accuracy': 0.8125, 'f1': 0.8143939393939394, 'precision': 0.828125, 'recall': 0.8125}
2025-02-27 11:28:15,196 - root - INFO - Epoch 1/10 step 440/2470 eta 00:14:51: loss 0.291, train {'accuracy': 0.84375, 'f1': 0.8275157232704403, 'precision': 0.8263888888888888, 'recall': 0.84375}
2025-02-27 11:28:19,306 - root - INFO - Epoch 1/10 step 450/2470 eta 00:14:45: loss 0.264, train {'accuracy': 0.875, 'f1': 0.8962710084033613, 'precision': 0.975, 'recall': 0.875}
2025-02-27 11:28:23,450 - root - INFO - Epoch 1/10 step 460/2470 eta 00:14:40: loss 0.153, train {'accuracy': 0.96875, 'f1': 0.9638157894736842, 'precision': 0.9698275862068966, 'recall': 0.96875}
2025-02-27 11:28:27,573 - root - INFO - Epoch 1/10 step 470/2470 eta 00:14:34: loss 0.287, train {'accuracy': 0.84375, 'f1': 0.8498956400742115, 'precision': 0.8580729166666667, 'recall': 0.84375}
2025-02-27 11:28:31,700 - root - INFO - Epoch 1/10 step 480/2470 eta 00:14:29: loss 0.514, train {'accuracy': 0.78125, 'f1': 0.7701923076923076, 'precision': 0.78515625, 'recall': 0.78125}
2025-02-27 11:28:35,819 - root - INFO - Epoch 1/10 step 490/2470 eta 00:14:23: loss 0.287, train {'accuracy': 0.90625, 'f1': 0.8617584745762712, 'precision': 0.8215725806451613, 'recall': 0.90625}
2025-02-27 11:28:45,548 - root - INFO - Epoch 1 step 494: loss 0.330, val {'accuracy': 0.865, 'f1': 0.8696, 'precision': 0.876, 'recall': 0.865}
2025-02-27 11:28:48,746 - root - INFO - Epoch 2/10 step 500/2470 eta 00:14:53: loss 0.173, train {'accuracy': 0.9375, 'f1': 0.9281994047619048, 'precision': 0.9418103448275862, 'recall': 0.9375}
2025-02-27 11:28:52,916 - root - INFO - Epoch 2/10 step 510/2470 eta 00:14:47: loss 0.236, train {'accuracy': 0.875, 'f1': 0.8593749999999999, 'precision': 0.8942307692307693, 'recall': 0.875}
2025-02-27 11:28:57,056 - root - INFO - Epoch 2/10 step 520/2470 eta 00:14:41: loss 0.201, train {'accuracy': 0.9375, 'f1': 0.9325980392156862, 'precision': 0.9387019230769231, 'recall': 0.9375}
2025-02-27 11:29:01,193 - root - INFO - Epoch 2/10 step 530/2470 eta 00:14:35: loss 0.214, train {'accuracy': 0.9375, 'f1': 0.9375, 'precision': 0.9375, 'recall': 0.9375}
2025-02-27 11:29:05,342 - root - INFO - Epoch 2/10 step 540/2470 eta 00:14:29: loss 0.339, train {'accuracy': 0.875, 'f1': 0.875, 'precision': 0.875, 'recall': 0.875}
2025-02-27 11:29:09,459 - root - INFO - Epoch 2/10 step 550/2470 eta 00:14:23: loss 0.232, train {'accuracy': 0.90625, 'f1': 0.9046875, 'precision': 0.9270833333333333, 'recall': 0.90625}
2025-02-27 11:29:13,578 - root - INFO - Epoch 2/10 step 560/2470 eta 00:14:18: loss 0.276, train {'accuracy': 0.875, 'f1': 0.8559948979591837, 'precision': 0.8962339743589745, 'recall': 0.875}
2025-02-27 11:29:17,689 - root - INFO - Epoch 2/10 step 570/2470 eta 00:14:12: loss 0.248, train {'accuracy': 0.875, 'f1': 0.8459821428571429, 'precision': 0.8189655172413793, 'recall': 0.875}
2025-02-27 11:29:21,810 - root - INFO - Epoch 2/10 step 580/2470 eta 00:14:06: loss 0.767, train {'accuracy': 0.78125, 'f1': 0.7092329545454545, 'precision': 0.7993951612903225, 'recall': 0.78125}
2025-02-27 11:29:25,911 - root - INFO - Epoch 2/10 step 590/2470 eta 00:14:00: loss 0.510, train {'accuracy': 0.8125, 'f1': 0.8360294117647058, 'precision': 0.87109375, 'recall': 0.8125}
2025-02-27 11:29:30,019 - root - INFO - Epoch 2/10 step 600/2470 eta 00:13:55: loss 0.337, train {'accuracy': 0.875, 'f1': 0.8553318733153639, 'precision': 0.8746279761904763, 'recall': 0.875}
2025-02-27 11:29:34,140 - root - INFO - Epoch 2/10 step 610/2470 eta 00:13:49: loss 0.267, train {'accuracy': 0.875, 'f1': 0.8729166666666667, 'precision': 0.8776041666666666, 'recall': 0.875}
2025-02-27 11:29:38,280 - root - INFO - Epoch 2/10 step 620/2470 eta 00:13:44: loss 0.115, train {'accuracy': 1.0, 'f1': 1.0, 'precision': 1.0, 'recall': 1.0}
2025-02-27 11:29:42,416 - root - INFO - Epoch 2/10 step 630/2470 eta 00:13:38: loss 0.232, train {'accuracy': 0.9375, 'f1': 0.9510825163398693, 'precision': 0.9791666666666666, 'recall': 0.9375}
2025-02-27 11:29:46,520 - root - INFO - Epoch 2/10 step 640/2470 eta 00:13:33: loss 0.536, train {'accuracy': 0.71875, 'f1': 0.7414772727272727, 'precision': 0.7958333333333333, 'recall': 0.71875}
2025-02-27 11:29:50,635 - root - INFO - Epoch 2/10 step 650/2470 eta 00:13:28: loss 0.337, train {'accuracy': 0.90625, 'f1': 0.8987379807692308, 'precision': 0.9060416666666666, 'recall': 0.90625}
2025-02-27 11:29:54,757 - root - INFO - Epoch 2/10 step 660/2470 eta 00:13:22: loss 0.305, train {'accuracy': 0.875, 'f1': 0.8777004245754246, 'precision': 0.8997395833333333, 'recall': 0.875}
2025-02-27 11:29:58,875 - root - INFO - Epoch 2/10 step 670/2470 eta 00:13:17: loss 0.196, train {'accuracy': 0.9375, 'f1': 0.9346813725490195, 'precision': 0.9387019230769231, 'recall': 0.9375}
2025-02-27 11:30:02,956 - root - INFO - Epoch 2/10 step 680/2470 eta 00:13:12: loss 0.266, train {'accuracy': 0.84375, 'f1': 0.853125, 'precision': 0.8750676406926408, 'recall': 0.84375}
2025-02-27 11:30:07,009 - root - INFO - Epoch 2/10 step 690/2470 eta 00:13:06: loss 0.086, train {'accuracy': 0.96875, 'f1': 0.9706980519480519, 'precision': 0.9765625, 'recall': 0.96875}
2025-02-27 11:30:11,084 - root - INFO - Epoch 2/10 step 700/2470 eta 00:13:01: loss 0.409, train {'accuracy': 0.8125, 'f1': 0.7743506493506493, 'precision': 0.7420977011494252, 'recall': 0.8125}
2025-02-27 11:30:15,173 - root - INFO - Epoch 2/10 step 710/2470 eta 00:12:56: loss 0.239, train {'accuracy': 0.90625, 'f1': 0.9005102040816326, 'precision': 0.8983333333333334, 'recall': 0.90625}
2025-02-27 11:30:19,258 - root - INFO - Epoch 2/10 step 720/2470 eta 00:12:51: loss 0.377, train {'accuracy': 0.875, 'f1': 0.858482142857143, 'precision': 0.8502155172413793, 'recall': 0.875}
2025-02-27 11:30:23,340 - root - INFO - Epoch 2/10 step 730/2470 eta 00:12:45: loss 0.415, train {'accuracy': 0.84375, 'f1': 0.8307783018867925, 'precision': 0.8850446428571429, 'recall': 0.84375}
2025-02-27 11:30:27,409 - root - INFO - Epoch 2/10 step 740/2470 eta 00:12:40: loss 0.740, train {'accuracy': 0.65625, 'f1': 0.5719975490196078, 'precision': 0.78125, 'recall': 0.65625}
2025-02-27 11:30:35,932 - root - INFO - Epoch 2 step 741: loss 0.632, val {'accuracy': 0.7942, 'f1': 0.7219, 'precision': 0.7774, 'recall': 0.7942}
2025-02-27 11:30:35,933 - root - INFO - Early Stopping Check: No improvement for 1/3 epochs
2025-02-27 11:30:39,821 - root - INFO - Epoch 3/10 step 750/2470 eta 00:12:54: loss 0.875, train {'accuracy': 0.71875, 'f1': 0.6254422169811321, 'precision': 0.7066532258064516, 'recall': 0.71875}
2025-02-27 11:30:43,980 - root - INFO - Epoch 3/10 step 760/2470 eta 00:12:49: loss 0.726, train {'accuracy': 0.75, 'f1': 0.6428571428571428, 'precision': 0.5625, 'recall': 0.75}
2025-02-27 11:30:48,128 - root - INFO - Epoch 3/10 step 770/2470 eta 00:12:44: loss 0.607, train {'accuracy': 0.78125, 'f1': 0.7092329545454545, 'precision': 0.7993951612903225, 'recall': 0.78125}
2025-02-27 11:30:52,224 - root - INFO - Epoch 3/10 step 780/2470 eta 00:12:38: loss 0.412, train {'accuracy': 0.90625, 'f1': 0.8806818181818182, 'precision': 0.915948275862069, 'recall': 0.90625}
2025-02-27 11:30:56,322 - root - INFO - Epoch 3/10 step 790/2470 eta 00:12:33: loss 0.278, train {'accuracy': 0.875, 'f1': 0.8669871794871795, 'precision': 0.8694444444444445, 'recall': 0.875}
2025-02-27 11:31:00,433 - root - INFO - Epoch 3/10 step 800/2470 eta 00:12:28: loss 0.243, train {'accuracy': 0.90625, 'f1': 0.8915094339622641, 'precision': 0.8773148148148148, 'recall': 0.90625}
2025-02-27 11:31:04,543 - root - INFO - Epoch 3/10 step 810/2470 eta 00:12:22: loss 0.236, train {'accuracy': 0.875, 'f1': 0.875, 'precision': 0.875, 'recall': 0.875}
2025-02-27 11:31:08,657 - root - INFO - Epoch 3/10 step 820/2470 eta 00:12:17: loss 0.362, train {'accuracy': 0.875, 'f1': 0.8648148148148147, 'precision': 0.8660714285714286, 'recall': 0.875}
2025-02-27 11:31:12,785 - root - INFO - Epoch 3/10 step 830/2470 eta 00:12:12: loss 0.402, train {'accuracy': 0.84375, 'f1': 0.8094951923076923, 'precision': 0.7991071428571428, 'recall': 0.84375}
2025-02-27 11:31:16,926 - root - INFO - Epoch 3/10 step 840/2470 eta 00:12:07: loss 0.383, train {'accuracy': 0.78125, 'f1': 0.7950053418803418, 'precision': 0.816875, 'recall': 0.78125}
2025-02-27 11:31:21,051 - root - INFO - Epoch 3/10 step 850/2470 eta 00:12:02: loss 0.316, train {'accuracy': 0.9375, 'f1': 0.9346698113207548, 'precision': 0.9386574074074073, 'recall': 0.9375}
2025-02-27 11:31:25,175 - root - INFO - Epoch 3/10 step 860/2470 eta 00:11:57: loss 0.263, train {'accuracy': 0.90625, 'f1': 0.8854166666666666, 'precision': 0.875, 'recall': 0.90625}
2025-02-27 11:31:29,270 - root - INFO - Epoch 3/10 step 870/2470 eta 00:11:52: loss 0.286, train {'accuracy': 0.875, 'f1': 0.871031746031746, 'precision': 0.8757102272727273, 'recall': 0.875}
2025-02-27 11:31:33,368 - root - INFO - Epoch 3/10 step 880/2470 eta 00:11:47: loss 0.132, train {'accuracy': 0.96875, 'f1': 0.9668126684636118, 'precision': 0.9699074074074073, 'recall': 0.96875}
2025-02-27 11:31:37,436 - root - INFO - Epoch 3/10 step 890/2470 eta 00:11:41: loss 0.185, train {'accuracy': 0.96875, 'f1': 0.9659198113207548, 'precision': 0.9699074074074073, 'recall': 0.96875}
2025-02-27 11:31:41,492 - root - INFO - Epoch 3/10 step 900/2470 eta 00:11:36: loss 0.299, train {'accuracy': 0.875, 'f1': 0.8697916666666666, 'precision': 0.8735714285714284, 'recall': 0.875}
2025-02-27 11:31:45,569 - root - INFO - Epoch 3/10 step 910/2470 eta 00:11:31: loss 0.217, train {'accuracy': 0.90625, 'f1': 0.8875655594405595, 'precision': 0.8733796296296297, 'recall': 0.90625}
2025-02-27 11:31:49,626 - root - INFO - Epoch 3/10 step 920/2470 eta 00:11:26: loss 0.218, train {'accuracy': 0.9375, 'f1': 0.9390625, 'precision': 0.9625, 'recall': 0.9375}
2025-02-27 11:31:53,685 - root - INFO - Epoch 3/10 step 930/2470 eta 00:11:21: loss 0.233, train {'accuracy': 0.90625, 'f1': 0.9154432523997742, 'precision': 0.9464285714285714, 'recall': 0.90625}
2025-02-27 11:31:57,745 - root - INFO - Epoch 3/10 step 940/2470 eta 00:11:16: loss 0.260, train {'accuracy': 0.90625, 'f1': 0.9094097866419294, 'precision': 0.9491666666666666, 'recall': 0.90625}
2025-02-27 11:32:01,791 - root - INFO - Epoch 3/10 step 950/2470 eta 00:11:11: loss 0.357, train {'accuracy': 0.90625, 'f1': 0.9013020833333334, 'precision': 0.91125, 'recall': 0.90625}
2025-02-27 11:32:05,856 - root - INFO - Epoch 3/10 step 960/2470 eta 00:11:06: loss 0.202, train {'accuracy': 0.90625, 'f1': 0.9029077540106951, 'precision': 0.9024038461538462, 'recall': 0.90625}
2025-02-27 11:32:09,937 - root - INFO - Epoch 3/10 step 970/2470 eta 00:11:01: loss 0.416, train {'accuracy': 0.84375, 'f1': 0.8399621212121211, 'precision': 0.8470982142857143, 'recall': 0.84375}
2025-02-27 11:32:14,009 - root - INFO - Epoch 3/10 step 980/2470 eta 00:10:56: loss 0.289, train {'accuracy': 0.875, 'f1': 0.8707482993197279, 'precision': 0.8775000000000001, 'recall': 0.875}
2025-02-27 11:32:25,268 - root - INFO - Epoch 3 step 988: loss 0.332, val {'accuracy': 0.8716, 'f1': 0.8705, 'precision': 0.8697, 'recall': 0.8716}
2025-02-27 11:32:26,743 - root - INFO - Epoch 4/10 step 990/2470 eta 00:11:04: loss 0.162, train {'accuracy': 0.96875, 'f1': 0.9715909090909092, 'precision': 0.9791666666666666, 'recall': 0.96875}
2025-02-27 11:32:30,849 - root - INFO - Epoch 4/10 step 1000/2470 eta 00:10:59: loss 0.117, train {'accuracy': 0.96875, 'f1': 0.9668242296918768, 'precision': 0.9699519230769231, 'recall': 0.96875}
2025-02-27 11:32:34,934 - root - INFO - Epoch 4/10 step 1010/2470 eta 00:10:54: loss 0.063, train {'accuracy': 0.96875, 'f1': 0.96875, 'precision': 0.9791666666666666, 'recall': 0.96875}
2025-02-27 11:32:39,026 - root - INFO - Epoch 4/10 step 1020/2470 eta 00:10:49: loss 0.123, train {'accuracy': 0.96875, 'f1': 0.9668126684636118, 'precision': 0.9699074074074073, 'recall': 0.96875}
2025-02-27 11:32:43,130 - root - INFO - Epoch 4/10 step 1030/2470 eta 00:10:44: loss 0.115, train {'accuracy': 0.96875, 'f1': 0.9533811475409836, 'precision': 0.938508064516129, 'recall': 0.96875}
2025-02-27 11:32:47,238 - root - INFO - Epoch 4/10 step 1040/2470 eta 00:10:39: loss 0.129, train {'accuracy': 0.96875, 'f1': 0.9680717054263566, 'precision': 0.9701704545454546, 'recall': 0.96875}
2025-02-27 11:32:51,359 - root - INFO - Epoch 4/10 step 1050/2470 eta 00:10:34: loss 0.470, train {'accuracy': 0.875, 'f1': 0.8679096638655462, 'precision': 0.8715277777777778, 'recall': 0.875}
2025-02-27 11:32:55,478 - root - INFO - Epoch 4/10 step 1060/2470 eta 00:10:29: loss 0.137, train {'accuracy': 0.9375, 'f1': 0.9351906446540881, 'precision': 0.9542824074074073, 'recall': 0.9375}
2025-02-27 11:32:59,612 - root - INFO - Epoch 4/10 step 1070/2470 eta 00:10:24: loss 0.223, train {'accuracy': 0.9375, 'f1': 0.9375, 'precision': 0.9375, 'recall': 0.9375}
2025-02-27 11:33:03,741 - root - INFO - Epoch 4/10 step 1080/2470 eta 00:10:20: loss 0.389, train {'accuracy': 0.84375, 'f1': 0.8359538784067085, 'precision': 0.8304398148148148, 'recall': 0.84375}
2025-02-27 11:33:07,892 - root - INFO - Epoch 4/10 step 1090/2470 eta 00:10:15: loss 0.182, train {'accuracy': 0.9375, 'f1': 0.9375, 'precision': 0.9375, 'recall': 0.9375}
2025-02-27 11:33:12,022 - root - INFO - Epoch 4/10 step 1100/2470 eta 00:10:10: loss 0.164, train {'accuracy': 0.96875, 'f1': 0.967635918003565, 'precision': 0.9699519230769231, 'recall': 0.96875}
2025-02-27 11:33:16,134 - root - INFO - Epoch 4/10 step 1110/2470 eta 00:10:05: loss 0.402, train {'accuracy': 0.8125, 'f1': 0.8147759103641457, 'precision': 0.8395432692307692, 'recall': 0.8125}
2025-02-27 11:33:20,248 - root - INFO - Epoch 4/10 step 1120/2470 eta 00:10:00: loss 0.175, train {'accuracy': 0.90625, 'f1': 0.9019261006289307, 'precision': 0.9007523148148148, 'recall': 0.90625}
2025-02-27 11:33:24,372 - root - INFO - Epoch 4/10 step 1130/2470 eta 00:09:55: loss 0.377, train {'accuracy': 0.84375, 'f1': 0.8246153846153847, 'precision': 0.8092948717948718, 'recall': 0.84375}
2025-02-27 11:33:28,468 - root - INFO - Epoch 4/10 step 1140/2470 eta 00:09:50: loss 0.283, train {'accuracy': 0.875, 'f1': 0.8714285714285714, 'precision': 0.875, 'recall': 0.875}
2025-02-27 11:33:32,532 - root - INFO - Epoch 4/10 step 1150/2470 eta 00:09:45: loss 0.291, train {'accuracy': 0.90625, 'f1': 0.90625, 'precision': 0.953125, 'recall': 0.90625}
2025-02-27 11:33:36,630 - root - INFO - Epoch 4/10 step 1160/2470 eta 00:09:41: loss 0.362, train {'accuracy': 0.84375, 'f1': 0.8402039007092198, 'precision': 0.84765625, 'recall': 0.84375}
2025-02-27 11:33:40,746 - root - INFO - Epoch 4/10 step 1170/2470 eta 00:09:36: loss 0.159, train {'accuracy': 0.9375, 'f1': 0.9346590909090908, 'precision': 0.9386160714285714, 'recall': 0.9375}
2025-02-27 11:33:44,852 - root - INFO - Epoch 4/10 step 1180/2470 eta 00:09:31: loss 0.074, train {'accuracy': 1.0, 'f1': 1.0, 'precision': 1.0, 'recall': 1.0}
2025-02-27 11:33:48,967 - root - INFO - Epoch 4/10 step 1190/2470 eta 00:09:26: loss 0.349, train {'accuracy': 0.84375, 'f1': 0.8158979500891266, 'precision': 0.8716517857142857, 'recall': 0.84375}
2025-02-27 11:33:53,087 - root - INFO - Epoch 4/10 step 1200/2470 eta 00:09:22: loss 0.351, train {'accuracy': 0.875, 'f1': 0.8699048913043478, 'precision': 0.8828125, 'recall': 0.875}
2025-02-27 11:33:57,196 - root - INFO - Epoch 4/10 step 1210/2470 eta 00:09:17: loss 0.310, train {'accuracy': 0.90625, 'f1': 0.8760416666666667, 'precision': 0.8477822580645161, 'recall': 0.90625}
2025-02-27 11:34:01,298 - root - INFO - Epoch 4/10 step 1220/2470 eta 00:09:12: loss 0.327, train {'accuracy': 0.90625, 'f1': 0.9095922459893048, 'precision': 0.9154166666666667, 'recall': 0.90625}
2025-02-27 11:34:05,401 - root - INFO - Epoch 4/10 step 1230/2470 eta 00:09:07: loss 0.305, train {'accuracy': 0.84375, 'f1': 0.8345997973657547, 'precision': 0.8483333333333334, 'recall': 0.84375}
2025-02-27 11:34:15,540 - root - INFO - Epoch 4 step 1235: loss 0.386, val {'accuracy': 0.866, 'f1': 0.8661, 'precision': 0.868, 'recall': 0.866}
2025-02-27 11:34:15,540 - root - INFO - Early Stopping Check: No improvement for 1/3 epochs
2025-02-27 11:34:17,773 - root - INFO - Epoch 5/10 step 1240/2470 eta 00:09:11: loss 0.299, train {'accuracy': 0.875, 'f1': 0.8617708333333334, 'precision': 0.8935185185185185, 'recall': 0.875}
2025-02-27 11:34:21,915 - root - INFO - Epoch 5/10 step 1250/2470 eta 00:09:06: loss 0.317, train {'accuracy': 0.875, 'f1': 0.8633139909735654, 'precision': 0.88, 'recall': 0.875}
2025-02-27 11:34:26,048 - root - INFO - Epoch 5/10 step 1260/2470 eta 00:09:01: loss 0.158, train {'accuracy': 0.9375, 'f1': 0.9342566287878789, 'precision': 0.9425, 'recall': 0.9375}
2025-02-27 11:34:30,133 - root - INFO - Epoch 5/10 step 1270/2470 eta 00:08:56: loss 0.024, train {'accuracy': 1.0, 'f1': 1.0, 'precision': 1.0, 'recall': 1.0}
2025-02-27 11:34:34,232 - root - INFO - Epoch 5/10 step 1280/2470 eta 00:08:51: loss 0.160, train {'accuracy': 0.9375, 'f1': 0.9375, 'precision': 0.9375, 'recall': 0.9375}
2025-02-27 11:34:38,329 - root - INFO - Epoch 5/10 step 1290/2470 eta 00:08:47: loss 0.112, train {'accuracy': 0.96875, 'f1': 0.9666666666666667, 'precision': 0.9791666666666666, 'recall': 0.96875}
2025-02-27 11:34:42,409 - root - INFO - Epoch 5/10 step 1300/2470 eta 00:08:42: loss 0.133, train {'accuracy': 0.96875, 'f1': 0.9715909090909092, 'precision': 0.9791666666666666, 'recall': 0.96875}
2025-02-27 11:34:46,495 - root - INFO - Epoch 5/10 step 1310/2470 eta 00:08:37: loss 0.039, train {'accuracy': 1.0, 'f1': 1.0, 'precision': 1.0, 'recall': 1.0}
2025-02-27 11:34:50,586 - root - INFO - Epoch 5/10 step 1320/2470 eta 00:08:32: loss 0.189, train {'accuracy': 0.9375, 'f1': 0.9347537878787879, 'precision': 0.9429347826086956, 'recall': 0.9375}
2025-02-27 11:34:54,698 - root - INFO - Epoch 5/10 step 1330/2470 eta 00:08:28: loss 0.177, train {'accuracy': 0.9375, 'f1': 0.9343944099378882, 'precision': 0.9427083333333333, 'recall': 0.9375}
2025-02-27 11:34:58,807 - root - INFO - Epoch 5/10 step 1340/2470 eta 00:08:23: loss 0.108, train {'accuracy': 0.9375, 'f1': 0.9353864734299517, 'precision': 0.9427083333333333, 'recall': 0.9375}
2025-02-27 11:35:02,909 - root - INFO - Epoch 5/10 step 1350/2470 eta 00:08:18: loss 0.127, train {'accuracy': 0.96875, 'f1': 0.9676484230055657, 'precision': 0.97, 'recall': 0.96875}
2025-02-27 11:35:07,003 - root - INFO - Epoch 5/10 step 1360/2470 eta 00:08:13: loss 0.220, train {'accuracy': 0.9375, 'f1': 0.928125, 'precision': 0.9583333333333333, 'recall': 0.9375}
2025-02-27 11:35:11,091 - root - INFO - Epoch 5/10 step 1370/2470 eta 00:08:09: loss 0.319, train {'accuracy': 0.875, 'f1': 0.8556149732620321, 'precision': 0.8514285714285714, 'recall': 0.875}
2025-02-27 11:35:15,187 - root - INFO - Epoch 5/10 step 1380/2470 eta 00:08:04: loss 0.071, train {'accuracy': 1.0, 'f1': 1.0, 'precision': 1.0, 'recall': 1.0}
2025-02-27 11:35:19,296 - root - INFO - Epoch 5/10 step 1390/2470 eta 00:07:59: loss 0.060, train {'accuracy': 1.0, 'f1': 1.0, 'precision': 1.0, 'recall': 1.0}
2025-02-27 11:35:23,386 - root - INFO - Epoch 5/10 step 1400/2470 eta 00:07:54: loss 0.128, train {'accuracy': 0.96875, 'f1': 0.9676767676767676, 'precision': 0.970108695652174, 'recall': 0.96875}
2025-02-27 11:35:27,484 - root - INFO - Epoch 5/10 step 1410/2470 eta 00:07:50: loss 0.125, train {'accuracy': 0.96875, 'f1': 0.9677197802197802, 'precision': 0.9732142857142857, 'recall': 0.96875}
2025-02-27 11:35:31,572 - root - INFO - Epoch 5/10 step 1420/2470 eta 00:07:45: loss 0.303, train {'accuracy': 0.90625, 'f1': 0.9049369747899159, 'precision': 0.9086538461538461, 'recall': 0.90625}
2025-02-27 11:35:35,671 - root - INFO - Epoch 5/10 step 1430/2470 eta 00:07:40: loss 0.024, train {'accuracy': 1.0, 'f1': 1.0, 'precision': 1.0, 'recall': 1.0}
2025-02-27 11:35:39,750 - root - INFO - Epoch 5/10 step 1440/2470 eta 00:07:36: loss 0.095, train {'accuracy': 0.96875, 'f1': 0.9638257575757575, 'precision': 0.9698660714285714, 'recall': 0.96875}
2025-02-27 11:35:43,836 - root - INFO - Epoch 5/10 step 1450/2470 eta 00:07:31: loss 0.020, train {'accuracy': 1.0, 'f1': 1.0, 'precision': 1.0, 'recall': 1.0}
2025-02-27 11:35:47,908 - root - INFO - Epoch 5/10 step 1460/2470 eta 00:07:26: loss 0.225, train {'accuracy': 0.90625, 'f1': 0.892824263502455, 'precision': 0.9133184523809523, 'recall': 0.90625}
2025-02-27 11:35:51,993 - root - INFO - Epoch 5/10 step 1470/2470 eta 00:07:22: loss 0.068, train {'accuracy': 0.96875, 'f1': 0.9680272108843537, 'precision': 0.97, 'recall': 0.96875}
2025-02-27 11:35:56,077 - root - INFO - Epoch 5/10 step 1480/2470 eta 00:07:17: loss 0.133, train {'accuracy': 0.9375, 'f1': 0.931046195652174, 'precision': 0.9427083333333333, 'recall': 0.9375}
2025-02-27 11:36:04,981 - root - INFO - Epoch 5 step 1482: loss 0.455, val {'accuracy': 0.8731, 'f1': 0.8683, 'precision': 0.866, 'recall': 0.8731}
2025-02-27 11:36:04,981 - root - INFO - Early Stopping Check: No improvement for 2/3 epochs
2025-02-27 11:36:08,426 - root - INFO - Epoch 6/10 step 1490/2470 eta 00:07:18: loss 0.096, train {'accuracy': 0.96875, 'f1': 0.968040780141844, 'precision': 0.9700520833333334, 'recall': 0.96875}
2025-02-27 11:36:12,527 - root - INFO - Epoch 6/10 step 1500/2470 eta 00:07:13: loss 0.207, train {'accuracy': 0.90625, 'f1': 0.8870283018867925, 'precision': 0.8850446428571429, 'recall': 0.90625}
2025-02-27 11:36:16,641 - root - INFO - Epoch 6/10 step 1510/2470 eta 00:07:08: loss 0.165, train {'accuracy': 0.9375, 'f1': 0.932608695652174, 'precision': 0.9427083333333333, 'recall': 0.9375}
2025-02-27 11:36:20,750 - root - INFO - Epoch 6/10 step 1520/2470 eta 00:07:04: loss 0.095, train {'accuracy': 0.96875, 'f1': 0.9667919799498746, 'precision': 0.9698275862068966, 'recall': 0.96875}
2025-02-27 11:36:24,838 - root - INFO - Epoch 6/10 step 1530/2470 eta 00:06:59: loss 0.067, train {'accuracy': 0.96875, 'f1': 0.9701672335600906, 'precision': 0.975, 'recall': 0.96875}
2025-02-27 11:36:28,953 - root - INFO - Epoch 6/10 step 1540/2470 eta 00:06:54: loss 0.247, train {'accuracy': 0.96875, 'f1': 0.9659198113207548, 'precision': 0.9699074074074073, 'recall': 0.96875}
2025-02-27 11:36:33,072 - root - INFO - Epoch 6/10 step 1550/2470 eta 00:06:50: loss 0.121, train {'accuracy': 0.9375, 'f1': 0.9335416666666667, 'precision': 0.9423076923076923, 'recall': 0.9375}
2025-02-27 11:36:37,183 - root - INFO - Epoch 6/10 step 1560/2470 eta 00:06:45: loss 0.122, train {'accuracy': 0.96875, 'f1': 0.9668503039513678, 'precision': 0.9700520833333334, 'recall': 0.96875}
2025-02-27 11:36:41,276 - root - INFO - Epoch 6/10 step 1570/2470 eta 00:06:40: loss 0.112, train {'accuracy': 0.96875, 'f1': 0.967377260981912, 'precision': 0.9701704545454546, 'recall': 0.96875}
2025-02-27 11:36:45,367 - root - INFO - Epoch 6/10 step 1580/2470 eta 00:06:36: loss 0.037, train {'accuracy': 1.0, 'f1': 1.0, 'precision': 1.0, 'recall': 1.0}
2025-02-27 11:36:49,489 - root - INFO - Epoch 6/10 step 1590/2470 eta 00:06:31: loss 0.182, train {'accuracy': 0.9375, 'f1': 0.9342857142857143, 'precision': 0.9423076923076923, 'recall': 0.9375}
2025-02-27 11:36:53,627 - root - INFO - Epoch 6/10 step 1600/2470 eta 00:06:26: loss 0.152, train {'accuracy': 0.9375, 'f1': 0.92816091954023, 'precision': 0.9416666666666667, 'recall': 0.9375}
2025-02-27 11:36:57,747 - root - INFO - Epoch 6/10 step 1610/2470 eta 00:06:22: loss 0.098, train {'accuracy': 0.96875, 'f1': 0.9678805237315875, 'precision': 0.9700520833333334, 'recall': 0.96875}
2025-02-27 11:37:01,852 - root - INFO - Epoch 6/10 step 1620/2470 eta 00:06:17: loss 0.091, train {'accuracy': 0.96875, 'f1': 0.967635918003565, 'precision': 0.9699519230769231, 'recall': 0.96875}
2025-02-27 11:37:05,926 - root - INFO - Epoch 6/10 step 1630/2470 eta 00:06:13: loss 0.045, train {'accuracy': 1.0, 'f1': 1.0, 'precision': 1.0, 'recall': 1.0}
2025-02-27 11:37:10,024 - root - INFO - Epoch 6/10 step 1640/2470 eta 00:06:08: loss 0.025, train {'accuracy': 1.0, 'f1': 1.0, 'precision': 1.0, 'recall': 1.0}
2025-02-27 11:37:14,118 - root - INFO - Epoch 6/10 step 1650/2470 eta 00:06:03: loss 0.271, train {'accuracy': 0.9375, 'f1': 0.9375, 'precision': 0.9375, 'recall': 0.9375}
2025-02-27 11:37:18,211 - root - INFO - Epoch 6/10 step 1660/2470 eta 00:05:59: loss 0.410, train {'accuracy': 0.84375, 'f1': 0.8182397959183674, 'precision': 0.8726851851851851, 'recall': 0.84375}
2025-02-27 11:37:22,296 - root - INFO - Epoch 6/10 step 1670/2470 eta 00:05:54: loss 0.216, train {'accuracy': 0.9375, 'f1': 0.931046195652174, 'precision': 0.9427083333333333, 'recall': 0.9375}
2025-02-27 11:37:26,401 - root - INFO - Epoch 6/10 step 1680/2470 eta 00:05:50: loss 0.353, train {'accuracy': 0.90625, 'f1': 0.8919270833333334, 'precision': 0.91125, 'recall': 0.90625}
2025-02-27 11:37:30,520 - root - INFO - Epoch 6/10 step 1690/2470 eta 00:05:45: loss 0.178, train {'accuracy': 0.9375, 'f1': 0.9321212121212121, 'precision': 0.9423076923076923, 'recall': 0.9375}
2025-02-27 11:37:34,607 - root - INFO - Epoch 6/10 step 1700/2470 eta 00:05:40: loss 0.114, train {'accuracy': 0.96875, 'f1': 0.9672979797979797, 'precision': 0.9698660714285714, 'recall': 0.96875}
2025-02-27 11:37:38,706 - root - INFO - Epoch 6/10 step 1710/2470 eta 00:05:36: loss 0.111, train {'accuracy': 0.96875, 'f1': 0.969851576994434, 'precision': 0.9739583333333334, 'recall': 0.96875}
2025-02-27 11:37:42,826 - root - INFO - Epoch 6/10 step 1720/2470 eta 00:05:31: loss 0.093, train {'accuracy': 0.96875, 'f1': 0.9673087002096437, 'precision': 0.9699074074074073, 'recall': 0.96875}
2025-02-27 11:37:54,588 - root - INFO - Epoch 6 step 1729: loss 0.502, val {'accuracy': 0.8701, 'f1': 0.8665, 'precision': 0.864, 'recall': 0.8701}
2025-02-27 11:37:54,588 - root - INFO - Early Stopping Check: No improvement for 3/3 epochs
2025-02-27 11:37:54,589 - root - INFO - Stopping early at epoch 6 due to no improvement in validation F1 and increasing loss.
