2025-02-26 23:34:13,748 - root - INFO - Training/evaluation config: Namespace(seed=2021, data_path='./data/ctrip_20250224.csv', base_url='data/qunaer_20250226_balance19', num_class=3, val_ratio=0.2, prefetch=12, num_workers=6, train_batch_size=32, val_batch_size=32, word2Vec='./word2vec/sgns.weibo.bigram-char.bz2', word2Vec_dim=300, stopWords='./stopword/hit_stopwords.txt', bert_dir='hf_hub/models--hfl--chinese-macbert-base', bert_dim=768, bert_max_length=512, bert_padding='max_length', lstm_input_size=768, lstm_hidden_size=256, lstm_num_layers=2, lstm_dropout=0.0, feature_type=2, fusion_type='residual', adv_type='pgd', fgm_adv_epsilon=1.0, pgd_adv_epsilon=1.0, pgd_adv_alpha=0.3, pgd_adv_K=3, freelb_adv_K=3, freelb_adv_lr=0.01, freelb_adv_init_mag=0.02, smartp_adv_alpha=1.0, save_path='save/qunaer_20250226_balance19/models--hfl--chinese-macbert-base/feature2_fusionresidual_advpgd_20250226233413', best_score=0.5, max_epochs=10, max_steps=50000, warmup_steps=200, print_steps=10, weight_decay=0.001, adam_eps=1e-06, adam_lr=5e-05, dropout=0.1, smoothing=0.0, patience=3, device='cuda', n_gpu=1)
2025-02-26 23:34:33,197 - root - INFO - Epoch 0/10 step 10/300 eta 00:08:41: loss 0.951, train {'accuracy': 0.71875, 'f1': 0.6011363636363636, 'precision': 0.5166015625, 'recall': 0.71875}
2025-02-26 23:34:49,983 - root - INFO - Epoch 0/10 step 20/300 eta 00:08:06: loss 0.643, train {'accuracy': 0.8125, 'f1': 0.728448275862069, 'precision': 0.66015625, 'recall': 0.8125}
2025-02-26 23:35:06,840 - root - INFO - Epoch 0/10 step 30/300 eta 00:07:44: loss 0.577, train {'accuracy': 0.8125, 'f1': 0.728448275862069, 'precision': 0.66015625, 'recall': 0.8125}
2025-02-26 23:35:44,608 - root - INFO - Epoch 0 step 30: loss 0.694, val {'accuracy': 0.7801, 'f1': 0.6837, 'precision': 0.6085, 'recall': 0.7801}
2025-02-26 23:36:02,068 - root - INFO - Epoch 1/10 step 40/300 eta 00:11:34: loss 0.574, train {'accuracy': 0.84375, 'f1': 0.7722457627118644, 'precision': 0.7119140625, 'recall': 0.84375}
2025-02-26 23:36:18,932 - root - INFO - Epoch 1/10 step 50/300 eta 00:10:18: loss 0.710, train {'accuracy': 0.65625, 'f1': 0.5200471698113208, 'precision': 0.4306640625, 'recall': 0.65625}
2025-02-26 23:36:35,729 - root - INFO - Epoch 1/10 step 60/300 eta 00:09:22: loss 0.589, train {'accuracy': 0.71875, 'f1': 0.6011363636363636, 'precision': 0.5166015625, 'recall': 0.71875}
2025-02-26 23:37:13,386 - root - INFO - Epoch 1 step 60: loss 0.539, val {'accuracy': 0.7813, 'f1': 0.6869, 'precision': 0.8107, 'recall': 0.7813}
2025-02-26 23:37:30,806 - root - INFO - Epoch 2/10 step 70/300 eta 00:10:42: loss 0.364, train {'accuracy': 0.84375, 'f1': 0.7905997304582211, 'precision': 0.7444196428571429, 'recall': 0.84375}
2025-02-26 23:37:47,583 - root - INFO - Epoch 2/10 step 80/300 eta 00:09:44: loss 0.442, train {'accuracy': 0.78125, 'f1': 0.7782976827094474, 'precision': 0.7832142857142858, 'recall': 0.78125}
2025-02-26 23:38:04,285 - root - INFO - Epoch 2/10 step 90/300 eta 00:08:54: loss 0.361, train {'accuracy': 0.875, 'f1': 0.875, 'precision': 0.875, 'recall': 0.875}
2025-02-26 23:38:41,902 - root - INFO - Epoch 2 step 90: loss 0.376, val {'accuracy': 0.8542, 'f1': 0.8474, 'precision': 0.8459, 'recall': 0.8542}
2025-02-26 23:38:59,566 - root - INFO - Epoch 3/10 step 100/300 eta 00:09:28: loss 0.193, train {'accuracy': 0.96875, 'f1': 0.9706757703081232, 'precision': 0.9765625, 'recall': 0.96875}
2025-02-26 23:39:16,400 - root - INFO - Epoch 3/10 step 110/300 eta 00:08:40: loss 0.123, train {'accuracy': 0.96875, 'f1': 0.9668019480519481, 'precision': 0.9698660714285714, 'recall': 0.96875}
2025-02-26 23:39:33,354 - root - INFO - Epoch 3/10 step 120/300 eta 00:07:57: loss 0.207, train {'accuracy': 0.875, 'f1': 0.8496323529411764, 'precision': 0.8958333333333333, 'recall': 0.875}
2025-02-26 23:40:11,105 - root - INFO - Epoch 3 step 120: loss 0.381, val {'accuracy': 0.8558, 'f1': 0.8511, 'precision': 0.8478, 'recall': 0.8558}
2025-02-26 23:40:28,641 - root - INFO - Epoch 4/10 step 130/300 eta 00:08:08: loss 0.058, train {'accuracy': 0.96875, 'f1': 0.9667919799498746, 'precision': 0.9698275862068966, 'recall': 0.96875}
2025-02-26 23:40:45,353 - root - INFO - Epoch 4/10 step 140/300 eta 00:07:25: loss 0.086, train {'accuracy': 0.96875, 'f1': 0.9695616883116883, 'precision': 0.9765625, 'recall': 0.96875}
2025-02-26 23:41:02,000 - root - INFO - Epoch 4/10 step 150/300 eta 00:06:46: loss 0.042, train {'accuracy': 1.0, 'f1': 1.0, 'precision': 1.0, 'recall': 1.0}
2025-02-26 23:41:39,707 - root - INFO - Epoch 4 step 150: loss 0.427, val {'accuracy': 0.8509, 'f1': 0.8507, 'precision': 0.855, 'recall': 0.8509}
2025-02-26 23:41:39,707 - root - INFO - Early Stopping Check: No improvement for 1/3 epochs
2025-02-26 23:41:56,688 - root - INFO - Epoch 5/10 step 160/300 eta 00:06:43: loss 0.030, train {'accuracy': 1.0, 'f1': 1.0, 'precision': 1.0, 'recall': 1.0}
2025-02-26 23:42:13,435 - root - INFO - Epoch 5/10 step 170/300 eta 00:06:05: loss 0.014, train {'accuracy': 1.0, 'f1': 1.0, 'precision': 1.0, 'recall': 1.0}
2025-02-26 23:42:30,155 - root - INFO - Epoch 5/10 step 180/300 eta 00:05:29: loss 0.011, train {'accuracy': 1.0, 'f1': 1.0, 'precision': 1.0, 'recall': 1.0}
2025-02-26 23:43:07,602 - root - INFO - Epoch 5 step 180: loss 0.504, val {'accuracy': 0.8561, 'f1': 0.8461, 'precision': 0.8425, 'recall': 0.8561}
2025-02-26 23:43:07,602 - root - INFO - Early Stopping Check: No improvement for 2/3 epochs
2025-02-26 23:43:24,529 - root - INFO - Epoch 6/10 step 190/300 eta 00:05:18: loss 0.006, train {'accuracy': 1.0, 'f1': 1.0, 'precision': 1.0, 'recall': 1.0}
2025-02-26 23:43:41,266 - root - INFO - Epoch 6/10 step 200/300 eta 00:04:43: loss 0.010, train {'accuracy': 1.0, 'f1': 1.0, 'precision': 1.0, 'recall': 1.0}
2025-02-26 23:43:58,102 - root - INFO - Epoch 6/10 step 210/300 eta 00:04:09: loss 0.009, train {'accuracy': 1.0, 'f1': 1.0, 'precision': 1.0, 'recall': 1.0}
2025-02-26 23:44:35,632 - root - INFO - Epoch 6 step 210: loss 0.525, val {'accuracy': 0.8591, 'f1': 0.849, 'precision': 0.848, 'recall': 0.8591}
2025-02-26 23:44:35,632 - root - INFO - Early Stopping Check: No improvement for 3/3 epochs
2025-02-26 23:44:35,632 - root - INFO - Stopping early at epoch 6 due to no improvement in validation F1 and increasing loss.
