2025-02-27 00:55:36,548 - root - INFO - Training/evaluation config: Namespace(seed=2021, data_path='./data/ctrip_20250224.csv', base_url='data/qunaer_20250226_balance19', num_class=3, val_ratio=0.2, prefetch=12, num_workers=6, train_batch_size=32, val_batch_size=32, word2Vec='./word2vec/sgns.weibo.bigram-char.bz2', word2Vec_dim=300, stopWords='./stopword/hit_stopwords.txt', bert_dir='hf_hub/models--hfl--chinese-bert-wwm-ext', bert_dim=768, bert_max_length=512, bert_padding='max_length', lstm_input_size=768, lstm_hidden_size=256, lstm_num_layers=2, lstm_dropout=0.0, feature_type=2, fusion_type='cat', adv_type='freelb', fgm_adv_epsilon=1.0, pgd_adv_epsilon=1.0, pgd_adv_alpha=0.3, pgd_adv_K=3, freelb_adv_K=3, freelb_adv_lr=0.01, freelb_adv_init_mag=0.02, smartp_adv_alpha=1.0, save_path='save/qunaer_20250226_balance19/models--hfl--chinese-bert-wwm-ext/feature2_fusioncat_advfreelb_20250227005536', best_score=0.5, max_epochs=10, max_steps=50000, warmup_steps=200, print_steps=10, weight_decay=0.001, adam_eps=1e-06, adam_lr=5e-05, dropout=0.1, smoothing=0.0, patience=3, device='cuda', n_gpu=1)
2025-02-27 00:55:51,378 - root - INFO - Epoch 0/10 step 10/300 eta 00:06:37: loss 0.248, train {'accuracy': 0.8125, 'f1': 0.728448275862069, 'precision': 0.66015625, 'recall': 0.8125}
2025-02-27 00:56:03,929 - root - INFO - Epoch 0/10 step 20/300 eta 00:06:07: loss 0.199, train {'accuracy': 0.8125, 'f1': 0.728448275862069, 'precision': 0.66015625, 'recall': 0.8125}
2025-02-27 00:56:16,590 - root - INFO - Epoch 0/10 step 30/300 eta 00:05:50: loss 0.176, train {'accuracy': 0.8125, 'f1': 0.728448275862069, 'precision': 0.66015625, 'recall': 0.8125}
2025-02-27 00:56:54,035 - root - INFO - Epoch 0 step 30: loss 0.593, val {'accuracy': 0.7801, 'f1': 0.6837, 'precision': 0.6085, 'recall': 0.7801}
2025-02-27 00:57:07,243 - root - INFO - Epoch 1/10 step 40/300 eta 00:09:42: loss 0.244, train {'accuracy': 0.6875, 'f1': 0.5601851851851851, 'precision': 0.47265625, 'recall': 0.6875}
2025-02-27 00:57:19,823 - root - INFO - Epoch 1/10 step 50/300 eta 00:08:30: loss 0.181, train {'accuracy': 0.8125, 'f1': 0.7700892857142857, 'precision': 0.7552083333333334, 'recall': 0.8125}
2025-02-27 00:57:32,375 - root - INFO - Epoch 1/10 step 60/300 eta 00:07:38: loss 0.158, train {'accuracy': 0.78125, 'f1': 0.7522916666666666, 'precision': 0.7523148148148148, 'recall': 0.78125}
2025-02-27 00:58:09,993 - root - INFO - Epoch 1 step 60: loss 0.395, val {'accuracy': 0.8445, 'f1': 0.8258, 'precision': 0.8304, 'recall': 0.8445}
2025-02-27 00:58:23,196 - root - INFO - Epoch 2/10 step 70/300 eta 00:09:03: loss 0.079, train {'accuracy': 0.875, 'f1': 0.8841145833333334, 'precision': 0.90625, 'recall': 0.875}
2025-02-27 00:58:35,794 - root - INFO - Epoch 2/10 step 80/300 eta 00:08:09: loss 0.102, train {'accuracy': 0.875, 'f1': 0.875, 'precision': 0.93125, 'recall': 0.875}
2025-02-27 00:58:48,327 - root - INFO - Epoch 2/10 step 90/300 eta 00:07:24: loss 0.075, train {'accuracy': 0.9375, 'f1': 0.9407142857142857, 'precision': 0.953125, 'recall': 0.9375}
2025-02-27 00:59:25,831 - root - INFO - Epoch 2 step 90: loss 0.394, val {'accuracy': 0.8473, 'f1': 0.8394, 'precision': 0.8353, 'recall': 0.8473}
2025-02-27 00:59:38,979 - root - INFO - Epoch 3/10 step 100/300 eta 00:08:02: loss 0.037, train {'accuracy': 0.96875, 'f1': 0.9696455505279034, 'precision': 0.9732142857142857, 'recall': 0.96875}
2025-02-27 00:59:51,613 - root - INFO - Epoch 3/10 step 110/300 eta 00:07:18: loss 0.032, train {'accuracy': 0.96875, 'f1': 0.9706757703081232, 'precision': 0.9765625, 'recall': 0.96875}
2025-02-27 01:00:04,271 - root - INFO - Epoch 3/10 step 120/300 eta 00:06:39: loss 0.060, train {'accuracy': 0.9375, 'f1': 0.9424242424242425, 'precision': 0.953125, 'recall': 0.9375}
2025-02-27 01:00:41,795 - root - INFO - Epoch 3 step 120: loss 0.587, val {'accuracy': 0.8474, 'f1': 0.8279, 'precision': 0.8297, 'recall': 0.8474}
2025-02-27 01:00:41,795 - root - INFO - Early Stopping Check: No improvement for 1/3 epochs
2025-02-27 01:00:54,555 - root - INFO - Epoch 4/10 step 130/300 eta 00:06:54: loss 0.025, train {'accuracy': 0.96875, 'f1': 0.9673087002096437, 'precision': 0.9699074074074073, 'recall': 0.96875}
2025-02-27 01:01:07,138 - root - INFO - Epoch 4/10 step 140/300 eta 00:06:16: loss 0.021, train {'accuracy': 0.96875, 'f1': 0.9647435897435898, 'precision': 0.9732142857142857, 'recall': 0.96875}
2025-02-27 01:01:19,783 - root - INFO - Epoch 4/10 step 150/300 eta 00:05:42: loss 0.052, train {'accuracy': 0.9375, 'f1': 0.9346938775510203, 'precision': 0.93875, 'recall': 0.9375}
2025-02-27 01:01:57,238 - root - INFO - Epoch 4 step 150: loss 0.541, val {'accuracy': 0.842, 'f1': 0.8312, 'precision': 0.8292, 'recall': 0.842}
2025-02-27 01:01:57,239 - root - INFO - Early Stopping Check: No improvement for 2/3 epochs
2025-02-27 01:02:10,184 - root - INFO - Epoch 5/10 step 160/300 eta 00:05:43: loss 0.029, train {'accuracy': 0.96875, 'f1': 0.9698232323232323, 'precision': 0.9739583333333334, 'recall': 0.96875}
2025-02-27 01:02:22,768 - root - INFO - Epoch 5/10 step 170/300 eta 00:05:09: loss 0.004, train {'accuracy': 1.0, 'f1': 1.0, 'precision': 1.0, 'recall': 1.0}
2025-02-27 01:02:35,215 - root - INFO - Epoch 5/10 step 180/300 eta 00:04:38: loss 0.008, train {'accuracy': 1.0, 'f1': 1.0, 'precision': 1.0, 'recall': 1.0}
2025-02-27 01:03:12,710 - root - INFO - Epoch 5 step 180: loss 0.614, val {'accuracy': 0.8508, 'f1': 0.8339, 'precision': 0.8321, 'recall': 0.8508}
2025-02-27 01:03:12,711 - root - INFO - Early Stopping Check: No improvement for 3/3 epochs
2025-02-27 01:03:12,711 - root - INFO - Stopping early at epoch 5 due to no improvement in validation F1 and increasing loss.
