2025-02-26 22:23:05,270 - root - INFO - Training/evaluation config: Namespace(seed=2021, data_path='./data/ctrip_20250224.csv', base_url='data/qunaer_20250226_balance19', num_class=3, val_ratio=0.2, prefetch=12, num_workers=6, train_batch_size=32, val_batch_size=32, word2Vec='./word2vec/sgns.weibo.bigram-char.bz2', word2Vec_dim=300, stopWords='./stopword/hit_stopwords.txt', bert_dir='hf_hub/models--hfl--chinese-roberta-wwm-ext', bert_dim=768, bert_max_length=512, bert_padding='max_length', lstm_input_size=768, lstm_hidden_size=256, lstm_num_layers=2, lstm_dropout=0.0, feature_type=2, fusion_type='residual', adv_type='fgm', fgm_adv_epsilon=1.0, pgd_adv_epsilon=1.0, pgd_adv_alpha=0.3, pgd_adv_K=3, freelb_adv_K=3, freelb_adv_lr=0.01, freelb_adv_init_mag=0.02, smartp_adv_alpha=1.0, save_path='save/qunaer_20250226_balance19/models--hfl--chinese-roberta-wwm-ext/feature2_fusionresidual_advfgm_20250226222305', best_score=0.5, max_epochs=10, max_steps=50000, warmup_steps=200, print_steps=10, weight_decay=0.001, adam_eps=1e-06, adam_lr=5e-05, dropout=0.1, smoothing=0.0, patience=3, device='cuda', n_gpu=1)
2025-02-26 22:23:16,065 - root - INFO - Epoch 0/10 step 10/300 eta 00:04:38: loss 0.969, train {'accuracy': 0.71875, 'f1': 0.6011363636363636, 'precision': 0.5166015625, 'recall': 0.71875}
2025-02-26 22:23:24,438 - root - INFO - Epoch 0/10 step 20/300 eta 00:04:11: loss 0.636, train {'accuracy': 0.8125, 'f1': 0.728448275862069, 'precision': 0.66015625, 'recall': 0.8125}
2025-02-26 22:23:32,793 - root - INFO - Epoch 0/10 step 30/300 eta 00:03:56: loss 0.549, train {'accuracy': 0.8125, 'f1': 0.728448275862069, 'precision': 0.66015625, 'recall': 0.8125}
2025-02-26 22:24:10,333 - root - INFO - Epoch 0 step 30: loss 0.695, val {'accuracy': 0.7801, 'f1': 0.6837, 'precision': 0.6085, 'recall': 0.7801}
2025-02-26 22:24:19,255 - root - INFO - Epoch 1/10 step 40/300 eta 00:07:53: loss 0.570, train {'accuracy': 0.84375, 'f1': 0.7722457627118644, 'precision': 0.7119140625, 'recall': 0.84375}
2025-02-26 22:24:27,561 - root - INFO - Epoch 1/10 step 50/300 eta 00:06:45: loss 0.706, train {'accuracy': 0.65625, 'f1': 0.5200471698113208, 'precision': 0.4306640625, 'recall': 0.65625}
2025-02-26 22:24:35,867 - root - INFO - Epoch 1/10 step 60/300 eta 00:05:57: loss 0.608, train {'accuracy': 0.6875, 'f1': 0.5856481481481481, 'precision': 0.5100806451612904, 'recall': 0.6875}
2025-02-26 22:25:13,110 - root - INFO - Epoch 1 step 60: loss 0.545, val {'accuracy': 0.8052, 'f1': 0.7691, 'precision': 0.7736, 'recall': 0.8052}
2025-02-26 22:25:22,178 - root - INFO - Epoch 2/10 step 70/300 eta 00:07:25: loss 0.351, train {'accuracy': 0.875, 'f1': 0.8215144230769231, 'precision': 0.7796296296296297, 'recall': 0.875}
2025-02-26 22:25:30,608 - root - INFO - Epoch 2/10 step 80/300 eta 00:06:36: loss 0.399, train {'accuracy': 0.8125, 'f1': 0.7835648148148148, 'precision': 0.7566964285714286, 'recall': 0.8125}
2025-02-26 22:25:39,115 - root - INFO - Epoch 2/10 step 90/300 eta 00:05:56: loss 0.298, train {'accuracy': 0.90625, 'f1': 0.9073863636363637, 'precision': 0.9166666666666666, 'recall': 0.90625}
2025-02-26 22:26:16,462 - root - INFO - Epoch 2 step 90: loss 0.380, val {'accuracy': 0.8502, 'f1': 0.8397, 'precision': 0.8362, 'recall': 0.8502}
2025-02-26 22:26:25,463 - root - INFO - Epoch 3/10 step 100/300 eta 00:06:37: loss 0.188, train {'accuracy': 0.9375, 'f1': 0.9394257703081232, 'precision': 0.9453125, 'recall': 0.9375}
2025-02-26 22:26:33,857 - root - INFO - Epoch 3/10 step 110/300 eta 00:05:58: loss 0.077, train {'accuracy': 0.96875, 'f1': 0.9548611111111112, 'precision': 0.94375, 'recall': 0.96875}
2025-02-26 22:26:42,265 - root - INFO - Epoch 3/10 step 120/300 eta 00:05:23: loss 0.200, train {'accuracy': 0.875, 'f1': 0.8496323529411764, 'precision': 0.8958333333333333, 'recall': 0.875}
2025-02-26 22:27:19,932 - root - INFO - Epoch 3 step 120: loss 0.402, val {'accuracy': 0.8542, 'f1': 0.8374, 'precision': 0.8361, 'recall': 0.8542}
2025-02-26 22:27:19,932 - root - INFO - Early Stopping Check: No improvement for 1/3 epochs
2025-02-26 22:27:28,522 - root - INFO - Epoch 4/10 step 130/300 eta 00:05:42: loss 0.054, train {'accuracy': 0.96875, 'f1': 0.9667919799498746, 'precision': 0.9698275862068966, 'recall': 0.96875}
2025-02-26 22:27:36,971 - root - INFO - Epoch 4/10 step 140/300 eta 00:05:09: loss 0.076, train {'accuracy': 0.96875, 'f1': 0.9695616883116883, 'precision': 0.9765625, 'recall': 0.96875}
2025-02-26 22:27:45,382 - root - INFO - Epoch 4/10 step 150/300 eta 00:04:38: loss 0.033, train {'accuracy': 1.0, 'f1': 1.0, 'precision': 1.0, 'recall': 1.0}
2025-02-26 22:28:22,885 - root - INFO - Epoch 4 step 150: loss 0.439, val {'accuracy': 0.8544, 'f1': 0.8488, 'precision': 0.8488, 'recall': 0.8544}
2025-02-26 22:28:31,934 - root - INFO - Epoch 5/10 step 160/300 eta 00:04:44: loss 0.017, train {'accuracy': 1.0, 'f1': 1.0, 'precision': 1.0, 'recall': 1.0}
2025-02-26 22:28:40,326 - root - INFO - Epoch 5/10 step 170/300 eta 00:04:15: loss 0.011, train {'accuracy': 1.0, 'f1': 1.0, 'precision': 1.0, 'recall': 1.0}
2025-02-26 22:28:48,727 - root - INFO - Epoch 5/10 step 180/300 eta 00:03:48: loss 0.010, train {'accuracy': 1.0, 'f1': 1.0, 'precision': 1.0, 'recall': 1.0}
2025-02-26 22:29:26,001 - root - INFO - Epoch 5 step 180: loss 0.501, val {'accuracy': 0.8473, 'f1': 0.8458, 'precision': 0.8527, 'recall': 0.8473}
2025-02-26 22:29:26,001 - root - INFO - Early Stopping Check: No improvement for 1/3 epochs
2025-02-26 22:29:34,652 - root - INFO - Epoch 6/10 step 190/300 eta 00:03:44: loss 0.005, train {'accuracy': 1.0, 'f1': 1.0, 'precision': 1.0, 'recall': 1.0}
2025-02-26 22:29:43,081 - root - INFO - Epoch 6/10 step 200/300 eta 00:03:18: loss 0.008, train {'accuracy': 1.0, 'f1': 1.0, 'precision': 1.0, 'recall': 1.0}
2025-02-26 22:29:51,489 - root - INFO - Epoch 6/10 step 210/300 eta 00:02:53: loss 0.010, train {'accuracy': 1.0, 'f1': 1.0, 'precision': 1.0, 'recall': 1.0}
2025-02-26 22:30:28,807 - root - INFO - Epoch 6 step 210: loss 0.507, val {'accuracy': 0.849, 'f1': 0.8507, 'precision': 0.8555, 'recall': 0.849}
2025-02-26 22:30:37,770 - root - INFO - Epoch 7/10 step 220/300 eta 00:02:44: loss 0.005, train {'accuracy': 1.0, 'f1': 1.0, 'precision': 1.0, 'recall': 1.0}
2025-02-26 22:30:46,238 - root - INFO - Epoch 7/10 step 230/300 eta 00:02:19: loss 0.008, train {'accuracy': 1.0, 'f1': 1.0, 'precision': 1.0, 'recall': 1.0}
2025-02-26 22:30:54,590 - root - INFO - Epoch 7/10 step 240/300 eta 00:01:57: loss 0.004, train {'accuracy': 1.0, 'f1': 1.0, 'precision': 1.0, 'recall': 1.0}
2025-02-26 22:31:31,870 - root - INFO - Epoch 7 step 240: loss 0.567, val {'accuracy': 0.8498, 'f1': 0.8451, 'precision': 0.8473, 'recall': 0.8498}
2025-02-26 22:31:31,870 - root - INFO - Early Stopping Check: No improvement for 1/3 epochs
2025-02-26 22:31:40,486 - root - INFO - Epoch 8/10 step 250/300 eta 00:01:42: loss 0.006, train {'accuracy': 1.0, 'f1': 1.0, 'precision': 1.0, 'recall': 1.0}
2025-02-26 22:31:48,951 - root - INFO - Epoch 8/10 step 260/300 eta 00:01:20: loss 0.003, train {'accuracy': 1.0, 'f1': 1.0, 'precision': 1.0, 'recall': 1.0}
2025-02-26 22:31:57,336 - root - INFO - Epoch 8/10 step 270/300 eta 00:00:58: loss 0.004, train {'accuracy': 1.0, 'f1': 1.0, 'precision': 1.0, 'recall': 1.0}
2025-02-26 22:32:34,955 - root - INFO - Epoch 8 step 270: loss 0.572, val {'accuracy': 0.8507, 'f1': 0.8449, 'precision': 0.8445, 'recall': 0.8507}
2025-02-26 22:32:34,955 - root - INFO - Early Stopping Check: No improvement for 2/3 epochs
2025-02-26 22:32:43,578 - root - INFO - Epoch 9/10 step 280/300 eta 00:00:41: loss 0.005, train {'accuracy': 1.0, 'f1': 1.0, 'precision': 1.0, 'recall': 1.0}
2025-02-26 22:32:52,062 - root - INFO - Epoch 9/10 step 290/300 eta 00:00:20: loss 0.006, train {'accuracy': 1.0, 'f1': 1.0, 'precision': 1.0, 'recall': 1.0}
2025-02-26 22:33:00,495 - root - INFO - Epoch 9/10 step 300/300 eta 00:00:00: loss 0.004, train {'accuracy': 1.0, 'f1': 1.0, 'precision': 1.0, 'recall': 1.0}
2025-02-26 22:33:37,966 - root - INFO - Epoch 9 step 300: loss 0.582, val {'accuracy': 0.8522, 'f1': 0.8448, 'precision': 0.8434, 'recall': 0.8522}
2025-02-26 22:33:37,966 - root - INFO - Early Stopping Check: No improvement for 3/3 epochs
2025-02-26 22:33:37,966 - root - INFO - Stopping early at epoch 9 due to no improvement in validation F1 and increasing loss.
