2025-02-27 01:43:58,314 - root - INFO - Training/evaluation config: Namespace(seed=2021, data_path='./data/ctrip_20250224.csv', base_url='data/qunaer_20250226_balance19', num_class=3, val_ratio=0.2, prefetch=12, num_workers=6, train_batch_size=32, val_batch_size=32, word2Vec='./word2vec/sgns.weibo.bigram-char.bz2', word2Vec_dim=300, stopWords='./stopword/hit_stopwords.txt', bert_dir='hf_hub/models--Langboat--mengzi-bert-base', bert_dim=768, bert_max_length=512, bert_padding='max_length', lstm_input_size=768, lstm_hidden_size=256, lstm_num_layers=2, lstm_dropout=0.0, feature_type=2, fusion_type='cat', adv_type='pgd', fgm_adv_epsilon=1.0, pgd_adv_epsilon=1.0, pgd_adv_alpha=0.3, pgd_adv_K=3, freelb_adv_K=3, freelb_adv_lr=0.01, freelb_adv_init_mag=0.02, smartp_adv_alpha=1.0, save_path='save/qunaer_20250226_balance19/models--Langboat--mengzi-bert-base/feature2_fusioncat_advpgd_20250227014358', best_score=0.5, max_epochs=10, max_steps=50000, warmup_steps=200, print_steps=10, weight_decay=0.001, adam_eps=1e-06, adam_lr=5e-05, dropout=0.1, smoothing=0.0, patience=3, device='cuda', n_gpu=1)
2025-02-27 01:44:17,405 - root - INFO - Epoch 0/10 step 10/300 eta 00:08:40: loss 0.901, train {'accuracy': 0.8125, 'f1': 0.728448275862069, 'precision': 0.66015625, 'recall': 0.8125}
2025-02-27 01:44:34,347 - root - INFO - Epoch 0/10 step 20/300 eta 00:08:08: loss 0.746, train {'accuracy': 0.8125, 'f1': 0.728448275862069, 'precision': 0.66015625, 'recall': 0.8125}
2025-02-27 01:44:51,368 - root - INFO - Epoch 0/10 step 30/300 eta 00:07:47: loss 0.592, train {'accuracy': 0.8125, 'f1': 0.728448275862069, 'precision': 0.66015625, 'recall': 0.8125}
2025-02-27 01:45:31,641 - root - INFO - Epoch 0 step 30: loss 0.668, val {'accuracy': 0.7801, 'f1': 0.6837, 'precision': 0.6085, 'recall': 0.7801}
2025-02-27 01:45:48,851 - root - INFO - Epoch 1/10 step 40/300 eta 00:11:50: loss 0.828, train {'accuracy': 0.6875, 'f1': 0.5601851851851851, 'precision': 0.47265625, 'recall': 0.6875}
2025-02-27 01:46:05,532 - root - INFO - Epoch 1/10 step 50/300 eta 00:10:30: loss 0.502, train {'accuracy': 0.8125, 'f1': 0.728448275862069, 'precision': 0.66015625, 'recall': 0.8125}
2025-02-27 01:46:22,270 - root - INFO - Epoch 1/10 step 60/300 eta 00:09:31: loss 0.542, train {'accuracy': 0.6875, 'f1': 0.5856481481481481, 'precision': 0.5100806451612904, 'recall': 0.6875}
2025-02-27 01:47:02,341 - root - INFO - Epoch 1 step 60: loss 0.412, val {'accuracy': 0.7853, 'f1': 0.6985, 'precision': 0.7263, 'recall': 0.7853}
2025-02-27 01:47:19,688 - root - INFO - Epoch 2/10 step 70/300 eta 00:10:57: loss 0.382, train {'accuracy': 0.875, 'f1': 0.875, 'precision': 0.93125, 'recall': 0.875}
2025-02-27 01:47:36,528 - root - INFO - Epoch 2/10 step 80/300 eta 00:09:56: loss 0.340, train {'accuracy': 0.84375, 'f1': 0.8151533018867925, 'precision': 0.8017113095238095, 'recall': 0.84375}
2025-02-27 01:47:53,452 - root - INFO - Epoch 2/10 step 90/300 eta 00:09:05: loss 0.277, train {'accuracy': 0.875, 'f1': 0.8648148148148148, 'precision': 0.8660714285714286, 'recall': 0.875}
2025-02-27 01:48:33,663 - root - INFO - Epoch 2 step 90: loss 0.384, val {'accuracy': 0.8473, 'f1': 0.8241, 'precision': 0.8306, 'recall': 0.8473}
2025-02-27 01:48:51,105 - root - INFO - Epoch 3/10 step 100/300 eta 00:09:43: loss 0.190, train {'accuracy': 0.875, 'f1': 0.879009433962264, 'precision': 0.8929398148148148, 'recall': 0.875}
2025-02-27 01:49:07,875 - root - INFO - Epoch 3/10 step 110/300 eta 00:08:52: loss 0.084, train {'accuracy': 0.96875, 'f1': 0.9706757703081232, 'precision': 0.9765625, 'recall': 0.96875}
2025-02-27 01:49:24,654 - root - INFO - Epoch 3/10 step 120/300 eta 00:08:07: loss 0.096, train {'accuracy': 0.9375, 'f1': 0.9294034090909091, 'precision': 0.93125, 'recall': 0.9375}
2025-02-27 01:50:04,911 - root - INFO - Epoch 3 step 120: loss 0.376, val {'accuracy': 0.8597, 'f1': 0.8552, 'precision': 0.8549, 'recall': 0.8597}
2025-02-27 01:50:22,489 - root - INFO - Epoch 4/10 step 130/300 eta 00:08:20: loss 0.049, train {'accuracy': 1.0, 'f1': 1.0, 'precision': 1.0, 'recall': 1.0}
2025-02-27 01:50:39,354 - root - INFO - Epoch 4/10 step 140/300 eta 00:07:37: loss 0.028, train {'accuracy': 1.0, 'f1': 1.0, 'precision': 1.0, 'recall': 1.0}
2025-02-27 01:50:56,208 - root - INFO - Epoch 4/10 step 150/300 eta 00:06:56: loss 0.060, train {'accuracy': 0.96875, 'f1': 0.969838007736944, 'precision': 0.9739583333333334, 'recall': 0.96875}
2025-02-27 01:51:36,270 - root - INFO - Epoch 4 step 150: loss 0.473, val {'accuracy': 0.8528, 'f1': 0.8424, 'precision': 0.8474, 'recall': 0.8528}
2025-02-27 01:51:36,270 - root - INFO - Early Stopping Check: No improvement for 1/3 epochs
2025-02-27 01:51:53,285 - root - INFO - Epoch 5/10 step 160/300 eta 00:06:54: loss 0.041, train {'accuracy': 1.0, 'f1': 1.0, 'precision': 1.0, 'recall': 1.0}
2025-02-27 01:52:10,121 - root - INFO - Epoch 5/10 step 170/300 eta 00:06:15: loss 0.016, train {'accuracy': 1.0, 'f1': 1.0, 'precision': 1.0, 'recall': 1.0}
2025-02-27 01:52:26,848 - root - INFO - Epoch 5/10 step 180/300 eta 00:05:38: loss 0.012, train {'accuracy': 1.0, 'f1': 1.0, 'precision': 1.0, 'recall': 1.0}
2025-02-27 01:53:06,918 - root - INFO - Epoch 5 step 180: loss 0.468, val {'accuracy': 0.8648, 'f1': 0.8574, 'precision': 0.8539, 'recall': 0.8648}
2025-02-27 01:53:24,286 - root - INFO - Epoch 6/10 step 190/300 eta 00:05:26: loss 0.102, train {'accuracy': 0.96875, 'f1': 0.9678805237315875, 'precision': 0.9700520833333334, 'recall': 0.96875}
2025-02-27 01:53:41,068 - root - INFO - Epoch 6/10 step 200/300 eta 00:04:50: loss 0.014, train {'accuracy': 1.0, 'f1': 1.0, 'precision': 1.0, 'recall': 1.0}
2025-02-27 01:53:58,012 - root - INFO - Epoch 6/10 step 210/300 eta 00:04:16: loss 0.011, train {'accuracy': 1.0, 'f1': 1.0, 'precision': 1.0, 'recall': 1.0}
2025-02-27 01:54:38,159 - root - INFO - Epoch 6 step 210: loss 0.490, val {'accuracy': 0.8573, 'f1': 0.8575, 'precision': 0.8626, 'recall': 0.8573}
2025-02-27 01:54:55,519 - root - INFO - Epoch 7/10 step 220/300 eta 00:03:58: loss 0.008, train {'accuracy': 1.0, 'f1': 1.0, 'precision': 1.0, 'recall': 1.0}
2025-02-27 01:55:12,506 - root - INFO - Epoch 7/10 step 230/300 eta 00:03:24: loss 0.011, train {'accuracy': 1.0, 'f1': 1.0, 'precision': 1.0, 'recall': 1.0}
2025-02-27 01:55:29,276 - root - INFO - Epoch 7/10 step 240/300 eta 00:02:52: loss 0.006, train {'accuracy': 1.0, 'f1': 1.0, 'precision': 1.0, 'recall': 1.0}
2025-02-27 01:56:09,473 - root - INFO - Epoch 7 step 240: loss 0.553, val {'accuracy': 0.8574, 'f1': 0.8498, 'precision': 0.8536, 'recall': 0.8574}
2025-02-27 01:56:09,473 - root - INFO - Early Stopping Check: No improvement for 1/3 epochs
2025-02-27 01:56:26,570 - root - INFO - Epoch 8/10 step 250/300 eta 00:02:29: loss 0.057, train {'accuracy': 0.96875, 'f1': 0.9658898305084747, 'precision': 0.9697916666666667, 'recall': 0.96875}
2025-02-27 01:56:43,432 - root - INFO - Epoch 8/10 step 260/300 eta 00:01:57: loss 0.009, train {'accuracy': 1.0, 'f1': 1.0, 'precision': 1.0, 'recall': 1.0}
2025-02-27 01:57:00,288 - root - INFO - Epoch 8/10 step 270/300 eta 00:01:26: loss 0.005, train {'accuracy': 1.0, 'f1': 1.0, 'precision': 1.0, 'recall': 1.0}
2025-02-27 01:57:40,445 - root - INFO - Epoch 8 step 270: loss 0.543, val {'accuracy': 0.8595, 'f1': 0.8534, 'precision': 0.8556, 'recall': 0.8595}
2025-02-27 01:57:40,446 - root - INFO - Early Stopping Check: No improvement for 2/3 epochs
2025-02-27 01:57:57,414 - root - INFO - Epoch 9/10 step 280/300 eta 00:00:59: loss 0.006, train {'accuracy': 1.0, 'f1': 1.0, 'precision': 1.0, 'recall': 1.0}
2025-02-27 01:58:14,191 - root - INFO - Epoch 9/10 step 290/300 eta 00:00:29: loss 0.010, train {'accuracy': 1.0, 'f1': 1.0, 'precision': 1.0, 'recall': 1.0}
2025-02-27 01:58:31,065 - root - INFO - Epoch 9/10 step 300/300 eta 00:00:00: loss 0.055, train {'accuracy': 0.96875, 'f1': 0.9659198113207548, 'precision': 0.9699074074074073, 'recall': 0.96875}
2025-02-27 01:59:11,417 - root - INFO - Epoch 9 step 300: loss 0.543, val {'accuracy': 0.8594, 'f1': 0.8534, 'precision': 0.8555, 'recall': 0.8594}
2025-02-27 01:59:11,417 - root - INFO - Early Stopping Check: No improvement for 3/3 epochs
2025-02-27 01:59:11,417 - root - INFO - Stopping early at epoch 9 due to no improvement in validation F1 and increasing loss.
