2025-02-26 23:27:46,412 - root - INFO - Training/evaluation config: Namespace(seed=2021, data_path='./data/ctrip_20250224.csv', base_url='data/qunaer_20250226_balance19', num_class=3, val_ratio=0.2, prefetch=12, num_workers=6, train_batch_size=32, val_batch_size=32, word2Vec='./word2vec/sgns.weibo.bigram-char.bz2', word2Vec_dim=300, stopWords='./stopword/hit_stopwords.txt', bert_dir='hf_hub/models--hfl--chinese-macbert-base', bert_dim=768, bert_max_length=512, bert_padding='max_length', lstm_input_size=768, lstm_hidden_size=256, lstm_num_layers=2, lstm_dropout=0.0, feature_type=2, fusion_type='cat', adv_type='fgm', fgm_adv_epsilon=1.0, pgd_adv_epsilon=1.0, pgd_adv_alpha=0.3, pgd_adv_K=3, freelb_adv_K=3, freelb_adv_lr=0.01, freelb_adv_init_mag=0.02, smartp_adv_alpha=1.0, save_path='save/qunaer_20250226_balance19/models--hfl--chinese-macbert-base/feature2_fusioncat_advfgm_20250226232746', best_score=0.5, max_epochs=10, max_steps=50000, warmup_steps=200, print_steps=10, weight_decay=0.001, adam_eps=1e-06, adam_lr=5e-05, dropout=0.1, smoothing=0.0, patience=3, device='cuda', n_gpu=1)
2025-02-26 23:27:57,214 - root - INFO - Epoch 0/10 step 10/300 eta 00:04:36: loss 0.809, train {'accuracy': 0.8125, 'f1': 0.728448275862069, 'precision': 0.66015625, 'recall': 0.8125}
2025-02-26 23:28:05,673 - root - INFO - Epoch 0/10 step 20/300 eta 00:04:12: loss 0.602, train {'accuracy': 0.8125, 'f1': 0.728448275862069, 'precision': 0.66015625, 'recall': 0.8125}
2025-02-26 23:28:14,105 - root - INFO - Epoch 0/10 step 30/300 eta 00:03:57: loss 0.592, train {'accuracy': 0.8125, 'f1': 0.728448275862069, 'precision': 0.66015625, 'recall': 0.8125}
2025-02-26 23:28:51,870 - root - INFO - Epoch 0 step 30: loss 0.645, val {'accuracy': 0.7801, 'f1': 0.6837, 'precision': 0.6085, 'recall': 0.7801}
2025-02-26 23:29:00,979 - root - INFO - Epoch 1/10 step 40/300 eta 00:07:56: loss 0.731, train {'accuracy': 0.6875, 'f1': 0.5601851851851851, 'precision': 0.47265625, 'recall': 0.6875}
2025-02-26 23:29:09,334 - root - INFO - Epoch 1/10 step 50/300 eta 00:06:48: loss 0.563, train {'accuracy': 0.8125, 'f1': 0.7700892857142857, 'precision': 0.7552083333333334, 'recall': 0.8125}
2025-02-26 23:29:17,722 - root - INFO - Epoch 1/10 step 60/300 eta 00:06:00: loss 0.509, train {'accuracy': 0.78125, 'f1': 0.7700945626477541, 'precision': 0.7604166666666666, 'recall': 0.78125}
2025-02-26 23:29:55,145 - root - INFO - Epoch 1 step 60: loss 0.453, val {'accuracy': 0.8226, 'f1': 0.8005, 'precision': 0.8164, 'recall': 0.8226}
2025-02-26 23:30:04,281 - root - INFO - Epoch 2/10 step 70/300 eta 00:07:28: loss 0.312, train {'accuracy': 0.90625, 'f1': 0.8904876373626374, 'precision': 0.9212962962962963, 'recall': 0.90625}
2025-02-26 23:30:12,701 - root - INFO - Epoch 2/10 step 80/300 eta 00:06:38: loss 0.238, train {'accuracy': 0.90625, 'f1': 0.90625, 'precision': 0.9625, 'recall': 0.90625}
2025-02-26 23:30:21,138 - root - INFO - Epoch 2/10 step 90/300 eta 00:05:58: loss 0.264, train {'accuracy': 0.90625, 'f1': 0.9098214285714286, 'precision': 0.921875, 'recall': 0.90625}
2025-02-26 23:30:58,658 - root - INFO - Epoch 2 step 90: loss 0.374, val {'accuracy': 0.8575, 'f1': 0.8482, 'precision': 0.8459, 'recall': 0.8575}
2025-02-26 23:31:07,709 - root - INFO - Epoch 3/10 step 100/300 eta 00:06:40: loss 0.117, train {'accuracy': 0.96875, 'f1': 0.9696455505279034, 'precision': 0.9732142857142857, 'recall': 0.96875}
2025-02-26 23:31:16,178 - root - INFO - Epoch 3/10 step 110/300 eta 00:06:00: loss 0.153, train {'accuracy': 0.9375, 'f1': 0.9375, 'precision': 0.9375, 'recall': 0.9375}
2025-02-26 23:31:24,661 - root - INFO - Epoch 3/10 step 120/300 eta 00:05:25: loss 0.120, train {'accuracy': 0.9375, 'f1': 0.9294034090909091, 'precision': 0.93125, 'recall': 0.9375}
2025-02-26 23:32:02,761 - root - INFO - Epoch 3 step 120: loss 0.416, val {'accuracy': 0.8346, 'f1': 0.8333, 'precision': 0.8551, 'recall': 0.8346}
2025-02-26 23:32:02,761 - root - INFO - Early Stopping Check: No improvement for 1/3 epochs
2025-02-26 23:32:11,616 - root - INFO - Epoch 4/10 step 130/300 eta 00:05:45: loss 0.098, train {'accuracy': 0.9375, 'f1': 0.9351906446540881, 'precision': 0.9542824074074073, 'recall': 0.9375}
2025-02-26 23:32:20,092 - root - INFO - Epoch 4/10 step 140/300 eta 00:05:11: loss 0.050, train {'accuracy': 1.0, 'f1': 1.0, 'precision': 1.0, 'recall': 1.0}
2025-02-26 23:32:28,559 - root - INFO - Epoch 4/10 step 150/300 eta 00:04:40: loss 0.068, train {'accuracy': 0.96875, 'f1': 0.969838007736944, 'precision': 0.9739583333333334, 'recall': 0.96875}
2025-02-26 23:33:06,566 - root - INFO - Epoch 4 step 150: loss 0.477, val {'accuracy': 0.8402, 'f1': 0.8348, 'precision': 0.8453, 'recall': 0.8402}
2025-02-26 23:33:06,566 - root - INFO - Early Stopping Check: No improvement for 2/3 epochs
2025-02-26 23:33:15,354 - root - INFO - Epoch 5/10 step 160/300 eta 00:04:46: loss 0.032, train {'accuracy': 1.0, 'f1': 1.0, 'precision': 1.0, 'recall': 1.0}
2025-02-26 23:33:23,850 - root - INFO - Epoch 5/10 step 170/300 eta 00:04:17: loss 0.017, train {'accuracy': 1.0, 'f1': 1.0, 'precision': 1.0, 'recall': 1.0}
2025-02-26 23:33:32,352 - root - INFO - Epoch 5/10 step 180/300 eta 00:03:49: loss 0.010, train {'accuracy': 1.0, 'f1': 1.0, 'precision': 1.0, 'recall': 1.0}
2025-02-26 23:34:09,926 - root - INFO - Epoch 5 step 180: loss 0.597, val {'accuracy': 0.8489, 'f1': 0.8309, 'precision': 0.8316, 'recall': 0.8489}
2025-02-26 23:34:09,926 - root - INFO - Early Stopping Check: No improvement for 3/3 epochs
2025-02-26 23:34:09,926 - root - INFO - Stopping early at epoch 5 due to no improvement in validation F1 and increasing loss.
