2025-02-27 02:09:29,039 - root - INFO - Training/evaluation config: Namespace(seed=2021, data_path='./data/ctrip_20250224.csv', base_url='data/qunaer_20250226_balance19', num_class=3, val_ratio=0.2, prefetch=12, num_workers=6, train_batch_size=32, val_batch_size=32, word2Vec='./word2vec/sgns.weibo.bigram-char.bz2', word2Vec_dim=300, stopWords='./stopword/hit_stopwords.txt', bert_dir='hf_hub/models--Langboat--mengzi-bert-base', bert_dim=768, bert_max_length=512, bert_padding='max_length', lstm_input_size=768, lstm_hidden_size=256, lstm_num_layers=2, lstm_dropout=0.0, feature_type=2, fusion_type='weighted', adv_type='smartp', fgm_adv_epsilon=1.0, pgd_adv_epsilon=1.0, pgd_adv_alpha=0.3, pgd_adv_K=3, freelb_adv_K=3, freelb_adv_lr=0.01, freelb_adv_init_mag=0.02, smartp_adv_alpha=1.0, save_path='save/qunaer_20250226_balance19/models--Langboat--mengzi-bert-base/feature2_fusionweighted_advsmartp_20250227020929', best_score=0.5, max_epochs=10, max_steps=50000, warmup_steps=200, print_steps=10, weight_decay=0.001, adam_eps=1e-06, adam_lr=5e-05, dropout=0.1, smoothing=0.0, patience=3, device='cuda', n_gpu=1)
2025-02-27 02:09:42,757 - root - INFO - Epoch 0/10 step 10/300 eta 00:06:02: loss 1.054, train {'accuracy': 0.84375, 'f1': 0.8008474576271186, 'precision': 0.7620967741935484, 'recall': 0.84375}
2025-02-27 02:09:53,806 - root - INFO - Epoch 0/10 step 20/300 eta 00:05:29: loss 1.013, train {'accuracy': 0.71875, 'f1': 0.6011363636363636, 'precision': 0.5166015625, 'recall': 0.71875}
2025-02-27 02:10:01,509 - root - INFO - Epoch 0/10 step 30/300 eta 00:04:41: loss 0.791, train {'accuracy': 0.71875, 'f1': 0.6011363636363636, 'precision': 0.5166015625, 'recall': 0.71875}
2025-02-27 02:10:41,748 - root - INFO - Epoch 0 step 30: loss 0.695, val {'accuracy': 0.7801, 'f1': 0.6837, 'precision': 0.6085, 'recall': 0.7801}
2025-02-27 02:10:50,099 - root - INFO - Epoch 1/10 step 40/300 eta 00:08:38: loss 0.494, train {'accuracy': 0.875, 'f1': 0.8166666666666667, 'precision': 0.765625, 'recall': 0.875}
2025-02-27 02:10:57,743 - root - INFO - Epoch 1/10 step 50/300 eta 00:07:17: loss 0.412, train {'accuracy': 0.8125, 'f1': 0.7495283018867924, 'precision': 0.7053571428571429, 'recall': 0.8125}
2025-02-27 02:11:05,394 - root - INFO - Epoch 1/10 step 60/300 eta 00:06:20: loss 0.567, train {'accuracy': 0.78125, 'f1': 0.694870283018868, 'precision': 0.6311063218390804, 'recall': 0.78125}
2025-02-27 02:11:45,441 - root - INFO - Epoch 1 step 60: loss 0.561, val {'accuracy': 0.7913, 'f1': 0.7613, 'precision': 0.7649, 'recall': 0.7913}
2025-02-27 02:11:53,716 - root - INFO - Epoch 2/10 step 70/300 eta 00:07:51: loss 0.403, train {'accuracy': 0.875, 'f1': 0.8391116352201258, 'precision': 0.8954613095238095, 'recall': 0.875}
2025-02-27 02:12:01,368 - root - INFO - Epoch 2/10 step 80/300 eta 00:06:55: loss 0.198, train {'accuracy': 0.90625, 'f1': 0.9028508771929824, 'precision': 0.9140625, 'recall': 0.90625}
2025-02-27 02:12:09,093 - root - INFO - Epoch 2/10 step 90/300 eta 00:06:10: loss 0.575, train {'accuracy': 0.78125, 'f1': 0.7729690522243713, 'precision': 0.76640625, 'recall': 0.78125}
2025-02-27 02:12:49,085 - root - INFO - Epoch 2 step 90: loss 0.401, val {'accuracy': 0.8537, 'f1': 0.8458, 'precision': 0.8415, 'recall': 0.8537}
2025-02-27 02:12:57,385 - root - INFO - Epoch 3/10 step 100/300 eta 00:06:54: loss 0.280, train {'accuracy': 0.875, 'f1': 0.8605769230769231, 'precision': 0.8796296296296297, 'recall': 0.875}
2025-02-27 02:13:05,110 - root - INFO - Epoch 3/10 step 110/300 eta 00:06:11: loss 0.468, train {'accuracy': 0.875, 'f1': 0.8294642857142858, 'precision': 0.7979166666666667, 'recall': 0.875}
2025-02-27 02:13:12,898 - root - INFO - Epoch 3/10 step 120/300 eta 00:05:33: loss 0.229, train {'accuracy': 0.9375, 'f1': 0.9389172335600906, 'precision': 0.94375, 'recall': 0.9375}
2025-02-27 02:13:52,978 - root - INFO - Epoch 3 step 120: loss 0.400, val {'accuracy': 0.8379, 'f1': 0.8441, 'precision': 0.8533, 'recall': 0.8379}
2025-02-27 02:14:00,826 - root - INFO - Epoch 4/10 step 130/300 eta 00:05:53: loss 0.146, train {'accuracy': 0.96875, 'f1': 0.9673611111111111, 'precision': 0.975, 'recall': 0.96875}
2025-02-27 02:14:08,504 - root - INFO - Epoch 4/10 step 140/300 eta 00:05:17: loss 0.124, train {'accuracy': 0.96875, 'f1': 0.9708333333333333, 'precision': 0.984375, 'recall': 0.96875}
2025-02-27 02:14:16,226 - root - INFO - Epoch 4/10 step 150/300 eta 00:04:45: loss 0.227, train {'accuracy': 0.90625, 'f1': 0.899886018237082, 'precision': 0.8971354166666667, 'recall': 0.90625}
2025-02-27 02:14:56,257 - root - INFO - Epoch 4 step 150: loss 0.419, val {'accuracy': 0.8521, 'f1': 0.8439, 'precision': 0.8487, 'recall': 0.8521}
2025-02-27 02:14:56,257 - root - INFO - Early Stopping Check: No improvement for 1/3 epochs
2025-02-27 02:15:04,084 - root - INFO - Epoch 5/10 step 160/300 eta 00:04:52: loss 0.090, train {'accuracy': 1.0, 'f1': 1.0, 'precision': 1.0, 'recall': 1.0}
2025-02-27 02:15:11,782 - root - INFO - Epoch 5/10 step 170/300 eta 00:04:21: loss 0.191, train {'accuracy': 0.9375, 'f1': 0.9346938775510203, 'precision': 0.9491666666666666, 'recall': 0.9375}
2025-02-27 02:15:19,392 - root - INFO - Epoch 5/10 step 180/300 eta 00:03:52: loss 0.040, train {'accuracy': 1.0, 'f1': 1.0, 'precision': 1.0, 'recall': 1.0}
2025-02-27 02:15:59,519 - root - INFO - Epoch 5 step 180: loss 0.517, val {'accuracy': 0.8493, 'f1': 0.8314, 'precision': 0.8307, 'recall': 0.8493}
2025-02-27 02:15:59,519 - root - INFO - Early Stopping Check: No improvement for 2/3 epochs
2025-02-27 02:16:07,409 - root - INFO - Epoch 6/10 step 190/300 eta 00:03:49: loss 0.039, train {'accuracy': 1.0, 'f1': 1.0, 'precision': 1.0, 'recall': 1.0}
2025-02-27 02:16:15,056 - root - INFO - Epoch 6/10 step 200/300 eta 00:03:22: loss 0.033, train {'accuracy': 1.0, 'f1': 1.0, 'precision': 1.0, 'recall': 1.0}
2025-02-27 02:16:22,727 - root - INFO - Epoch 6/10 step 210/300 eta 00:02:56: loss 0.132, train {'accuracy': 0.96875, 'f1': 0.969284188034188, 'precision': 0.975, 'recall': 0.96875}
2025-02-27 02:17:02,898 - root - INFO - Epoch 6 step 210: loss 0.461, val {'accuracy': 0.8576, 'f1': 0.8568, 'precision': 0.8563, 'recall': 0.8576}
2025-02-27 02:17:11,290 - root - INFO - Epoch 7/10 step 220/300 eta 00:02:47: loss 0.030, train {'accuracy': 1.0, 'f1': 1.0, 'precision': 1.0, 'recall': 1.0}
2025-02-27 02:17:19,096 - root - INFO - Epoch 7/10 step 230/300 eta 00:02:22: loss 0.027, train {'accuracy': 1.0, 'f1': 1.0, 'precision': 1.0, 'recall': 1.0}
2025-02-27 02:17:26,759 - root - INFO - Epoch 7/10 step 240/300 eta 00:01:59: loss 0.020, train {'accuracy': 1.0, 'f1': 1.0, 'precision': 1.0, 'recall': 1.0}
2025-02-27 02:18:07,036 - root - INFO - Epoch 7 step 240: loss 0.490, val {'accuracy': 0.8548, 'f1': 0.8517, 'precision': 0.8528, 'recall': 0.8548}
2025-02-27 02:18:07,036 - root - INFO - Early Stopping Check: No improvement for 1/3 epochs
2025-02-27 02:18:14,834 - root - INFO - Epoch 8/10 step 250/300 eta 00:01:44: loss 0.151, train {'accuracy': 0.96875, 'f1': 0.9680555555555554, 'precision': 0.970108695652174, 'recall': 0.96875}
2025-02-27 02:18:22,597 - root - INFO - Epoch 8/10 step 260/300 eta 00:01:21: loss 0.038, train {'accuracy': 1.0, 'f1': 1.0, 'precision': 1.0, 'recall': 1.0}
2025-02-27 02:18:30,265 - root - INFO - Epoch 8/10 step 270/300 eta 00:01:00: loss 0.014, train {'accuracy': 1.0, 'f1': 1.0, 'precision': 1.0, 'recall': 1.0}
2025-02-27 02:19:10,229 - root - INFO - Epoch 8 step 270: loss 0.515, val {'accuracy': 0.8544, 'f1': 0.8479, 'precision': 0.848, 'recall': 0.8544}
2025-02-27 02:19:10,229 - root - INFO - Early Stopping Check: No improvement for 2/3 epochs
2025-02-27 02:19:17,991 - root - INFO - Epoch 9/10 step 280/300 eta 00:00:41: loss 0.072, train {'accuracy': 0.96875, 'f1': 0.9706980519480519, 'precision': 0.9765625, 'recall': 0.96875}
2025-02-27 02:19:25,564 - root - INFO - Epoch 9/10 step 290/300 eta 00:00:20: loss 0.036, train {'accuracy': 1.0, 'f1': 1.0, 'precision': 1.0, 'recall': 1.0}
2025-02-27 02:19:33,122 - root - INFO - Epoch 9/10 step 300/300 eta 00:00:00: loss 0.023, train {'accuracy': 1.0, 'f1': 1.0, 'precision': 1.0, 'recall': 1.0}
2025-02-27 02:20:13,229 - root - INFO - Epoch 9 step 300: loss 0.514, val {'accuracy': 0.8536, 'f1': 0.8477, 'precision': 0.8484, 'recall': 0.8536}
2025-02-27 02:20:13,229 - root - INFO - Early Stopping Check: No improvement for 3/3 epochs
2025-02-27 02:20:13,229 - root - INFO - Stopping early at epoch 9 due to no improvement in validation F1 and increasing loss.
