2025-02-26 23:08:55,920 - root - INFO - Training/evaluation config: Namespace(seed=2021, data_path='./data/ctrip_20250224.csv', base_url='data/qunaer_20250226_balance19', num_class=3, val_ratio=0.2, prefetch=12, num_workers=6, train_batch_size=32, val_batch_size=32, word2Vec='./word2vec/sgns.weibo.bigram-char.bz2', word2Vec_dim=300, stopWords='./stopword/hit_stopwords.txt', bert_dir='hf_hub/models--hfl--chinese-macbert-base', bert_dim=768, bert_max_length=512, bert_padding='max_length', lstm_input_size=768, lstm_hidden_size=256, lstm_num_layers=2, lstm_dropout=0.0, feature_type=2, fusion_type='gate', adv_type='none', fgm_adv_epsilon=1.0, pgd_adv_epsilon=1.0, pgd_adv_alpha=0.3, pgd_adv_K=3, freelb_adv_K=3, freelb_adv_lr=0.01, freelb_adv_init_mag=0.02, smartp_adv_alpha=1.0, save_path='save/qunaer_20250226_balance19/models--hfl--chinese-macbert-base/feature2_fusiongate_advnone_20250226230855', best_score=0.5, max_epochs=10, max_steps=50000, warmup_steps=200, print_steps=10, weight_decay=0.001, adam_eps=1e-06, adam_lr=5e-05, dropout=0.1, smoothing=0.0, patience=3, device='cuda', n_gpu=1)
2025-02-26 23:09:02,363 - root - INFO - Epoch 0/10 step 10/300 eta 00:02:34: loss 0.957, train {'accuracy': 0.8125, 'f1': 0.728448275862069, 'precision': 0.66015625, 'recall': 0.8125}
2025-02-26 23:09:06,726 - root - INFO - Epoch 0/10 step 20/300 eta 00:02:15: loss 0.777, train {'accuracy': 0.75, 'f1': 0.6428571428571428, 'precision': 0.5625, 'recall': 0.75}
2025-02-26 23:09:11,069 - root - INFO - Epoch 0/10 step 30/300 eta 00:02:06: loss 0.540, train {'accuracy': 0.84375, 'f1': 0.7722457627118644, 'precision': 0.7119140625, 'recall': 0.84375}
2025-02-26 23:09:49,242 - root - INFO - Epoch 0 step 30: loss 0.661, val {'accuracy': 0.7801, 'f1': 0.6837, 'precision': 0.6085, 'recall': 0.7801}
2025-02-26 23:09:54,153 - root - INFO - Epoch 1/10 step 40/300 eta 00:06:11: loss 0.807, train {'accuracy': 0.6875, 'f1': 0.5601851851851851, 'precision': 0.47265625, 'recall': 0.6875}
2025-02-26 23:09:58,491 - root - INFO - Epoch 1/10 step 50/300 eta 00:05:07: loss 1.048, train {'accuracy': 0.625, 'f1': 0.4807692307692308, 'precision': 0.390625, 'recall': 0.625}
2025-02-26 23:10:02,818 - root - INFO - Epoch 1/10 step 60/300 eta 00:04:23: loss 0.554, train {'accuracy': 0.84375, 'f1': 0.7722457627118644, 'precision': 0.7119140625, 'recall': 0.84375}
2025-02-26 23:10:41,157 - root - INFO - Epoch 1 step 60: loss 0.619, val {'accuracy': 0.7801, 'f1': 0.6837, 'precision': 0.6085, 'recall': 0.7801}
2025-02-26 23:10:45,686 - root - INFO - Epoch 2/10 step 70/300 eta 00:05:56: loss 0.402, train {'accuracy': 0.8125, 'f1': 0.728448275862069, 'precision': 0.66015625, 'recall': 0.8125}
2025-02-26 23:10:50,074 - root - INFO - Epoch 2/10 step 80/300 eta 00:05:10: loss 0.746, train {'accuracy': 0.65625, 'f1': 0.5606060606060607, 'precision': 0.5011160714285714, 'recall': 0.65625}
2025-02-26 23:10:54,418 - root - INFO - Epoch 2/10 step 90/300 eta 00:04:33: loss 0.491, train {'accuracy': 0.84375, 'f1': 0.8128246753246753, 'precision': 0.806573275862069, 'recall': 0.84375}
2025-02-26 23:11:32,830 - root - INFO - Epoch 2 step 90: loss 0.488, val {'accuracy': 0.8173, 'f1': 0.8102, 'precision': 0.8055, 'recall': 0.8173}
2025-02-26 23:11:37,835 - root - INFO - Epoch 3/10 step 100/300 eta 00:05:21: loss 0.522, train {'accuracy': 0.75, 'f1': 0.7818181818181817, 'precision': 0.859375, 'recall': 0.75}
2025-02-26 23:11:42,188 - root - INFO - Epoch 3/10 step 110/300 eta 00:04:45: loss 0.339, train {'accuracy': 0.84375, 'f1': 0.8217592592592592, 'precision': 0.8035714285714286, 'recall': 0.84375}
2025-02-26 23:11:46,507 - root - INFO - Epoch 3/10 step 120/300 eta 00:04:14: loss 0.264, train {'accuracy': 0.875, 'f1': 0.8600127551020409, 'precision': 0.8649839743589743, 'recall': 0.875}
2025-02-26 23:12:24,677 - root - INFO - Epoch 3 step 120: loss 0.438, val {'accuracy': 0.8147, 'f1': 0.8217, 'precision': 0.8333, 'recall': 0.8147}
2025-02-26 23:12:29,662 - root - INFO - Epoch 4/10 step 130/300 eta 00:04:38: loss 0.203, train {'accuracy': 0.9375, 'f1': 0.9322916666666667, 'precision': 0.9553571428571428, 'recall': 0.9375}
2025-02-26 23:12:33,996 - root - INFO - Epoch 4/10 step 140/300 eta 00:04:07: loss 0.297, train {'accuracy': 0.90625, 'f1': 0.865, 'precision': 0.8325892857142857, 'recall': 0.90625}
2025-02-26 23:12:38,404 - root - INFO - Epoch 4/10 step 150/300 eta 00:03:41: loss 0.214, train {'accuracy': 0.9375, 'f1': 0.9441964285714286, 'precision': 0.9625, 'recall': 0.9375}
2025-02-26 23:13:16,906 - root - INFO - Epoch 4 step 150: loss 0.524, val {'accuracy': 0.7942, 'f1': 0.7971, 'precision': 0.8359, 'recall': 0.7942}
2025-02-26 23:13:16,906 - root - INFO - Early Stopping Check: No improvement for 1/3 epochs
2025-02-26 23:13:21,478 - root - INFO - Epoch 5/10 step 160/300 eta 00:03:51: loss 0.421, train {'accuracy': 0.875, 'f1': 0.8600490196078431, 'precision': 0.8697916666666666, 'recall': 0.875}
2025-02-26 23:13:25,807 - root - INFO - Epoch 5/10 step 170/300 eta 00:03:25: loss 0.241, train {'accuracy': 0.90625, 'f1': 0.8971813725490195, 'precision': 0.8918269230769231, 'recall': 0.90625}
2025-02-26 23:13:30,167 - root - INFO - Epoch 5/10 step 180/300 eta 00:03:02: loss 0.210, train {'accuracy': 0.90625, 'f1': 0.9259259259259259, 'precision': 0.95, 'recall': 0.90625}
2025-02-26 23:14:08,556 - root - INFO - Epoch 5 step 180: loss 0.533, val {'accuracy': 0.8246, 'f1': 0.8121, 'precision': 0.8252, 'recall': 0.8246}
2025-02-26 23:14:08,557 - root - INFO - Early Stopping Check: No improvement for 2/3 epochs
2025-02-26 23:14:13,124 - root - INFO - Epoch 6/10 step 190/300 eta 00:03:02: loss 0.051, train {'accuracy': 1.0, 'f1': 1.0, 'precision': 1.0, 'recall': 1.0}
2025-02-26 23:14:17,486 - root - INFO - Epoch 6/10 step 200/300 eta 00:02:40: loss 0.056, train {'accuracy': 0.96875, 'f1': 0.9826388888888888, 'precision': 1.0, 'recall': 0.96875}
2025-02-26 23:14:21,791 - root - INFO - Epoch 6/10 step 210/300 eta 00:02:19: loss 0.058, train {'accuracy': 0.96875, 'f1': 0.9541666666666666, 'precision': 0.94140625, 'recall': 0.96875}
2025-02-26 23:15:00,010 - root - INFO - Epoch 6 step 210: loss 0.582, val {'accuracy': 0.808, 'f1': 0.8162, 'precision': 0.8493, 'recall': 0.808}
2025-02-26 23:15:00,010 - root - INFO - Early Stopping Check: No improvement for 3/3 epochs
2025-02-26 23:15:00,010 - root - INFO - Stopping early at epoch 6 due to no improvement in validation F1 and increasing loss.
