2025-02-26 22:48:32,987 - root - INFO - Training/evaluation config: Namespace(seed=2021, data_path='./data/ctrip_20250224.csv', base_url='data/qunaer_20250226_balance19', num_class=3, val_ratio=0.2, prefetch=12, num_workers=6, train_batch_size=32, val_batch_size=32, word2Vec='./word2vec/sgns.weibo.bigram-char.bz2', word2Vec_dim=300, stopWords='./stopword/hit_stopwords.txt', bert_dir='hf_hub/models--hfl--chinese-roberta-wwm-ext', bert_dim=768, bert_max_length=512, bert_padding='max_length', lstm_input_size=768, lstm_hidden_size=256, lstm_num_layers=2, lstm_dropout=0.0, feature_type=2, fusion_type='weighted', adv_type='freelb', fgm_adv_epsilon=1.0, pgd_adv_epsilon=1.0, pgd_adv_alpha=0.3, pgd_adv_K=3, freelb_adv_K=3, freelb_adv_lr=0.01, freelb_adv_init_mag=0.02, smartp_adv_alpha=1.0, save_path='save/qunaer_20250226_balance19/models--hfl--chinese-roberta-wwm-ext/feature2_fusionweighted_advfreelb_20250226224832', best_score=0.5, max_epochs=10, max_steps=50000, warmup_steps=200, print_steps=10, weight_decay=0.001, adam_eps=1e-06, adam_lr=5e-05, dropout=0.1, smoothing=0.0, patience=3, device='cuda', n_gpu=1)
2025-02-26 22:48:48,259 - root - INFO - Epoch 0/10 step 10/300 eta 00:06:42: loss 0.317, train {'accuracy': 0.875, 'f1': 0.8166666666666667, 'precision': 0.765625, 'recall': 0.875}
2025-02-26 22:49:00,909 - root - INFO - Epoch 0/10 step 20/300 eta 00:06:11: loss 0.253, train {'accuracy': 0.71875, 'f1': 0.6011363636363636, 'precision': 0.5166015625, 'recall': 0.71875}
2025-02-26 22:49:13,493 - root - INFO - Epoch 0/10 step 30/300 eta 00:05:52: loss 0.273, train {'accuracy': 0.71875, 'f1': 0.6011363636363636, 'precision': 0.5166015625, 'recall': 0.71875}
2025-02-26 22:49:51,073 - root - INFO - Epoch 0 step 30: loss 0.665, val {'accuracy': 0.7801, 'f1': 0.6837, 'precision': 0.6085, 'recall': 0.7801}
2025-02-26 22:50:04,335 - root - INFO - Epoch 1/10 step 40/300 eta 00:09:44: loss 0.156, train {'accuracy': 0.875, 'f1': 0.8166666666666667, 'precision': 0.765625, 'recall': 0.875}
2025-02-26 22:50:17,074 - root - INFO - Epoch 1/10 step 50/300 eta 00:08:33: loss 0.166, train {'accuracy': 0.78125, 'f1': 0.6853070175438596, 'precision': 0.6103515625, 'recall': 0.78125}
2025-02-26 22:50:29,735 - root - INFO - Epoch 1/10 step 60/300 eta 00:07:41: loss 0.159, train {'accuracy': 0.8125, 'f1': 0.7858455882352942, 'precision': 0.7701388888888888, 'recall': 0.8125}
2025-02-26 22:51:07,455 - root - INFO - Epoch 1 step 60: loss 0.488, val {'accuracy': 0.7986, 'f1': 0.7797, 'precision': 0.7645, 'recall': 0.7986}
2025-02-26 22:51:20,713 - root - INFO - Epoch 2/10 step 70/300 eta 00:09:06: loss 0.136, train {'accuracy': 0.90625, 'f1': 0.9095547309833024, 'precision': 0.9153645833333334, 'recall': 0.90625}
2025-02-26 22:51:33,323 - root - INFO - Epoch 2/10 step 80/300 eta 00:08:12: loss 0.068, train {'accuracy': 0.9375, 'f1': 0.921875, 'precision': 0.9166666666666666, 'recall': 0.9375}
2025-02-26 22:51:46,043 - root - INFO - Epoch 2/10 step 90/300 eta 00:07:27: loss 0.171, train {'accuracy': 0.8125, 'f1': 0.7726403061224489, 'precision': 0.7722355769230769, 'recall': 0.8125}
2025-02-26 22:52:23,814 - root - INFO - Epoch 2 step 90: loss 0.380, val {'accuracy': 0.8473, 'f1': 0.8379, 'precision': 0.8416, 'recall': 0.8473}
2025-02-26 22:52:37,351 - root - INFO - Epoch 3/10 step 100/300 eta 00:08:05: loss 0.085, train {'accuracy': 0.90625, 'f1': 0.9083333333333333, 'precision': 0.91875, 'recall': 0.90625}
2025-02-26 22:52:50,118 - root - INFO - Epoch 3/10 step 110/300 eta 00:07:21: loss 0.106, train {'accuracy': 0.875, 'f1': 0.8605324074074073, 'precision': 0.8794642857142857, 'recall': 0.875}
2025-02-26 22:53:02,828 - root - INFO - Epoch 3/10 step 120/300 eta 00:06:42: loss 0.045, train {'accuracy': 0.96875, 'f1': 0.9706632653061225, 'precision': 0.9765625, 'recall': 0.96875}
2025-02-26 22:53:40,418 - root - INFO - Epoch 3 step 120: loss 0.370, val {'accuracy': 0.856, 'f1': 0.8533, 'precision': 0.8513, 'recall': 0.856}
2025-02-26 22:53:53,638 - root - INFO - Epoch 4/10 step 130/300 eta 00:06:57: loss 0.054, train {'accuracy': 0.90625, 'f1': 0.9126275510204082, 'precision': 0.921875, 'recall': 0.90625}
2025-02-26 22:54:06,308 - root - INFO - Epoch 4/10 step 140/300 eta 00:06:19: loss 0.041, train {'accuracy': 0.96875, 'f1': 0.9708333333333333, 'precision': 0.984375, 'recall': 0.96875}
2025-02-26 22:54:19,035 - root - INFO - Epoch 4/10 step 150/300 eta 00:05:44: loss 0.049, train {'accuracy': 0.90625, 'f1': 0.911111111111111, 'precision': 0.91875, 'recall': 0.90625}
2025-02-26 22:54:56,708 - root - INFO - Epoch 4 step 150: loss 0.442, val {'accuracy': 0.8524, 'f1': 0.8505, 'precision': 0.8488, 'recall': 0.8524}
2025-02-26 22:54:56,708 - root - INFO - Early Stopping Check: No improvement for 1/3 epochs
2025-02-26 22:55:09,621 - root - INFO - Epoch 5/10 step 160/300 eta 00:05:45: loss 0.015, train {'accuracy': 1.0, 'f1': 1.0, 'precision': 1.0, 'recall': 1.0}
2025-02-26 22:55:22,204 - root - INFO - Epoch 5/10 step 170/300 eta 00:05:11: loss 0.012, train {'accuracy': 1.0, 'f1': 1.0, 'precision': 1.0, 'recall': 1.0}
2025-02-26 22:55:34,805 - root - INFO - Epoch 5/10 step 180/300 eta 00:04:40: loss 0.005, train {'accuracy': 1.0, 'f1': 1.0, 'precision': 1.0, 'recall': 1.0}
2025-02-26 22:56:12,392 - root - INFO - Epoch 5 step 180: loss 0.518, val {'accuracy': 0.8545, 'f1': 0.8468, 'precision': 0.8434, 'recall': 0.8545}
2025-02-26 22:56:12,392 - root - INFO - Early Stopping Check: No improvement for 2/3 epochs
2025-02-26 22:56:25,169 - root - INFO - Epoch 6/10 step 190/300 eta 00:04:32: loss 0.006, train {'accuracy': 1.0, 'f1': 1.0, 'precision': 1.0, 'recall': 1.0}
2025-02-26 22:56:37,809 - root - INFO - Epoch 6/10 step 200/300 eta 00:04:01: loss 0.007, train {'accuracy': 1.0, 'f1': 1.0, 'precision': 1.0, 'recall': 1.0}
2025-02-26 22:56:50,453 - root - INFO - Epoch 6/10 step 210/300 eta 00:03:32: loss 0.008, train {'accuracy': 1.0, 'f1': 1.0, 'precision': 1.0, 'recall': 1.0}
2025-02-26 22:57:28,541 - root - INFO - Epoch 6 step 210: loss 0.557, val {'accuracy': 0.8502, 'f1': 0.844, 'precision': 0.8404, 'recall': 0.8502}
2025-02-26 22:57:28,541 - root - INFO - Early Stopping Check: No improvement for 3/3 epochs
2025-02-26 22:57:28,541 - root - INFO - Stopping early at epoch 6 due to no improvement in validation F1 and increasing loss.
