2025-02-27 00:06:36,247 - root - INFO - Training/evaluation config: Namespace(seed=2021, data_path='./data/ctrip_20250224.csv', base_url='data/qunaer_20250226_balance19', num_class=3, val_ratio=0.2, prefetch=12, num_workers=6, train_batch_size=32, val_batch_size=32, word2Vec='./word2vec/sgns.weibo.bigram-char.bz2', word2Vec_dim=300, stopWords='./stopword/hit_stopwords.txt', bert_dir='hf_hub/models--hfl--chinese-bert-wwm-ext', bert_dim=768, bert_max_length=512, bert_padding='max_length', lstm_input_size=768, lstm_hidden_size=256, lstm_num_layers=2, lstm_dropout=0.0, feature_type=1, fusion_type='cat', adv_type='none', fgm_adv_epsilon=1.0, pgd_adv_epsilon=1.0, pgd_adv_alpha=0.3, pgd_adv_K=3, freelb_adv_K=3, freelb_adv_lr=0.01, freelb_adv_init_mag=0.02, smartp_adv_alpha=1.0, save_path='save/qunaer_20250226_balance19/models--hfl--chinese-bert-wwm-ext/feature1_fusioncat_advnone_20250227000636', best_score=0.5, max_epochs=10, max_steps=50000, warmup_steps=200, print_steps=10, weight_decay=0.001, adam_eps=1e-06, adam_lr=5e-05, dropout=0.1, smoothing=0.0, patience=3, device='cuda', n_gpu=1)
2025-02-27 00:06:41,450 - root - INFO - Epoch 0/10 step 10/300 eta 00:01:58: loss 0.979, train {'accuracy': 0.40625, 'f1': 0.42410714285714285, 'precision': 0.6676136363636364, 'recall': 0.40625}
2025-02-27 00:06:44,621 - root - INFO - Epoch 0/10 step 20/300 eta 00:01:41: loss 0.793, train {'accuracy': 0.75, 'f1': 0.6428571428571428, 'precision': 0.5625, 'recall': 0.75}
2025-02-27 00:06:47,781 - root - INFO - Epoch 0/10 step 30/300 eta 00:01:33: loss 0.507, train {'accuracy': 0.84375, 'f1': 0.7722457627118644, 'precision': 0.7119140625, 'recall': 0.84375}
2025-02-27 00:07:13,055 - root - INFO - Epoch 0 step 30: loss 0.657, val {'accuracy': 0.7801, 'f1': 0.6837, 'precision': 0.6085, 'recall': 0.7801}
2025-02-27 00:07:16,701 - root - INFO - Epoch 1/10 step 40/300 eta 00:04:15: loss 0.753, train {'accuracy': 0.71875, 'f1': 0.6011363636363636, 'precision': 0.5166015625, 'recall': 0.71875}
2025-02-27 00:07:19,824 - root - INFO - Epoch 1/10 step 50/300 eta 00:03:32: loss 0.857, train {'accuracy': 0.6875, 'f1': 0.5601851851851851, 'precision': 0.47265625, 'recall': 0.6875}
2025-02-27 00:07:22,959 - root - INFO - Epoch 1/10 step 60/300 eta 00:03:02: loss 0.615, train {'accuracy': 0.78125, 'f1': 0.6853070175438596, 'precision': 0.6103515625, 'recall': 0.78125}
2025-02-27 00:07:48,095 - root - INFO - Epoch 1 step 60: loss 0.656, val {'accuracy': 0.7801, 'f1': 0.6837, 'precision': 0.6085, 'recall': 0.7801}
2025-02-27 00:07:51,364 - root - INFO - Epoch 2/10 step 70/300 eta 00:04:03: loss 0.490, train {'accuracy': 0.84375, 'f1': 0.7722457627118644, 'precision': 0.7119140625, 'recall': 0.84375}
2025-02-27 00:07:54,472 - root - INFO - Epoch 2/10 step 80/300 eta 00:03:32: loss 0.752, train {'accuracy': 0.6875, 'f1': 0.5601851851851851, 'precision': 0.47265625, 'recall': 0.6875}
2025-02-27 00:07:57,580 - root - INFO - Epoch 2/10 step 90/300 eta 00:03:07: loss 0.534, train {'accuracy': 0.75, 'f1': 0.6428571428571428, 'precision': 0.5625, 'recall': 0.75}
2025-02-27 00:08:22,828 - root - INFO - Epoch 2 step 90: loss 0.605, val {'accuracy': 0.7833, 'f1': 0.6933, 'precision': 0.7276, 'recall': 0.7833}
2025-02-27 00:08:26,548 - root - INFO - Epoch 3/10 step 100/300 eta 00:03:38: loss 0.449, train {'accuracy': 0.8125, 'f1': 0.728448275862069, 'precision': 0.66015625, 'recall': 0.8125}
2025-02-27 00:08:29,675 - root - INFO - Epoch 3/10 step 110/300 eta 00:03:14: loss 0.506, train {'accuracy': 0.84375, 'f1': 0.7722457627118644, 'precision': 0.7119140625, 'recall': 0.84375}
2025-02-27 00:08:32,793 - root - INFO - Epoch 3/10 step 120/300 eta 00:02:53: loss 0.243, train {'accuracy': 0.9375, 'f1': 0.9308035714285714, 'precision': 0.9418103448275862, 'recall': 0.9375}
2025-02-27 00:08:58,146 - root - INFO - Epoch 3 step 120: loss 0.541, val {'accuracy': 0.792, 'f1': 0.7134, 'precision': 0.7416, 'recall': 0.792}
2025-02-27 00:09:01,845 - root - INFO - Epoch 4/10 step 130/300 eta 00:03:08: loss 0.388, train {'accuracy': 0.90625, 'f1': 0.8959905660377359, 'precision': 0.8946314102564104, 'recall': 0.90625}
2025-02-27 00:09:04,958 - root - INFO - Epoch 4/10 step 140/300 eta 00:02:48: loss 0.601, train {'accuracy': 0.65625, 'f1': 0.6486528822055138, 'precision': 0.6572916666666666, 'recall': 0.65625}
2025-02-27 00:09:08,059 - root - INFO - Epoch 4/10 step 150/300 eta 00:02:30: loss 0.566, train {'accuracy': 0.84375, 'f1': 0.8222348484848485, 'precision': 0.8388310185185185, 'recall': 0.84375}
2025-02-27 00:09:33,502 - root - INFO - Epoch 4 step 150: loss 0.421, val {'accuracy': 0.8335, 'f1': 0.825, 'precision': 0.8237, 'recall': 0.8335}
2025-02-27 00:09:37,188 - root - INFO - Epoch 5/10 step 160/300 eta 00:02:37: loss 0.252, train {'accuracy': 0.90625, 'f1': 0.8761160714285714, 'precision': 0.8480603448275862, 'recall': 0.90625}
2025-02-27 00:09:40,284 - root - INFO - Epoch 5/10 step 170/300 eta 00:02:19: loss 0.183, train {'accuracy': 0.875, 'f1': 0.8697916666666666, 'precision': 0.8854166666666666, 'recall': 0.875}
2025-02-27 00:09:43,371 - root - INFO - Epoch 5/10 step 180/300 eta 00:02:04: loss 0.294, train {'accuracy': 0.90625, 'f1': 0.9039772727272728, 'precision': 0.9084821428571429, 'recall': 0.90625}
2025-02-27 00:10:08,733 - root - INFO - Epoch 5 step 180: loss 0.384, val {'accuracy': 0.8464, 'f1': 0.8419, 'precision': 0.8385, 'recall': 0.8464}
2025-02-27 00:10:12,437 - root - INFO - Epoch 6/10 step 190/300 eta 00:02:04: loss 0.323, train {'accuracy': 0.90625, 'f1': 0.8870283018867925, 'precision': 0.8850446428571429, 'recall': 0.90625}
2025-02-27 00:10:15,544 - root - INFO - Epoch 6/10 step 200/300 eta 00:01:49: loss 0.193, train {'accuracy': 0.90625, 'f1': 0.9001657196969697, 'precision': 0.905, 'recall': 0.90625}
2025-02-27 00:10:18,637 - root - INFO - Epoch 6/10 step 210/300 eta 00:01:34: loss 0.144, train {'accuracy': 0.9375, 'f1': 0.9455965909090909, 'precision': 0.9698660714285714, 'recall': 0.9375}
2025-02-27 00:10:44,142 - root - INFO - Epoch 6 step 210: loss 0.434, val {'accuracy': 0.8473, 'f1': 0.8443, 'precision': 0.8441, 'recall': 0.8473}
2025-02-27 00:10:47,833 - root - INFO - Epoch 7/10 step 220/300 eta 00:01:31: loss 0.106, train {'accuracy': 0.9375, 'f1': 0.928125, 'precision': 0.9583333333333333, 'recall': 0.9375}
2025-02-27 00:10:51,033 - root - INFO - Epoch 7/10 step 230/300 eta 00:01:17: loss 0.075, train {'accuracy': 1.0, 'f1': 1.0, 'precision': 1.0, 'recall': 1.0}
2025-02-27 00:10:54,149 - root - INFO - Epoch 7/10 step 240/300 eta 00:01:04: loss 0.046, train {'accuracy': 1.0, 'f1': 1.0, 'precision': 1.0, 'recall': 1.0}
2025-02-27 00:11:19,636 - root - INFO - Epoch 7 step 240: loss 0.478, val {'accuracy': 0.8439, 'f1': 0.8393, 'precision': 0.8401, 'recall': 0.8439}
2025-02-27 00:11:19,636 - root - INFO - Early Stopping Check: No improvement for 1/3 epochs
2025-02-27 00:11:22,923 - root - INFO - Epoch 8/10 step 250/300 eta 00:00:57: loss 0.032, train {'accuracy': 1.0, 'f1': 1.0, 'precision': 1.0, 'recall': 1.0}
2025-02-27 00:11:26,064 - root - INFO - Epoch 8/10 step 260/300 eta 00:00:44: loss 0.040, train {'accuracy': 1.0, 'f1': 1.0, 'precision': 1.0, 'recall': 1.0}
2025-02-27 00:11:29,187 - root - INFO - Epoch 8/10 step 270/300 eta 00:00:32: loss 0.027, train {'accuracy': 1.0, 'f1': 1.0, 'precision': 1.0, 'recall': 1.0}
2025-02-27 00:11:54,603 - root - INFO - Epoch 8 step 270: loss 0.493, val {'accuracy': 0.8462, 'f1': 0.8406, 'precision': 0.8398, 'recall': 0.8462}
2025-02-27 00:11:54,603 - root - INFO - Early Stopping Check: No improvement for 2/3 epochs
2025-02-27 00:11:57,911 - root - INFO - Epoch 9/10 step 280/300 eta 00:00:22: loss 0.039, train {'accuracy': 1.0, 'f1': 1.0, 'precision': 1.0, 'recall': 1.0}
2025-02-27 00:12:01,043 - root - INFO - Epoch 9/10 step 290/300 eta 00:00:11: loss 0.019, train {'accuracy': 1.0, 'f1': 1.0, 'precision': 1.0, 'recall': 1.0}
2025-02-27 00:12:04,169 - root - INFO - Epoch 9/10 step 300/300 eta 00:00:00: loss 0.020, train {'accuracy': 1.0, 'f1': 1.0, 'precision': 1.0, 'recall': 1.0}
2025-02-27 00:12:29,594 - root - INFO - Epoch 9 step 300: loss 0.494, val {'accuracy': 0.8452, 'f1': 0.84, 'precision': 0.8396, 'recall': 0.8452}
2025-02-27 00:12:29,594 - root - INFO - Early Stopping Check: No improvement for 3/3 epochs
2025-02-27 00:12:29,594 - root - INFO - Stopping early at epoch 9 due to no improvement in validation F1 and increasing loss.
