2025-02-27 02:06:09,636 - root - INFO - Training/evaluation config: Namespace(seed=2021, data_path='./data/ctrip_20250224.csv', base_url='data/qunaer_20250226_balance19', num_class=3, val_ratio=0.2, prefetch=12, num_workers=6, train_batch_size=32, val_batch_size=32, word2Vec='./word2vec/sgns.weibo.bigram-char.bz2', word2Vec_dim=300, stopWords='./stopword/hit_stopwords.txt', bert_dir='hf_hub/models--Langboat--mengzi-bert-base', bert_dim=768, bert_max_length=512, bert_padding='max_length', lstm_input_size=768, lstm_hidden_size=256, lstm_num_layers=2, lstm_dropout=0.0, feature_type=2, fusion_type='cat', adv_type='smartp', fgm_adv_epsilon=1.0, pgd_adv_epsilon=1.0, pgd_adv_alpha=0.3, pgd_adv_K=3, freelb_adv_K=3, freelb_adv_lr=0.01, freelb_adv_init_mag=0.02, smartp_adv_alpha=1.0, save_path='save/qunaer_20250226_balance19/models--Langboat--mengzi-bert-base/feature2_fusioncat_advsmartp_20250227020609', best_score=0.5, max_epochs=10, max_steps=50000, warmup_steps=200, print_steps=10, weight_decay=0.001, adam_eps=1e-06, adam_lr=5e-05, dropout=0.1, smoothing=0.0, patience=3, device='cuda', n_gpu=1)
2025-02-27 02:06:21,966 - root - INFO - Epoch 0/10 step 10/300 eta 00:05:28: loss 0.946, train {'accuracy': 0.8125, 'f1': 0.728448275862069, 'precision': 0.66015625, 'recall': 0.8125}
2025-02-27 02:06:29,936 - root - INFO - Epoch 0/10 step 20/300 eta 00:04:30: loss 0.818, train {'accuracy': 0.8125, 'f1': 0.728448275862069, 'precision': 0.66015625, 'recall': 0.8125}
2025-02-27 02:06:37,784 - root - INFO - Epoch 0/10 step 30/300 eta 00:04:04: loss 0.630, train {'accuracy': 0.8125, 'f1': 0.728448275862069, 'precision': 0.66015625, 'recall': 0.8125}
2025-02-27 02:07:18,924 - root - INFO - Epoch 0 step 30: loss 0.668, val {'accuracy': 0.7801, 'f1': 0.6837, 'precision': 0.6085, 'recall': 0.7801}
2025-02-27 02:07:27,366 - root - INFO - Epoch 1/10 step 40/300 eta 00:08:18: loss 0.879, train {'accuracy': 0.6875, 'f1': 0.5601851851851851, 'precision': 0.47265625, 'recall': 0.6875}
2025-02-27 02:07:35,189 - root - INFO - Epoch 1/10 step 50/300 eta 00:07:02: loss 0.564, train {'accuracy': 0.8125, 'f1': 0.728448275862069, 'precision': 0.66015625, 'recall': 0.8125}
2025-02-27 02:07:43,035 - root - INFO - Epoch 1/10 step 60/300 eta 00:06:09: loss 0.607, train {'accuracy': 0.71875, 'f1': 0.6011363636363636, 'precision': 0.5166015625, 'recall': 0.71875}
2025-02-27 02:08:24,124 - root - INFO - Epoch 1 step 60: loss 0.478, val {'accuracy': 0.7801, 'f1': 0.6837, 'precision': 0.6085, 'recall': 0.7801}
2025-02-27 02:08:32,194 - root - INFO - Epoch 2/10 step 70/300 eta 00:07:45: loss 0.401, train {'accuracy': 0.78125, 'f1': 0.7736459968602826, 'precision': 0.7747395833333333, 'recall': 0.78125}
2025-02-27 02:08:39,983 - root - INFO - Epoch 2/10 step 80/300 eta 00:06:50: loss 0.281, train {'accuracy': 0.8125, 'f1': 0.7546296296296297, 'precision': 0.7047413793103448, 'recall': 0.8125}
2025-02-27 02:08:47,851 - root - INFO - Epoch 2/10 step 90/300 eta 00:06:06: loss 0.285, train {'accuracy': 0.9375, 'f1': 0.9324074074074074, 'precision': 0.9419642857142857, 'recall': 0.9375}
2025-02-27 02:09:29,054 - root - INFO - Epoch 2 step 90: loss 0.403, val {'accuracy': 0.8423, 'f1': 0.8238, 'precision': 0.8219, 'recall': 0.8423}
2025-02-27 02:09:37,580 - root - INFO - Epoch 3/10 step 100/300 eta 00:06:53: loss 0.206, train {'accuracy': 0.875, 'f1': 0.8619318181818182, 'precision': 0.915948275862069, 'recall': 0.875}
2025-02-27 02:09:45,382 - root - INFO - Epoch 3/10 step 110/300 eta 00:06:10: loss 0.186, train {'accuracy': 0.9375, 'f1': 0.9440625, 'precision': 0.9625, 'recall': 0.9375}
2025-02-27 02:09:53,190 - root - INFO - Epoch 3/10 step 120/300 eta 00:05:33: loss 0.169, train {'accuracy': 0.90625, 'f1': 0.9126623376623377, 'precision': 0.921875, 'recall': 0.90625}
2025-02-27 02:10:34,360 - root - INFO - Epoch 3 step 120: loss 0.415, val {'accuracy': 0.8418, 'f1': 0.8459, 'precision': 0.8511, 'recall': 0.8418}
2025-02-27 02:10:42,822 - root - INFO - Epoch 4/10 step 130/300 eta 00:05:55: loss 0.115, train {'accuracy': 0.96875, 'f1': 0.9722222222222222, 'precision': 0.984375, 'recall': 0.96875}
2025-02-27 02:10:50,606 - root - INFO - Epoch 4/10 step 140/300 eta 00:05:19: loss 0.091, train {'accuracy': 0.96875, 'f1': 0.9696194762684125, 'precision': 0.9732142857142857, 'recall': 0.96875}
2025-02-27 02:10:58,523 - root - INFO - Epoch 4/10 step 150/300 eta 00:04:47: loss 0.176, train {'accuracy': 0.90625, 'f1': 0.9011098608837971, 'precision': 0.94140625, 'recall': 0.90625}
2025-02-27 02:11:39,704 - root - INFO - Epoch 4 step 150: loss 0.452, val {'accuracy': 0.8484, 'f1': 0.848, 'precision': 0.8496, 'recall': 0.8484}
2025-02-27 02:11:48,272 - root - INFO - Epoch 5/10 step 160/300 eta 00:04:55: loss 0.083, train {'accuracy': 1.0, 'f1': 1.0, 'precision': 1.0, 'recall': 1.0}
2025-02-27 02:11:56,110 - root - INFO - Epoch 5/10 step 170/300 eta 00:04:24: loss 0.033, train {'accuracy': 1.0, 'f1': 1.0, 'precision': 1.0, 'recall': 1.0}
2025-02-27 02:12:04,016 - root - INFO - Epoch 5/10 step 180/300 eta 00:03:55: loss 0.015, train {'accuracy': 1.0, 'f1': 1.0, 'precision': 1.0, 'recall': 1.0}
2025-02-27 02:12:45,252 - root - INFO - Epoch 5 step 180: loss 0.508, val {'accuracy': 0.8545, 'f1': 0.8473, 'precision': 0.8437, 'recall': 0.8545}
2025-02-27 02:12:45,252 - root - INFO - Early Stopping Check: No improvement for 1/3 epochs
2025-02-27 02:12:53,364 - root - INFO - Epoch 6/10 step 190/300 eta 00:03:53: loss 0.128, train {'accuracy': 0.96875, 'f1': 0.9678805237315875, 'precision': 0.9700520833333334, 'recall': 0.96875}
2025-02-27 02:13:01,213 - root - INFO - Epoch 6/10 step 200/300 eta 00:03:25: loss 0.085, train {'accuracy': 0.96875, 'f1': 0.9666666666666667, 'precision': 0.97265625, 'recall': 0.96875}
2025-02-27 02:13:09,081 - root - INFO - Epoch 6/10 step 210/300 eta 00:02:59: loss 0.016, train {'accuracy': 1.0, 'f1': 1.0, 'precision': 1.0, 'recall': 1.0}
2025-02-27 02:13:50,163 - root - INFO - Epoch 6 step 210: loss 0.536, val {'accuracy': 0.8518, 'f1': 0.8492, 'precision': 0.8477, 'recall': 0.8518}
2025-02-27 02:13:58,682 - root - INFO - Epoch 7/10 step 220/300 eta 00:02:50: loss 0.012, train {'accuracy': 1.0, 'f1': 1.0, 'precision': 1.0, 'recall': 1.0}
2025-02-27 02:14:06,482 - root - INFO - Epoch 7/10 step 230/300 eta 00:02:24: loss 0.014, train {'accuracy': 1.0, 'f1': 1.0, 'precision': 1.0, 'recall': 1.0}
2025-02-27 02:14:14,383 - root - INFO - Epoch 7/10 step 240/300 eta 00:02:00: loss 0.008, train {'accuracy': 1.0, 'f1': 1.0, 'precision': 1.0, 'recall': 1.0}
2025-02-27 02:14:55,767 - root - INFO - Epoch 7 step 240: loss 0.579, val {'accuracy': 0.851, 'f1': 0.846, 'precision': 0.8482, 'recall': 0.851}
2025-02-27 02:14:55,767 - root - INFO - Early Stopping Check: No improvement for 1/3 epochs
2025-02-27 02:15:03,819 - root - INFO - Epoch 8/10 step 250/300 eta 00:01:46: loss 0.043, train {'accuracy': 0.96875, 'f1': 0.9658898305084747, 'precision': 0.9697916666666667, 'recall': 0.96875}
2025-02-27 02:15:11,652 - root - INFO - Epoch 8/10 step 260/300 eta 00:01:23: loss 0.051, train {'accuracy': 0.96875, 'f1': 0.969459219858156, 'precision': 0.97265625, 'recall': 0.96875}
2025-02-27 02:15:19,446 - root - INFO - Epoch 8/10 step 270/300 eta 00:01:00: loss 0.007, train {'accuracy': 1.0, 'f1': 1.0, 'precision': 1.0, 'recall': 1.0}
2025-02-27 02:16:00,847 - root - INFO - Epoch 8 step 270: loss 0.584, val {'accuracy': 0.8518, 'f1': 0.8464, 'precision': 0.8468, 'recall': 0.8518}
2025-02-27 02:16:00,847 - root - INFO - Early Stopping Check: No improvement for 2/3 epochs
2025-02-27 02:16:08,915 - root - INFO - Epoch 9/10 step 280/300 eta 00:00:42: loss 0.008, train {'accuracy': 1.0, 'f1': 1.0, 'precision': 1.0, 'recall': 1.0}
2025-02-27 02:16:16,766 - root - INFO - Epoch 9/10 step 290/300 eta 00:00:20: loss 0.017, train {'accuracy': 1.0, 'f1': 1.0, 'precision': 1.0, 'recall': 1.0}
2025-02-27 02:16:24,538 - root - INFO - Epoch 9/10 step 300/300 eta 00:00:00: loss 0.043, train {'accuracy': 0.96875, 'f1': 0.9659198113207548, 'precision': 0.9699074074074073, 'recall': 0.96875}
2025-02-27 02:17:05,647 - root - INFO - Epoch 9 step 300: loss 0.585, val {'accuracy': 0.8521, 'f1': 0.8465, 'precision': 0.8467, 'recall': 0.8521}
2025-02-27 02:17:05,647 - root - INFO - Early Stopping Check: No improvement for 3/3 epochs
2025-02-27 02:17:05,647 - root - INFO - Stopping early at epoch 9 due to no improvement in validation F1 and increasing loss.
