2025-02-27 02:10:20,194 - root - INFO - Training/evaluation config: Namespace(seed=2021, data_path='./data/ctrip_20250224.csv', base_url='data/qunaer_20250226_balance19', num_class=3, val_ratio=0.2, prefetch=12, num_workers=6, train_batch_size=32, val_batch_size=32, word2Vec='./word2vec/sgns.weibo.bigram-char.bz2', word2Vec_dim=300, stopWords='./stopword/hit_stopwords.txt', bert_dir='hf_hub/models--Langboat--mengzi-bert-base', bert_dim=768, bert_max_length=512, bert_padding='max_length', lstm_input_size=768, lstm_hidden_size=256, lstm_num_layers=2, lstm_dropout=0.0, feature_type=2, fusion_type='residual', adv_type='smartp', fgm_adv_epsilon=1.0, pgd_adv_epsilon=1.0, pgd_adv_alpha=0.3, pgd_adv_K=3, freelb_adv_K=3, freelb_adv_lr=0.01, freelb_adv_init_mag=0.02, smartp_adv_alpha=1.0, save_path='save/qunaer_20250226_balance19/models--Langboat--mengzi-bert-base/feature2_fusionresidual_advsmartp_20250227021020', best_score=0.5, max_epochs=10, max_steps=50000, warmup_steps=200, print_steps=10, weight_decay=0.001, adam_eps=1e-06, adam_lr=5e-05, dropout=0.1, smoothing=0.0, patience=3, device='cuda', n_gpu=1)
2025-02-27 02:10:34,475 - root - INFO - Epoch 0/10 step 10/300 eta 00:06:21: loss 1.056, train {'accuracy': 0.65625, 'f1': 0.6203885400313972, 'precision': 0.5893429487179488, 'recall': 0.65625}
2025-02-27 02:10:42,155 - root - INFO - Epoch 0/10 step 20/300 eta 00:04:51: loss 0.885, train {'accuracy': 0.8125, 'f1': 0.728448275862069, 'precision': 0.66015625, 'recall': 0.8125}
2025-02-27 02:10:49,856 - root - INFO - Epoch 0/10 step 30/300 eta 00:04:16: loss 0.639, train {'accuracy': 0.8125, 'f1': 0.728448275862069, 'precision': 0.66015625, 'recall': 0.8125}
2025-02-27 02:11:30,120 - root - INFO - Epoch 0 step 30: loss 0.682, val {'accuracy': 0.7801, 'f1': 0.6837, 'precision': 0.6085, 'recall': 0.7801}
2025-02-27 02:11:38,424 - root - INFO - Epoch 1/10 step 40/300 eta 00:08:21: loss 0.535, train {'accuracy': 0.84375, 'f1': 0.7722457627118644, 'precision': 0.7119140625, 'recall': 0.84375}
2025-02-27 02:11:46,094 - root - INFO - Epoch 1/10 step 50/300 eta 00:07:03: loss 0.953, train {'accuracy': 0.65625, 'f1': 0.5200471698113208, 'precision': 0.4306640625, 'recall': 0.65625}
2025-02-27 02:11:53,914 - root - INFO - Epoch 1/10 step 60/300 eta 00:06:10: loss 0.722, train {'accuracy': 0.71875, 'f1': 0.6011363636363636, 'precision': 0.5166015625, 'recall': 0.71875}
2025-02-27 02:12:34,216 - root - INFO - Epoch 1 step 60: loss 0.611, val {'accuracy': 0.7801, 'f1': 0.6837, 'precision': 0.6085, 'recall': 0.7801}
2025-02-27 02:12:42,094 - root - INFO - Epoch 2/10 step 70/300 eta 00:07:42: loss 0.710, train {'accuracy': 0.78125, 'f1': 0.6853070175438596, 'precision': 0.6103515625, 'recall': 0.78125}
2025-02-27 02:12:49,800 - root - INFO - Epoch 2/10 step 80/300 eta 00:06:48: loss 0.612, train {'accuracy': 0.8125, 'f1': 0.728448275862069, 'precision': 0.66015625, 'recall': 0.8125}
2025-02-27 02:12:57,430 - root - INFO - Epoch 2/10 step 90/300 eta 00:06:04: loss 0.664, train {'accuracy': 0.75, 'f1': 0.6428571428571428, 'precision': 0.5625, 'recall': 0.75}
2025-02-27 02:13:37,733 - root - INFO - Epoch 2 step 90: loss 0.587, val {'accuracy': 0.7801, 'f1': 0.6837, 'precision': 0.6085, 'recall': 0.7801}
2025-02-27 02:13:45,652 - root - INFO - Epoch 3/10 step 100/300 eta 00:06:48: loss 0.383, train {'accuracy': 0.8125, 'f1': 0.728448275862069, 'precision': 0.66015625, 'recall': 0.8125}
2025-02-27 02:13:53,373 - root - INFO - Epoch 3/10 step 110/300 eta 00:06:06: loss 0.487, train {'accuracy': 0.90625, 'f1': 0.9154647435897436, 'precision': 0.934375, 'recall': 0.90625}
2025-02-27 02:14:01,074 - root - INFO - Epoch 3/10 step 120/300 eta 00:05:29: loss 0.570, train {'accuracy': 0.8125, 'f1': 0.729245283018868, 'precision': 0.6623563218390804, 'recall': 0.8125}
2025-02-27 02:14:41,171 - root - INFO - Epoch 3 step 120: loss 0.446, val {'accuracy': 0.8159, 'f1': 0.7819, 'precision': 0.786, 'recall': 0.8159}
2025-02-27 02:14:49,530 - root - INFO - Epoch 4/10 step 130/300 eta 00:05:50: loss 0.301, train {'accuracy': 0.875, 'f1': 0.8789473684210526, 'precision': 0.939655172413793, 'recall': 0.875}
2025-02-27 02:14:57,215 - root - INFO - Epoch 4/10 step 140/300 eta 00:05:15: loss 0.395, train {'accuracy': 0.78125, 'f1': 0.7429267161410018, 'precision': 0.7108173076923077, 'recall': 0.78125}
2025-02-27 02:15:04,877 - root - INFO - Epoch 4/10 step 150/300 eta 00:04:43: loss 0.237, train {'accuracy': 0.90625, 'f1': 0.9094539141414141, 'precision': 0.925, 'recall': 0.90625}
2025-02-27 02:15:45,172 - root - INFO - Epoch 4 step 150: loss 0.483, val {'accuracy': 0.8422, 'f1': 0.8236, 'precision': 0.8193, 'recall': 0.8422}
2025-02-27 02:15:53,543 - root - INFO - Epoch 5/10 step 160/300 eta 00:04:50: loss 0.358, train {'accuracy': 0.875, 'f1': 0.878125, 'precision': 0.9010416666666666, 'recall': 0.875}
2025-02-27 02:16:01,208 - root - INFO - Epoch 5/10 step 170/300 eta 00:04:19: loss 0.158, train {'accuracy': 0.9375, 'f1': 0.9375, 'precision': 0.9375, 'recall': 0.9375}
2025-02-27 02:16:08,927 - root - INFO - Epoch 5/10 step 180/300 eta 00:03:51: loss 0.071, train {'accuracy': 1.0, 'f1': 1.0, 'precision': 1.0, 'recall': 1.0}
2025-02-27 02:16:49,076 - root - INFO - Epoch 5 step 180: loss 0.418, val {'accuracy': 0.8368, 'f1': 0.8373, 'precision': 0.854, 'recall': 0.8368}
2025-02-27 02:16:57,527 - root - INFO - Epoch 6/10 step 190/300 eta 00:03:49: loss 0.024, train {'accuracy': 1.0, 'f1': 1.0, 'precision': 1.0, 'recall': 1.0}
2025-02-27 02:17:05,237 - root - INFO - Epoch 6/10 step 200/300 eta 00:03:21: loss 0.123, train {'accuracy': 0.96875, 'f1': 0.9659198113207548, 'precision': 0.9699074074074073, 'recall': 0.96875}
2025-02-27 02:17:12,985 - root - INFO - Epoch 6/10 step 210/300 eta 00:02:56: loss 0.317, train {'accuracy': 0.9375, 'f1': 0.9325, 'precision': 0.9423076923076923, 'recall': 0.9375}
2025-02-27 02:17:53,263 - root - INFO - Epoch 6 step 210: loss 0.507, val {'accuracy': 0.8461, 'f1': 0.8413, 'precision': 0.8444, 'recall': 0.8461}
2025-02-27 02:18:01,701 - root - INFO - Epoch 7/10 step 220/300 eta 00:02:47: loss 0.084, train {'accuracy': 0.9375, 'f1': 0.9453125, 'precision': 0.9791666666666666, 'recall': 0.9375}
2025-02-27 02:18:09,430 - root - INFO - Epoch 7/10 step 230/300 eta 00:02:22: loss 0.042, train {'accuracy': 1.0, 'f1': 1.0, 'precision': 1.0, 'recall': 1.0}
2025-02-27 02:18:17,077 - root - INFO - Epoch 7/10 step 240/300 eta 00:01:58: loss 0.024, train {'accuracy': 1.0, 'f1': 1.0, 'precision': 1.0, 'recall': 1.0}
2025-02-27 02:18:57,418 - root - INFO - Epoch 7 step 240: loss 0.517, val {'accuracy': 0.8418, 'f1': 0.8388, 'precision': 0.8475, 'recall': 0.8418}
2025-02-27 02:18:57,419 - root - INFO - Early Stopping Check: No improvement for 1/3 epochs
2025-02-27 02:19:05,320 - root - INFO - Epoch 8/10 step 250/300 eta 00:01:44: loss 0.065, train {'accuracy': 1.0, 'f1': 1.0, 'precision': 1.0, 'recall': 1.0}
2025-02-27 02:19:12,950 - root - INFO - Epoch 8/10 step 260/300 eta 00:01:21: loss 0.046, train {'accuracy': 1.0, 'f1': 1.0, 'precision': 1.0, 'recall': 1.0}
2025-02-27 02:19:20,682 - root - INFO - Epoch 8/10 step 270/300 eta 00:00:59: loss 0.081, train {'accuracy': 0.96875, 'f1': 0.9841008771929824, 'precision': 1.0, 'recall': 0.96875}
2025-02-27 02:20:00,941 - root - INFO - Epoch 8 step 270: loss 0.534, val {'accuracy': 0.8361, 'f1': 0.8356, 'precision': 0.8486, 'recall': 0.8361}
2025-02-27 02:20:00,941 - root - INFO - Early Stopping Check: No improvement for 2/3 epochs
2025-02-27 02:20:08,997 - root - INFO - Epoch 9/10 step 280/300 eta 00:00:41: loss 0.026, train {'accuracy': 1.0, 'f1': 1.0, 'precision': 1.0, 'recall': 1.0}
2025-02-27 02:20:16,896 - root - INFO - Epoch 9/10 step 290/300 eta 00:00:20: loss 0.079, train {'accuracy': 0.96875, 'f1': 0.9706730769230769, 'precision': 0.9791666666666667, 'recall': 0.96875}
2025-02-27 02:20:24,575 - root - INFO - Epoch 9/10 step 300/300 eta 00:00:00: loss 0.023, train {'accuracy': 1.0, 'f1': 1.0, 'precision': 1.0, 'recall': 1.0}
2025-02-27 02:21:04,823 - root - INFO - Epoch 9 step 300: loss 0.548, val {'accuracy': 0.8398, 'f1': 0.8363, 'precision': 0.8477, 'recall': 0.8398}
2025-02-27 02:21:04,823 - root - INFO - Early Stopping Check: No improvement for 3/3 epochs
2025-02-27 02:21:04,823 - root - INFO - Stopping early at epoch 9 due to no improvement in validation F1 and increasing loss.
