2025-02-26 23:52:42,596 - root - INFO - Training/evaluation config: Namespace(seed=2021, data_path='./data/ctrip_20250224.csv', base_url='data/qunaer_20250226_balance19', num_class=3, val_ratio=0.2, prefetch=12, num_workers=6, train_batch_size=32, val_batch_size=32, word2Vec='./word2vec/sgns.weibo.bigram-char.bz2', word2Vec_dim=300, stopWords='./stopword/hit_stopwords.txt', bert_dir='hf_hub/models--hfl--chinese-macbert-base', bert_dim=768, bert_max_length=512, bert_padding='max_length', lstm_input_size=768, lstm_hidden_size=256, lstm_num_layers=2, lstm_dropout=0.0, feature_type=2, fusion_type='cat', adv_type='freelb', fgm_adv_epsilon=1.0, pgd_adv_epsilon=1.0, pgd_adv_alpha=0.3, pgd_adv_K=3, freelb_adv_K=3, freelb_adv_lr=0.01, freelb_adv_init_mag=0.02, smartp_adv_alpha=1.0, save_path='save/qunaer_20250226_balance19/models--hfl--chinese-macbert-base/feature2_fusioncat_advfreelb_20250226235242', best_score=0.5, max_epochs=10, max_steps=50000, warmup_steps=200, print_steps=10, weight_decay=0.001, adam_eps=1e-06, adam_lr=5e-05, dropout=0.1, smoothing=0.0, patience=3, device='cuda', n_gpu=1)
2025-02-26 23:52:57,767 - root - INFO - Epoch 0/10 step 10/300 eta 00:06:40: loss 0.254, train {'accuracy': 0.8125, 'f1': 0.728448275862069, 'precision': 0.66015625, 'recall': 0.8125}
2025-02-26 23:53:10,355 - root - INFO - Epoch 0/10 step 20/300 eta 00:06:09: loss 0.204, train {'accuracy': 0.8125, 'f1': 0.728448275862069, 'precision': 0.66015625, 'recall': 0.8125}
2025-02-26 23:53:22,880 - root - INFO - Epoch 0/10 step 30/300 eta 00:05:50: loss 0.197, train {'accuracy': 0.8125, 'f1': 0.728448275862069, 'precision': 0.66015625, 'recall': 0.8125}
2025-02-26 23:54:00,166 - root - INFO - Epoch 0 step 30: loss 0.653, val {'accuracy': 0.7801, 'f1': 0.6837, 'precision': 0.6085, 'recall': 0.7801}
2025-02-26 23:54:13,250 - root - INFO - Epoch 1/10 step 40/300 eta 00:09:40: loss 0.221, train {'accuracy': 0.6875, 'f1': 0.5601851851851851, 'precision': 0.47265625, 'recall': 0.6875}
2025-02-26 23:54:25,742 - root - INFO - Epoch 1/10 step 50/300 eta 00:08:28: loss 0.189, train {'accuracy': 0.78125, 'f1': 0.7481534090909091, 'precision': 0.7244971264367817, 'recall': 0.78125}
2025-02-26 23:54:38,394 - root - INFO - Epoch 1/10 step 60/300 eta 00:07:37: loss 0.140, train {'accuracy': 0.78125, 'f1': 0.7449877250409165, 'precision': 0.7174479166666666, 'recall': 0.78125}
2025-02-26 23:55:15,661 - root - INFO - Epoch 1 step 60: loss 0.435, val {'accuracy': 0.8241, 'f1': 0.8168, 'precision': 0.8116, 'recall': 0.8241}
2025-02-26 23:55:28,727 - root - INFO - Epoch 2/10 step 70/300 eta 00:09:01: loss 0.136, train {'accuracy': 0.8125, 'f1': 0.8203124999999999, 'precision': 0.8410326086956522, 'recall': 0.8125}
2025-02-26 23:55:41,245 - root - INFO - Epoch 2/10 step 80/300 eta 00:08:07: loss 0.080, train {'accuracy': 0.90625, 'f1': 0.90625, 'precision': 0.9625, 'recall': 0.90625}
2025-02-26 23:55:53,786 - root - INFO - Epoch 2/10 step 90/300 eta 00:07:22: loss 0.124, train {'accuracy': 0.875, 'f1': 0.8727594339622642, 'precision': 0.8773148148148148, 'recall': 0.875}
2025-02-26 23:56:31,431 - root - INFO - Epoch 2 step 90: loss 0.398, val {'accuracy': 0.8477, 'f1': 0.8321, 'precision': 0.8333, 'recall': 0.8477}
2025-02-26 23:56:44,607 - root - INFO - Epoch 3/10 step 100/300 eta 00:08:01: loss 0.059, train {'accuracy': 0.9375, 'f1': 0.9528186274509803, 'precision': 0.96875, 'recall': 0.9375}
2025-02-26 23:56:57,212 - root - INFO - Epoch 3/10 step 110/300 eta 00:07:17: loss 0.052, train {'accuracy': 0.9375, 'f1': 0.9440625, 'precision': 0.9625, 'recall': 0.9375}
2025-02-26 23:57:09,784 - root - INFO - Epoch 3/10 step 120/300 eta 00:06:38: loss 0.040, train {'accuracy': 0.96875, 'f1': 0.9553571428571428, 'precision': 0.9453125, 'recall': 0.96875}
2025-02-26 23:57:47,076 - root - INFO - Epoch 3 step 120: loss 0.408, val {'accuracy': 0.8473, 'f1': 0.8447, 'precision': 0.854, 'recall': 0.8473}
2025-02-26 23:58:00,339 - root - INFO - Epoch 4/10 step 130/300 eta 00:06:53: loss 0.061, train {'accuracy': 0.9375, 'f1': 0.9409722222222222, 'precision': 0.953125, 'recall': 0.9375}
2025-02-26 23:58:13,005 - root - INFO - Epoch 4/10 step 140/300 eta 00:06:16: loss 0.034, train {'accuracy': 0.96875, 'f1': 0.9696194762684125, 'precision': 0.9732142857142857, 'recall': 0.96875}
2025-02-26 23:58:25,617 - root - INFO - Epoch 4/10 step 150/300 eta 00:05:41: loss 0.061, train {'accuracy': 0.90625, 'f1': 0.9125836120401338, 'precision': 0.94140625, 'recall': 0.90625}
2025-02-26 23:59:03,217 - root - INFO - Epoch 4 step 150: loss 0.494, val {'accuracy': 0.8262, 'f1': 0.8356, 'precision': 0.8644, 'recall': 0.8262}
2025-02-26 23:59:03,217 - root - INFO - Early Stopping Check: No improvement for 1/3 epochs
2025-02-26 23:59:15,955 - root - INFO - Epoch 5/10 step 160/300 eta 00:05:43: loss 0.013, train {'accuracy': 1.0, 'f1': 1.0, 'precision': 1.0, 'recall': 1.0}
2025-02-26 23:59:28,453 - root - INFO - Epoch 5/10 step 170/300 eta 00:05:09: loss 0.015, train {'accuracy': 1.0, 'f1': 1.0, 'precision': 1.0, 'recall': 1.0}
2025-02-26 23:59:41,029 - root - INFO - Epoch 5/10 step 180/300 eta 00:04:38: loss 0.009, train {'accuracy': 1.0, 'f1': 1.0, 'precision': 1.0, 'recall': 1.0}
2025-02-27 00:00:18,677 - root - INFO - Epoch 5 step 180: loss 0.543, val {'accuracy': 0.8522, 'f1': 0.8462, 'precision': 0.8464, 'recall': 0.8522}
2025-02-27 00:00:31,847 - root - INFO - Epoch 6/10 step 190/300 eta 00:04:30: loss 0.006, train {'accuracy': 1.0, 'f1': 1.0, 'precision': 1.0, 'recall': 1.0}
2025-02-27 00:00:44,399 - root - INFO - Epoch 6/10 step 200/300 eta 00:04:00: loss 0.027, train {'accuracy': 0.96875, 'f1': 0.9678952991452991, 'precision': 0.970108695652174, 'recall': 0.96875}
2025-02-27 00:00:57,006 - root - INFO - Epoch 6/10 step 210/300 eta 00:03:31: loss 0.005, train {'accuracy': 1.0, 'f1': 1.0, 'precision': 1.0, 'recall': 1.0}
2025-02-27 00:01:34,345 - root - INFO - Epoch 6 step 210: loss 0.603, val {'accuracy': 0.8484, 'f1': 0.8428, 'precision': 0.849, 'recall': 0.8484}
2025-02-27 00:01:34,345 - root - INFO - Early Stopping Check: No improvement for 1/3 epochs
2025-02-27 00:01:47,157 - root - INFO - Epoch 7/10 step 220/300 eta 00:03:17: loss 0.004, train {'accuracy': 1.0, 'f1': 1.0, 'precision': 1.0, 'recall': 1.0}
2025-02-27 00:01:59,820 - root - INFO - Epoch 7/10 step 230/300 eta 00:02:49: loss 0.004, train {'accuracy': 1.0, 'f1': 1.0, 'precision': 1.0, 'recall': 1.0}
2025-02-27 00:02:12,344 - root - INFO - Epoch 7/10 step 240/300 eta 00:02:22: loss 0.002, train {'accuracy': 1.0, 'f1': 1.0, 'precision': 1.0, 'recall': 1.0}
2025-02-27 00:02:49,941 - root - INFO - Epoch 7 step 240: loss 0.618, val {'accuracy': 0.8508, 'f1': 0.8437, 'precision': 0.8463, 'recall': 0.8508}
2025-02-27 00:02:49,941 - root - INFO - Early Stopping Check: No improvement for 2/3 epochs
2025-02-27 00:03:02,942 - root - INFO - Epoch 8/10 step 250/300 eta 00:02:03: loss 0.003, train {'accuracy': 1.0, 'f1': 1.0, 'precision': 1.0, 'recall': 1.0}
2025-02-27 00:03:15,479 - root - INFO - Epoch 8/10 step 260/300 eta 00:01:37: loss 0.002, train {'accuracy': 1.0, 'f1': 1.0, 'precision': 1.0, 'recall': 1.0}
2025-02-27 00:03:27,997 - root - INFO - Epoch 8/10 step 270/300 eta 00:01:11: loss 0.002, train {'accuracy': 1.0, 'f1': 1.0, 'precision': 1.0, 'recall': 1.0}
2025-02-27 00:04:05,529 - root - INFO - Epoch 8 step 270: loss 0.623, val {'accuracy': 0.8495, 'f1': 0.8436, 'precision': 0.8474, 'recall': 0.8495}
2025-02-27 00:04:05,529 - root - INFO - Early Stopping Check: No improvement for 3/3 epochs
2025-02-27 00:04:05,529 - root - INFO - Stopping early at epoch 8 due to no improvement in validation F1 and increasing loss.
