2025-02-27 11:36:55,586 - root - INFO - Training/evaluation config: Namespace(seed=2021, data_path='./data/ctrip_20250224.csv', base_url='data/qunaer_20250226_balance19', num_class=3, val_ratio=0.2, prefetch=12, num_workers=6, train_batch_size=16, val_batch_size=16, word2Vec='./word2vec/sgns.weibo.bigram-char.bz2', word2Vec_dim=300, stopWords='./stopword/hit_stopwords.txt', bert_dir='hf_hub/models--nghuyong--ernie-3.0-base-zh', bert_dim=768, bert_max_length=512, bert_padding='max_length', lstm_input_size=768, lstm_hidden_size=256, lstm_num_layers=2, lstm_dropout=0.0, feature_type=1, fusion_type='cat', adv_type='pgd', fgm_adv_epsilon=1.0, pgd_adv_epsilon=1.0, pgd_adv_alpha=0.3, pgd_adv_K=3, freelb_adv_K=3, freelb_adv_lr=0.01, freelb_adv_init_mag=0.02, smartp_adv_alpha=1.0, save_path='save/qunaer_20250226_balance19/models--nghuyong--ernie-3.0-base-zh/feature1_fusioncat_advpgd_20250227113655', best_score=0.5, max_epochs=10, max_steps=50000, warmup_steps=200, print_steps=10, weight_decay=0.001, adam_eps=1e-06, adam_lr=5e-05, dropout=0.1, smoothing=0.0, patience=3, device='cuda', n_gpu=1)
2025-02-27 11:37:06,636 - root - INFO - Epoch 0/10 step 10/610 eta 00:09:55: loss 1.014, train {'accuracy': 0.625, 'f1': 0.65, 'precision': 0.6770833333333334, 'recall': 0.625}
2025-02-27 11:37:15,444 - root - INFO - Epoch 0/10 step 20/610 eta 00:09:12: loss 0.619, train {'accuracy': 0.875, 'f1': 0.8166666666666667, 'precision': 0.765625, 'recall': 0.875}
2025-02-27 11:37:24,248 - root - INFO - Epoch 0/10 step 30/610 eta 00:08:52: loss 0.617, train {'accuracy': 0.8125, 'f1': 0.728448275862069, 'precision': 0.66015625, 'recall': 0.8125}
2025-02-27 11:37:33,003 - root - INFO - Epoch 0/10 step 40/610 eta 00:08:37: loss 0.453, train {'accuracy': 0.875, 'f1': 0.8166666666666667, 'precision': 0.765625, 'recall': 0.875}
2025-02-27 11:37:41,750 - root - INFO - Epoch 0/10 step 50/610 eta 00:08:24: loss 0.710, train {'accuracy': 0.75, 'f1': 0.6428571428571428, 'precision': 0.5625, 'recall': 0.75}
2025-02-27 11:37:50,526 - root - INFO - Epoch 0/10 step 60/610 eta 00:08:13: loss 0.479, train {'accuracy': 0.875, 'f1': 0.8166666666666667, 'precision': 0.765625, 'recall': 0.875}
2025-02-27 11:38:30,163 - root - INFO - Epoch 0 step 61: loss 0.620, val {'accuracy': 0.7801, 'f1': 0.6837, 'precision': 0.6085, 'recall': 0.7801}
2025-02-27 11:38:38,707 - root - INFO - Epoch 1/10 step 70/610 eta 00:13:06: loss 0.592, train {'accuracy': 0.8125, 'f1': 0.728448275862069, 'precision': 0.66015625, 'recall': 0.8125}
2025-02-27 11:38:47,471 - root - INFO - Epoch 1/10 step 80/610 eta 00:12:13: loss 0.657, train {'accuracy': 0.6875, 'f1': 0.5601851851851851, 'precision': 0.47265625, 'recall': 0.6875}
2025-02-27 11:38:56,221 - root - INFO - Epoch 1/10 step 90/610 eta 00:11:30: loss 0.366, train {'accuracy': 0.875, 'f1': 0.8166666666666667, 'precision': 0.765625, 'recall': 0.875}
2025-02-27 11:39:04,972 - root - INFO - Epoch 1/10 step 100/610 eta 00:10:54: loss 0.363, train {'accuracy': 0.875, 'f1': 0.8166666666666667, 'precision': 0.765625, 'recall': 0.875}
2025-02-27 11:39:13,723 - root - INFO - Epoch 1/10 step 110/610 eta 00:10:22: loss 0.512, train {'accuracy': 0.75, 'f1': 0.6675, 'precision': 0.6026785714285714, 'recall': 0.75}
2025-02-27 11:39:22,472 - root - INFO - Epoch 1/10 step 120/610 eta 00:09:55: loss 0.362, train {'accuracy': 0.8125, 'f1': 0.728448275862069, 'precision': 0.66015625, 'recall': 0.8125}
2025-02-27 11:40:02,848 - root - INFO - Epoch 1 step 122: loss 0.445, val {'accuracy': 0.7905, 'f1': 0.7284, 'precision': 0.7407, 'recall': 0.7905}
2025-02-27 11:40:10,586 - root - INFO - Epoch 2/10 step 130/610 eta 00:11:55: loss 0.209, train {'accuracy': 0.9375, 'f1': 0.9073275862068966, 'precision': 0.8791666666666667, 'recall': 0.9375}
2025-02-27 11:40:19,398 - root - INFO - Epoch 2/10 step 140/610 eta 00:11:20: loss 0.552, train {'accuracy': 0.8125, 'f1': 0.7844827586206897, 'precision': 0.7583333333333333, 'recall': 0.8125}
2025-02-27 11:40:28,184 - root - INFO - Epoch 2/10 step 150/610 eta 00:10:48: loss 0.829, train {'accuracy': 0.6875, 'f1': 0.5601851851851851, 'precision': 0.47265625, 'recall': 0.6875}
2025-02-27 11:40:36,990 - root - INFO - Epoch 2/10 step 160/610 eta 00:10:19: loss 0.572, train {'accuracy': 0.6875, 'f1': 0.5817307692307693, 'precision': 0.5041666666666667, 'recall': 0.6875}
2025-02-27 11:40:45,733 - root - INFO - Epoch 2/10 step 170/610 eta 00:09:52: loss 0.516, train {'accuracy': 0.8125, 'f1': 0.728448275862069, 'precision': 0.66015625, 'recall': 0.8125}
2025-02-27 11:40:54,581 - root - INFO - Epoch 2/10 step 180/610 eta 00:09:28: loss 0.844, train {'accuracy': 0.75, 'f1': 0.6964285714285714, 'precision': 0.65, 'recall': 0.75}
2025-02-27 11:41:36,013 - root - INFO - Epoch 2 step 183: loss 0.385, val {'accuracy': 0.8335, 'f1': 0.7857, 'precision': 0.8245, 'recall': 0.8335}
2025-02-27 11:41:42,975 - root - INFO - Epoch 3/10 step 190/610 eta 00:10:32: loss 0.299, train {'accuracy': 0.875, 'f1': 0.82, 'precision': 0.7756410256410257, 'recall': 0.875}
2025-02-27 11:41:51,794 - root - INFO - Epoch 3/10 step 200/610 eta 00:10:04: loss 0.101, train {'accuracy': 0.9375, 'f1': 0.9375, 'precision': 0.9375, 'recall': 0.9375}
2025-02-27 11:42:00,616 - root - INFO - Epoch 3/10 step 210/610 eta 00:09:38: loss 0.736, train {'accuracy': 0.5625, 'f1': 0.6006787330316743, 'precision': 0.7708333333333334, 'recall': 0.5625}
2025-02-27 11:42:09,444 - root - INFO - Epoch 3/10 step 220/610 eta 00:09:14: loss 0.140, train {'accuracy': 0.9375, 'f1': 0.92816091954023, 'precision': 0.9416666666666667, 'recall': 0.9375}
2025-02-27 11:42:18,283 - root - INFO - Epoch 3/10 step 230/610 eta 00:08:51: loss 0.445, train {'accuracy': 0.75, 'f1': 0.6964285714285714, 'precision': 0.65, 'recall': 0.75}
2025-02-27 11:42:27,129 - root - INFO - Epoch 3/10 step 240/610 eta 00:08:29: loss 0.185, train {'accuracy': 0.875, 'f1': 0.9051724137931035, 'precision': 0.9375, 'recall': 0.875}
2025-02-27 11:43:09,780 - root - INFO - Epoch 3 step 244: loss 0.369, val {'accuracy': 0.8669, 'f1': 0.8537, 'precision': 0.8535, 'recall': 0.8669}
2025-02-27 11:43:15,861 - root - INFO - Epoch 4/10 step 250/610 eta 00:09:05: loss 0.210, train {'accuracy': 0.875, 'f1': 0.8513586956521739, 'precision': 0.9010416666666665, 'recall': 0.875}
2025-02-27 11:43:24,640 - root - INFO - Epoch 4/10 step 260/610 eta 00:08:42: loss 0.410, train {'accuracy': 0.875, 'f1': 0.8659420289855073, 'precision': 0.8802083333333333, 'recall': 0.875}
2025-02-27 11:43:33,370 - root - INFO - Epoch 4/10 step 270/610 eta 00:08:19: loss 0.213, train {'accuracy': 0.875, 'f1': 0.845108695652174, 'precision': 0.8177083333333333, 'recall': 0.875}
2025-02-27 11:43:42,177 - root - INFO - Epoch 4/10 step 280/610 eta 00:07:57: loss 0.230, train {'accuracy': 0.875, 'f1': 0.891983695652174, 'precision': 0.9427083333333333, 'recall': 0.875}
2025-02-27 11:43:50,918 - root - INFO - Epoch 4/10 step 290/610 eta 00:07:37: loss 0.197, train {'accuracy': 0.875, 'f1': 0.845108695652174, 'precision': 0.8177083333333333, 'recall': 0.875}
2025-02-27 11:43:59,674 - root - INFO - Epoch 4/10 step 300/610 eta 00:07:17: loss 0.210, train {'accuracy': 0.9375, 'f1': 0.9375, 'precision': 0.96875, 'recall': 0.9375}
2025-02-27 11:44:42,542 - root - INFO - Epoch 4 step 305: loss 0.388, val {'accuracy': 0.8565, 'f1': 0.8468, 'precision': 0.847, 'recall': 0.8565}
2025-02-27 11:44:42,542 - root - INFO - Early Stopping Check: No improvement for 1/3 epochs
2025-02-27 11:44:47,105 - root - INFO - Epoch 5/10 step 310/610 eta 00:07:35: loss 0.150, train {'accuracy': 0.9375, 'f1': 0.9416666666666667, 'precision': 0.96875, 'recall': 0.9375}
2025-02-27 11:44:55,822 - root - INFO - Epoch 5/10 step 320/610 eta 00:07:14: loss 0.137, train {'accuracy': 1.0, 'f1': 1.0, 'precision': 1.0, 'recall': 1.0}
2025-02-27 11:45:04,521 - root - INFO - Epoch 5/10 step 330/610 eta 00:06:53: loss 0.143, train {'accuracy': 0.9375, 'f1': 0.9375, 'precision': 0.9583333333333333, 'recall': 0.9375}
2025-02-27 11:45:13,288 - root - INFO - Epoch 5/10 step 340/610 eta 00:06:34: loss 0.083, train {'accuracy': 1.0, 'f1': 1.0, 'precision': 1.0, 'recall': 1.0}
2025-02-27 11:45:22,096 - root - INFO - Epoch 5/10 step 350/610 eta 00:06:15: loss 0.273, train {'accuracy': 0.875, 'f1': 0.8910256410256411, 'precision': 0.9375, 'recall': 0.875}
2025-02-27 11:45:30,805 - root - INFO - Epoch 5/10 step 360/610 eta 00:05:57: loss 0.062, train {'accuracy': 1.0, 'f1': 1.0, 'precision': 1.0, 'recall': 1.0}
2025-02-27 11:46:14,790 - root - INFO - Epoch 5 step 366: loss 0.399, val {'accuracy': 0.8592, 'f1': 0.8447, 'precision': 0.8438, 'recall': 0.8592}
2025-02-27 11:46:14,790 - root - INFO - Early Stopping Check: No improvement for 2/3 epochs
2025-02-27 11:46:18,508 - root - INFO - Epoch 6/10 step 370/610 eta 00:06:04: loss 0.087, train {'accuracy': 1.0, 'f1': 1.0, 'precision': 1.0, 'recall': 1.0}
2025-02-27 11:46:27,241 - root - INFO - Epoch 6/10 step 380/610 eta 00:05:45: loss 0.065, train {'accuracy': 1.0, 'f1': 1.0, 'precision': 1.0, 'recall': 1.0}
2025-02-27 11:46:35,949 - root - INFO - Epoch 6/10 step 390/610 eta 00:05:26: loss 0.163, train {'accuracy': 1.0, 'f1': 1.0, 'precision': 1.0, 'recall': 1.0}
2025-02-27 11:46:44,663 - root - INFO - Epoch 6/10 step 400/610 eta 00:05:08: loss 0.117, train {'accuracy': 0.9375, 'f1': 0.9425, 'precision': 0.9583333333333333, 'recall': 0.9375}
2025-02-27 11:46:53,414 - root - INFO - Epoch 6/10 step 410/610 eta 00:04:51: loss 0.142, train {'accuracy': 0.9375, 'f1': 0.92816091954023, 'precision': 0.9416666666666667, 'recall': 0.9375}
2025-02-27 11:47:02,153 - root - INFO - Epoch 6/10 step 420/610 eta 00:04:33: loss 0.325, train {'accuracy': 0.875, 'f1': 0.875, 'precision': 0.875, 'recall': 0.875}
2025-02-27 11:47:46,900 - root - INFO - Epoch 6 step 427: loss 0.420, val {'accuracy': 0.863, 'f1': 0.8582, 'precision': 0.855, 'recall': 0.863}
2025-02-27 11:47:50,235 - root - INFO - Epoch 7/10 step 430/610 eta 00:04:33: loss 0.053, train {'accuracy': 1.0, 'f1': 1.0, 'precision': 1.0, 'recall': 1.0}
2025-02-27 11:47:59,004 - root - INFO - Epoch 7/10 step 440/610 eta 00:04:15: loss 0.036, train {'accuracy': 1.0, 'f1': 1.0, 'precision': 1.0, 'recall': 1.0}
2025-02-27 11:48:07,738 - root - INFO - Epoch 7/10 step 450/610 eta 00:03:58: loss 0.035, train {'accuracy': 1.0, 'f1': 1.0, 'precision': 1.0, 'recall': 1.0}
2025-02-27 11:48:16,445 - root - INFO - Epoch 7/10 step 460/610 eta 00:03:41: loss 0.233, train {'accuracy': 0.9375, 'f1': 0.9342857142857143, 'precision': 0.9423076923076923, 'recall': 0.9375}
2025-02-27 11:48:25,154 - root - INFO - Epoch 7/10 step 470/610 eta 00:03:25: loss 0.308, train {'accuracy': 0.9375, 'f1': 0.907608695652174, 'precision': 0.8802083333333333, 'recall': 0.9375}
2025-02-27 11:48:33,869 - root - INFO - Epoch 7/10 step 480/610 eta 00:03:08: loss 0.033, train {'accuracy': 1.0, 'f1': 1.0, 'precision': 1.0, 'recall': 1.0}
2025-02-27 11:49:19,574 - root - INFO - Epoch 7 step 488: loss 0.429, val {'accuracy': 0.8613, 'f1': 0.8555, 'precision': 0.8519, 'recall': 0.8613}
2025-02-27 11:49:19,574 - root - INFO - Early Stopping Check: No improvement for 1/3 epochs
2025-02-27 11:49:21,507 - root - INFO - Epoch 8/10 step 490/610 eta 00:03:02: loss 0.026, train {'accuracy': 1.0, 'f1': 1.0, 'precision': 1.0, 'recall': 1.0}
2025-02-27 11:49:30,235 - root - INFO - Epoch 8/10 step 500/610 eta 00:02:45: loss 0.008, train {'accuracy': 1.0, 'f1': 1.0, 'precision': 1.0, 'recall': 1.0}
2025-02-27 11:49:38,985 - root - INFO - Epoch 8/10 step 510/610 eta 00:02:29: loss 0.042, train {'accuracy': 1.0, 'f1': 1.0, 'precision': 1.0, 'recall': 1.0}
2025-02-27 11:49:47,783 - root - INFO - Epoch 8/10 step 520/610 eta 00:02:13: loss 0.023, train {'accuracy': 1.0, 'f1': 1.0, 'precision': 1.0, 'recall': 1.0}
2025-02-27 11:49:56,606 - root - INFO - Epoch 8/10 step 530/610 eta 00:01:57: loss 0.017, train {'accuracy': 1.0, 'f1': 1.0, 'precision': 1.0, 'recall': 1.0}
2025-02-27 11:50:05,343 - root - INFO - Epoch 8/10 step 540/610 eta 00:01:42: loss 0.083, train {'accuracy': 1.0, 'f1': 1.0, 'precision': 1.0, 'recall': 1.0}
2025-02-27 11:50:51,898 - root - INFO - Epoch 8 step 549: loss 0.448, val {'accuracy': 0.86, 'f1': 0.8524, 'precision': 0.8485, 'recall': 0.86}
2025-02-27 11:50:51,898 - root - INFO - Early Stopping Check: No improvement for 2/3 epochs
2025-02-27 11:50:52,949 - root - INFO - Epoch 9/10 step 550/610 eta 00:01:31: loss 0.021, train {'accuracy': 1.0, 'f1': 1.0, 'precision': 1.0, 'recall': 1.0}
2025-02-27 11:51:01,688 - root - INFO - Epoch 9/10 step 560/610 eta 00:01:15: loss 0.012, train {'accuracy': 1.0, 'f1': 1.0, 'precision': 1.0, 'recall': 1.0}
2025-02-27 11:51:10,455 - root - INFO - Epoch 9/10 step 570/610 eta 00:00:59: loss 0.069, train {'accuracy': 1.0, 'f1': 1.0, 'precision': 1.0, 'recall': 1.0}
2025-02-27 11:51:19,197 - root - INFO - Epoch 9/10 step 580/610 eta 00:00:44: loss 0.027, train {'accuracy': 1.0, 'f1': 1.0, 'precision': 1.0, 'recall': 1.0}
2025-02-27 11:51:27,902 - root - INFO - Epoch 9/10 step 590/610 eta 00:00:29: loss 0.026, train {'accuracy': 1.0, 'f1': 1.0, 'precision': 1.0, 'recall': 1.0}
2025-02-27 11:51:36,604 - root - INFO - Epoch 9/10 step 600/610 eta 00:00:14: loss 0.025, train {'accuracy': 1.0, 'f1': 1.0, 'precision': 1.0, 'recall': 1.0}
2025-02-27 11:51:45,302 - root - INFO - Epoch 9/10 step 610/610 eta 00:00:00: loss 0.016, train {'accuracy': 1.0, 'f1': 1.0, 'precision': 1.0, 'recall': 1.0}
2025-02-27 11:52:23,924 - root - INFO - Epoch 9 step 610: loss 0.445, val {'accuracy': 0.8611, 'f1': 0.8546, 'precision': 0.851, 'recall': 0.8611}
2025-02-27 11:52:23,924 - root - INFO - Early Stopping Check: No improvement for 3/3 epochs
2025-02-27 11:52:23,924 - root - INFO - Stopping early at epoch 9 due to no improvement in validation F1 and increasing loss.
