2025-02-27 01:32:58,224 - root - INFO - Training/evaluation config: Namespace(seed=2021, data_path='./data/ctrip_20250224.csv', base_url='data/qunaer_20250226_balance19', num_class=3, val_ratio=0.2, prefetch=12, num_workers=6, train_batch_size=32, val_batch_size=32, word2Vec='./word2vec/sgns.weibo.bigram-char.bz2', word2Vec_dim=300, stopWords='./stopword/hit_stopwords.txt', bert_dir='hf_hub/models--Langboat--mengzi-bert-base', bert_dim=768, bert_max_length=512, bert_padding='max_length', lstm_input_size=768, lstm_hidden_size=256, lstm_num_layers=2, lstm_dropout=0.0, feature_type=1, fusion_type='cat', adv_type='pgd', fgm_adv_epsilon=1.0, pgd_adv_epsilon=1.0, pgd_adv_alpha=0.3, pgd_adv_K=3, freelb_adv_K=3, freelb_adv_lr=0.01, freelb_adv_init_mag=0.02, smartp_adv_alpha=1.0, save_path='save/qunaer_20250226_balance19/models--Langboat--mengzi-bert-base/feature1_fusioncat_advpgd_20250227013258', best_score=0.5, max_epochs=10, max_steps=50000, warmup_steps=200, print_steps=10, weight_decay=0.001, adam_eps=1e-06, adam_lr=5e-05, dropout=0.1, smoothing=0.0, patience=3, device='cuda', n_gpu=1)
2025-02-27 01:33:12,550 - root - INFO - Epoch 0/10 step 10/300 eta 00:06:23: loss 1.088, train {'accuracy': 0.3125, 'f1': 0.389895260989011, 'precision': 0.6538690476190476, 'recall': 0.3125}
2025-02-27 01:33:24,875 - root - INFO - Epoch 0/10 step 20/300 eta 00:05:57: loss 0.786, train {'accuracy': 0.75, 'f1': 0.6428571428571428, 'precision': 0.5625, 'recall': 0.75}
2025-02-27 01:33:37,185 - root - INFO - Epoch 0/10 step 30/300 eta 00:05:40: loss 0.501, train {'accuracy': 0.84375, 'f1': 0.7722457627118644, 'precision': 0.7119140625, 'recall': 0.84375}
2025-02-27 01:34:05,405 - root - INFO - Epoch 0 step 30: loss 0.659, val {'accuracy': 0.7801, 'f1': 0.6837, 'precision': 0.6085, 'recall': 0.7801}
2025-02-27 01:34:18,249 - root - INFO - Epoch 1/10 step 40/300 eta 00:08:32: loss 0.693, train {'accuracy': 0.71875, 'f1': 0.6011363636363636, 'precision': 0.5166015625, 'recall': 0.71875}
2025-02-27 01:34:30,497 - root - INFO - Epoch 1/10 step 50/300 eta 00:07:35: loss 0.897, train {'accuracy': 0.6875, 'f1': 0.5601851851851851, 'precision': 0.47265625, 'recall': 0.6875}
2025-02-27 01:34:42,833 - root - INFO - Epoch 1/10 step 60/300 eta 00:06:54: loss 0.524, train {'accuracy': 0.78125, 'f1': 0.6853070175438596, 'precision': 0.6103515625, 'recall': 0.78125}
2025-02-27 01:35:11,085 - root - INFO - Epoch 1 step 60: loss 0.454, val {'accuracy': 0.8152, 'f1': 0.771, 'precision': 0.7705, 'recall': 0.8152}
2025-02-27 01:35:24,000 - root - INFO - Epoch 2/10 step 70/300 eta 00:07:55: loss 0.265, train {'accuracy': 0.9375, 'f1': 0.9325757575757575, 'precision': 0.9386160714285714, 'recall': 0.9375}
2025-02-27 01:35:36,363 - root - INFO - Epoch 2/10 step 80/300 eta 00:07:11: loss 0.466, train {'accuracy': 0.8125, 'f1': 0.7873670212765957, 'precision': 0.82375, 'recall': 0.8125}
2025-02-27 01:35:48,659 - root - INFO - Epoch 2/10 step 90/300 eta 00:06:35: loss 0.428, train {'accuracy': 0.84375, 'f1': 0.7953167115902966, 'precision': 0.8706896551724138, 'recall': 0.84375}
2025-02-27 01:36:16,910 - root - INFO - Epoch 2 step 90: loss 0.435, val {'accuracy': 0.8274, 'f1': 0.7671, 'precision': 0.7908, 'recall': 0.8274}
2025-02-27 01:36:29,401 - root - INFO - Epoch 3/10 step 100/300 eta 00:07:00: loss 0.164, train {'accuracy': 0.96875, 'f1': 0.9722222222222222, 'precision': 0.984375, 'recall': 0.96875}
2025-02-27 01:36:41,693 - root - INFO - Epoch 3/10 step 110/300 eta 00:06:24: loss 0.099, train {'accuracy': 0.9375, 'f1': 0.9229910714285714, 'precision': 0.9418103448275862, 'recall': 0.9375}
2025-02-27 01:36:53,926 - root - INFO - Epoch 3/10 step 120/300 eta 00:05:51: loss 0.055, train {'accuracy': 0.96875, 'f1': 0.9672979797979797, 'precision': 0.9698660714285714, 'recall': 0.96875}
2025-02-27 01:37:21,980 - root - INFO - Epoch 3 step 120: loss 0.431, val {'accuracy': 0.8605, 'f1': 0.8482, 'precision': 0.8462, 'recall': 0.8605}
2025-02-27 01:37:34,914 - root - INFO - Epoch 4/10 step 130/300 eta 00:06:00: loss 0.035, train {'accuracy': 1.0, 'f1': 1.0, 'precision': 1.0, 'recall': 1.0}
2025-02-27 01:37:47,190 - root - INFO - Epoch 4/10 step 140/300 eta 00:05:28: loss 0.084, train {'accuracy': 1.0, 'f1': 1.0, 'precision': 1.0, 'recall': 1.0}
2025-02-27 01:37:59,436 - root - INFO - Epoch 4/10 step 150/300 eta 00:05:00: loss 0.091, train {'accuracy': 0.96875, 'f1': 0.9706730769230769, 'precision': 0.9791666666666667, 'recall': 0.96875}
2025-02-27 01:38:27,519 - root - INFO - Epoch 4 step 150: loss 0.448, val {'accuracy': 0.8553, 'f1': 0.8468, 'precision': 0.8496, 'recall': 0.8553}
2025-02-27 01:38:27,519 - root - INFO - Early Stopping Check: No improvement for 1/3 epochs
2025-02-27 01:38:39,951 - root - INFO - Epoch 5/10 step 160/300 eta 00:04:58: loss 0.018, train {'accuracy': 1.0, 'f1': 1.0, 'precision': 1.0, 'recall': 1.0}
2025-02-27 01:38:52,182 - root - INFO - Epoch 5/10 step 170/300 eta 00:04:29: loss 0.045, train {'accuracy': 0.96875, 'f1': 0.9668019480519481, 'precision': 0.9698660714285714, 'recall': 0.96875}
2025-02-27 01:39:04,441 - root - INFO - Epoch 5/10 step 180/300 eta 00:04:03: loss 0.037, train {'accuracy': 0.96875, 'f1': 0.9706873315363882, 'precision': 0.9765625, 'recall': 0.96875}
2025-02-27 01:39:32,658 - root - INFO - Epoch 5 step 180: loss 0.494, val {'accuracy': 0.8529, 'f1': 0.8479, 'precision': 0.8472, 'recall': 0.8529}
2025-02-27 01:39:32,659 - root - INFO - Early Stopping Check: No improvement for 2/3 epochs
2025-02-27 01:39:45,204 - root - INFO - Epoch 6/10 step 190/300 eta 00:03:54: loss 0.067, train {'accuracy': 0.96875, 'f1': 0.9725378787878788, 'precision': 0.984375, 'recall': 0.96875}
2025-02-27 01:39:57,512 - root - INFO - Epoch 6/10 step 200/300 eta 00:03:29: loss 0.011, train {'accuracy': 1.0, 'f1': 1.0, 'precision': 1.0, 'recall': 1.0}
2025-02-27 01:40:09,853 - root - INFO - Epoch 6/10 step 210/300 eta 00:03:04: loss 0.007, train {'accuracy': 1.0, 'f1': 1.0, 'precision': 1.0, 'recall': 1.0}
2025-02-27 01:40:38,050 - root - INFO - Epoch 6 step 210: loss 0.489, val {'accuracy': 0.8532, 'f1': 0.8535, 'precision': 0.858, 'recall': 0.8532}
2025-02-27 01:40:50,993 - root - INFO - Epoch 7/10 step 220/300 eta 00:02:51: loss 0.007, train {'accuracy': 1.0, 'f1': 1.0, 'precision': 1.0, 'recall': 1.0}
2025-02-27 01:41:03,362 - root - INFO - Epoch 7/10 step 230/300 eta 00:02:27: loss 0.010, train {'accuracy': 1.0, 'f1': 1.0, 'precision': 1.0, 'recall': 1.0}
2025-02-27 01:41:15,713 - root - INFO - Epoch 7/10 step 240/300 eta 00:02:04: loss 0.006, train {'accuracy': 1.0, 'f1': 1.0, 'precision': 1.0, 'recall': 1.0}
2025-02-27 01:41:43,973 - root - INFO - Epoch 7 step 240: loss 0.519, val {'accuracy': 0.8412, 'f1': 0.8461, 'precision': 0.8638, 'recall': 0.8412}
2025-02-27 01:41:43,973 - root - INFO - Early Stopping Check: No improvement for 1/3 epochs
2025-02-27 01:41:56,470 - root - INFO - Epoch 8/10 step 250/300 eta 00:01:47: loss 0.007, train {'accuracy': 1.0, 'f1': 1.0, 'precision': 1.0, 'recall': 1.0}
2025-02-27 01:42:08,778 - root - INFO - Epoch 8/10 step 260/300 eta 00:01:24: loss 0.008, train {'accuracy': 1.0, 'f1': 1.0, 'precision': 1.0, 'recall': 1.0}
2025-02-27 01:42:21,115 - root - INFO - Epoch 8/10 step 270/300 eta 00:01:02: loss 0.007, train {'accuracy': 1.0, 'f1': 1.0, 'precision': 1.0, 'recall': 1.0}
2025-02-27 01:42:49,403 - root - INFO - Epoch 8 step 270: loss 0.528, val {'accuracy': 0.8542, 'f1': 0.8514, 'precision': 0.855, 'recall': 0.8542}
2025-02-27 01:42:49,403 - root - INFO - Early Stopping Check: No improvement for 2/3 epochs
2025-02-27 01:43:01,914 - root - INFO - Epoch 9/10 step 280/300 eta 00:00:43: loss 0.007, train {'accuracy': 1.0, 'f1': 1.0, 'precision': 1.0, 'recall': 1.0}
2025-02-27 01:43:14,149 - root - INFO - Epoch 9/10 step 290/300 eta 00:00:21: loss 0.005, train {'accuracy': 1.0, 'f1': 1.0, 'precision': 1.0, 'recall': 1.0}
2025-02-27 01:43:26,519 - root - INFO - Epoch 9/10 step 300/300 eta 00:00:00: loss 0.006, train {'accuracy': 1.0, 'f1': 1.0, 'precision': 1.0, 'recall': 1.0}
2025-02-27 01:43:54,659 - root - INFO - Epoch 9 step 300: loss 0.529, val {'accuracy': 0.8541, 'f1': 0.8512, 'precision': 0.8546, 'recall': 0.8541}
2025-02-27 01:43:54,659 - root - INFO - Early Stopping Check: No improvement for 3/3 epochs
2025-02-27 01:43:54,659 - root - INFO - Stopping early at epoch 9 due to no improvement in validation F1 and increasing loss.
