2025-02-27 00:05:14,868 - root - INFO - Training/evaluation config: Namespace(seed=2021, data_path='./data/ctrip_20250224.csv', base_url='data/qunaer_20250226_balance19', num_class=3, val_ratio=0.2, prefetch=12, num_workers=6, train_batch_size=32, val_batch_size=32, word2Vec='./word2vec/sgns.weibo.bigram-char.bz2', word2Vec_dim=300, stopWords='./stopword/hit_stopwords.txt', bert_dir='hf_hub/models--hfl--chinese-macbert-base', bert_dim=768, bert_max_length=512, bert_padding='max_length', lstm_input_size=768, lstm_hidden_size=256, lstm_num_layers=2, lstm_dropout=0.0, feature_type=2, fusion_type='cat', adv_type='smartp', fgm_adv_epsilon=1.0, pgd_adv_epsilon=1.0, pgd_adv_alpha=0.3, pgd_adv_K=3, freelb_adv_K=3, freelb_adv_lr=0.01, freelb_adv_init_mag=0.02, smartp_adv_alpha=1.0, save_path='save/qunaer_20250226_balance19/models--hfl--chinese-macbert-base/feature2_fusioncat_advsmartp_20250227000514', best_score=0.5, max_epochs=10, max_steps=50000, warmup_steps=200, print_steps=10, weight_decay=0.001, adam_eps=1e-06, adam_lr=5e-05, dropout=0.1, smoothing=0.0, patience=3, device='cuda', n_gpu=1)
2025-02-27 00:05:24,850 - root - INFO - Epoch 0/10 step 10/300 eta 00:04:16: loss 0.793, train {'accuracy': 0.8125, 'f1': 0.728448275862069, 'precision': 0.66015625, 'recall': 0.8125}
2025-02-27 00:05:32,576 - root - INFO - Epoch 0/10 step 20/300 eta 00:03:52: loss 0.613, train {'accuracy': 0.8125, 'f1': 0.728448275862069, 'precision': 0.66015625, 'recall': 0.8125}
2025-02-27 00:05:40,286 - root - INFO - Epoch 0/10 step 30/300 eta 00:03:38: loss 0.590, train {'accuracy': 0.8125, 'f1': 0.728448275862069, 'precision': 0.66015625, 'recall': 0.8125}
2025-02-27 00:06:17,962 - root - INFO - Epoch 0 step 30: loss 0.648, val {'accuracy': 0.7801, 'f1': 0.6837, 'precision': 0.6085, 'recall': 0.7801}
2025-02-27 00:06:26,284 - root - INFO - Epoch 1/10 step 40/300 eta 00:07:36: loss 0.715, train {'accuracy': 0.6875, 'f1': 0.5601851851851851, 'precision': 0.47265625, 'recall': 0.6875}
2025-02-27 00:06:33,995 - root - INFO - Epoch 1/10 step 50/300 eta 00:06:30: loss 0.525, train {'accuracy': 0.78125, 'f1': 0.7481534090909091, 'precision': 0.7244971264367817, 'recall': 0.78125}
2025-02-27 00:06:41,723 - root - INFO - Epoch 1/10 step 60/300 eta 00:05:42: loss 0.547, train {'accuracy': 0.78125, 'f1': 0.7177287581699346, 'precision': 0.6685267857142857, 'recall': 0.78125}
2025-02-27 00:07:19,108 - root - INFO - Epoch 1 step 60: loss 0.479, val {'accuracy': 0.8051, 'f1': 0.7664, 'precision': 0.7339, 'recall': 0.8051}
2025-02-27 00:07:27,484 - root - INFO - Epoch 2/10 step 70/300 eta 00:07:12: loss 0.404, train {'accuracy': 0.8125, 'f1': 0.7991071428571428, 'precision': 0.821875, 'recall': 0.8125}
2025-02-27 00:07:35,189 - root - INFO - Epoch 2/10 step 80/300 eta 00:06:22: loss 0.287, train {'accuracy': 0.90625, 'f1': 0.8795677361853832, 'precision': 0.8553685897435898, 'recall': 0.90625}
2025-02-27 00:07:42,837 - root - INFO - Epoch 2/10 step 90/300 eta 00:05:42: loss 0.344, train {'accuracy': 0.84375, 'f1': 0.8061615566037736, 'precision': 0.7784722222222222, 'recall': 0.84375}
2025-02-27 00:08:20,361 - root - INFO - Epoch 2 step 90: loss 0.464, val {'accuracy': 0.8347, 'f1': 0.8014, 'precision': 0.8201, 'recall': 0.8347}
2025-02-27 00:08:28,839 - root - INFO - Epoch 3/10 step 100/300 eta 00:06:25: loss 0.193, train {'accuracy': 0.96875, 'f1': 0.9696455505279034, 'precision': 0.9732142857142857, 'recall': 0.96875}
2025-02-27 00:08:36,603 - root - INFO - Epoch 3/10 step 110/300 eta 00:05:46: loss 0.113, train {'accuracy': 0.96875, 'f1': 0.9706757703081232, 'precision': 0.9765625, 'recall': 0.96875}
2025-02-27 00:08:44,355 - root - INFO - Epoch 3/10 step 120/300 eta 00:05:12: loss 0.142, train {'accuracy': 0.9375, 'f1': 0.9221491228070176, 'precision': 0.9073275862068966, 'recall': 0.9375}
2025-02-27 00:09:21,833 - root - INFO - Epoch 3 step 120: loss 0.437, val {'accuracy': 0.8465, 'f1': 0.8465, 'precision': 0.8493, 'recall': 0.8465}
2025-02-27 00:09:30,241 - root - INFO - Epoch 4/10 step 130/300 eta 00:05:32: loss 0.076, train {'accuracy': 1.0, 'f1': 1.0, 'precision': 1.0, 'recall': 1.0}
2025-02-27 00:09:37,996 - root - INFO - Epoch 4/10 step 140/300 eta 00:04:59: loss 0.107, train {'accuracy': 0.9375, 'f1': 0.9375, 'precision': 0.9375, 'recall': 0.9375}
2025-02-27 00:09:45,659 - root - INFO - Epoch 4/10 step 150/300 eta 00:04:29: loss 0.354, train {'accuracy': 0.875, 'f1': 0.860625, 'precision': 0.8798076923076923, 'recall': 0.875}
2025-02-27 00:10:23,254 - root - INFO - Epoch 4 step 150: loss 0.636, val {'accuracy': 0.8416, 'f1': 0.8259, 'precision': 0.8302, 'recall': 0.8416}
2025-02-27 00:10:23,255 - root - INFO - Early Stopping Check: No improvement for 1/3 epochs
2025-02-27 00:10:31,191 - root - INFO - Epoch 5/10 step 160/300 eta 00:04:35: loss 0.110, train {'accuracy': 0.96875, 'f1': 0.96875, 'precision': 0.975, 'recall': 0.96875}
2025-02-27 00:10:38,875 - root - INFO - Epoch 5/10 step 170/300 eta 00:04:06: loss 0.040, train {'accuracy': 1.0, 'f1': 1.0, 'precision': 1.0, 'recall': 1.0}
2025-02-27 00:10:46,555 - root - INFO - Epoch 5/10 step 180/300 eta 00:03:40: loss 0.009, train {'accuracy': 1.0, 'f1': 1.0, 'precision': 1.0, 'recall': 1.0}
2025-02-27 00:11:24,115 - root - INFO - Epoch 5 step 180: loss 0.569, val {'accuracy': 0.8536, 'f1': 0.8463, 'precision': 0.8423, 'recall': 0.8536}
2025-02-27 00:11:24,116 - root - INFO - Early Stopping Check: No improvement for 2/3 epochs
2025-02-27 00:11:32,024 - root - INFO - Epoch 6/10 step 190/300 eta 00:03:37: loss 0.054, train {'accuracy': 0.96875, 'f1': 0.9645833333333333, 'precision': 0.97265625, 'recall': 0.96875}
2025-02-27 00:11:39,743 - root - INFO - Epoch 6/10 step 200/300 eta 00:03:11: loss 0.025, train {'accuracy': 1.0, 'f1': 1.0, 'precision': 1.0, 'recall': 1.0}
2025-02-27 00:11:47,398 - root - INFO - Epoch 6/10 step 210/300 eta 00:02:47: loss 0.010, train {'accuracy': 1.0, 'f1': 1.0, 'precision': 1.0, 'recall': 1.0}
2025-02-27 00:12:25,420 - root - INFO - Epoch 6 step 210: loss 0.634, val {'accuracy': 0.8547, 'f1': 0.8442, 'precision': 0.8404, 'recall': 0.8547}
2025-02-27 00:12:25,420 - root - INFO - Early Stopping Check: No improvement for 3/3 epochs
2025-02-27 00:12:25,420 - root - INFO - Stopping early at epoch 6 due to no improvement in validation F1 and increasing loss.
