2025-02-26 22:14:36,087 - root - INFO - Training/evaluation config: Namespace(seed=2021, data_path='./data/ctrip_20250224.csv', base_url='data/qunaer_20250226_balance19', num_class=3, val_ratio=0.2, prefetch=12, num_workers=6, train_batch_size=32, val_batch_size=32, word2Vec='./word2vec/sgns.weibo.bigram-char.bz2', word2Vec_dim=300, stopWords='./stopword/hit_stopwords.txt', bert_dir='hf_hub/models--hfl--chinese-roberta-wwm-ext', bert_dim=768, bert_max_length=512, bert_padding='max_length', lstm_input_size=768, lstm_hidden_size=256, lstm_num_layers=2, lstm_dropout=0.0, feature_type=1, fusion_type='cat', adv_type='fgm', fgm_adv_epsilon=1.0, pgd_adv_epsilon=1.0, pgd_adv_alpha=0.3, pgd_adv_K=3, freelb_adv_K=3, freelb_adv_lr=0.01, freelb_adv_init_mag=0.02, smartp_adv_alpha=1.0, save_path='save/qunaer_20250226_balance19/models--hfl--chinese-roberta-wwm-ext/feature1_fusioncat_advfgm_20250226221436', best_score=0.5, max_epochs=10, max_steps=50000, warmup_steps=200, print_steps=10, weight_decay=0.001, adam_eps=1e-06, adam_lr=5e-05, dropout=0.1, smoothing=0.0, patience=3, device='cuda', n_gpu=1)
2025-02-26 22:14:44,735 - root - INFO - Epoch 0/10 step 10/300 eta 00:03:29: loss 0.994, train {'accuracy': 0.5625, 'f1': 0.5859375, 'precision': 0.6114130434782609, 'recall': 0.5625}
2025-02-26 22:14:51,023 - root - INFO - Epoch 0/10 step 20/300 eta 00:03:09: loss 0.798, train {'accuracy': 0.75, 'f1': 0.6428571428571428, 'precision': 0.5625, 'recall': 0.75}
2025-02-26 22:14:57,316 - root - INFO - Epoch 0/10 step 30/300 eta 00:02:58: loss 0.503, train {'accuracy': 0.84375, 'f1': 0.7722457627118644, 'precision': 0.7119140625, 'recall': 0.84375}
2025-02-26 22:15:22,738 - root - INFO - Epoch 0 step 30: loss 0.649, val {'accuracy': 0.7801, 'f1': 0.6837, 'precision': 0.6085, 'recall': 0.7801}
2025-02-26 22:15:29,518 - root - INFO - Epoch 1/10 step 40/300 eta 00:05:38: loss 0.705, train {'accuracy': 0.71875, 'f1': 0.6011363636363636, 'precision': 0.5166015625, 'recall': 0.71875}
2025-02-26 22:15:35,733 - root - INFO - Epoch 1/10 step 50/300 eta 00:04:51: loss 0.847, train {'accuracy': 0.6875, 'f1': 0.5601851851851851, 'precision': 0.47265625, 'recall': 0.6875}
2025-02-26 22:15:41,983 - root - INFO - Epoch 1/10 step 60/300 eta 00:04:17: loss 0.433, train {'accuracy': 0.78125, 'f1': 0.6853070175438596, 'precision': 0.6103515625, 'recall': 0.78125}
2025-02-26 22:16:07,290 - root - INFO - Epoch 1 step 60: loss 0.501, val {'accuracy': 0.7916, 'f1': 0.7214, 'precision': 0.7475, 'recall': 0.7916}
2025-02-26 22:16:14,131 - root - INFO - Epoch 2/10 step 70/300 eta 00:05:17: loss 0.250, train {'accuracy': 0.90625, 'f1': 0.8819805194805195, 'precision': 0.8604910714285714, 'recall': 0.90625}
2025-02-26 22:16:20,311 - root - INFO - Epoch 2/10 step 80/300 eta 00:04:42: loss 0.388, train {'accuracy': 0.9375, 'f1': 0.9375, 'precision': 0.9375, 'recall': 0.9375}
2025-02-26 22:16:26,487 - root - INFO - Epoch 2/10 step 90/300 eta 00:04:14: loss 0.350, train {'accuracy': 0.8125, 'f1': 0.7884615384615384, 'precision': 0.8348214285714286, 'recall': 0.8125}
2025-02-26 22:16:51,846 - root - INFO - Epoch 2 step 90: loss 0.406, val {'accuracy': 0.8368, 'f1': 0.7944, 'precision': 0.8127, 'recall': 0.8368}
2025-02-26 22:16:58,659 - root - INFO - Epoch 3/10 step 100/300 eta 00:04:42: loss 0.092, train {'accuracy': 1.0, 'f1': 1.0, 'precision': 1.0, 'recall': 1.0}
2025-02-26 22:17:04,849 - root - INFO - Epoch 3/10 step 110/300 eta 00:04:14: loss 0.082, train {'accuracy': 1.0, 'f1': 1.0, 'precision': 1.0, 'recall': 1.0}
2025-02-26 22:17:11,077 - root - INFO - Epoch 3/10 step 120/300 eta 00:03:50: loss 0.054, train {'accuracy': 0.96875, 'f1': 0.9672979797979797, 'precision': 0.9698660714285714, 'recall': 0.96875}
2025-02-26 22:17:36,504 - root - INFO - Epoch 3 step 120: loss 0.554, val {'accuracy': 0.8392, 'f1': 0.8092, 'precision': 0.8205, 'recall': 0.8392}
2025-02-26 22:17:43,330 - root - INFO - Epoch 4/10 step 130/300 eta 00:04:03: loss 0.028, train {'accuracy': 1.0, 'f1': 1.0, 'precision': 1.0, 'recall': 1.0}
2025-02-26 22:17:49,506 - root - INFO - Epoch 4/10 step 140/300 eta 00:03:39: loss 0.077, train {'accuracy': 0.96875, 'f1': 0.9697802197802198, 'precision': 0.9765625, 'recall': 0.96875}
2025-02-26 22:17:55,706 - root - INFO - Epoch 4/10 step 150/300 eta 00:03:18: loss 0.197, train {'accuracy': 0.9375, 'f1': 0.9326241134751773, 'precision': 0.9388020833333334, 'recall': 0.9375}
2025-02-26 22:18:21,146 - root - INFO - Epoch 4 step 150: loss 0.448, val {'accuracy': 0.8523, 'f1': 0.8466, 'precision': 0.844, 'recall': 0.8523}
2025-02-26 22:18:27,946 - root - INFO - Epoch 5/10 step 160/300 eta 00:03:21: loss 0.020, train {'accuracy': 1.0, 'f1': 1.0, 'precision': 1.0, 'recall': 1.0}
2025-02-26 22:18:34,157 - root - INFO - Epoch 5/10 step 170/300 eta 00:03:00: loss 0.018, train {'accuracy': 1.0, 'f1': 1.0, 'precision': 1.0, 'recall': 1.0}
2025-02-26 22:18:40,357 - root - INFO - Epoch 5/10 step 180/300 eta 00:02:41: loss 0.010, train {'accuracy': 1.0, 'f1': 1.0, 'precision': 1.0, 'recall': 1.0}
2025-02-26 22:19:05,800 - root - INFO - Epoch 5 step 180: loss 0.523, val {'accuracy': 0.854, 'f1': 0.8367, 'precision': 0.8373, 'recall': 0.854}
2025-02-26 22:19:05,800 - root - INFO - Early Stopping Check: No improvement for 1/3 epochs
2025-02-26 22:19:12,270 - root - INFO - Epoch 6/10 step 190/300 eta 00:02:39: loss 0.015, train {'accuracy': 1.0, 'f1': 1.0, 'precision': 1.0, 'recall': 1.0}
2025-02-26 22:19:18,561 - root - INFO - Epoch 6/10 step 200/300 eta 00:02:20: loss 0.013, train {'accuracy': 1.0, 'f1': 1.0, 'precision': 1.0, 'recall': 1.0}
2025-02-26 22:19:24,819 - root - INFO - Epoch 6/10 step 210/300 eta 00:02:03: loss 0.007, train {'accuracy': 1.0, 'f1': 1.0, 'precision': 1.0, 'recall': 1.0}
2025-02-26 22:19:50,311 - root - INFO - Epoch 6 step 210: loss 0.532, val {'accuracy': 0.8565, 'f1': 0.843, 'precision': 0.8397, 'recall': 0.8565}
2025-02-26 22:19:50,311 - root - INFO - Early Stopping Check: No improvement for 2/3 epochs
2025-02-26 22:19:56,716 - root - INFO - Epoch 7/10 step 220/300 eta 00:01:56: loss 0.007, train {'accuracy': 1.0, 'f1': 1.0, 'precision': 1.0, 'recall': 1.0}
2025-02-26 22:20:02,913 - root - INFO - Epoch 7/10 step 230/300 eta 00:01:39: loss 0.008, train {'accuracy': 1.0, 'f1': 1.0, 'precision': 1.0, 'recall': 1.0}
2025-02-26 22:20:09,122 - root - INFO - Epoch 7/10 step 240/300 eta 00:01:22: loss 0.005, train {'accuracy': 1.0, 'f1': 1.0, 'precision': 1.0, 'recall': 1.0}
2025-02-26 22:20:34,599 - root - INFO - Epoch 7 step 240: loss 0.516, val {'accuracy': 0.8538, 'f1': 0.8453, 'precision': 0.8414, 'recall': 0.8538}
2025-02-26 22:20:34,599 - root - INFO - Early Stopping Check: No improvement for 3/3 epochs
2025-02-26 22:20:34,599 - root - INFO - Stopping early at epoch 7 due to no improvement in validation F1 and increasing loss.
