2025-02-27 00:31:49,957 - root - INFO - Training/evaluation config: Namespace(seed=2021, data_path='./data/ctrip_20250224.csv', base_url='data/qunaer_20250226_balance19', num_class=3, val_ratio=0.2, prefetch=12, num_workers=6, train_batch_size=32, val_batch_size=32, word2Vec='./word2vec/sgns.weibo.bigram-char.bz2', word2Vec_dim=300, stopWords='./stopword/hit_stopwords.txt', bert_dir='hf_hub/models--hfl--chinese-bert-wwm-ext', bert_dim=768, bert_max_length=512, bert_padding='max_length', lstm_input_size=768, lstm_hidden_size=256, lstm_num_layers=2, lstm_dropout=0.0, feature_type=2, fusion_type='gate', adv_type='pgd', fgm_adv_epsilon=1.0, pgd_adv_epsilon=1.0, pgd_adv_alpha=0.3, pgd_adv_K=3, freelb_adv_K=3, freelb_adv_lr=0.01, freelb_adv_init_mag=0.02, smartp_adv_alpha=1.0, save_path='save/qunaer_20250226_balance19/models--hfl--chinese-bert-wwm-ext/feature2_fusiongate_advpgd_20250227003149', best_score=0.5, max_epochs=10, max_steps=50000, warmup_steps=200, print_steps=10, weight_decay=0.001, adam_eps=1e-06, adam_lr=5e-05, dropout=0.1, smoothing=0.0, patience=3, device='cuda', n_gpu=1)
2025-02-27 00:32:08,974 - root - INFO - Epoch 0/10 step 10/300 eta 00:08:39: loss 0.980, train {'accuracy': 0.8125, 'f1': 0.728448275862069, 'precision': 0.66015625, 'recall': 0.8125}
2025-02-27 00:32:25,776 - root - INFO - Epoch 0/10 step 20/300 eta 00:08:06: loss 0.759, train {'accuracy': 0.75, 'f1': 0.6428571428571428, 'precision': 0.5625, 'recall': 0.75}
2025-02-27 00:32:42,599 - root - INFO - Epoch 0/10 step 30/300 eta 00:07:43: loss 0.546, train {'accuracy': 0.84375, 'f1': 0.7722457627118644, 'precision': 0.7119140625, 'recall': 0.84375}
2025-02-27 00:33:19,941 - root - INFO - Epoch 0 step 30: loss 0.659, val {'accuracy': 0.7801, 'f1': 0.6837, 'precision': 0.6085, 'recall': 0.7801}
2025-02-27 00:33:37,369 - root - INFO - Epoch 1/10 step 40/300 eta 00:11:31: loss 0.802, train {'accuracy': 0.6875, 'f1': 0.5601851851851851, 'precision': 0.47265625, 'recall': 0.6875}
2025-02-27 00:33:54,234 - root - INFO - Epoch 1/10 step 50/300 eta 00:10:15: loss 0.868, train {'accuracy': 0.625, 'f1': 0.4807692307692308, 'precision': 0.390625, 'recall': 0.625}
2025-02-27 00:34:10,901 - root - INFO - Epoch 1/10 step 60/300 eta 00:09:19: loss 0.502, train {'accuracy': 0.84375, 'f1': 0.7722457627118644, 'precision': 0.7119140625, 'recall': 0.84375}
2025-02-27 00:34:48,515 - root - INFO - Epoch 1 step 60: loss 0.621, val {'accuracy': 0.7801, 'f1': 0.6837, 'precision': 0.6085, 'recall': 0.7801}
2025-02-27 00:35:05,471 - root - INFO - Epoch 2/10 step 70/300 eta 00:10:38: loss 0.434, train {'accuracy': 0.8125, 'f1': 0.728448275862069, 'precision': 0.66015625, 'recall': 0.8125}
2025-02-27 00:35:22,155 - root - INFO - Epoch 2/10 step 80/300 eta 00:09:40: loss 0.606, train {'accuracy': 0.65625, 'f1': 0.5755208333333334, 'precision': 0.6651785714285714, 'recall': 0.65625}
2025-02-27 00:35:38,923 - root - INFO - Epoch 2/10 step 90/300 eta 00:08:51: loss 0.398, train {'accuracy': 0.84375, 'f1': 0.8167613636363636, 'precision': 0.8045977011494252, 'recall': 0.84375}
2025-02-27 00:36:16,448 - root - INFO - Epoch 2 step 90: loss 0.442, val {'accuracy': 0.8228, 'f1': 0.7958, 'precision': 0.8098, 'recall': 0.8228}
2025-02-27 00:36:33,904 - root - INFO - Epoch 3/10 step 100/300 eta 00:09:25: loss 0.437, train {'accuracy': 0.8125, 'f1': 0.7717086834733894, 'precision': 0.8576388888888888, 'recall': 0.8125}
2025-02-27 00:36:50,750 - root - INFO - Epoch 3/10 step 110/300 eta 00:08:37: loss 0.346, train {'accuracy': 0.875, 'f1': 0.8410984848484848, 'precision': 0.900323275862069, 'recall': 0.875}
2025-02-27 00:37:07,542 - root - INFO - Epoch 3/10 step 120/300 eta 00:07:54: loss 0.352, train {'accuracy': 0.875, 'f1': 0.8576785714285714, 'precision': 0.8935185185185185, 'recall': 0.875}
2025-02-27 00:37:45,504 - root - INFO - Epoch 3 step 120: loss 0.407, val {'accuracy': 0.8467, 'f1': 0.8453, 'precision': 0.8465, 'recall': 0.8467}
2025-02-27 00:38:03,040 - root - INFO - Epoch 4/10 step 130/300 eta 00:08:06: loss 0.274, train {'accuracy': 0.9375, 'f1': 0.9309895833333334, 'precision': 0.9425, 'recall': 0.9375}
2025-02-27 00:38:19,760 - root - INFO - Epoch 4/10 step 140/300 eta 00:07:24: loss 0.173, train {'accuracy': 0.96875, 'f1': 0.9684282496782497, 'precision': 0.9703947368421052, 'recall': 0.96875}
2025-02-27 00:38:36,678 - root - INFO - Epoch 4/10 step 150/300 eta 00:06:45: loss 0.138, train {'accuracy': 0.96875, 'f1': 0.9707080200501252, 'precision': 0.9765625, 'recall': 0.96875}
2025-02-27 00:39:14,307 - root - INFO - Epoch 4 step 150: loss 0.408, val {'accuracy': 0.8422, 'f1': 0.8351, 'precision': 0.847, 'recall': 0.8422}
2025-02-27 00:39:14,307 - root - INFO - Early Stopping Check: No improvement for 1/3 epochs
2025-02-27 00:39:31,321 - root - INFO - Epoch 5/10 step 160/300 eta 00:06:42: loss 0.244, train {'accuracy': 0.90625, 'f1': 0.895, 'precision': 0.9214743589743589, 'recall': 0.90625}
2025-02-27 00:39:48,102 - root - INFO - Epoch 5/10 step 170/300 eta 00:06:04: loss 0.098, train {'accuracy': 0.96875, 'f1': 0.96875, 'precision': 0.9765625, 'recall': 0.96875}
2025-02-27 00:40:04,886 - root - INFO - Epoch 5/10 step 180/300 eta 00:05:29: loss 0.144, train {'accuracy': 0.9375, 'f1': 0.9375, 'precision': 0.9375, 'recall': 0.9375}
2025-02-27 00:40:42,565 - root - INFO - Epoch 5 step 180: loss 0.444, val {'accuracy': 0.8466, 'f1': 0.845, 'precision': 0.8435, 'recall': 0.8466}
2025-02-27 00:40:42,565 - root - INFO - Early Stopping Check: No improvement for 2/3 epochs
2025-02-27 00:40:59,502 - root - INFO - Epoch 6/10 step 190/300 eta 00:05:17: loss 0.174, train {'accuracy': 0.96875, 'f1': 0.9673327664399092, 'precision': 0.97, 'recall': 0.96875}
2025-02-27 00:41:16,221 - root - INFO - Epoch 6/10 step 200/300 eta 00:04:42: loss 0.022, train {'accuracy': 1.0, 'f1': 1.0, 'precision': 1.0, 'recall': 1.0}
2025-02-27 00:41:33,005 - root - INFO - Epoch 6/10 step 210/300 eta 00:04:09: loss 0.038, train {'accuracy': 1.0, 'f1': 1.0, 'precision': 1.0, 'recall': 1.0}
2025-02-27 00:42:10,589 - root - INFO - Epoch 6 step 210: loss 0.486, val {'accuracy': 0.8491, 'f1': 0.8383, 'precision': 0.8388, 'recall': 0.8491}
2025-02-27 00:42:10,589 - root - INFO - Early Stopping Check: No improvement for 3/3 epochs
2025-02-27 00:42:10,590 - root - INFO - Stopping early at epoch 6 due to no improvement in validation F1 and increasing loss.
