2025-02-26 22:33:42,048 - root - INFO - Training/evaluation config: Namespace(seed=2021, data_path='./data/ctrip_20250224.csv', base_url='data/qunaer_20250226_balance19', num_class=3, val_ratio=0.2, prefetch=12, num_workers=6, train_batch_size=32, val_batch_size=32, word2Vec='./word2vec/sgns.weibo.bigram-char.bz2', word2Vec_dim=300, stopWords='./stopword/hit_stopwords.txt', bert_dir='hf_hub/models--hfl--chinese-roberta-wwm-ext', bert_dim=768, bert_max_length=512, bert_padding='max_length', lstm_input_size=768, lstm_hidden_size=256, lstm_num_layers=2, lstm_dropout=0.0, feature_type=2, fusion_type='gate', adv_type='pgd', fgm_adv_epsilon=1.0, pgd_adv_epsilon=1.0, pgd_adv_alpha=0.3, pgd_adv_K=3, freelb_adv_K=3, freelb_adv_lr=0.01, freelb_adv_init_mag=0.02, smartp_adv_alpha=1.0, save_path='save/qunaer_20250226_balance19/models--hfl--chinese-roberta-wwm-ext/feature2_fusiongate_advpgd_20250226223342', best_score=0.5, max_epochs=10, max_steps=50000, warmup_steps=200, print_steps=10, weight_decay=0.001, adam_eps=1e-06, adam_lr=5e-05, dropout=0.1, smoothing=0.0, patience=3, device='cuda', n_gpu=1)
2025-02-26 22:34:01,225 - root - INFO - Epoch 0/10 step 10/300 eta 00:08:35: loss 0.980, train {'accuracy': 0.8125, 'f1': 0.728448275862069, 'precision': 0.66015625, 'recall': 0.8125}
2025-02-26 22:34:18,312 - root - INFO - Epoch 0/10 step 20/300 eta 00:08:08: loss 0.795, train {'accuracy': 0.75, 'f1': 0.6428571428571428, 'precision': 0.5625, 'recall': 0.75}
2025-02-26 22:34:35,532 - root - INFO - Epoch 0/10 step 30/300 eta 00:07:48: loss 0.555, train {'accuracy': 0.84375, 'f1': 0.7722457627118644, 'precision': 0.7119140625, 'recall': 0.84375}
2025-02-26 22:35:13,244 - root - INFO - Epoch 0 step 30: loss 0.662, val {'accuracy': 0.7801, 'f1': 0.6837, 'precision': 0.6085, 'recall': 0.7801}
2025-02-26 22:35:31,063 - root - INFO - Epoch 1/10 step 40/300 eta 00:11:39: loss 0.849, train {'accuracy': 0.6875, 'f1': 0.5601851851851851, 'precision': 0.47265625, 'recall': 0.6875}
2025-02-26 22:35:47,860 - root - INFO - Epoch 1/10 step 50/300 eta 00:10:22: loss 0.901, train {'accuracy': 0.625, 'f1': 0.4807692307692308, 'precision': 0.390625, 'recall': 0.625}
2025-02-26 22:36:04,581 - root - INFO - Epoch 1/10 step 60/300 eta 00:09:24: loss 0.514, train {'accuracy': 0.84375, 'f1': 0.7722457627118644, 'precision': 0.7119140625, 'recall': 0.84375}
2025-02-26 22:36:42,101 - root - INFO - Epoch 1 step 60: loss 0.566, val {'accuracy': 0.7801, 'f1': 0.6837, 'precision': 0.6085, 'recall': 0.7801}
2025-02-26 22:36:59,075 - root - INFO - Epoch 2/10 step 70/300 eta 00:10:42: loss 0.409, train {'accuracy': 0.875, 'f1': 0.85625, 'precision': 0.84375, 'recall': 0.875}
2025-02-26 22:37:15,742 - root - INFO - Epoch 2/10 step 80/300 eta 00:09:43: loss 0.542, train {'accuracy': 0.75, 'f1': 0.7250528541226215, 'precision': 0.7402626811594202, 'recall': 0.75}
2025-02-26 22:37:32,415 - root - INFO - Epoch 2/10 step 90/300 eta 00:08:54: loss 0.388, train {'accuracy': 0.84375, 'f1': 0.7724780701754386, 'precision': 0.7127016129032259, 'recall': 0.84375}
2025-02-26 22:38:09,932 - root - INFO - Epoch 2 step 90: loss 0.435, val {'accuracy': 0.8441, 'f1': 0.8194, 'precision': 0.8364, 'recall': 0.8441}
2025-02-26 22:38:27,824 - root - INFO - Epoch 3/10 step 100/300 eta 00:09:28: loss 0.349, train {'accuracy': 0.90625, 'f1': 0.9040816326530612, 'precision': 0.9191666666666667, 'recall': 0.90625}
2025-02-26 22:38:44,581 - root - INFO - Epoch 3/10 step 110/300 eta 00:08:40: loss 0.275, train {'accuracy': 0.875, 'f1': 0.8830357142857143, 'precision': 0.9453125, 'recall': 0.875}
2025-02-26 22:39:01,429 - root - INFO - Epoch 3/10 step 120/300 eta 00:07:56: loss 0.312, train {'accuracy': 0.90625, 'f1': 0.889030612244898, 'precision': 0.9170673076923077, 'recall': 0.90625}
2025-02-26 22:39:38,770 - root - INFO - Epoch 3 step 120: loss 0.388, val {'accuracy': 0.8521, 'f1': 0.8383, 'precision': 0.8366, 'recall': 0.8521}
2025-02-26 22:39:56,271 - root - INFO - Epoch 4/10 step 130/300 eta 00:08:07: loss 0.162, train {'accuracy': 0.9375, 'f1': 0.9359375, 'precision': 0.9583333333333333, 'recall': 0.9375}
2025-02-26 22:40:13,010 - root - INFO - Epoch 4/10 step 140/300 eta 00:07:25: loss 0.113, train {'accuracy': 1.0, 'f1': 1.0, 'precision': 1.0, 'recall': 1.0}
2025-02-26 22:40:29,941 - root - INFO - Epoch 4/10 step 150/300 eta 00:06:46: loss 0.096, train {'accuracy': 0.96875, 'f1': 0.9707080200501252, 'precision': 0.9765625, 'recall': 0.96875}
2025-02-26 22:41:07,188 - root - INFO - Epoch 4 step 150: loss 0.486, val {'accuracy': 0.8195, 'f1': 0.8077, 'precision': 0.8545, 'recall': 0.8195}
2025-02-26 22:41:07,188 - root - INFO - Early Stopping Check: No improvement for 1/3 epochs
2025-02-26 22:41:24,710 - root - INFO - Epoch 5/10 step 160/300 eta 00:06:43: loss 0.234, train {'accuracy': 0.9375, 'f1': 0.9325, 'precision': 0.9423076923076923, 'recall': 0.9375}
2025-02-26 22:41:42,064 - root - INFO - Epoch 5/10 step 170/300 eta 00:06:06: loss 0.057, train {'accuracy': 1.0, 'f1': 1.0, 'precision': 1.0, 'recall': 1.0}
2025-02-26 22:41:59,415 - root - INFO - Epoch 5/10 step 180/300 eta 00:05:30: loss 0.074, train {'accuracy': 0.96875, 'f1': 0.9702020202020203, 'precision': 0.975, 'recall': 0.96875}
2025-02-26 22:42:37,303 - root - INFO - Epoch 5 step 180: loss 0.458, val {'accuracy': 0.8468, 'f1': 0.8394, 'precision': 0.8451, 'recall': 0.8468}
2025-02-26 22:42:54,568 - root - INFO - Epoch 6/10 step 190/300 eta 00:05:19: loss 0.040, train {'accuracy': 1.0, 'f1': 1.0, 'precision': 1.0, 'recall': 1.0}
2025-02-26 22:43:11,191 - root - INFO - Epoch 6/10 step 200/300 eta 00:04:43: loss 0.021, train {'accuracy': 1.0, 'f1': 1.0, 'precision': 1.0, 'recall': 1.0}
2025-02-26 22:43:27,767 - root - INFO - Epoch 6/10 step 210/300 eta 00:04:10: loss 0.027, train {'accuracy': 1.0, 'f1': 1.0, 'precision': 1.0, 'recall': 1.0}
2025-02-26 22:44:05,176 - root - INFO - Epoch 6 step 210: loss 0.477, val {'accuracy': 0.8556, 'f1': 0.8499, 'precision': 0.8529, 'recall': 0.8556}
2025-02-26 22:44:22,447 - root - INFO - Epoch 7/10 step 220/300 eta 00:03:52: loss 0.019, train {'accuracy': 1.0, 'f1': 1.0, 'precision': 1.0, 'recall': 1.0}
2025-02-26 22:44:39,085 - root - INFO - Epoch 7/10 step 230/300 eta 00:03:19: loss 0.018, train {'accuracy': 1.0, 'f1': 1.0, 'precision': 1.0, 'recall': 1.0}
2025-02-26 22:44:55,892 - root - INFO - Epoch 7/10 step 240/300 eta 00:02:48: loss 0.021, train {'accuracy': 1.0, 'f1': 1.0, 'precision': 1.0, 'recall': 1.0}
2025-02-26 22:45:33,136 - root - INFO - Epoch 7 step 240: loss 0.509, val {'accuracy': 0.8556, 'f1': 0.8494, 'precision': 0.8486, 'recall': 0.8556}
2025-02-26 22:45:33,136 - root - INFO - Early Stopping Check: No improvement for 1/3 epochs
2025-02-26 22:45:49,989 - root - INFO - Epoch 8/10 step 250/300 eta 00:02:25: loss 0.011, train {'accuracy': 1.0, 'f1': 1.0, 'precision': 1.0, 'recall': 1.0}
2025-02-26 22:46:06,612 - root - INFO - Epoch 8/10 step 260/300 eta 00:01:54: loss 0.017, train {'accuracy': 1.0, 'f1': 1.0, 'precision': 1.0, 'recall': 1.0}
2025-02-26 22:46:23,499 - root - INFO - Epoch 8/10 step 270/300 eta 00:01:24: loss 0.011, train {'accuracy': 1.0, 'f1': 1.0, 'precision': 1.0, 'recall': 1.0}
2025-02-26 22:47:01,010 - root - INFO - Epoch 8 step 270: loss 0.519, val {'accuracy': 0.8541, 'f1': 0.8498, 'precision': 0.8509, 'recall': 0.8541}
2025-02-26 22:47:01,010 - root - INFO - Early Stopping Check: No improvement for 2/3 epochs
2025-02-26 22:47:17,933 - root - INFO - Epoch 9/10 step 280/300 eta 00:00:58: loss 0.016, train {'accuracy': 1.0, 'f1': 1.0, 'precision': 1.0, 'recall': 1.0}
2025-02-26 22:47:34,644 - root - INFO - Epoch 9/10 step 290/300 eta 00:00:28: loss 0.013, train {'accuracy': 1.0, 'f1': 1.0, 'precision': 1.0, 'recall': 1.0}
2025-02-26 22:47:51,311 - root - INFO - Epoch 9/10 step 300/300 eta 00:00:00: loss 0.016, train {'accuracy': 1.0, 'f1': 1.0, 'precision': 1.0, 'recall': 1.0}
2025-02-26 22:48:28,698 - root - INFO - Epoch 9 step 300: loss 0.516, val {'accuracy': 0.8541, 'f1': 0.8498, 'precision': 0.8498, 'recall': 0.8541}
2025-02-26 22:48:28,698 - root - INFO - Early Stopping Check: No improvement for 3/3 epochs
2025-02-26 22:48:28,698 - root - INFO - Stopping early at epoch 9 due to no improvement in validation F1 and increasing loss.
