2025-02-27 01:11:35,754 - root - INFO - Training/evaluation config: Namespace(seed=2021, data_path='./data/ctrip_20250224.csv', base_url='data/qunaer_20250226_balance19', num_class=3, val_ratio=0.2, prefetch=12, num_workers=6, train_batch_size=32, val_batch_size=32, word2Vec='./word2vec/sgns.weibo.bigram-char.bz2', word2Vec_dim=300, stopWords='./stopword/hit_stopwords.txt', bert_dir='hf_hub/models--Langboat--mengzi-bert-base', bert_dim=768, bert_max_length=512, bert_padding='max_length', lstm_input_size=768, lstm_hidden_size=256, lstm_num_layers=2, lstm_dropout=0.0, feature_type=2, fusion_type='residual', adv_type='none', fgm_adv_epsilon=1.0, pgd_adv_epsilon=1.0, pgd_adv_alpha=0.3, pgd_adv_K=3, freelb_adv_K=3, freelb_adv_lr=0.01, freelb_adv_init_mag=0.02, smartp_adv_alpha=1.0, save_path='save/qunaer_20250226_balance19/models--Langboat--mengzi-bert-base/feature2_fusionresidual_advnone_20250227011135', best_score=0.5, max_epochs=10, max_steps=50000, warmup_steps=200, print_steps=10, weight_decay=0.001, adam_eps=1e-06, adam_lr=5e-05, dropout=0.1, smoothing=0.0, patience=3, device='cuda', n_gpu=1)
2025-02-27 01:11:42,255 - root - INFO - Epoch 0/10 step 10/300 eta 00:02:32: loss 1.010, train {'accuracy': 0.71875, 'f1': 0.6011363636363636, 'precision': 0.5166015625, 'recall': 0.71875}
2025-02-27 01:11:46,537 - root - INFO - Epoch 0/10 step 20/300 eta 00:02:13: loss 0.736, train {'accuracy': 0.8125, 'f1': 0.728448275862069, 'precision': 0.66015625, 'recall': 0.8125}
2025-02-27 01:11:50,829 - root - INFO - Epoch 0/10 step 30/300 eta 00:02:04: loss 0.568, train {'accuracy': 0.8125, 'f1': 0.728448275862069, 'precision': 0.66015625, 'recall': 0.8125}
2025-02-27 01:12:31,420 - root - INFO - Epoch 0 step 30: loss 0.687, val {'accuracy': 0.7801, 'f1': 0.6837, 'precision': 0.6085, 'recall': 0.7801}
2025-02-27 01:12:36,429 - root - INFO - Epoch 1/10 step 40/300 eta 00:06:26: loss 0.551, train {'accuracy': 0.84375, 'f1': 0.7722457627118644, 'precision': 0.7119140625, 'recall': 0.84375}
2025-02-27 01:12:40,812 - root - INFO - Epoch 1/10 step 50/300 eta 00:05:19: loss 0.890, train {'accuracy': 0.65625, 'f1': 0.5200471698113208, 'precision': 0.4306640625, 'recall': 0.65625}
2025-02-27 01:12:45,155 - root - INFO - Epoch 1/10 step 60/300 eta 00:04:32: loss 0.594, train {'accuracy': 0.71875, 'f1': 0.6438873626373626, 'precision': 0.5869252873563218, 'recall': 0.71875}
2025-02-27 01:13:25,728 - root - INFO - Epoch 1 step 60: loss 0.497, val {'accuracy': 0.7807, 'f1': 0.7474, 'precision': 0.7873, 'recall': 0.7807}
2025-02-27 01:13:30,602 - root - INFO - Epoch 2/10 step 70/300 eta 00:06:13: loss 0.352, train {'accuracy': 0.9375, 'f1': 0.9375, 'precision': 0.9375, 'recall': 0.9375}
2025-02-27 01:13:34,911 - root - INFO - Epoch 2/10 step 80/300 eta 00:05:24: loss 0.427, train {'accuracy': 0.78125, 'f1': 0.7636268343815514, 'precision': 0.7472222222222222, 'recall': 0.78125}
2025-02-27 01:13:39,213 - root - INFO - Epoch 2/10 step 90/300 eta 00:04:45: loss 0.373, train {'accuracy': 0.8125, 'f1': 0.7683823529411764, 'precision': 0.7291666666666666, 'recall': 0.8125}
2025-02-27 01:14:19,994 - root - INFO - Epoch 2 step 90: loss 0.434, val {'accuracy': 0.8281, 'f1': 0.8059, 'precision': 0.8142, 'recall': 0.8281}
2025-02-27 01:14:24,945 - root - INFO - Epoch 3/10 step 100/300 eta 00:05:35: loss 0.296, train {'accuracy': 0.875, 'f1': 0.88, 'precision': 0.90625, 'recall': 0.875}
2025-02-27 01:14:29,250 - root - INFO - Epoch 3/10 step 110/300 eta 00:04:57: loss 0.119, train {'accuracy': 1.0, 'f1': 1.0, 'precision': 1.0, 'recall': 1.0}
2025-02-27 01:14:33,514 - root - INFO - Epoch 3/10 step 120/300 eta 00:04:24: loss 0.294, train {'accuracy': 0.90625, 'f1': 0.898030303030303, 'precision': 0.9048076923076923, 'recall': 0.90625}
2025-02-27 01:15:14,304 - root - INFO - Epoch 3 step 120: loss 0.404, val {'accuracy': 0.8464, 'f1': 0.8452, 'precision': 0.8453, 'recall': 0.8464}
2025-02-27 01:15:19,268 - root - INFO - Epoch 4/10 step 130/300 eta 00:04:50: loss 0.158, train {'accuracy': 0.90625, 'f1': 0.8805084745762712, 'precision': 0.9153225806451613, 'recall': 0.90625}
2025-02-27 01:15:23,598 - root - INFO - Epoch 4/10 step 140/300 eta 00:04:18: loss 0.213, train {'accuracy': 0.875, 'f1': 0.8528645833333334, 'precision': 0.905, 'recall': 0.875}
2025-02-27 01:15:27,844 - root - INFO - Epoch 4/10 step 150/300 eta 00:03:50: loss 0.085, train {'accuracy': 0.96875, 'f1': 0.9668269230769231, 'precision': 0.9732142857142857, 'recall': 0.96875}
2025-02-27 01:16:08,390 - root - INFO - Epoch 4 step 150: loss 0.440, val {'accuracy': 0.8491, 'f1': 0.8446, 'precision': 0.8437, 'recall': 0.8491}
2025-02-27 01:16:08,390 - root - INFO - Early Stopping Check: No improvement for 1/3 epochs
2025-02-27 01:16:12,923 - root - INFO - Epoch 5/10 step 160/300 eta 00:04:01: loss 0.089, train {'accuracy': 0.96875, 'f1': 0.9725378787878788, 'precision': 0.984375, 'recall': 0.96875}
2025-02-27 01:16:17,237 - root - INFO - Epoch 5/10 step 170/300 eta 00:03:34: loss 0.077, train {'accuracy': 0.9375, 'f1': 0.9468005952380952, 'precision': 0.96875, 'recall': 0.9375}
2025-02-27 01:16:21,578 - root - INFO - Epoch 5/10 step 180/300 eta 00:03:09: loss 0.058, train {'accuracy': 0.96875, 'f1': 0.9791666666666666, 'precision': 1.0, 'recall': 0.96875}
2025-02-27 01:17:02,786 - root - INFO - Epoch 5 step 180: loss 0.503, val {'accuracy': 0.8436, 'f1': 0.8408, 'precision': 0.8516, 'recall': 0.8436}
2025-02-27 01:17:02,786 - root - INFO - Early Stopping Check: No improvement for 2/3 epochs
2025-02-27 01:17:07,399 - root - INFO - Epoch 6/10 step 190/300 eta 00:03:11: loss 0.011, train {'accuracy': 1.0, 'f1': 1.0, 'precision': 1.0, 'recall': 1.0}
2025-02-27 01:17:11,784 - root - INFO - Epoch 6/10 step 200/300 eta 00:02:47: loss 0.020, train {'accuracy': 1.0, 'f1': 1.0, 'precision': 1.0, 'recall': 1.0}
2025-02-27 01:17:16,122 - root - INFO - Epoch 6/10 step 210/300 eta 00:02:25: loss 0.014, train {'accuracy': 1.0, 'f1': 1.0, 'precision': 1.0, 'recall': 1.0}
2025-02-27 01:17:57,849 - root - INFO - Epoch 6 step 210: loss 0.531, val {'accuracy': 0.8572, 'f1': 0.8532, 'precision': 0.8508, 'recall': 0.8572}
2025-02-27 01:18:03,056 - root - INFO - Epoch 7/10 step 220/300 eta 00:02:20: loss 0.012, train {'accuracy': 1.0, 'f1': 1.0, 'precision': 1.0, 'recall': 1.0}
2025-02-27 01:18:07,439 - root - INFO - Epoch 7/10 step 230/300 eta 00:01:58: loss 0.014, train {'accuracy': 1.0, 'f1': 1.0, 'precision': 1.0, 'recall': 1.0}
2025-02-27 01:18:11,844 - root - INFO - Epoch 7/10 step 240/300 eta 00:01:38: loss 0.013, train {'accuracy': 1.0, 'f1': 1.0, 'precision': 1.0, 'recall': 1.0}
2025-02-27 01:18:53,363 - root - INFO - Epoch 7 step 240: loss 0.577, val {'accuracy': 0.8545, 'f1': 0.8525, 'precision': 0.8558, 'recall': 0.8545}
2025-02-27 01:18:53,363 - root - INFO - Early Stopping Check: No improvement for 1/3 epochs
2025-02-27 01:18:57,949 - root - INFO - Epoch 8/10 step 250/300 eta 00:01:28: loss 0.009, train {'accuracy': 1.0, 'f1': 1.0, 'precision': 1.0, 'recall': 1.0}
2025-02-27 01:19:02,319 - root - INFO - Epoch 8/10 step 260/300 eta 00:01:08: loss 0.004, train {'accuracy': 1.0, 'f1': 1.0, 'precision': 1.0, 'recall': 1.0}
2025-02-27 01:19:06,690 - root - INFO - Epoch 8/10 step 270/300 eta 00:00:49: loss 0.007, train {'accuracy': 1.0, 'f1': 1.0, 'precision': 1.0, 'recall': 1.0}
2025-02-27 01:19:48,484 - root - INFO - Epoch 8 step 270: loss 0.599, val {'accuracy': 0.8559, 'f1': 0.8525, 'precision': 0.8541, 'recall': 0.8559}
2025-02-27 01:19:48,484 - root - INFO - Early Stopping Check: No improvement for 2/3 epochs
2025-02-27 01:19:53,114 - root - INFO - Epoch 9/10 step 280/300 eta 00:00:35: loss 0.007, train {'accuracy': 1.0, 'f1': 1.0, 'precision': 1.0, 'recall': 1.0}
2025-02-27 01:19:57,611 - root - INFO - Epoch 9/10 step 290/300 eta 00:00:17: loss 0.007, train {'accuracy': 1.0, 'f1': 1.0, 'precision': 1.0, 'recall': 1.0}
2025-02-27 01:20:02,018 - root - INFO - Epoch 9/10 step 300/300 eta 00:00:00: loss 0.027, train {'accuracy': 1.0, 'f1': 1.0, 'precision': 1.0, 'recall': 1.0}
2025-02-27 01:20:42,908 - root - INFO - Epoch 9 step 300: loss 0.602, val {'accuracy': 0.8559, 'f1': 0.8523, 'precision': 0.8538, 'recall': 0.8559}
2025-02-27 01:20:42,908 - root - INFO - Early Stopping Check: No improvement for 3/3 epochs
2025-02-27 01:20:42,908 - root - INFO - Stopping early at epoch 9 due to no improvement in validation F1 and increasing loss.
