2025-02-26 22:58:22,372 - root - INFO - Training/evaluation config: Namespace(seed=2021, data_path='./data/ctrip_20250224.csv', base_url='data/qunaer_20250226_balance19', num_class=3, val_ratio=0.2, prefetch=12, num_workers=6, train_batch_size=32, val_batch_size=32, word2Vec='./word2vec/sgns.weibo.bigram-char.bz2', word2Vec_dim=300, stopWords='./stopword/hit_stopwords.txt', bert_dir='hf_hub/models--hfl--chinese-roberta-wwm-ext', bert_dim=768, bert_max_length=512, bert_padding='max_length', lstm_input_size=768, lstm_hidden_size=256, lstm_num_layers=2, lstm_dropout=0.0, feature_type=2, fusion_type='residual', adv_type='smartp', fgm_adv_epsilon=1.0, pgd_adv_epsilon=1.0, pgd_adv_alpha=0.3, pgd_adv_K=3, freelb_adv_K=3, freelb_adv_lr=0.01, freelb_adv_init_mag=0.02, smartp_adv_alpha=1.0, save_path='save/qunaer_20250226_balance19/models--hfl--chinese-roberta-wwm-ext/feature2_fusionresidual_advsmartp_20250226225822', best_score=0.5, max_epochs=10, max_steps=50000, warmup_steps=200, print_steps=10, weight_decay=0.001, adam_eps=1e-06, adam_lr=5e-05, dropout=0.1, smoothing=0.0, patience=3, device='cuda', n_gpu=1)
2025-02-26 22:58:36,766 - root - INFO - Epoch 0/10 step 10/300 eta 00:06:21: loss 1.049, train {'accuracy': 0.71875, 'f1': 0.6453092243186582, 'precision': 0.6364583333333333, 'recall': 0.71875}
2025-02-26 22:58:44,671 - root - INFO - Epoch 0/10 step 20/300 eta 00:04:54: loss 0.823, train {'accuracy': 0.8125, 'f1': 0.728448275862069, 'precision': 0.66015625, 'recall': 0.8125}
2025-02-26 22:58:52,578 - root - INFO - Epoch 0/10 step 30/300 eta 00:04:20: loss 0.593, train {'accuracy': 0.8125, 'f1': 0.728448275862069, 'precision': 0.66015625, 'recall': 0.8125}
2025-02-26 22:59:31,019 - root - INFO - Epoch 0 step 30: loss 0.669, val {'accuracy': 0.7801, 'f1': 0.6837, 'precision': 0.6085, 'recall': 0.7801}
2025-02-26 22:59:39,455 - root - INFO - Epoch 1/10 step 40/300 eta 00:08:12: loss 0.532, train {'accuracy': 0.84375, 'f1': 0.7722457627118644, 'precision': 0.7119140625, 'recall': 0.84375}
2025-02-26 22:59:47,218 - root - INFO - Epoch 1/10 step 50/300 eta 00:06:57: loss 0.921, train {'accuracy': 0.65625, 'f1': 0.5200471698113208, 'precision': 0.4306640625, 'recall': 0.65625}
2025-02-26 22:59:54,980 - root - INFO - Epoch 1/10 step 60/300 eta 00:06:05: loss 0.705, train {'accuracy': 0.71875, 'f1': 0.6011363636363636, 'precision': 0.5166015625, 'recall': 0.71875}
2025-02-26 23:00:33,201 - root - INFO - Epoch 1 step 60: loss 0.583, val {'accuracy': 0.7801, 'f1': 0.6837, 'precision': 0.6085, 'recall': 0.7801}
2025-02-26 23:00:41,271 - root - INFO - Epoch 2/10 step 70/300 eta 00:07:32: loss 0.457, train {'accuracy': 0.8125, 'f1': 0.79375, 'precision': 0.78125, 'recall': 0.8125}
2025-02-26 23:00:49,098 - root - INFO - Epoch 2/10 step 80/300 eta 00:06:40: loss 0.485, train {'accuracy': 0.8125, 'f1': 0.7835648148148148, 'precision': 0.7566964285714286, 'recall': 0.8125}
2025-02-26 23:00:56,908 - root - INFO - Epoch 2/10 step 90/300 eta 00:05:57: loss 0.485, train {'accuracy': 0.84375, 'f1': 0.8082482993197279, 'precision': 0.7792857142857144, 'recall': 0.84375}
2025-02-26 23:01:35,171 - root - INFO - Epoch 2 step 90: loss 0.412, val {'accuracy': 0.8184, 'f1': 0.7806, 'precision': 0.818, 'recall': 0.8184}
2025-02-26 23:01:43,702 - root - INFO - Epoch 3/10 step 100/300 eta 00:06:40: loss 0.301, train {'accuracy': 0.90625, 'f1': 0.9134247448979591, 'precision': 0.9390625, 'recall': 0.90625}
2025-02-26 23:01:51,546 - root - INFO - Epoch 3/10 step 110/300 eta 00:05:59: loss 0.142, train {'accuracy': 0.96875, 'f1': 0.9548611111111112, 'precision': 0.94375, 'recall': 0.96875}
2025-02-26 23:01:59,437 - root - INFO - Epoch 3/10 step 120/300 eta 00:05:23: loss 0.205, train {'accuracy': 0.9375, 'f1': 0.932610544217687, 'precision': 0.93875, 'recall': 0.9375}
2025-02-26 23:02:37,875 - root - INFO - Epoch 3 step 120: loss 0.403, val {'accuracy': 0.8348, 'f1': 0.8302, 'precision': 0.8373, 'recall': 0.8348}
2025-02-26 23:02:46,308 - root - INFO - Epoch 4/10 step 130/300 eta 00:05:43: loss 0.060, train {'accuracy': 1.0, 'f1': 1.0, 'precision': 1.0, 'recall': 1.0}
2025-02-26 23:02:54,140 - root - INFO - Epoch 4/10 step 140/300 eta 00:05:09: loss 0.148, train {'accuracy': 0.9375, 'f1': 0.9338145896656536, 'precision': 0.9466145833333334, 'recall': 0.9375}
2025-02-26 23:03:01,973 - root - INFO - Epoch 4/10 step 150/300 eta 00:04:38: loss 0.063, train {'accuracy': 1.0, 'f1': 1.0, 'precision': 1.0, 'recall': 1.0}
2025-02-26 23:03:40,424 - root - INFO - Epoch 4 step 150: loss 0.580, val {'accuracy': 0.8435, 'f1': 0.8269, 'precision': 0.8227, 'recall': 0.8435}
2025-02-26 23:03:40,425 - root - INFO - Early Stopping Check: No improvement for 1/3 epochs
2025-02-26 23:03:48,468 - root - INFO - Epoch 5/10 step 160/300 eta 00:04:44: loss 0.120, train {'accuracy': 0.96875, 'f1': 0.9725378787878788, 'precision': 0.984375, 'recall': 0.96875}
2025-02-26 23:03:56,265 - root - INFO - Epoch 5/10 step 170/300 eta 00:04:14: loss 0.044, train {'accuracy': 1.0, 'f1': 1.0, 'precision': 1.0, 'recall': 1.0}
2025-02-26 23:04:04,060 - root - INFO - Epoch 5/10 step 180/300 eta 00:03:46: loss 0.015, train {'accuracy': 1.0, 'f1': 1.0, 'precision': 1.0, 'recall': 1.0}
2025-02-26 23:04:42,698 - root - INFO - Epoch 5 step 180: loss 0.494, val {'accuracy': 0.8345, 'f1': 0.8381, 'precision': 0.8436, 'recall': 0.8345}
2025-02-26 23:04:51,200 - root - INFO - Epoch 6/10 step 190/300 eta 00:03:44: loss 0.014, train {'accuracy': 1.0, 'f1': 1.0, 'precision': 1.0, 'recall': 1.0}
2025-02-26 23:04:58,966 - root - INFO - Epoch 6/10 step 200/300 eta 00:03:17: loss 0.034, train {'accuracy': 1.0, 'f1': 1.0, 'precision': 1.0, 'recall': 1.0}
2025-02-26 23:05:06,830 - root - INFO - Epoch 6/10 step 210/300 eta 00:02:52: loss 0.037, train {'accuracy': 1.0, 'f1': 1.0, 'precision': 1.0, 'recall': 1.0}
2025-02-26 23:05:45,170 - root - INFO - Epoch 6 step 210: loss 0.526, val {'accuracy': 0.8491, 'f1': 0.8466, 'precision': 0.8448, 'recall': 0.8491}
2025-02-26 23:05:53,673 - root - INFO - Epoch 7/10 step 220/300 eta 00:02:43: loss 0.066, train {'accuracy': 0.96875, 'f1': 0.9722222222222222, 'precision': 0.984375, 'recall': 0.96875}
2025-02-26 23:06:01,503 - root - INFO - Epoch 7/10 step 230/300 eta 00:02:19: loss 0.028, train {'accuracy': 1.0, 'f1': 1.0, 'precision': 1.0, 'recall': 1.0}
2025-02-26 23:06:09,325 - root - INFO - Epoch 7/10 step 240/300 eta 00:01:56: loss 0.016, train {'accuracy': 1.0, 'f1': 1.0, 'precision': 1.0, 'recall': 1.0}
2025-02-26 23:06:47,795 - root - INFO - Epoch 7 step 240: loss 0.557, val {'accuracy': 0.8409, 'f1': 0.8433, 'precision': 0.8537, 'recall': 0.8409}
2025-02-26 23:06:47,796 - root - INFO - Early Stopping Check: No improvement for 1/3 epochs
2025-02-26 23:06:55,822 - root - INFO - Epoch 8/10 step 250/300 eta 00:01:42: loss 0.031, train {'accuracy': 1.0, 'f1': 1.0, 'precision': 1.0, 'recall': 1.0}
2025-02-26 23:07:03,575 - root - INFO - Epoch 8/10 step 260/300 eta 00:01:19: loss 0.087, train {'accuracy': 0.96875, 'f1': 0.9821428571428571, 'precision': 1.0, 'recall': 0.96875}
2025-02-26 23:07:11,384 - root - INFO - Epoch 8/10 step 270/300 eta 00:00:58: loss 0.013, train {'accuracy': 1.0, 'f1': 1.0, 'precision': 1.0, 'recall': 1.0}
2025-02-26 23:07:49,800 - root - INFO - Epoch 8 step 270: loss 0.568, val {'accuracy': 0.8445, 'f1': 0.8438, 'precision': 0.8504, 'recall': 0.8445}
2025-02-26 23:07:49,800 - root - INFO - Early Stopping Check: No improvement for 2/3 epochs
2025-02-26 23:07:57,864 - root - INFO - Epoch 9/10 step 280/300 eta 00:00:41: loss 0.020, train {'accuracy': 1.0, 'f1': 1.0, 'precision': 1.0, 'recall': 1.0}
2025-02-26 23:08:05,731 - root - INFO - Epoch 9/10 step 290/300 eta 00:00:20: loss 0.013, train {'accuracy': 1.0, 'f1': 1.0, 'precision': 1.0, 'recall': 1.0}
2025-02-26 23:08:13,597 - root - INFO - Epoch 9/10 step 300/300 eta 00:00:00: loss 0.072, train {'accuracy': 0.96875, 'f1': 0.9829545454545454, 'precision': 1.0, 'recall': 0.96875}
2025-02-26 23:08:52,036 - root - INFO - Epoch 9 step 300: loss 0.571, val {'accuracy': 0.8455, 'f1': 0.8445, 'precision': 0.8509, 'recall': 0.8455}
2025-02-26 23:08:52,036 - root - INFO - Early Stopping Check: No improvement for 3/3 epochs
2025-02-26 23:08:52,036 - root - INFO - Stopping early at epoch 9 due to no improvement in validation F1 and increasing loss.
